<?xml version="1.0" encoding="UTF-8"?>
<testsuites>
  <testsuite name="/home/user/cmis.marketing.limited/phpunit.xml" tests="1968" assertions="784" errors="1480" failures="151" skipped="0" time="353.370475">
    <testsuite name="Integration" tests="179" assertions="15" errors="171" failures="1" skipped="0" time="69.221680">
      <testsuite name="Tests\Integration\Bulk\BulkOperationsWorkflowTest" file="/home/user/cmis.marketing.limited/tests/Integration/Bulk/BulkOperationsWorkflowTest.php" tests="5" assertions="2" errors="4" failures="0" skipped="0" time="15.503764">
        <testcase name="it_performs_bulk_creative_asset_deletion" file="/home/user/cmis.marketing.limited/tests/Integration/Bulk/BulkOperationsWorkflowTest.php" line="133" class="Tests\Integration\Bulk\BulkOperationsWorkflowTest" classname="Tests.Integration.Bulk.BulkOperationsWorkflowTest" assertions="0" time="14.272745">
          <error type="Error">Tests\Integration\Bulk\BulkOperationsWorkflowTest::it_performs_bulk_creative_asset_deletion
Error: Class "App\Models\Creative\CreativeAsset" not found

/home/user/cmis.marketing.limited/tests/Traits/CreatesTestData.php:77
/home/user/cmis.marketing.limited/tests/Integration/Bulk/BulkOperationsWorkflowTest.php:144</error>
          <system-out>Enabling RLS on cmis.orgs...
Enabling RLS on cmis.org_markets...
Enabling RLS on cmis.user_orgs...
Enabling RLS on cmis.campaigns...
Enabling RLS on cmis.content_plans...
Enabling RLS on cmis.content_items...
Enabling RLS on cmis.creative_assets...
Enabling RLS on cmis.ad_accounts...
Enabling RLS on cmis.ad_campaigns...
Enabling RLS on cmis.ad_sets...
Enabling RLS on cmis.ad_entities...
Enabling RLS on cmis.ad_metrics...
Creating RLS policy for cmis.orgs...
Creating RLS policy for cmis.org_markets...
Creating RLS policy for cmis.user_orgs...
Creating RLS policy for cmis.campaigns...
Creating RLS policy for cmis.content_plans...
Creating RLS policy for cmis.content_items...
Creating RLS policy for cmis.creative_assets...
Creating RLS policy for cmis.ad_accounts...
Creating RLS policy for cmis.ad_campaigns...
Creating RLS policy for cmis.ad_sets...
Creating RLS policy for cmis.ad_entities...
Creating RLS policy for cmis.ad_metrics...
Row-Level Security enabled successfully!

⚠️  CRITICAL MIGRATION: Converting users.user_id from BIGINT to UUID
This will invalidate all existing user sessions and API tokens.
Press Ctrl+C within 10 seconds to abort...

Step 1/10: Checking current schema...
✓ Users table already uses UUID. Skipping migration.

📊 Adding performance indexes...

Creating indexes for campaigns table...
⚠ Warning: Could not create index idx_campaigns_org_status: SQLSTATE[25001]: Active sql transaction: 7 ERROR:  CREATE INDEX CONCURRENTLY cannot run inside a transaction block (Connection: pgsql, SQL: 
                    CREATE INDEX CONCURRENTLY IF NOT EXISTS idx_campaigns_org_status
                    ON cmis.campaigns (org_id, status)
                )
⚠ Warning: Could not create index idx_campaigns_dates: SQLSTATE[25P02]: In failed sql transaction: 7 ERROR:  current transaction is aborted, commands ignored until end of transaction block (Connection: pgsql, SQL: 
                    CREATE INDEX CONCURRENTLY IF NOT EXISTS idx_campaigns_dates
                    ON cmis.campaigns (start_date, end_date)
                )
⚠ Warning: Could not create index idx_campaigns_created: SQLSTATE[25P02]: In failed sql transaction: 7 ERROR:  current transaction is aborted, commands ignored until end of transaction block (Connection: pgsql, SQL: 
                    CREATE INDEX CONCURRENTLY IF NOT EXISTS idx_campaigns_created
                    ON cmis.campaigns (created_at DESC)
                )
Creating indexes for content_plans table...
⚠ Warning: Could not create index idx_content_plans_campaign: SQLSTATE[25P02]: In failed sql transaction: 7 ERROR:  current transaction is aborted, commands ignored until end of transaction block (Connection: pgsql, SQL: 
                    CREATE INDEX CONCURRENTLY IF NOT EXISTS idx_content_plans_campaign
                    ON cmis.content_plans (campaign_id, status)
                )
⚠ Warning: Could not create index idx_content_plans_org: SQLSTATE[25P02]: In failed sql transaction: 7 ERROR:  current transaction is aborted, commands ignored until end of transaction block (Connection: pgsql, SQL: 
                    CREATE INDEX CONCURRENTLY IF NOT EXISTS idx_content_plans_org
                    ON cmis.content_plans (org_id, created_at DESC)
                )
Creating indexes for content_items table...
⚠ Warning: Could not create index idx_content_items_plan: SQLSTATE[25P02]: In failed sql transaction: 7 ERROR:  current transaction is aborted, commands ignored until end of transaction block (Connection: pgsql, SQL: 
                    CREATE INDEX CONCURRENTLY IF NOT EXISTS idx_content_items_plan
                    ON cmis.content_items (content_plan_id)
                )
⚠ Warning: Could not create index idx_content_items_status: SQLSTATE[25P02]: In failed sql transaction: 7 ERROR:  current transaction is aborted, commands ignored until end of transaction block (Connection: pgsql, SQL: 
                    CREATE INDEX CONCURRENTLY IF NOT EXISTS idx_content_items_status
                    ON cmis.content_items (status, scheduled_at)
                )
Creating indexes for knowledge_base table...
⚠ Warning: Could not create index idx_knowledge_org_type: SQLSTATE[25P02]: In failed sql transaction: 7 ERROR:  current transaction is aborted, commands ignored until end of transaction block (Connection: pgsql, SQL: 
                    CREATE INDEX CONCURRENTLY IF NOT EXISTS idx_knowledge_org_type
                    ON cmis.knowledge_base (org_id, content_type)
                )
⚠ Warning: Could not create index idx_knowledge_created: SQLSTATE[25P02]: In failed sql transaction: 7 ERROR:  current transaction is aborted, commands ignored until end of transaction block (Connection: pgsql, SQL: 
                    CREATE INDEX CONCURRENTLY IF NOT EXISTS idx_knowledge_created
                    ON cmis.knowledge_base (created_at DESC)
                )
⚠ Warning: Could not create index idx_knowledge_title: SQLSTATE[25P02]: In failed sql transaction: 7 ERROR:  current transaction is aborted, commands ignored until end of transaction block (Connection: pgsql, SQL: 
                    CREATE INDEX CONCURRENTLY IF NOT EXISTS idx_knowledge_title
                    ON cmis.knowledge_base (title)
                )
Creating vector index for knowledge_embeddings table...
⚠ Warning: Could not create index idx_embeddings_vector: SQLSTATE[25P02]: In failed sql transaction: 7 ERROR:  current transaction is aborted, commands ignored until end of transaction block (Connection: pgsql, SQL: 
                    CREATE INDEX CONCURRENTLY IF NOT EXISTS idx_embeddings_vector
                    ON cmis.knowledge_embeddings
                    USING ivfflat (embedding vector_cosine_ops)
                )
⚠ Warning: Could not create index idx_embeddings_knowledge: SQLSTATE[25P02]: In failed sql transaction: 7 ERROR:  current transaction is aborted, commands ignored until end of transaction block (Connection: pgsql, SQL: 
                    CREATE INDEX CONCURRENTLY IF NOT EXISTS idx_embeddings_knowledge
                    ON cmis.knowledge_embeddings (knowledge_id)
                )
Creating indexes for ad_accounts table...
⚠ Warning: Could not create index idx_ad_accounts_org: SQLSTATE[25P02]: In failed sql transaction: 7 ERROR:  current transaction is aborted, commands ignored until end of transaction block (Connection: pgsql, SQL: 
                    CREATE INDEX CONCURRENTLY IF NOT EXISTS idx_ad_accounts_org
                    ON cmis.ad_accounts (org_id, platform)
                )
⚠ Warning: Could not create index idx_ad_accounts_status: SQLSTATE[25P02]: In failed sql transaction: 7 ERROR:  current transaction is aborted, commands ignored until end of transaction block (Connection: pgsql, SQL: 
                    CREATE INDEX CONCURRENTLY IF NOT EXISTS idx_ad_accounts_status
                    ON cmis.ad_accounts (status)
                )
Creating indexes for ad_campaigns table...
⚠ Warning: Could not create index idx_ad_campaigns_account: SQLSTATE[25P02]: In failed sql transaction: 7 ERROR:  current transaction is aborted, commands ignored until end of transaction block (Connection: pgsql, SQL: 
                    CREATE INDEX CONCURRENTLY IF NOT EXISTS idx_ad_campaigns_account
                    ON cmis.ad_campaigns (ad_account_id, status)
                )
⚠ Warning: Could not create index idx_ad_campaigns_dates: SQLSTATE[25P02]: In failed sql transaction: 7 ERROR:  current transaction is aborted, commands ignored until end of transaction block (Connection: pgsql, SQL: 
                    CREATE INDEX CONCURRENTLY IF NOT EXISTS idx_ad_campaigns_dates
                    ON cmis.ad_campaigns (start_date, end_date)
                )
Creating indexes for ad_metrics table...
⚠ Warning: Could not create index idx_ad_metrics_entity_date: SQLSTATE[25P02]: In failed sql transaction: 7 ERROR:  current transaction is aborted, commands ignored until end of transaction block (Connection: pgsql, SQL: 
                    CREATE INDEX CONCURRENTLY IF NOT EXISTS idx_ad_metrics_entity_date
                    ON cmis.ad_metrics (ad_entity_id, recorded_at DESC)
                )
⚠ Warning: Could not create index idx_ad_metrics_date: SQLSTATE[25P02]: In failed sql transaction: 7 ERROR:  current transaction is aborted, commands ignored until end of transaction block (Connection: pgsql, SQL: 
                    CREATE INDEX CONCURRENTLY IF NOT EXISTS idx_ad_metrics_date
                    ON cmis.ad_metrics (recorded_at DESC)
                )
⚠ Warning: Could not create index idx_ad_metrics_campaign: SQLSTATE[25P02]: In failed sql transaction: 7 ERROR:  current transaction is aborted, commands ignored until end of transaction block (Connection: pgsql, SQL: 
                    CREATE INDEX CONCURRENTLY IF NOT EXISTS idx_ad_metrics_campaign
                    ON cmis.ad_metrics (ad_campaign_id, recorded_at DESC)
                )
Creating indexes for user_orgs table...
⚠ Warning: Could not create index idx_user_orgs_user: SQLSTATE[25P02]: In failed sql transaction: 7 ERROR:  current transaction is aborted, commands ignored until end of transaction block (Connection: pgsql, SQL: 
                    CREATE INDEX CONCURRENTLY IF NOT EXISTS idx_user_orgs_user
                    ON cmis.user_orgs (user_id, is_active)
                )
⚠ Warning: Could not create index idx_user_orgs_org: SQLSTATE[25P02]: In failed sql transaction: 7 ERROR:  current transaction is aborted, commands ignored until end of transaction block (Connection: pgsql, SQL: 
                    CREATE INDEX CONCURRENTLY IF NOT EXISTS idx_user_orgs_org
                    ON cmis.user_orgs (org_id, is_active)
                )
Creating indexes for creative_assets table...
⚠ Warning: Could not create index idx_creative_assets_org: SQLSTATE[25P02]: In failed sql transaction: 7 ERROR:  current transaction is aborted, commands ignored until end of transaction block (Connection: pgsql, SQL: 
                    CREATE INDEX CONCURRENTLY IF NOT EXISTS idx_creative_assets_org
                    ON cmis.creative_assets (org_id, asset_type)
                )
⚠ Warning: Could not create index idx_creative_assets_created: SQLSTATE[25P02]: In failed sql transaction: 7 ERROR:  current transaction is aborted, commands ignored until end of transaction block (Connection: pgsql, SQL: 
                    CREATE INDEX CONCURRENTLY IF NOT EXISTS idx_creative_assets_created
                    ON cmis.creative_assets (created_at DESC)
                )
Creating indexes for compliance_audits table...
⚠ Warning: Could not create index idx_compliance_audits_content: SQLSTATE[25P02]: In failed sql transaction: 7 ERROR:  current transaction is aborted, commands ignored until end of transaction block (Connection: pgsql, SQL: 
                    CREATE INDEX CONCURRENTLY IF NOT EXISTS idx_compliance_audits_content
                    ON cmis.compliance_audits (content_item_id)
                )
⚠ Warning: Could not create index idx_compliance_audits_status: SQLSTATE[25P02]: In failed sql transaction: 7 ERROR:  current transaction is aborted, commands ignored until end of transaction block (Connection: pgsql, SQL: 
                    CREATE INDEX CONCURRENTLY IF NOT EXISTS idx_compliance_audits_status
                    ON cmis.compliance_audits (status, created_at DESC)
                )
Creating indexes for activity_logs table...
⚠ Warning: Could not create index idx_audit_user_date: SQLSTATE[25P02]: In failed sql transaction: 7 ERROR:  current transaction is aborted, commands ignored until end of transaction block (Connection: pgsql, SQL: 
                    CREATE INDEX CONCURRENTLY IF NOT EXISTS idx_audit_user_date
                    ON cmis_audit.activity_logs (user_id, created_at DESC)
                )
⚠ Warning: Could not create index idx_audit_action: SQLSTATE[25P02]: In failed sql transaction: 7 ERROR:  current transaction is aborted, commands ignored until end of transaction block (Connection: pgsql, SQL: 
                    CREATE INDEX CONCURRENTLY IF NOT EXISTS idx_audit_action
                    ON cmis_audit.activity_logs (action, created_at DESC)
                )
⚠ Warning: Could not create index idx_audit_model: SQLSTATE[25P02]: In failed sql transaction: 7 ERROR:  current transaction is aborted, commands ignored until end of transaction block (Connection: pgsql, SQL: 
                    CREATE INDEX CONCURRENTLY IF NOT EXISTS idx_audit_model
                    ON cmis_audit.activity_logs (model_type, model_id)
                )
Creating indexes for personal_access_tokens table...
⚠ Warning: Could not create index idx_tokens_tokenable: SQLSTATE[25P02]: In failed sql transaction: 7 ERROR:  current transaction is aborted, commands ignored until end of transaction block (Connection: pgsql, SQL: 
                    CREATE INDEX CONCURRENTLY IF NOT EXISTS idx_tokens_tokenable
                    ON personal_access_tokens (tokenable_type, tokenable_id)
                )
⚠ Warning: Could not create index idx_tokens_created: SQLSTATE[25P02]: In failed sql transaction: 7 ERROR:  current transaction is aborted, commands ignored until end of transaction block (Connection: pgsql, SQL: 
                    CREATE INDEX CONCURRENTLY IF NOT EXISTS idx_tokens_created
                    ON personal_access_tokens (created_at DESC)
                )

✓ All performance indexes created successfully!
✓ Query performance should be significantly improved


📊 Adding foreign key constraints for user reference columns...

⚠️  Could not add FK fk_user_permissions_user: SQLSTATE[42830]: Invalid foreign key: 7 ERROR:  there is no unique constraint matching given keys fo...
⚠️  Could not add FK fk_user_activities_user: SQLSTATE[42830]: Invalid foreign key: 7 ERROR:  there is no unique constraint matching given keys fo...
⚠️  Could not add FK fk_user_sessions_user: SQLSTATE[42830]: Invalid foreign key: 7 ERROR:  there is no unique constraint matching given keys fo...
⚠️  Could not add FK fk_sessions_user: SQLSTATE[42830]: Invalid foreign key: 7 ERROR:  there is no unique constraint matching given keys fo...
⚠️  Could not add FK fk_scheduled_social_posts_user: SQLSTATE[42830]: Invalid foreign key: 7 ERROR:  there is no unique constraint matching given keys fo...
⚠️  Could not add FK fk_security_context_audit_user: SQLSTATE[42830]: Invalid foreign key: 7 ERROR:  there is no unique constraint matching given keys fo...
⚠️  Could not add FK fk_audience_templates_created_by: SQLSTATE[42830]: Invalid foreign key: 7 ERROR:  there is no unique constraint matching given keys fo...
⚠️  Could not add FK fk_campaign_context_links_created_by: SQLSTATE[42830]: Invalid foreign key: 7 ERROR:  there is no unique constraint matching given keys fo...
⚠️  Could not add FK fk_campaigns_created_by: SQLSTATE[42830]: Invalid foreign key: 7 ERROR:  there is no unique constraint matching given keys fo...
⚠️  Could not add FK fk_integrations_created_by: SQLSTATE[42830]: Invalid foreign key: 7 ERROR:  there is no unique constraint matching given keys fo...
⚠️  Could not add FK fk_roles_created_by: SQLSTATE[42830]: Invalid foreign key: 7 ERROR:  there is no unique constraint matching given keys fo...
⚠️  Could not add FK fk_campaign_context_links_updated_by: SQLSTATE[42830]: Invalid foreign key: 7 ERROR:  there is no unique constraint matching given keys fo...
⚠️  Could not add FK fk_integrations_updated_by: SQLSTATE[42830]: Invalid foreign key: 7 ERROR:  there is no unique constraint matching given keys fo...
⚠️  Could not add FK fk_team_invitations_invited_by: SQLSTATE[42830]: Invalid foreign key: 7 ERROR:  there is no unique constraint matching given keys fo...
⚠️  Could not add FK fk_user_orgs_invited_by: SQLSTATE[42830]: Invalid foreign key: 7 ERROR:  there is no unique constraint matching given keys fo...

✅ Foreign key migration complete!
   Added: 0
   Skipped: 15

✓ Fixed performance_metrics constraints
✓ Notifications table created with RLS policies

📊 Creating foreign keys directly...

⚠️  Could not add FK fk_user_permissions_user: SQLSTATE[42830]: Invalid foreign key: 7 ERROR:  there is no unique constraint ma...
⚠️  Could not add FK fk_user_activities_user: SQLSTATE[42830]: Invalid foreign key: 7 ERROR:  there is no unique constraint ma...
⚠️  Could not add FK fk_user_sessions_user: SQLSTATE[42830]: Invalid foreign key: 7 ERROR:  there is no unique constraint ma...
⚠️  Could not add FK fk_sessions_user: SQLSTATE[42830]: Invalid foreign key: 7 ERROR:  there is no unique constraint ma...
⚠️  Could not add FK fk_scheduled_social_posts_user: SQLSTATE[42830]: Invalid foreign key: 7 ERROR:  there is no unique constraint ma...
⚠️  Could not add FK fk_security_context_audit_user: SQLSTATE[42830]: Invalid foreign key: 7 ERROR:  there is no unique constraint ma...
⚠️  Could not add FK fk_notifications_user: SQLSTATE[42830]: Invalid foreign key: 7 ERROR:  there is no unique constraint ma...
⚠️  Could not add FK fk_audience_templates_created_by: SQLSTATE[42830]: Invalid foreign key: 7 ERROR:  there is no unique constraint ma...
⚠️  Could not add FK fk_campaign_context_links_created_by: SQLSTATE[42830]: Invalid foreign key: 7 ERROR:  there is no unique constraint ma...
⚠️  Could not add FK fk_campaigns_created_by: SQLSTATE[42830]: Invalid foreign key: 7 ERROR:  there is no unique constraint ma...
⚠️  Could not add FK fk_integrations_created_by: SQLSTATE[42830]: Invalid foreign key: 7 ERROR:  there is no unique constraint ma...
⚠️  Could not add FK fk_roles_created_by: SQLSTATE[42830]: Invalid foreign key: 7 ERROR:  there is no unique constraint ma...
⚠️  Could not add FK fk_campaign_context_links_updated_by: SQLSTATE[42830]: Invalid foreign key: 7 ERROR:  there is no unique constraint ma...
⚠️  Could not add FK fk_integrations_updated_by: SQLSTATE[42830]: Invalid foreign key: 7 ERROR:  there is no unique constraint ma...
⚠️  Could not add FK fk_team_invitations_invited_by: SQLSTATE[42830]: Invalid foreign key: 7 ERROR:  there is no unique constraint ma...
⚠️  Could not add FK fk_user_orgs_invited_by: SQLSTATE[42830]: Invalid foreign key: 7 ERROR:  there is no unique constraint ma...
✓ Added FK: fk_notifications_org on cmis.notifications.org_id -&gt; cmis.orgs.org_id

✅ Foreign key creation complete!
   Added: 1
   Skipped: 16

✓ Added updated_at to cmis.orgs
✓ Added created_at to cmis.user_orgs
✓ Added updated_at to cmis.user_orgs
✓ Added created_at to cmis.org_markets
✓ Added updated_at to cmis.org_markets
✓ Added updated_at to cmis.ad_campaigns
✓ Added updated_at to cmis.ad_metrics
✓ Added updated_at to cmis.ai_actions
✓ Added updated_at to cmis.ai_generated_campaigns
✓ Added updated_at to cmis.ai_models
✓ Added updated_at to cmis.cognitive_tracker_template
✓ Added updated_at to cmis.cognitive_trends
✓ Added updated_at to cmis.compliance_audits
✓ Added updated_at to cmis.content_plans
✓ Added updated_at to cmis.contexts
✓ Added updated_at to cmis.contexts_base
✓ Added updated_at to cmis.copy_components
✓ Added updated_at to cmis.creative_assets
✓ Added updated_at to cmis.creative_briefs
✓ Added updated_at to cmis.experiments
✓ Added updated_at to cmis.export_bundles
✓ Added updated_at to cmis.field_definitions
✓ Added updated_at to cmis.field_values
✓ Added updated_at to cmis.job_batches
✓ Added updated_at to cmis.jobs
✓ Added updated_at to cmis.meta_documentation
✓ Added updated_at to cmis.meta_field_dictionary
✓ Added updated_at to cmis.meta_function_descriptions
✓ Added updated_at to cmis.offerings_full_details
✓ Added updated_at to cmis.offerings_old
✓ Added updated_at to cmis.password_reset_tokens
✓ Added updated_at to cmis.predictive_visual_engine
✓ Added updated_at to cmis.reference_entities
✓ Added updated_at to cmis.roles
✓ Added updated_at to cmis.security_context_audit
✓ Added updated_at to cmis.social_post_metrics
✓ Added updated_at to cmis.social_posts
✓ Added updated_at to cmis.team_account_access
✓ Added updated_at to cmis.user_activities
✓ Added updated_at to cmis.user_sessions
✓ Added updated_at to cmis.value_contexts
✓ Added created_at to cmis.permissions
✓ Added updated_at to cmis.permissions
✓ Added created_at to cmis.role_permissions
✓ Added updated_at to cmis.role_permissions
✓ Added created_at to cmis.user_permissions
✓ Added updated_at to cmis.user_permissions
✓ Added created_at to cmis.social_accounts
✓ Added created_at to cmis.team_invitations
✓ Added updated_at to cmis.team_invitations
✓ Added created_at to cmis.sessions
✓ Added updated_at to cmis.sessions
✓ Added current_org_id to cmis.users
✓ Added status to cmis.users
✓ Added id column to cmis.notifications
✓ Created transaction context functions
✓ Added notifiable_type and notifiable_id to cmis.notifications
✓ Added post_id to cmis.scheduled_social_posts
✓ Added metadata to cmis.users
</system-out>
        </testcase>
        <testcase name="it_performs_bulk_campaign_status_update" file="/home/user/cmis.marketing.limited/tests/Integration/Bulk/BulkOperationsWorkflowTest.php" line="93" class="Tests\Integration\Bulk\BulkOperationsWorkflowTest" classname="Tests.Integration.Bulk.BulkOperationsWorkflowTest" assertions="2" time="0.318240"/>
        <testcase name="it_creates_bulk_posts_from_csv" file="/home/user/cmis.marketing.limited/tests/Integration/Bulk/BulkOperationsWorkflowTest.php" line="27" class="Tests\Integration\Bulk\BulkOperationsWorkflowTest" classname="Tests.Integration.Bulk.BulkOperationsWorkflowTest" assertions="0" time="0.303538">
          <error type="TypeError">Tests\Integration\Bulk\BulkOperationsWorkflowTest::it_creates_bulk_posts_from_csv
TypeError: App\Services\BulkPostService::createFromCSV(): Argument #2 ($csvData) must be of type array, string given, called in /home/user/cmis.marketing.limited/tests/Integration/Bulk/BulkOperationsWorkflowTest.php on line 44

/home/user/cmis.marketing.limited/app/Services/BulkPostService.php:137
/home/user/cmis.marketing.limited/tests/Integration/Bulk/BulkOperationsWorkflowTest.php:44</error>
        </testcase>
        <testcase name="it_performs_bulk_post_scheduling_with_queue" file="/home/user/cmis.marketing.limited/tests/Integration/Bulk/BulkOperationsWorkflowTest.php" line="170" class="Tests\Integration\Bulk\BulkOperationsWorkflowTest" classname="Tests.Integration.Bulk.BulkOperationsWorkflowTest" assertions="0" time="0.306342">
          <error type="Illuminate\Database\Eloquent\InvalidCastException">Tests\Integration\Bulk\BulkOperationsWorkflowTest::it_performs_bulk_post_scheduling_with_queue
Illuminate\Database\Eloquent\InvalidCastException: Call to undefined cast [Illuminate\Database\Eloquent\Casts\Encrypted] on column [access_token] in model [App\Models\Core\Integration].

/home/user/cmis.marketing.limited/vendor/laravel/framework/src/Illuminate/Database/Eloquent/Concerns/HasAttributes.php:1768
/home/user/cmis.marketing.limited/vendor/laravel/framework/src/Illuminate/Database/Eloquent/Concerns/HasAttributes.php:1084
/home/user/cmis.marketing.limited/vendor/laravel/framework/src/Illuminate/Database/Eloquent/Model.php:619
/home/user/cmis.marketing.limited/vendor/laravel/framework/src/Illuminate/Database/Eloquent/Model.php:713
/home/user/cmis.marketing.limited/vendor/laravel/framework/src/Illuminate/Database/Eloquent/Builder.php:1747
/home/user/cmis.marketing.limited/vendor/laravel/framework/src/Illuminate/Database/Eloquent/Builder.php:1218
/home/user/cmis.marketing.limited/vendor/laravel/framework/src/Illuminate/Support/Traits/ForwardsCalls.php:23
/home/user/cmis.marketing.limited/vendor/laravel/framework/src/Illuminate/Database/Eloquent/Model.php:2540
/home/user/cmis.marketing.limited/vendor/laravel/framework/src/Illuminate/Database/Eloquent/Model.php:2556
/home/user/cmis.marketing.limited/tests/Traits/CreatesTestData.php:105
/home/user/cmis.marketing.limited/tests/Traits/CreatesTestData.php:129
/home/user/cmis.marketing.limited/tests/Traits/CreatesTestData.php:193
/home/user/cmis.marketing.limited/tests/Integration/Bulk/BulkOperationsWorkflowTest.php:179</error>
        </testcase>
        <testcase name="it_handles_bulk_post_validation_errors" file="/home/user/cmis.marketing.limited/tests/Integration/Bulk/BulkOperationsWorkflowTest.php" line="61" class="Tests\Integration\Bulk\BulkOperationsWorkflowTest" classname="Tests.Integration.Bulk.BulkOperationsWorkflowTest" assertions="0" time="0.302899">
          <error type="TypeError">Tests\Integration\Bulk\BulkOperationsWorkflowTest::it_handles_bulk_post_validation_errors
TypeError: App\Services\BulkPostService::createFromCSV(): Argument #2 ($csvData) must be of type array, string given, called in /home/user/cmis.marketing.limited/tests/Integration/Bulk/BulkOperationsWorkflowTest.php on line 77

/home/user/cmis.marketing.limited/app/Services/BulkPostService.php:137
/home/user/cmis.marketing.limited/tests/Integration/Bulk/BulkOperationsWorkflowTest.php:77</error>
        </testcase>
      </testsuite>
      <testsuite name="Tests\Integration\Social\InstagramFacebookMessagingTest" file="/home/user/cmis.marketing.limited/tests/Integration/Social/InstagramFacebookMessagingTest.php" tests="4" assertions="0" errors="4" failures="0" skipped="0" time="1.238605">
        <testcase name="it_sends_facebook_messenger_reply" file="/home/user/cmis.marketing.limited/tests/Integration/Social/InstagramFacebookMessagingTest.php" line="193" class="Tests\Integration\Social\InstagramFacebookMessagingTest" classname="Tests.Integration.Social.InstagramFacebookMessagingTest" assertions="0" time="0.314271">
          <error type="Illuminate\Database\Eloquent\InvalidCastException">Tests\Integration\Social\InstagramFacebookMessagingTest::it_sends_facebook_messenger_reply
Illuminate\Database\Eloquent\InvalidCastException: Call to undefined cast [Illuminate\Database\Eloquent\Casts\Encrypted] on column [access_token] in model [App\Models\Core\Integration].

/home/user/cmis.marketing.limited/vendor/laravel/framework/src/Illuminate/Database/Eloquent/Concerns/HasAttributes.php:1768
/home/user/cmis.marketing.limited/vendor/laravel/framework/src/Illuminate/Database/Eloquent/Concerns/HasAttributes.php:1084
/home/user/cmis.marketing.limited/vendor/laravel/framework/src/Illuminate/Database/Eloquent/Model.php:619
/home/user/cmis.marketing.limited/vendor/laravel/framework/src/Illuminate/Database/Eloquent/Model.php:713
/home/user/cmis.marketing.limited/vendor/laravel/framework/src/Illuminate/Database/Eloquent/Builder.php:1747
/home/user/cmis.marketing.limited/vendor/laravel/framework/src/Illuminate/Database/Eloquent/Builder.php:1218
/home/user/cmis.marketing.limited/vendor/laravel/framework/src/Illuminate/Support/Traits/ForwardsCalls.php:23
/home/user/cmis.marketing.limited/vendor/laravel/framework/src/Illuminate/Database/Eloquent/Model.php:2540
/home/user/cmis.marketing.limited/vendor/laravel/framework/src/Illuminate/Database/Eloquent/Model.php:2556
/home/user/cmis.marketing.limited/tests/Traits/CreatesTestData.php:105
/home/user/cmis.marketing.limited/tests/Integration/Social/InstagramFacebookMessagingTest.php:203</error>
        </testcase>
        <testcase name="it_sends_instagram_direct_message_reply" file="/home/user/cmis.marketing.limited/tests/Integration/Social/InstagramFacebookMessagingTest.php" line="99" class="Tests\Integration\Social\InstagramFacebookMessagingTest" classname="Tests.Integration.Social.InstagramFacebookMessagingTest" assertions="0" time="0.310267">
          <error type="Illuminate\Database\Eloquent\InvalidCastException">Tests\Integration\Social\InstagramFacebookMessagingTest::it_sends_instagram_direct_message_reply
Illuminate\Database\Eloquent\InvalidCastException: Call to undefined cast [Illuminate\Database\Eloquent\Casts\Encrypted] on column [access_token] in model [App\Models\Core\Integration].

/home/user/cmis.marketing.limited/vendor/laravel/framework/src/Illuminate/Database/Eloquent/Concerns/HasAttributes.php:1768
/home/user/cmis.marketing.limited/vendor/laravel/framework/src/Illuminate/Database/Eloquent/Concerns/HasAttributes.php:1084
/home/user/cmis.marketing.limited/vendor/laravel/framework/src/Illuminate/Database/Eloquent/Model.php:619
/home/user/cmis.marketing.limited/vendor/laravel/framework/src/Illuminate/Database/Eloquent/Model.php:713
/home/user/cmis.marketing.limited/vendor/laravel/framework/src/Illuminate/Database/Eloquent/Builder.php:1747
/home/user/cmis.marketing.limited/vendor/laravel/framework/src/Illuminate/Database/Eloquent/Builder.php:1218
/home/user/cmis.marketing.limited/vendor/laravel/framework/src/Illuminate/Support/Traits/ForwardsCalls.php:23
/home/user/cmis.marketing.limited/vendor/laravel/framework/src/Illuminate/Database/Eloquent/Model.php:2540
/home/user/cmis.marketing.limited/vendor/laravel/framework/src/Illuminate/Database/Eloquent/Model.php:2556
/home/user/cmis.marketing.limited/tests/Traits/CreatesTestData.php:105
/home/user/cmis.marketing.limited/tests/Integration/Social/InstagramFacebookMessagingTest.php:109</error>
        </testcase>
        <testcase name="it_receives_facebook_messenger_message" file="/home/user/cmis.marketing.limited/tests/Integration/Social/InstagramFacebookMessagingTest.php" line="149" class="Tests\Integration\Social\InstagramFacebookMessagingTest" classname="Tests.Integration.Social.InstagramFacebookMessagingTest" assertions="0" time="0.307121">
          <error type="Illuminate\Database\Eloquent\InvalidCastException">Tests\Integration\Social\InstagramFacebookMessagingTest::it_receives_facebook_messenger_message
Illuminate\Database\Eloquent\InvalidCastException: Call to undefined cast [Illuminate\Database\Eloquent\Casts\Encrypted] on column [access_token] in model [App\Models\Core\Integration].

/home/user/cmis.marketing.limited/vendor/laravel/framework/src/Illuminate/Database/Eloquent/Concerns/HasAttributes.php:1768
/home/user/cmis.marketing.limited/vendor/laravel/framework/src/Illuminate/Database/Eloquent/Concerns/HasAttributes.php:1084
/home/user/cmis.marketing.limited/vendor/laravel/framework/src/Illuminate/Database/Eloquent/Model.php:619
/home/user/cmis.marketing.limited/vendor/laravel/framework/src/Illuminate/Database/Eloquent/Model.php:713
/home/user/cmis.marketing.limited/vendor/laravel/framework/src/Illuminate/Database/Eloquent/Builder.php:1747
/home/user/cmis.marketing.limited/vendor/laravel/framework/src/Illuminate/Database/Eloquent/Builder.php:1218
/home/user/cmis.marketing.limited/vendor/laravel/framework/src/Illuminate/Support/Traits/ForwardsCalls.php:23
/home/user/cmis.marketing.limited/vendor/laravel/framework/src/Illuminate/Database/Eloquent/Model.php:2540
/home/user/cmis.marketing.limited/vendor/laravel/framework/src/Illuminate/Database/Eloquent/Model.php:2556
/home/user/cmis.marketing.limited/tests/Traits/CreatesTestData.php:105
/home/user/cmis.marketing.limited/tests/Integration/Social/InstagramFacebookMessagingTest.php:154</error>
        </testcase>
        <testcase name="it_receives_instagram_direct_message" file="/home/user/cmis.marketing.limited/tests/Integration/Social/InstagramFacebookMessagingTest.php" line="30" class="Tests\Integration\Social\InstagramFacebookMessagingTest" classname="Tests.Integration.Social.InstagramFacebookMessagingTest" assertions="0" time="0.306947">
          <error type="Illuminate\Database\Eloquent\InvalidCastException">Tests\Integration\Social\InstagramFacebookMessagingTest::it_receives_instagram_direct_message
Illuminate\Database\Eloquent\InvalidCastException: Call to undefined cast [Illuminate\Database\Eloquent\Casts\Encrypted] on column [access_token] in model [App\Models\Core\Integration].

/home/user/cmis.marketing.limited/vendor/laravel/framework/src/Illuminate/Database/Eloquent/Concerns/HasAttributes.php:1768
/home/user/cmis.marketing.limited/vendor/laravel/framework/src/Illuminate/Database/Eloquent/Concerns/HasAttributes.php:1084
/home/user/cmis.marketing.limited/vendor/laravel/framework/src/Illuminate/Database/Eloquent/Model.php:619
/home/user/cmis.marketing.limited/vendor/laravel/framework/src/Illuminate/Database/Eloquent/Model.php:713
/home/user/cmis.marketing.limited/vendor/laravel/framework/src/Illuminate/Database/Eloquent/Builder.php:1747
/home/user/cmis.marketing.limited/vendor/laravel/framework/src/Illuminate/Database/Eloquent/Builder.php:1218
/home/user/cmis.marketing.limited/vendor/laravel/framework/src/Illuminate/Support/Traits/ForwardsCalls.php:23
/home/user/cmis.marketing.limited/vendor/laravel/framework/src/Illuminate/Database/Eloquent/Model.php:2540
/home/user/cmis.marketing.limited/vendor/laravel/framework/src/Illuminate/Database/Eloquent/Model.php:2556
/home/user/cmis.marketing.limited/tests/Traits/CreatesTestData.php:105
/home/user/cmis.marketing.limited/tests/Integration/Social/InstagramFacebookMessagingTest.php:35</error>
        </testcase>
      </testsuite>
      <testsuite name="Tests\Integration\Social\FacebookSyncIntegrationTest" file="/home/user/cmis.marketing.limited/tests/Integration/Social/FacebookSyncIntegrationTest.php" tests="7" assertions="0" errors="7" failures="0" skipped="0" time="2.122008">
        <testcase name="it_handles_rate_limiting" file="/home/user/cmis.marketing.limited/tests/Integration/Social/FacebookSyncIntegrationTest.php" line="117" class="Tests\Integration\Social\FacebookSyncIntegrationTest" classname="Tests.Integration.Social.FacebookSyncIntegrationTest" assertions="0" time="0.307551">
          <error type="Illuminate\Database\Eloquent\InvalidCastException">Tests\Integration\Social\FacebookSyncIntegrationTest::it_handles_rate_limiting
Illuminate\Database\Eloquent\InvalidCastException: Call to undefined cast [Illuminate\Database\Eloquent\Casts\Encrypted] on column [access_token] in model [App\Models\Core\Integration].

/home/user/cmis.marketing.limited/vendor/laravel/framework/src/Illuminate/Database/Eloquent/Concerns/HasAttributes.php:1768
/home/user/cmis.marketing.limited/vendor/laravel/framework/src/Illuminate/Database/Eloquent/Concerns/HasAttributes.php:1084
/home/user/cmis.marketing.limited/vendor/laravel/framework/src/Illuminate/Database/Eloquent/Model.php:619
/home/user/cmis.marketing.limited/vendor/laravel/framework/src/Illuminate/Database/Eloquent/Model.php:713
/home/user/cmis.marketing.limited/vendor/laravel/framework/src/Illuminate/Database/Eloquent/Builder.php:1747
/home/user/cmis.marketing.limited/vendor/laravel/framework/src/Illuminate/Database/Eloquent/Builder.php:1218
/home/user/cmis.marketing.limited/vendor/laravel/framework/src/Illuminate/Support/Traits/ForwardsCalls.php:23
/home/user/cmis.marketing.limited/vendor/laravel/framework/src/Illuminate/Database/Eloquent/Model.php:2540
/home/user/cmis.marketing.limited/vendor/laravel/framework/src/Illuminate/Database/Eloquent/Model.php:2556
/home/user/cmis.marketing.limited/tests/Traits/CreatesTestData.php:105
/home/user/cmis.marketing.limited/tests/Integration/Social/FacebookSyncIntegrationTest.php:122</error>
        </testcase>
        <testcase name="it_can_sync_facebook_account_data" file="/home/user/cmis.marketing.limited/tests/Integration/Social/FacebookSyncIntegrationTest.php" line="27" class="Tests\Integration\Social\FacebookSyncIntegrationTest" classname="Tests.Integration.Social.FacebookSyncIntegrationTest" assertions="0" time="0.299933">
          <error type="Illuminate\Database\Eloquent\InvalidCastException">Tests\Integration\Social\FacebookSyncIntegrationTest::it_can_sync_facebook_account_data
Illuminate\Database\Eloquent\InvalidCastException: Call to undefined cast [Illuminate\Database\Eloquent\Casts\Encrypted] on column [access_token] in model [App\Models\Core\Integration].

/home/user/cmis.marketing.limited/vendor/laravel/framework/src/Illuminate/Database/Eloquent/Concerns/HasAttributes.php:1768
/home/user/cmis.marketing.limited/vendor/laravel/framework/src/Illuminate/Database/Eloquent/Concerns/HasAttributes.php:1084
/home/user/cmis.marketing.limited/vendor/laravel/framework/src/Illuminate/Database/Eloquent/Model.php:619
/home/user/cmis.marketing.limited/vendor/laravel/framework/src/Illuminate/Database/Eloquent/Model.php:713
/home/user/cmis.marketing.limited/vendor/laravel/framework/src/Illuminate/Database/Eloquent/Builder.php:1747
/home/user/cmis.marketing.limited/vendor/laravel/framework/src/Illuminate/Database/Eloquent/Builder.php:1218
/home/user/cmis.marketing.limited/vendor/laravel/framework/src/Illuminate/Support/Traits/ForwardsCalls.php:23
/home/user/cmis.marketing.limited/vendor/laravel/framework/src/Illuminate/Database/Eloquent/Model.php:2540
/home/user/cmis.marketing.limited/vendor/laravel/framework/src/Illuminate/Database/Eloquent/Model.php:2556
/home/user/cmis.marketing.limited/tests/Traits/CreatesTestData.php:105
/home/user/cmis.marketing.limited/tests/Integration/Social/FacebookSyncIntegrationTest.php:32</error>
        </testcase>
        <testcase name="it_can_sync_facebook_posts" file="/home/user/cmis.marketing.limited/tests/Integration/Social/FacebookSyncIntegrationTest.php" line="59" class="Tests\Integration\Social\FacebookSyncIntegrationTest" classname="Tests.Integration.Social.FacebookSyncIntegrationTest" assertions="0" time="0.304049">
          <error type="Illuminate\Database\Eloquent\InvalidCastException">Tests\Integration\Social\FacebookSyncIntegrationTest::it_can_sync_facebook_posts
Illuminate\Database\Eloquent\InvalidCastException: Call to undefined cast [Illuminate\Database\Eloquent\Casts\Encrypted] on column [access_token] in model [App\Models\Core\Integration].

/home/user/cmis.marketing.limited/vendor/laravel/framework/src/Illuminate/Database/Eloquent/Concerns/HasAttributes.php:1768
/home/user/cmis.marketing.limited/vendor/laravel/framework/src/Illuminate/Database/Eloquent/Concerns/HasAttributes.php:1084
/home/user/cmis.marketing.limited/vendor/laravel/framework/src/Illuminate/Database/Eloquent/Model.php:619
/home/user/cmis.marketing.limited/vendor/laravel/framework/src/Illuminate/Database/Eloquent/Model.php:713
/home/user/cmis.marketing.limited/vendor/laravel/framework/src/Illuminate/Database/Eloquent/Builder.php:1747
/home/user/cmis.marketing.limited/vendor/laravel/framework/src/Illuminate/Database/Eloquent/Builder.php:1218
/home/user/cmis.marketing.limited/vendor/laravel/framework/src/Illuminate/Support/Traits/ForwardsCalls.php:23
/home/user/cmis.marketing.limited/vendor/laravel/framework/src/Illuminate/Database/Eloquent/Model.php:2540
/home/user/cmis.marketing.limited/vendor/laravel/framework/src/Illuminate/Database/Eloquent/Model.php:2556
/home/user/cmis.marketing.limited/tests/Traits/CreatesTestData.php:105
/home/user/cmis.marketing.limited/tests/Integration/Social/FacebookSyncIntegrationTest.php:64</error>
        </testcase>
        <testcase name="it_respects_sync_lookback_period" file="/home/user/cmis.marketing.limited/tests/Integration/Social/FacebookSyncIntegrationTest.php" line="160" class="Tests\Integration\Social\FacebookSyncIntegrationTest" classname="Tests.Integration.Social.FacebookSyncIntegrationTest" assertions="0" time="0.295471">
          <error type="Illuminate\Database\Eloquent\InvalidCastException">Tests\Integration\Social\FacebookSyncIntegrationTest::it_respects_sync_lookback_period
Illuminate\Database\Eloquent\InvalidCastException: Call to undefined cast [Illuminate\Database\Eloquent\Casts\Encrypted] on column [access_token] in model [App\Models\Core\Integration].

/home/user/cmis.marketing.limited/vendor/laravel/framework/src/Illuminate/Database/Eloquent/Concerns/HasAttributes.php:1768
/home/user/cmis.marketing.limited/vendor/laravel/framework/src/Illuminate/Database/Eloquent/Concerns/HasAttributes.php:1084
/home/user/cmis.marketing.limited/vendor/laravel/framework/src/Illuminate/Database/Eloquent/Model.php:619
/home/user/cmis.marketing.limited/vendor/laravel/framework/src/Illuminate/Database/Eloquent/Model.php:713
/home/user/cmis.marketing.limited/vendor/laravel/framework/src/Illuminate/Database/Eloquent/Builder.php:1747
/home/user/cmis.marketing.limited/vendor/laravel/framework/src/Illuminate/Database/Eloquent/Builder.php:1218
/home/user/cmis.marketing.limited/vendor/laravel/framework/src/Illuminate/Support/Traits/ForwardsCalls.php:23
/home/user/cmis.marketing.limited/vendor/laravel/framework/src/Illuminate/Database/Eloquent/Model.php:2540
/home/user/cmis.marketing.limited/vendor/laravel/framework/src/Illuminate/Database/Eloquent/Model.php:2556
/home/user/cmis.marketing.limited/tests/Traits/CreatesTestData.php:105
/home/user/cmis.marketing.limited/tests/Integration/Social/FacebookSyncIntegrationTest.php:165</error>
        </testcase>
        <testcase name="it_handles_facebook_api_errors_gracefully" file="/home/user/cmis.marketing.limited/tests/Integration/Social/FacebookSyncIntegrationTest.php" line="87" class="Tests\Integration\Social\FacebookSyncIntegrationTest" classname="Tests.Integration.Social.FacebookSyncIntegrationTest" assertions="0" time="0.300546">
          <error type="Illuminate\Database\Eloquent\InvalidCastException">Tests\Integration\Social\FacebookSyncIntegrationTest::it_handles_facebook_api_errors_gracefully
Illuminate\Database\Eloquent\InvalidCastException: Call to undefined cast [Illuminate\Database\Eloquent\Casts\Encrypted] on column [access_token] in model [App\Models\Core\Integration].

/home/user/cmis.marketing.limited/vendor/laravel/framework/src/Illuminate/Database/Eloquent/Concerns/HasAttributes.php:1768
/home/user/cmis.marketing.limited/vendor/laravel/framework/src/Illuminate/Database/Eloquent/Concerns/HasAttributes.php:1084
/home/user/cmis.marketing.limited/vendor/laravel/framework/src/Illuminate/Database/Eloquent/Model.php:619
/home/user/cmis.marketing.limited/vendor/laravel/framework/src/Illuminate/Database/Eloquent/Model.php:713
/home/user/cmis.marketing.limited/vendor/laravel/framework/src/Illuminate/Database/Eloquent/Builder.php:1747
/home/user/cmis.marketing.limited/vendor/laravel/framework/src/Illuminate/Database/Eloquent/Builder.php:1218
/home/user/cmis.marketing.limited/vendor/laravel/framework/src/Illuminate/Support/Traits/ForwardsCalls.php:23
/home/user/cmis.marketing.limited/vendor/laravel/framework/src/Illuminate/Database/Eloquent/Model.php:2540
/home/user/cmis.marketing.limited/vendor/laravel/framework/src/Illuminate/Database/Eloquent/Model.php:2556
/home/user/cmis.marketing.limited/tests/Traits/CreatesTestData.php:105
/home/user/cmis.marketing.limited/tests/Integration/Social/FacebookSyncIntegrationTest.php:92</error>
        </testcase>
        <testcase name="it_can_dispatch_sync_job" file="/home/user/cmis.marketing.limited/tests/Integration/Social/FacebookSyncIntegrationTest.php" line="138" class="Tests\Integration\Social\FacebookSyncIntegrationTest" classname="Tests.Integration.Social.FacebookSyncIntegrationTest" assertions="0" time="0.298263">
          <error type="Illuminate\Database\Eloquent\InvalidCastException">Tests\Integration\Social\FacebookSyncIntegrationTest::it_can_dispatch_sync_job
Illuminate\Database\Eloquent\InvalidCastException: Call to undefined cast [Illuminate\Database\Eloquent\Casts\Encrypted] on column [access_token] in model [App\Models\Core\Integration].

/home/user/cmis.marketing.limited/vendor/laravel/framework/src/Illuminate/Database/Eloquent/Concerns/HasAttributes.php:1768
/home/user/cmis.marketing.limited/vendor/laravel/framework/src/Illuminate/Database/Eloquent/Concerns/HasAttributes.php:1084
/home/user/cmis.marketing.limited/vendor/laravel/framework/src/Illuminate/Database/Eloquent/Model.php:619
/home/user/cmis.marketing.limited/vendor/laravel/framework/src/Illuminate/Database/Eloquent/Model.php:713
/home/user/cmis.marketing.limited/vendor/laravel/framework/src/Illuminate/Database/Eloquent/Builder.php:1747
/home/user/cmis.marketing.limited/vendor/laravel/framework/src/Illuminate/Database/Eloquent/Builder.php:1218
/home/user/cmis.marketing.limited/vendor/laravel/framework/src/Illuminate/Support/Traits/ForwardsCalls.php:23
/home/user/cmis.marketing.limited/vendor/laravel/framework/src/Illuminate/Database/Eloquent/Model.php:2540
/home/user/cmis.marketing.limited/vendor/laravel/framework/src/Illuminate/Database/Eloquent/Model.php:2556
/home/user/cmis.marketing.limited/tests/Traits/CreatesTestData.php:105
/home/user/cmis.marketing.limited/tests/Integration/Social/FacebookSyncIntegrationTest.php:145</error>
        </testcase>
        <testcase name="it_updates_existing_posts_on_resync" file="/home/user/cmis.marketing.limited/tests/Integration/Social/FacebookSyncIntegrationTest.php" line="181" class="Tests\Integration\Social\FacebookSyncIntegrationTest" classname="Tests.Integration.Social.FacebookSyncIntegrationTest" assertions="0" time="0.316196">
          <error type="Illuminate\Database\Eloquent\InvalidCastException">Tests\Integration\Social\FacebookSyncIntegrationTest::it_updates_existing_posts_on_resync
Illuminate\Database\Eloquent\InvalidCastException: Call to undefined cast [Illuminate\Database\Eloquent\Casts\Encrypted] on column [access_token] in model [App\Models\Core\Integration].

/home/user/cmis.marketing.limited/vendor/laravel/framework/src/Illuminate/Database/Eloquent/Concerns/HasAttributes.php:1768
/home/user/cmis.marketing.limited/vendor/laravel/framework/src/Illuminate/Database/Eloquent/Concerns/HasAttributes.php:1084
/home/user/cmis.marketing.limited/vendor/laravel/framework/src/Illuminate/Database/Eloquent/Model.php:619
/home/user/cmis.marketing.limited/vendor/laravel/framework/src/Illuminate/Database/Eloquent/Model.php:713
/home/user/cmis.marketing.limited/vendor/laravel/framework/src/Illuminate/Database/Eloquent/Builder.php:1747
/home/user/cmis.marketing.limited/vendor/laravel/framework/src/Illuminate/Database/Eloquent/Builder.php:1218
/home/user/cmis.marketing.limited/vendor/laravel/framework/src/Illuminate/Support/Traits/ForwardsCalls.php:23
/home/user/cmis.marketing.limited/vendor/laravel/framework/src/Illuminate/Database/Eloquent/Model.php:2540
/home/user/cmis.marketing.limited/vendor/laravel/framework/src/Illuminate/Database/Eloquent/Model.php:2556
/home/user/cmis.marketing.limited/tests/Traits/CreatesTestData.php:105
/home/user/cmis.marketing.limited/tests/Integration/Social/FacebookSyncIntegrationTest.php:186</error>
        </testcase>
      </testsuite>
      <testsuite name="Tests\Integration\AdPlatform\SnapchatAdsWorkflowTest" file="/home/user/cmis.marketing.limited/tests/Integration/AdPlatform/SnapchatAdsWorkflowTest.php" tests="9" assertions="0" errors="9" failures="0" skipped="0" time="2.731009">
        <testcase name="it_creates_snapchat_video_ad" file="/home/user/cmis.marketing.limited/tests/Integration/AdPlatform/SnapchatAdsWorkflowTest.php" line="145" class="Tests\Integration\AdPlatform\SnapchatAdsWorkflowTest" classname="Tests.Integration.AdPlatform.SnapchatAdsWorkflowTest" assertions="0" time="0.317857">
          <error type="Illuminate\Database\Eloquent\InvalidCastException">Tests\Integration\AdPlatform\SnapchatAdsWorkflowTest::it_creates_snapchat_video_ad
Illuminate\Database\Eloquent\InvalidCastException: Call to undefined cast [Illuminate\Database\Eloquent\Casts\Encrypted] on column [access_token] in model [App\Models\Core\Integration].

/home/user/cmis.marketing.limited/vendor/laravel/framework/src/Illuminate/Database/Eloquent/Concerns/HasAttributes.php:1768
/home/user/cmis.marketing.limited/vendor/laravel/framework/src/Illuminate/Database/Eloquent/Concerns/HasAttributes.php:1084
/home/user/cmis.marketing.limited/vendor/laravel/framework/src/Illuminate/Database/Eloquent/Model.php:619
/home/user/cmis.marketing.limited/vendor/laravel/framework/src/Illuminate/Database/Eloquent/Model.php:713
/home/user/cmis.marketing.limited/vendor/laravel/framework/src/Illuminate/Database/Eloquent/Builder.php:1747
/home/user/cmis.marketing.limited/vendor/laravel/framework/src/Illuminate/Database/Eloquent/Builder.php:1218
/home/user/cmis.marketing.limited/vendor/laravel/framework/src/Illuminate/Support/Traits/ForwardsCalls.php:23
/home/user/cmis.marketing.limited/vendor/laravel/framework/src/Illuminate/Database/Eloquent/Model.php:2540
/home/user/cmis.marketing.limited/vendor/laravel/framework/src/Illuminate/Database/Eloquent/Model.php:2556
/home/user/cmis.marketing.limited/tests/Traits/CreatesTestData.php:105
/home/user/cmis.marketing.limited/tests/Integration/AdPlatform/SnapchatAdsWorkflowTest.php:150</error>
        </testcase>
        <testcase name="it_creates_snapchat_collection_ad" file="/home/user/cmis.marketing.limited/tests/Integration/AdPlatform/SnapchatAdsWorkflowTest.php" line="248" class="Tests\Integration\AdPlatform\SnapchatAdsWorkflowTest" classname="Tests.Integration.AdPlatform.SnapchatAdsWorkflowTest" assertions="0" time="0.300762">
          <error type="Illuminate\Database\Eloquent\InvalidCastException">Tests\Integration\AdPlatform\SnapchatAdsWorkflowTest::it_creates_snapchat_collection_ad
Illuminate\Database\Eloquent\InvalidCastException: Call to undefined cast [Illuminate\Database\Eloquent\Casts\Encrypted] on column [access_token] in model [App\Models\Core\Integration].

/home/user/cmis.marketing.limited/vendor/laravel/framework/src/Illuminate/Database/Eloquent/Concerns/HasAttributes.php:1768
/home/user/cmis.marketing.limited/vendor/laravel/framework/src/Illuminate/Database/Eloquent/Concerns/HasAttributes.php:1084
/home/user/cmis.marketing.limited/vendor/laravel/framework/src/Illuminate/Database/Eloquent/Model.php:619
/home/user/cmis.marketing.limited/vendor/laravel/framework/src/Illuminate/Database/Eloquent/Model.php:713
/home/user/cmis.marketing.limited/vendor/laravel/framework/src/Illuminate/Database/Eloquent/Builder.php:1747
/home/user/cmis.marketing.limited/vendor/laravel/framework/src/Illuminate/Database/Eloquent/Builder.php:1218
/home/user/cmis.marketing.limited/vendor/laravel/framework/src/Illuminate/Support/Traits/ForwardsCalls.php:23
/home/user/cmis.marketing.limited/vendor/laravel/framework/src/Illuminate/Database/Eloquent/Model.php:2540
/home/user/cmis.marketing.limited/vendor/laravel/framework/src/Illuminate/Database/Eloquent/Model.php:2556
/home/user/cmis.marketing.limited/tests/Traits/CreatesTestData.php:105
/home/user/cmis.marketing.limited/tests/Integration/AdPlatform/SnapchatAdsWorkflowTest.php:253</error>
        </testcase>
        <testcase name="it_pauses_snapchat_campaign" file="/home/user/cmis.marketing.limited/tests/Integration/AdPlatform/SnapchatAdsWorkflowTest.php" line="338" class="Tests\Integration\AdPlatform\SnapchatAdsWorkflowTest" classname="Tests.Integration.AdPlatform.SnapchatAdsWorkflowTest" assertions="0" time="0.298265">
          <error type="Illuminate\Database\Eloquent\InvalidCastException">Tests\Integration\AdPlatform\SnapchatAdsWorkflowTest::it_pauses_snapchat_campaign
Illuminate\Database\Eloquent\InvalidCastException: Call to undefined cast [Illuminate\Database\Eloquent\Casts\Encrypted] on column [access_token] in model [App\Models\Core\Integration].

/home/user/cmis.marketing.limited/vendor/laravel/framework/src/Illuminate/Database/Eloquent/Concerns/HasAttributes.php:1768
/home/user/cmis.marketing.limited/vendor/laravel/framework/src/Illuminate/Database/Eloquent/Concerns/HasAttributes.php:1084
/home/user/cmis.marketing.limited/vendor/laravel/framework/src/Illuminate/Database/Eloquent/Model.php:619
/home/user/cmis.marketing.limited/vendor/laravel/framework/src/Illuminate/Database/Eloquent/Model.php:713
/home/user/cmis.marketing.limited/vendor/laravel/framework/src/Illuminate/Database/Eloquent/Builder.php:1747
/home/user/cmis.marketing.limited/vendor/laravel/framework/src/Illuminate/Database/Eloquent/Builder.php:1218
/home/user/cmis.marketing.limited/vendor/laravel/framework/src/Illuminate/Support/Traits/ForwardsCalls.php:23
/home/user/cmis.marketing.limited/vendor/laravel/framework/src/Illuminate/Database/Eloquent/Model.php:2540
/home/user/cmis.marketing.limited/vendor/laravel/framework/src/Illuminate/Database/Eloquent/Model.php:2556
/home/user/cmis.marketing.limited/tests/Traits/CreatesTestData.php:105
/home/user/cmis.marketing.limited/tests/Integration/AdPlatform/SnapchatAdsWorkflowTest.php:343</error>
        </testcase>
        <testcase name="it_fetches_snapchat_campaign_stats" file="/home/user/cmis.marketing.limited/tests/Integration/AdPlatform/SnapchatAdsWorkflowTest.php" line="291" class="Tests\Integration\AdPlatform\SnapchatAdsWorkflowTest" classname="Tests.Integration.AdPlatform.SnapchatAdsWorkflowTest" assertions="0" time="0.296853">
          <error type="Illuminate\Database\Eloquent\InvalidCastException">Tests\Integration\AdPlatform\SnapchatAdsWorkflowTest::it_fetches_snapchat_campaign_stats
Illuminate\Database\Eloquent\InvalidCastException: Call to undefined cast [Illuminate\Database\Eloquent\Casts\Encrypted] on column [access_token] in model [App\Models\Core\Integration].

/home/user/cmis.marketing.limited/vendor/laravel/framework/src/Illuminate/Database/Eloquent/Concerns/HasAttributes.php:1768
/home/user/cmis.marketing.limited/vendor/laravel/framework/src/Illuminate/Database/Eloquent/Concerns/HasAttributes.php:1084
/home/user/cmis.marketing.limited/vendor/laravel/framework/src/Illuminate/Database/Eloquent/Model.php:619
/home/user/cmis.marketing.limited/vendor/laravel/framework/src/Illuminate/Database/Eloquent/Model.php:713
/home/user/cmis.marketing.limited/vendor/laravel/framework/src/Illuminate/Database/Eloquent/Builder.php:1747
/home/user/cmis.marketing.limited/vendor/laravel/framework/src/Illuminate/Database/Eloquent/Builder.php:1218
/home/user/cmis.marketing.limited/vendor/laravel/framework/src/Illuminate/Support/Traits/ForwardsCalls.php:23
/home/user/cmis.marketing.limited/vendor/laravel/framework/src/Illuminate/Database/Eloquent/Model.php:2540
/home/user/cmis.marketing.limited/vendor/laravel/framework/src/Illuminate/Database/Eloquent/Model.php:2556
/home/user/cmis.marketing.limited/tests/Traits/CreatesTestData.php:105
/home/user/cmis.marketing.limited/tests/Integration/AdPlatform/SnapchatAdsWorkflowTest.php:296</error>
        </testcase>
        <testcase name="it_uploads_creative_to_snapchat" file="/home/user/cmis.marketing.limited/tests/Integration/AdPlatform/SnapchatAdsWorkflowTest.php" line="214" class="Tests\Integration\AdPlatform\SnapchatAdsWorkflowTest" classname="Tests.Integration.AdPlatform.SnapchatAdsWorkflowTest" assertions="0" time="0.302445">
          <error type="Illuminate\Database\Eloquent\InvalidCastException">Tests\Integration\AdPlatform\SnapchatAdsWorkflowTest::it_uploads_creative_to_snapchat
Illuminate\Database\Eloquent\InvalidCastException: Call to undefined cast [Illuminate\Database\Eloquent\Casts\Encrypted] on column [access_token] in model [App\Models\Core\Integration].

/home/user/cmis.marketing.limited/vendor/laravel/framework/src/Illuminate/Database/Eloquent/Concerns/HasAttributes.php:1768
/home/user/cmis.marketing.limited/vendor/laravel/framework/src/Illuminate/Database/Eloquent/Concerns/HasAttributes.php:1084
/home/user/cmis.marketing.limited/vendor/laravel/framework/src/Illuminate/Database/Eloquent/Model.php:619
/home/user/cmis.marketing.limited/vendor/laravel/framework/src/Illuminate/Database/Eloquent/Model.php:713
/home/user/cmis.marketing.limited/vendor/laravel/framework/src/Illuminate/Database/Eloquent/Builder.php:1747
/home/user/cmis.marketing.limited/vendor/laravel/framework/src/Illuminate/Database/Eloquent/Builder.php:1218
/home/user/cmis.marketing.limited/vendor/laravel/framework/src/Illuminate/Support/Traits/ForwardsCalls.php:23
/home/user/cmis.marketing.limited/vendor/laravel/framework/src/Illuminate/Database/Eloquent/Model.php:2540
/home/user/cmis.marketing.limited/vendor/laravel/framework/src/Illuminate/Database/Eloquent/Model.php:2556
/home/user/cmis.marketing.limited/tests/Traits/CreatesTestData.php:105
/home/user/cmis.marketing.limited/tests/Integration/AdPlatform/SnapchatAdsWorkflowTest.php:219</error>
        </testcase>
        <testcase name="it_creates_snapchat_ad_squad" file="/home/user/cmis.marketing.limited/tests/Integration/AdPlatform/SnapchatAdsWorkflowTest.php" line="70" class="Tests\Integration\AdPlatform\SnapchatAdsWorkflowTest" classname="Tests.Integration.AdPlatform.SnapchatAdsWorkflowTest" assertions="0" time="0.302176">
          <error type="Illuminate\Database\Eloquent\InvalidCastException">Tests\Integration\AdPlatform\SnapchatAdsWorkflowTest::it_creates_snapchat_ad_squad
Illuminate\Database\Eloquent\InvalidCastException: Call to undefined cast [Illuminate\Database\Eloquent\Casts\Encrypted] on column [access_token] in model [App\Models\Core\Integration].

/home/user/cmis.marketing.limited/vendor/laravel/framework/src/Illuminate/Database/Eloquent/Concerns/HasAttributes.php:1768
/home/user/cmis.marketing.limited/vendor/laravel/framework/src/Illuminate/Database/Eloquent/Concerns/HasAttributes.php:1084
/home/user/cmis.marketing.limited/vendor/laravel/framework/src/Illuminate/Database/Eloquent/Model.php:619
/home/user/cmis.marketing.limited/vendor/laravel/framework/src/Illuminate/Database/Eloquent/Model.php:713
/home/user/cmis.marketing.limited/vendor/laravel/framework/src/Illuminate/Database/Eloquent/Builder.php:1747
/home/user/cmis.marketing.limited/vendor/laravel/framework/src/Illuminate/Database/Eloquent/Builder.php:1218
/home/user/cmis.marketing.limited/vendor/laravel/framework/src/Illuminate/Support/Traits/ForwardsCalls.php:23
/home/user/cmis.marketing.limited/vendor/laravel/framework/src/Illuminate/Database/Eloquent/Model.php:2540
/home/user/cmis.marketing.limited/vendor/laravel/framework/src/Illuminate/Database/Eloquent/Model.php:2556
/home/user/cmis.marketing.limited/tests/Traits/CreatesTestData.php:105
/home/user/cmis.marketing.limited/tests/Integration/AdPlatform/SnapchatAdsWorkflowTest.php:75</error>
        </testcase>
        <testcase name="it_creates_snapchat_ad_campaign" file="/home/user/cmis.marketing.limited/tests/Integration/AdPlatform/SnapchatAdsWorkflowTest.php" line="28" class="Tests\Integration\AdPlatform\SnapchatAdsWorkflowTest" classname="Tests.Integration.AdPlatform.SnapchatAdsWorkflowTest" assertions="0" time="0.305563">
          <error type="Illuminate\Database\Eloquent\InvalidCastException">Tests\Integration\AdPlatform\SnapchatAdsWorkflowTest::it_creates_snapchat_ad_campaign
Illuminate\Database\Eloquent\InvalidCastException: Call to undefined cast [Illuminate\Database\Eloquent\Casts\Encrypted] on column [access_token] in model [App\Models\Core\Integration].

/home/user/cmis.marketing.limited/vendor/laravel/framework/src/Illuminate/Database/Eloquent/Concerns/HasAttributes.php:1768
/home/user/cmis.marketing.limited/vendor/laravel/framework/src/Illuminate/Database/Eloquent/Concerns/HasAttributes.php:1084
/home/user/cmis.marketing.limited/vendor/laravel/framework/src/Illuminate/Database/Eloquent/Model.php:619
/home/user/cmis.marketing.limited/vendor/laravel/framework/src/Illuminate/Database/Eloquent/Model.php:713
/home/user/cmis.marketing.limited/vendor/laravel/framework/src/Illuminate/Database/Eloquent/Builder.php:1747
/home/user/cmis.marketing.limited/vendor/laravel/framework/src/Illuminate/Database/Eloquent/Builder.php:1218
/home/user/cmis.marketing.limited/vendor/laravel/framework/src/Illuminate/Support/Traits/ForwardsCalls.php:23
/home/user/cmis.marketing.limited/vendor/laravel/framework/src/Illuminate/Database/Eloquent/Model.php:2540
/home/user/cmis.marketing.limited/vendor/laravel/framework/src/Illuminate/Database/Eloquent/Model.php:2556
/home/user/cmis.marketing.limited/tests/Traits/CreatesTestData.php:105
/home/user/cmis.marketing.limited/tests/Integration/AdPlatform/SnapchatAdsWorkflowTest.php:33</error>
        </testcase>
        <testcase name="it_handles_snapchat_api_errors" file="/home/user/cmis.marketing.limited/tests/Integration/AdPlatform/SnapchatAdsWorkflowTest.php" line="423" class="Tests\Integration\AdPlatform\SnapchatAdsWorkflowTest" classname="Tests.Integration.AdPlatform.SnapchatAdsWorkflowTest" assertions="0" time="0.304381">
          <error type="Illuminate\Database\Eloquent\InvalidCastException">Tests\Integration\AdPlatform\SnapchatAdsWorkflowTest::it_handles_snapchat_api_errors
Illuminate\Database\Eloquent\InvalidCastException: Call to undefined cast [Illuminate\Database\Eloquent\Casts\Encrypted] on column [access_token] in model [App\Models\Core\Integration].

/home/user/cmis.marketing.limited/vendor/laravel/framework/src/Illuminate/Database/Eloquent/Concerns/HasAttributes.php:1768
/home/user/cmis.marketing.limited/vendor/laravel/framework/src/Illuminate/Database/Eloquent/Concerns/HasAttributes.php:1084
/home/user/cmis.marketing.limited/vendor/laravel/framework/src/Illuminate/Database/Eloquent/Model.php:619
/home/user/cmis.marketing.limited/vendor/laravel/framework/src/Illuminate/Database/Eloquent/Model.php:713
/home/user/cmis.marketing.limited/vendor/laravel/framework/src/Illuminate/Database/Eloquent/Builder.php:1747
/home/user/cmis.marketing.limited/vendor/laravel/framework/src/Illuminate/Database/Eloquent/Builder.php:1218
/home/user/cmis.marketing.limited/vendor/laravel/framework/src/Illuminate/Support/Traits/ForwardsCalls.php:23
/home/user/cmis.marketing.limited/vendor/laravel/framework/src/Illuminate/Database/Eloquent/Model.php:2540
/home/user/cmis.marketing.limited/vendor/laravel/framework/src/Illuminate/Database/Eloquent/Model.php:2556
/home/user/cmis.marketing.limited/tests/Traits/CreatesTestData.php:105
/home/user/cmis.marketing.limited/tests/Integration/AdPlatform/SnapchatAdsWorkflowTest.php:428</error>
        </testcase>
        <testcase name="it_updates_snapchat_campaign_budget" file="/home/user/cmis.marketing.limited/tests/Integration/AdPlatform/SnapchatAdsWorkflowTest.php" line="380" class="Tests\Integration\AdPlatform\SnapchatAdsWorkflowTest" classname="Tests.Integration.AdPlatform.SnapchatAdsWorkflowTest" assertions="0" time="0.302707">
          <error type="Illuminate\Database\Eloquent\InvalidCastException">Tests\Integration\AdPlatform\SnapchatAdsWorkflowTest::it_updates_snapchat_campaign_budget
Illuminate\Database\Eloquent\InvalidCastException: Call to undefined cast [Illuminate\Database\Eloquent\Casts\Encrypted] on column [access_token] in model [App\Models\Core\Integration].

/home/user/cmis.marketing.limited/vendor/laravel/framework/src/Illuminate/Database/Eloquent/Concerns/HasAttributes.php:1768
/home/user/cmis.marketing.limited/vendor/laravel/framework/src/Illuminate/Database/Eloquent/Concerns/HasAttributes.php:1084
/home/user/cmis.marketing.limited/vendor/laravel/framework/src/Illuminate/Database/Eloquent/Model.php:619
/home/user/cmis.marketing.limited/vendor/laravel/framework/src/Illuminate/Database/Eloquent/Model.php:713
/home/user/cmis.marketing.limited/vendor/laravel/framework/src/Illuminate/Database/Eloquent/Builder.php:1747
/home/user/cmis.marketing.limited/vendor/laravel/framework/src/Illuminate/Database/Eloquent/Builder.php:1218
/home/user/cmis.marketing.limited/vendor/laravel/framework/src/Illuminate/Support/Traits/ForwardsCalls.php:23
/home/user/cmis.marketing.limited/vendor/laravel/framework/src/Illuminate/Database/Eloquent/Model.php:2540
/home/user/cmis.marketing.limited/vendor/laravel/framework/src/Illuminate/Database/Eloquent/Model.php:2556
/home/user/cmis.marketing.limited/tests/Traits/CreatesTestData.php:105
/home/user/cmis.marketing.limited/tests/Integration/AdPlatform/SnapchatAdsWorkflowTest.php:385</error>
        </testcase>
      </testsuite>
      <testsuite name="Tests\Integration\AdPlatform\GoogleAdsWorkflowTest" file="/home/user/cmis.marketing.limited/tests/Integration/AdPlatform/GoogleAdsWorkflowTest.php" tests="10" assertions="0" errors="10" failures="0" skipped="0" time="3.318591">
        <testcase name="it_creates_google_responsive_search_ad" file="/home/user/cmis.marketing.limited/tests/Integration/AdPlatform/GoogleAdsWorkflowTest.php" line="134" class="Tests\Integration\AdPlatform\GoogleAdsWorkflowTest" classname="Tests.Integration.AdPlatform.GoogleAdsWorkflowTest" assertions="0" time="0.306424">
          <error type="Illuminate\Database\Eloquent\InvalidCastException">Tests\Integration\AdPlatform\GoogleAdsWorkflowTest::it_creates_google_responsive_search_ad
Illuminate\Database\Eloquent\InvalidCastException: Call to undefined cast [Illuminate\Database\Eloquent\Casts\Encrypted] on column [access_token] in model [App\Models\Core\Integration].

/home/user/cmis.marketing.limited/vendor/laravel/framework/src/Illuminate/Database/Eloquent/Concerns/HasAttributes.php:1768
/home/user/cmis.marketing.limited/vendor/laravel/framework/src/Illuminate/Database/Eloquent/Concerns/HasAttributes.php:1084
/home/user/cmis.marketing.limited/vendor/laravel/framework/src/Illuminate/Database/Eloquent/Model.php:619
/home/user/cmis.marketing.limited/vendor/laravel/framework/src/Illuminate/Database/Eloquent/Model.php:713
/home/user/cmis.marketing.limited/vendor/laravel/framework/src/Illuminate/Database/Eloquent/Builder.php:1747
/home/user/cmis.marketing.limited/vendor/laravel/framework/src/Illuminate/Database/Eloquent/Builder.php:1218
/home/user/cmis.marketing.limited/vendor/laravel/framework/src/Illuminate/Support/Traits/ForwardsCalls.php:23
/home/user/cmis.marketing.limited/vendor/laravel/framework/src/Illuminate/Database/Eloquent/Model.php:2540
/home/user/cmis.marketing.limited/vendor/laravel/framework/src/Illuminate/Database/Eloquent/Model.php:2556
/home/user/cmis.marketing.limited/tests/Traits/CreatesTestData.php:105
/home/user/cmis.marketing.limited/tests/Integration/AdPlatform/GoogleAdsWorkflowTest.php:139</error>
        </testcase>
        <testcase name="it_adds_keywords_to_ad_group" file="/home/user/cmis.marketing.limited/tests/Integration/AdPlatform/GoogleAdsWorkflowTest.php" line="266" class="Tests\Integration\AdPlatform\GoogleAdsWorkflowTest" classname="Tests.Integration.AdPlatform.GoogleAdsWorkflowTest" assertions="0" time="0.300771">
          <error type="Illuminate\Database\Eloquent\InvalidCastException">Tests\Integration\AdPlatform\GoogleAdsWorkflowTest::it_adds_keywords_to_ad_group
Illuminate\Database\Eloquent\InvalidCastException: Call to undefined cast [Illuminate\Database\Eloquent\Casts\Encrypted] on column [access_token] in model [App\Models\Core\Integration].

/home/user/cmis.marketing.limited/vendor/laravel/framework/src/Illuminate/Database/Eloquent/Concerns/HasAttributes.php:1768
/home/user/cmis.marketing.limited/vendor/laravel/framework/src/Illuminate/Database/Eloquent/Concerns/HasAttributes.php:1084
/home/user/cmis.marketing.limited/vendor/laravel/framework/src/Illuminate/Database/Eloquent/Model.php:619
/home/user/cmis.marketing.limited/vendor/laravel/framework/src/Illuminate/Database/Eloquent/Model.php:713
/home/user/cmis.marketing.limited/vendor/laravel/framework/src/Illuminate/Database/Eloquent/Builder.php:1747
/home/user/cmis.marketing.limited/vendor/laravel/framework/src/Illuminate/Database/Eloquent/Builder.php:1218
/home/user/cmis.marketing.limited/vendor/laravel/framework/src/Illuminate/Support/Traits/ForwardsCalls.php:23
/home/user/cmis.marketing.limited/vendor/laravel/framework/src/Illuminate/Database/Eloquent/Model.php:2540
/home/user/cmis.marketing.limited/vendor/laravel/framework/src/Illuminate/Database/Eloquent/Model.php:2556
/home/user/cmis.marketing.limited/tests/Traits/CreatesTestData.php:105
/home/user/cmis.marketing.limited/tests/Integration/AdPlatform/GoogleAdsWorkflowTest.php:271</error>
        </testcase>
        <testcase name="it_respects_org_isolation_for_google_campaigns" file="/home/user/cmis.marketing.limited/tests/Integration/AdPlatform/GoogleAdsWorkflowTest.php" line="463" class="Tests\Integration\AdPlatform\GoogleAdsWorkflowTest" classname="Tests.Integration.AdPlatform.GoogleAdsWorkflowTest" assertions="0" time="0.540494">
          <error type="Illuminate\Database\Eloquent\InvalidCastException">Tests\Integration\AdPlatform\GoogleAdsWorkflowTest::it_respects_org_isolation_for_google_campaigns
Illuminate\Database\Eloquent\InvalidCastException: Call to undefined cast [Illuminate\Database\Eloquent\Casts\Encrypted] on column [access_token] in model [App\Models\Core\Integration].

/home/user/cmis.marketing.limited/vendor/laravel/framework/src/Illuminate/Database/Eloquent/Concerns/HasAttributes.php:1768
/home/user/cmis.marketing.limited/vendor/laravel/framework/src/Illuminate/Database/Eloquent/Concerns/HasAttributes.php:1084
/home/user/cmis.marketing.limited/vendor/laravel/framework/src/Illuminate/Database/Eloquent/Model.php:619
/home/user/cmis.marketing.limited/vendor/laravel/framework/src/Illuminate/Database/Eloquent/Model.php:713
/home/user/cmis.marketing.limited/vendor/laravel/framework/src/Illuminate/Database/Eloquent/Builder.php:1747
/home/user/cmis.marketing.limited/vendor/laravel/framework/src/Illuminate/Database/Eloquent/Builder.php:1218
/home/user/cmis.marketing.limited/vendor/laravel/framework/src/Illuminate/Support/Traits/ForwardsCalls.php:23
/home/user/cmis.marketing.limited/vendor/laravel/framework/src/Illuminate/Database/Eloquent/Model.php:2540
/home/user/cmis.marketing.limited/vendor/laravel/framework/src/Illuminate/Database/Eloquent/Model.php:2556
/home/user/cmis.marketing.limited/tests/Traits/CreatesTestData.php:105
/home/user/cmis.marketing.limited/tests/Integration/AdPlatform/GoogleAdsWorkflowTest.php:471</error>
        </testcase>
        <testcase name="it_handles_google_ads_api_errors" file="/home/user/cmis.marketing.limited/tests/Integration/AdPlatform/GoogleAdsWorkflowTest.php" line="439" class="Tests\Integration\AdPlatform\GoogleAdsWorkflowTest" classname="Tests.Integration.AdPlatform.GoogleAdsWorkflowTest" assertions="0" time="0.309826">
          <error type="Illuminate\Database\Eloquent\InvalidCastException">Tests\Integration\AdPlatform\GoogleAdsWorkflowTest::it_handles_google_ads_api_errors
Illuminate\Database\Eloquent\InvalidCastException: Call to undefined cast [Illuminate\Database\Eloquent\Casts\Encrypted] on column [access_token] in model [App\Models\Core\Integration].

/home/user/cmis.marketing.limited/vendor/laravel/framework/src/Illuminate/Database/Eloquent/Concerns/HasAttributes.php:1768
/home/user/cmis.marketing.limited/vendor/laravel/framework/src/Illuminate/Database/Eloquent/Concerns/HasAttributes.php:1084
/home/user/cmis.marketing.limited/vendor/laravel/framework/src/Illuminate/Database/Eloquent/Model.php:619
/home/user/cmis.marketing.limited/vendor/laravel/framework/src/Illuminate/Database/Eloquent/Model.php:713
/home/user/cmis.marketing.limited/vendor/laravel/framework/src/Illuminate/Database/Eloquent/Builder.php:1747
/home/user/cmis.marketing.limited/vendor/laravel/framework/src/Illuminate/Database/Eloquent/Builder.php:1218
/home/user/cmis.marketing.limited/vendor/laravel/framework/src/Illuminate/Support/Traits/ForwardsCalls.php:23
/home/user/cmis.marketing.limited/vendor/laravel/framework/src/Illuminate/Database/Eloquent/Model.php:2540
/home/user/cmis.marketing.limited/vendor/laravel/framework/src/Illuminate/Database/Eloquent/Model.php:2556
/home/user/cmis.marketing.limited/tests/Traits/CreatesTestData.php:105
/home/user/cmis.marketing.limited/tests/Integration/AdPlatform/GoogleAdsWorkflowTest.php:444</error>
        </testcase>
        <testcase name="it_fetches_google_ads_campaign_performance" file="/home/user/cmis.marketing.limited/tests/Integration/AdPlatform/GoogleAdsWorkflowTest.php" line="311" class="Tests\Integration\AdPlatform\GoogleAdsWorkflowTest" classname="Tests.Integration.AdPlatform.GoogleAdsWorkflowTest" assertions="0" time="0.309776">
          <error type="Illuminate\Database\Eloquent\InvalidCastException">Tests\Integration\AdPlatform\GoogleAdsWorkflowTest::it_fetches_google_ads_campaign_performance
Illuminate\Database\Eloquent\InvalidCastException: Call to undefined cast [Illuminate\Database\Eloquent\Casts\Encrypted] on column [access_token] in model [App\Models\Core\Integration].

/home/user/cmis.marketing.limited/vendor/laravel/framework/src/Illuminate/Database/Eloquent/Concerns/HasAttributes.php:1768
/home/user/cmis.marketing.limited/vendor/laravel/framework/src/Illuminate/Database/Eloquent/Concerns/HasAttributes.php:1084
/home/user/cmis.marketing.limited/vendor/laravel/framework/src/Illuminate/Database/Eloquent/Model.php:619
/home/user/cmis.marketing.limited/vendor/laravel/framework/src/Illuminate/Database/Eloquent/Model.php:713
/home/user/cmis.marketing.limited/vendor/laravel/framework/src/Illuminate/Database/Eloquent/Builder.php:1747
/home/user/cmis.marketing.limited/vendor/laravel/framework/src/Illuminate/Database/Eloquent/Builder.php:1218
/home/user/cmis.marketing.limited/vendor/laravel/framework/src/Illuminate/Support/Traits/ForwardsCalls.php:23
/home/user/cmis.marketing.limited/vendor/laravel/framework/src/Illuminate/Database/Eloquent/Model.php:2540
/home/user/cmis.marketing.limited/vendor/laravel/framework/src/Illuminate/Database/Eloquent/Model.php:2556
/home/user/cmis.marketing.limited/tests/Traits/CreatesTestData.php:105
/home/user/cmis.marketing.limited/tests/Integration/AdPlatform/GoogleAdsWorkflowTest.php:316</error>
        </testcase>
        <testcase name="it_creates_google_ads_ad_group" file="/home/user/cmis.marketing.limited/tests/Integration/AdPlatform/GoogleAdsWorkflowTest.php" line="79" class="Tests\Integration\AdPlatform\GoogleAdsWorkflowTest" classname="Tests.Integration.AdPlatform.GoogleAdsWorkflowTest" assertions="0" time="0.310469">
          <error type="Illuminate\Database\Eloquent\InvalidCastException">Tests\Integration\AdPlatform\GoogleAdsWorkflowTest::it_creates_google_ads_ad_group
Illuminate\Database\Eloquent\InvalidCastException: Call to undefined cast [Illuminate\Database\Eloquent\Casts\Encrypted] on column [access_token] in model [App\Models\Core\Integration].

/home/user/cmis.marketing.limited/vendor/laravel/framework/src/Illuminate/Database/Eloquent/Concerns/HasAttributes.php:1768
/home/user/cmis.marketing.limited/vendor/laravel/framework/src/Illuminate/Database/Eloquent/Concerns/HasAttributes.php:1084
/home/user/cmis.marketing.limited/vendor/laravel/framework/src/Illuminate/Database/Eloquent/Model.php:619
/home/user/cmis.marketing.limited/vendor/laravel/framework/src/Illuminate/Database/Eloquent/Model.php:713
/home/user/cmis.marketing.limited/vendor/laravel/framework/src/Illuminate/Database/Eloquent/Builder.php:1747
/home/user/cmis.marketing.limited/vendor/laravel/framework/src/Illuminate/Database/Eloquent/Builder.php:1218
/home/user/cmis.marketing.limited/vendor/laravel/framework/src/Illuminate/Support/Traits/ForwardsCalls.php:23
/home/user/cmis.marketing.limited/vendor/laravel/framework/src/Illuminate/Database/Eloquent/Model.php:2540
/home/user/cmis.marketing.limited/vendor/laravel/framework/src/Illuminate/Database/Eloquent/Model.php:2556
/home/user/cmis.marketing.limited/tests/Traits/CreatesTestData.php:105
/home/user/cmis.marketing.limited/tests/Integration/AdPlatform/GoogleAdsWorkflowTest.php:84</error>
        </testcase>
        <testcase name="it_updates_campaign_budget" file="/home/user/cmis.marketing.limited/tests/Integration/AdPlatform/GoogleAdsWorkflowTest.php" line="399" class="Tests\Integration\AdPlatform\GoogleAdsWorkflowTest" classname="Tests.Integration.AdPlatform.GoogleAdsWorkflowTest" assertions="0" time="0.309578">
          <error type="Illuminate\Database\Eloquent\InvalidCastException">Tests\Integration\AdPlatform\GoogleAdsWorkflowTest::it_updates_campaign_budget
Illuminate\Database\Eloquent\InvalidCastException: Call to undefined cast [Illuminate\Database\Eloquent\Casts\Encrypted] on column [access_token] in model [App\Models\Core\Integration].

/home/user/cmis.marketing.limited/vendor/laravel/framework/src/Illuminate/Database/Eloquent/Concerns/HasAttributes.php:1768
/home/user/cmis.marketing.limited/vendor/laravel/framework/src/Illuminate/Database/Eloquent/Concerns/HasAttributes.php:1084
/home/user/cmis.marketing.limited/vendor/laravel/framework/src/Illuminate/Database/Eloquent/Model.php:619
/home/user/cmis.marketing.limited/vendor/laravel/framework/src/Illuminate/Database/Eloquent/Model.php:713
/home/user/cmis.marketing.limited/vendor/laravel/framework/src/Illuminate/Database/Eloquent/Builder.php:1747
/home/user/cmis.marketing.limited/vendor/laravel/framework/src/Illuminate/Database/Eloquent/Builder.php:1218
/home/user/cmis.marketing.limited/vendor/laravel/framework/src/Illuminate/Support/Traits/ForwardsCalls.php:23
/home/user/cmis.marketing.limited/vendor/laravel/framework/src/Illuminate/Database/Eloquent/Model.php:2540
/home/user/cmis.marketing.limited/vendor/laravel/framework/src/Illuminate/Database/Eloquent/Model.php:2556
/home/user/cmis.marketing.limited/tests/Traits/CreatesTestData.php:105
/home/user/cmis.marketing.limited/tests/Integration/AdPlatform/GoogleAdsWorkflowTest.php:404</error>
        </testcase>
        <testcase name="it_pauses_google_ads_campaign" file="/home/user/cmis.marketing.limited/tests/Integration/AdPlatform/GoogleAdsWorkflowTest.php" line="360" class="Tests\Integration\AdPlatform\GoogleAdsWorkflowTest" classname="Tests.Integration.AdPlatform.GoogleAdsWorkflowTest" assertions="0" time="0.306620">
          <error type="Illuminate\Database\Eloquent\InvalidCastException">Tests\Integration\AdPlatform\GoogleAdsWorkflowTest::it_pauses_google_ads_campaign
Illuminate\Database\Eloquent\InvalidCastException: Call to undefined cast [Illuminate\Database\Eloquent\Casts\Encrypted] on column [access_token] in model [App\Models\Core\Integration].

/home/user/cmis.marketing.limited/vendor/laravel/framework/src/Illuminate/Database/Eloquent/Concerns/HasAttributes.php:1768
/home/user/cmis.marketing.limited/vendor/laravel/framework/src/Illuminate/Database/Eloquent/Concerns/HasAttributes.php:1084
/home/user/cmis.marketing.limited/vendor/laravel/framework/src/Illuminate/Database/Eloquent/Model.php:619
/home/user/cmis.marketing.limited/vendor/laravel/framework/src/Illuminate/Database/Eloquent/Model.php:713
/home/user/cmis.marketing.limited/vendor/laravel/framework/src/Illuminate/Database/Eloquent/Builder.php:1747
/home/user/cmis.marketing.limited/vendor/laravel/framework/src/Illuminate/Database/Eloquent/Builder.php:1218
/home/user/cmis.marketing.limited/vendor/laravel/framework/src/Illuminate/Support/Traits/ForwardsCalls.php:23
/home/user/cmis.marketing.limited/vendor/laravel/framework/src/Illuminate/Database/Eloquent/Model.php:2540
/home/user/cmis.marketing.limited/vendor/laravel/framework/src/Illuminate/Database/Eloquent/Model.php:2556
/home/user/cmis.marketing.limited/tests/Traits/CreatesTestData.php:105
/home/user/cmis.marketing.limited/tests/Integration/AdPlatform/GoogleAdsWorkflowTest.php:365</error>
        </testcase>
        <testcase name="it_creates_google_display_ad" file="/home/user/cmis.marketing.limited/tests/Integration/AdPlatform/GoogleAdsWorkflowTest.php" line="214" class="Tests\Integration\AdPlatform\GoogleAdsWorkflowTest" classname="Tests.Integration.AdPlatform.GoogleAdsWorkflowTest" assertions="0" time="0.302551">
          <error type="Illuminate\Database\Eloquent\InvalidCastException">Tests\Integration\AdPlatform\GoogleAdsWorkflowTest::it_creates_google_display_ad
Illuminate\Database\Eloquent\InvalidCastException: Call to undefined cast [Illuminate\Database\Eloquent\Casts\Encrypted] on column [access_token] in model [App\Models\Core\Integration].

/home/user/cmis.marketing.limited/vendor/laravel/framework/src/Illuminate/Database/Eloquent/Concerns/HasAttributes.php:1768
/home/user/cmis.marketing.limited/vendor/laravel/framework/src/Illuminate/Database/Eloquent/Concerns/HasAttributes.php:1084
/home/user/cmis.marketing.limited/vendor/laravel/framework/src/Illuminate/Database/Eloquent/Model.php:619
/home/user/cmis.marketing.limited/vendor/laravel/framework/src/Illuminate/Database/Eloquent/Model.php:713
/home/user/cmis.marketing.limited/vendor/laravel/framework/src/Illuminate/Database/Eloquent/Builder.php:1747
/home/user/cmis.marketing.limited/vendor/laravel/framework/src/Illuminate/Database/Eloquent/Builder.php:1218
/home/user/cmis.marketing.limited/vendor/laravel/framework/src/Illuminate/Support/Traits/ForwardsCalls.php:23
/home/user/cmis.marketing.limited/vendor/laravel/framework/src/Illuminate/Database/Eloquent/Model.php:2540
/home/user/cmis.marketing.limited/vendor/laravel/framework/src/Illuminate/Database/Eloquent/Model.php:2556
/home/user/cmis.marketing.limited/tests/Traits/CreatesTestData.php:105
/home/user/cmis.marketing.limited/tests/Integration/AdPlatform/GoogleAdsWorkflowTest.php:219</error>
        </testcase>
        <testcase name="it_creates_google_ads_campaign" file="/home/user/cmis.marketing.limited/tests/Integration/AdPlatform/GoogleAdsWorkflowTest.php" line="28" class="Tests\Integration\AdPlatform\GoogleAdsWorkflowTest" classname="Tests.Integration.AdPlatform.GoogleAdsWorkflowTest" assertions="0" time="0.322082">
          <error type="Illuminate\Database\Eloquent\InvalidCastException">Tests\Integration\AdPlatform\GoogleAdsWorkflowTest::it_creates_google_ads_campaign
Illuminate\Database\Eloquent\InvalidCastException: Call to undefined cast [Illuminate\Database\Eloquent\Casts\Encrypted] on column [access_token] in model [App\Models\Core\Integration].

/home/user/cmis.marketing.limited/vendor/laravel/framework/src/Illuminate/Database/Eloquent/Concerns/HasAttributes.php:1768
/home/user/cmis.marketing.limited/vendor/laravel/framework/src/Illuminate/Database/Eloquent/Concerns/HasAttributes.php:1084
/home/user/cmis.marketing.limited/vendor/laravel/framework/src/Illuminate/Database/Eloquent/Model.php:619
/home/user/cmis.marketing.limited/vendor/laravel/framework/src/Illuminate/Database/Eloquent/Model.php:713
/home/user/cmis.marketing.limited/vendor/laravel/framework/src/Illuminate/Database/Eloquent/Builder.php:1747
/home/user/cmis.marketing.limited/vendor/laravel/framework/src/Illuminate/Database/Eloquent/Builder.php:1218
/home/user/cmis.marketing.limited/vendor/laravel/framework/src/Illuminate/Support/Traits/ForwardsCalls.php:23
/home/user/cmis.marketing.limited/vendor/laravel/framework/src/Illuminate/Database/Eloquent/Model.php:2540
/home/user/cmis.marketing.limited/vendor/laravel/framework/src/Illuminate/Database/Eloquent/Model.php:2556
/home/user/cmis.marketing.limited/tests/Traits/CreatesTestData.php:105
/home/user/cmis.marketing.limited/tests/Integration/AdPlatform/GoogleAdsWorkflowTest.php:33</error>
        </testcase>
      </testsuite>
      <testsuite name="Tests\Integration\AdPlatform\MetaAdsWorkflowTest" file="/home/user/cmis.marketing.limited/tests/Integration/AdPlatform/MetaAdsWorkflowTest.php" tests="7" assertions="0" errors="7" failures="0" skipped="0" time="2.142029">
        <testcase name="it_creates_meta_ad_campaign" file="/home/user/cmis.marketing.limited/tests/Integration/AdPlatform/MetaAdsWorkflowTest.php" line="30" class="Tests\Integration\AdPlatform\MetaAdsWorkflowTest" classname="Tests.Integration.AdPlatform.MetaAdsWorkflowTest" assertions="0" time="0.305146">
          <error type="Illuminate\Database\Eloquent\InvalidCastException">Tests\Integration\AdPlatform\MetaAdsWorkflowTest::it_creates_meta_ad_campaign
Illuminate\Database\Eloquent\InvalidCastException: Call to undefined cast [Illuminate\Database\Eloquent\Casts\Encrypted] on column [access_token] in model [App\Models\Core\Integration].

/home/user/cmis.marketing.limited/vendor/laravel/framework/src/Illuminate/Database/Eloquent/Concerns/HasAttributes.php:1768
/home/user/cmis.marketing.limited/vendor/laravel/framework/src/Illuminate/Database/Eloquent/Concerns/HasAttributes.php:1084
/home/user/cmis.marketing.limited/vendor/laravel/framework/src/Illuminate/Database/Eloquent/Model.php:619
/home/user/cmis.marketing.limited/vendor/laravel/framework/src/Illuminate/Database/Eloquent/Model.php:713
/home/user/cmis.marketing.limited/vendor/laravel/framework/src/Illuminate/Database/Eloquent/Builder.php:1747
/home/user/cmis.marketing.limited/vendor/laravel/framework/src/Illuminate/Database/Eloquent/Builder.php:1218
/home/user/cmis.marketing.limited/vendor/laravel/framework/src/Illuminate/Support/Traits/ForwardsCalls.php:23
/home/user/cmis.marketing.limited/vendor/laravel/framework/src/Illuminate/Database/Eloquent/Model.php:2540
/home/user/cmis.marketing.limited/vendor/laravel/framework/src/Illuminate/Database/Eloquent/Model.php:2556
/home/user/cmis.marketing.limited/tests/Traits/CreatesTestData.php:105
/home/user/cmis.marketing.limited/tests/Integration/AdPlatform/MetaAdsWorkflowTest.php:35</error>
        </testcase>
        <testcase name="it_updates_campaign_budget" file="/home/user/cmis.marketing.limited/tests/Integration/AdPlatform/MetaAdsWorkflowTest.php" line="183" class="Tests\Integration\AdPlatform\MetaAdsWorkflowTest" classname="Tests.Integration.AdPlatform.MetaAdsWorkflowTest" assertions="0" time="0.305840">
          <error type="Illuminate\Database\Eloquent\InvalidCastException">Tests\Integration\AdPlatform\MetaAdsWorkflowTest::it_updates_campaign_budget
Illuminate\Database\Eloquent\InvalidCastException: Call to undefined cast [Illuminate\Database\Eloquent\Casts\Encrypted] on column [access_token] in model [App\Models\Core\Integration].

/home/user/cmis.marketing.limited/vendor/laravel/framework/src/Illuminate/Database/Eloquent/Concerns/HasAttributes.php:1768
/home/user/cmis.marketing.limited/vendor/laravel/framework/src/Illuminate/Database/Eloquent/Concerns/HasAttributes.php:1084
/home/user/cmis.marketing.limited/vendor/laravel/framework/src/Illuminate/Database/Eloquent/Model.php:619
/home/user/cmis.marketing.limited/vendor/laravel/framework/src/Illuminate/Database/Eloquent/Model.php:713
/home/user/cmis.marketing.limited/vendor/laravel/framework/src/Illuminate/Database/Eloquent/Builder.php:1747
/home/user/cmis.marketing.limited/vendor/laravel/framework/src/Illuminate/Database/Eloquent/Builder.php:1218
/home/user/cmis.marketing.limited/vendor/laravel/framework/src/Illuminate/Support/Traits/ForwardsCalls.php:23
/home/user/cmis.marketing.limited/vendor/laravel/framework/src/Illuminate/Database/Eloquent/Model.php:2540
/home/user/cmis.marketing.limited/vendor/laravel/framework/src/Illuminate/Database/Eloquent/Model.php:2556
/home/user/cmis.marketing.limited/tests/Traits/CreatesTestData.php:105
/home/user/cmis.marketing.limited/tests/Integration/AdPlatform/MetaAdsWorkflowTest.php:188</error>
        </testcase>
        <testcase name="it_pauses_and_resumes_campaign" file="/home/user/cmis.marketing.limited/tests/Integration/AdPlatform/MetaAdsWorkflowTest.php" line="210" class="Tests\Integration\AdPlatform\MetaAdsWorkflowTest" classname="Tests.Integration.AdPlatform.MetaAdsWorkflowTest" assertions="0" time="0.304534">
          <error type="Illuminate\Database\Eloquent\InvalidCastException">Tests\Integration\AdPlatform\MetaAdsWorkflowTest::it_pauses_and_resumes_campaign
Illuminate\Database\Eloquent\InvalidCastException: Call to undefined cast [Illuminate\Database\Eloquent\Casts\Encrypted] on column [access_token] in model [App\Models\Core\Integration].

/home/user/cmis.marketing.limited/vendor/laravel/framework/src/Illuminate/Database/Eloquent/Concerns/HasAttributes.php:1768
/home/user/cmis.marketing.limited/vendor/laravel/framework/src/Illuminate/Database/Eloquent/Concerns/HasAttributes.php:1084
/home/user/cmis.marketing.limited/vendor/laravel/framework/src/Illuminate/Database/Eloquent/Model.php:619
/home/user/cmis.marketing.limited/vendor/laravel/framework/src/Illuminate/Database/Eloquent/Model.php:713
/home/user/cmis.marketing.limited/vendor/laravel/framework/src/Illuminate/Database/Eloquent/Builder.php:1747
/home/user/cmis.marketing.limited/vendor/laravel/framework/src/Illuminate/Database/Eloquent/Builder.php:1218
/home/user/cmis.marketing.limited/vendor/laravel/framework/src/Illuminate/Support/Traits/ForwardsCalls.php:23
/home/user/cmis.marketing.limited/vendor/laravel/framework/src/Illuminate/Database/Eloquent/Model.php:2540
/home/user/cmis.marketing.limited/vendor/laravel/framework/src/Illuminate/Database/Eloquent/Model.php:2556
/home/user/cmis.marketing.limited/tests/Traits/CreatesTestData.php:105
/home/user/cmis.marketing.limited/tests/Integration/AdPlatform/MetaAdsWorkflowTest.php:215</error>
        </testcase>
        <testcase name="it_syncs_ad_campaign_metrics" file="/home/user/cmis.marketing.limited/tests/Integration/AdPlatform/MetaAdsWorkflowTest.php" line="145" class="Tests\Integration\AdPlatform\MetaAdsWorkflowTest" classname="Tests.Integration.AdPlatform.MetaAdsWorkflowTest" assertions="0" time="0.309554">
          <error type="Illuminate\Database\Eloquent\InvalidCastException">Tests\Integration\AdPlatform\MetaAdsWorkflowTest::it_syncs_ad_campaign_metrics
Illuminate\Database\Eloquent\InvalidCastException: Call to undefined cast [Illuminate\Database\Eloquent\Casts\Encrypted] on column [access_token] in model [App\Models\Core\Integration].

/home/user/cmis.marketing.limited/vendor/laravel/framework/src/Illuminate/Database/Eloquent/Concerns/HasAttributes.php:1768
/home/user/cmis.marketing.limited/vendor/laravel/framework/src/Illuminate/Database/Eloquent/Concerns/HasAttributes.php:1084
/home/user/cmis.marketing.limited/vendor/laravel/framework/src/Illuminate/Database/Eloquent/Model.php:619
/home/user/cmis.marketing.limited/vendor/laravel/framework/src/Illuminate/Database/Eloquent/Model.php:713
/home/user/cmis.marketing.limited/vendor/laravel/framework/src/Illuminate/Database/Eloquent/Builder.php:1747
/home/user/cmis.marketing.limited/vendor/laravel/framework/src/Illuminate/Database/Eloquent/Builder.php:1218
/home/user/cmis.marketing.limited/vendor/laravel/framework/src/Illuminate/Support/Traits/ForwardsCalls.php:23
/home/user/cmis.marketing.limited/vendor/laravel/framework/src/Illuminate/Database/Eloquent/Model.php:2540
/home/user/cmis.marketing.limited/vendor/laravel/framework/src/Illuminate/Database/Eloquent/Model.php:2556
/home/user/cmis.marketing.limited/tests/Traits/CreatesTestData.php:105
/home/user/cmis.marketing.limited/tests/Integration/AdPlatform/MetaAdsWorkflowTest.php:150</error>
        </testcase>
        <testcase name="it_creates_ad_set_with_targeting" file="/home/user/cmis.marketing.limited/tests/Integration/AdPlatform/MetaAdsWorkflowTest.php" line="65" class="Tests\Integration\AdPlatform\MetaAdsWorkflowTest" classname="Tests.Integration.AdPlatform.MetaAdsWorkflowTest" assertions="0" time="0.306014">
          <error type="Illuminate\Database\Eloquent\InvalidCastException">Tests\Integration\AdPlatform\MetaAdsWorkflowTest::it_creates_ad_set_with_targeting
Illuminate\Database\Eloquent\InvalidCastException: Call to undefined cast [Illuminate\Database\Eloquent\Casts\Encrypted] on column [access_token] in model [App\Models\Core\Integration].

/home/user/cmis.marketing.limited/vendor/laravel/framework/src/Illuminate/Database/Eloquent/Concerns/HasAttributes.php:1768
/home/user/cmis.marketing.limited/vendor/laravel/framework/src/Illuminate/Database/Eloquent/Concerns/HasAttributes.php:1084
/home/user/cmis.marketing.limited/vendor/laravel/framework/src/Illuminate/Database/Eloquent/Model.php:619
/home/user/cmis.marketing.limited/vendor/laravel/framework/src/Illuminate/Database/Eloquent/Model.php:713
/home/user/cmis.marketing.limited/vendor/laravel/framework/src/Illuminate/Database/Eloquent/Builder.php:1747
/home/user/cmis.marketing.limited/vendor/laravel/framework/src/Illuminate/Database/Eloquent/Builder.php:1218
/home/user/cmis.marketing.limited/vendor/laravel/framework/src/Illuminate/Support/Traits/ForwardsCalls.php:23
/home/user/cmis.marketing.limited/vendor/laravel/framework/src/Illuminate/Database/Eloquent/Model.php:2540
/home/user/cmis.marketing.limited/vendor/laravel/framework/src/Illuminate/Database/Eloquent/Model.php:2556
/home/user/cmis.marketing.limited/tests/Traits/CreatesTestData.php:105
/home/user/cmis.marketing.limited/tests/Integration/AdPlatform/MetaAdsWorkflowTest.php:70</error>
        </testcase>
        <testcase name="it_creates_lookalike_audience" file="/home/user/cmis.marketing.limited/tests/Integration/AdPlatform/MetaAdsWorkflowTest.php" line="245" class="Tests\Integration\AdPlatform\MetaAdsWorkflowTest" classname="Tests.Integration.AdPlatform.MetaAdsWorkflowTest" assertions="0" time="0.302630">
          <error type="Illuminate\Database\Eloquent\InvalidCastException">Tests\Integration\AdPlatform\MetaAdsWorkflowTest::it_creates_lookalike_audience
Illuminate\Database\Eloquent\InvalidCastException: Call to undefined cast [Illuminate\Database\Eloquent\Casts\Encrypted] on column [access_token] in model [App\Models\Core\Integration].

/home/user/cmis.marketing.limited/vendor/laravel/framework/src/Illuminate/Database/Eloquent/Concerns/HasAttributes.php:1768
/home/user/cmis.marketing.limited/vendor/laravel/framework/src/Illuminate/Database/Eloquent/Concerns/HasAttributes.php:1084
/home/user/cmis.marketing.limited/vendor/laravel/framework/src/Illuminate/Database/Eloquent/Model.php:619
/home/user/cmis.marketing.limited/vendor/laravel/framework/src/Illuminate/Database/Eloquent/Model.php:713
/home/user/cmis.marketing.limited/vendor/laravel/framework/src/Illuminate/Database/Eloquent/Builder.php:1747
/home/user/cmis.marketing.limited/vendor/laravel/framework/src/Illuminate/Database/Eloquent/Builder.php:1218
/home/user/cmis.marketing.limited/vendor/laravel/framework/src/Illuminate/Support/Traits/ForwardsCalls.php:23
/home/user/cmis.marketing.limited/vendor/laravel/framework/src/Illuminate/Database/Eloquent/Model.php:2540
/home/user/cmis.marketing.limited/vendor/laravel/framework/src/Illuminate/Database/Eloquent/Model.php:2556
/home/user/cmis.marketing.limited/tests/Traits/CreatesTestData.php:105
/home/user/cmis.marketing.limited/tests/Integration/AdPlatform/MetaAdsWorkflowTest.php:250</error>
        </testcase>
        <testcase name="it_creates_ad_creative_with_media" file="/home/user/cmis.marketing.limited/tests/Integration/AdPlatform/MetaAdsWorkflowTest.php" line="109" class="Tests\Integration\AdPlatform\MetaAdsWorkflowTest" classname="Tests.Integration.AdPlatform.MetaAdsWorkflowTest" assertions="0" time="0.308311">
          <error type="Illuminate\Database\Eloquent\InvalidCastException">Tests\Integration\AdPlatform\MetaAdsWorkflowTest::it_creates_ad_creative_with_media
Illuminate\Database\Eloquent\InvalidCastException: Call to undefined cast [Illuminate\Database\Eloquent\Casts\Encrypted] on column [access_token] in model [App\Models\Core\Integration].

/home/user/cmis.marketing.limited/vendor/laravel/framework/src/Illuminate/Database/Eloquent/Concerns/HasAttributes.php:1768
/home/user/cmis.marketing.limited/vendor/laravel/framework/src/Illuminate/Database/Eloquent/Concerns/HasAttributes.php:1084
/home/user/cmis.marketing.limited/vendor/laravel/framework/src/Illuminate/Database/Eloquent/Model.php:619
/home/user/cmis.marketing.limited/vendor/laravel/framework/src/Illuminate/Database/Eloquent/Model.php:713
/home/user/cmis.marketing.limited/vendor/laravel/framework/src/Illuminate/Database/Eloquent/Builder.php:1747
/home/user/cmis.marketing.limited/vendor/laravel/framework/src/Illuminate/Database/Eloquent/Builder.php:1218
/home/user/cmis.marketing.limited/vendor/laravel/framework/src/Illuminate/Support/Traits/ForwardsCalls.php:23
/home/user/cmis.marketing.limited/vendor/laravel/framework/src/Illuminate/Database/Eloquent/Model.php:2540
/home/user/cmis.marketing.limited/vendor/laravel/framework/src/Illuminate/Database/Eloquent/Model.php:2556
/home/user/cmis.marketing.limited/tests/Traits/CreatesTestData.php:105
/home/user/cmis.marketing.limited/tests/Integration/AdPlatform/MetaAdsWorkflowTest.php:114</error>
        </testcase>
      </testsuite>
      <testsuite name="Tests\Integration\Sync\AllPlatformsSyncTest" file="/home/user/cmis.marketing.limited/tests/Integration/Sync/AllPlatformsSyncTest.php" tests="12" assertions="0" errors="12" failures="0" skipped="0" time="3.733283">
        <testcase name="it_syncs_tiktok_videos" file="/home/user/cmis.marketing.limited/tests/Integration/Sync/AllPlatformsSyncTest.php" line="160" class="Tests\Integration\Sync\AllPlatformsSyncTest" classname="Tests.Integration.Sync.AllPlatformsSyncTest" assertions="0" time="0.311717">
          <error type="Illuminate\Database\Eloquent\InvalidCastException">Tests\Integration\Sync\AllPlatformsSyncTest::it_syncs_tiktok_videos
Illuminate\Database\Eloquent\InvalidCastException: Call to undefined cast [Illuminate\Database\Eloquent\Casts\Encrypted] on column [access_token] in model [App\Models\Core\Integration].

/home/user/cmis.marketing.limited/vendor/laravel/framework/src/Illuminate/Database/Eloquent/Concerns/HasAttributes.php:1768
/home/user/cmis.marketing.limited/vendor/laravel/framework/src/Illuminate/Database/Eloquent/Concerns/HasAttributes.php:1084
/home/user/cmis.marketing.limited/vendor/laravel/framework/src/Illuminate/Database/Eloquent/Model.php:619
/home/user/cmis.marketing.limited/vendor/laravel/framework/src/Illuminate/Database/Eloquent/Model.php:713
/home/user/cmis.marketing.limited/vendor/laravel/framework/src/Illuminate/Database/Eloquent/Builder.php:1747
/home/user/cmis.marketing.limited/vendor/laravel/framework/src/Illuminate/Database/Eloquent/Builder.php:1218
/home/user/cmis.marketing.limited/vendor/laravel/framework/src/Illuminate/Support/Traits/ForwardsCalls.php:23
/home/user/cmis.marketing.limited/vendor/laravel/framework/src/Illuminate/Database/Eloquent/Model.php:2540
/home/user/cmis.marketing.limited/vendor/laravel/framework/src/Illuminate/Database/Eloquent/Model.php:2556
/home/user/cmis.marketing.limited/tests/Traits/CreatesTestData.php:105
/home/user/cmis.marketing.limited/tests/Integration/Sync/AllPlatformsSyncTest.php:165</error>
        </testcase>
        <testcase name="it_syncs_facebook_page_data" file="/home/user/cmis.marketing.limited/tests/Integration/Sync/AllPlatformsSyncTest.php" line="28" class="Tests\Integration\Sync\AllPlatformsSyncTest" classname="Tests.Integration.Sync.AllPlatformsSyncTest" assertions="0" time="0.309565">
          <error type="Illuminate\Database\Eloquent\InvalidCastException">Tests\Integration\Sync\AllPlatformsSyncTest::it_syncs_facebook_page_data
Illuminate\Database\Eloquent\InvalidCastException: Call to undefined cast [Illuminate\Database\Eloquent\Casts\Encrypted] on column [access_token] in model [App\Models\Core\Integration].

/home/user/cmis.marketing.limited/vendor/laravel/framework/src/Illuminate/Database/Eloquent/Concerns/HasAttributes.php:1768
/home/user/cmis.marketing.limited/vendor/laravel/framework/src/Illuminate/Database/Eloquent/Concerns/HasAttributes.php:1084
/home/user/cmis.marketing.limited/vendor/laravel/framework/src/Illuminate/Database/Eloquent/Model.php:619
/home/user/cmis.marketing.limited/vendor/laravel/framework/src/Illuminate/Database/Eloquent/Model.php:713
/home/user/cmis.marketing.limited/vendor/laravel/framework/src/Illuminate/Database/Eloquent/Builder.php:1747
/home/user/cmis.marketing.limited/vendor/laravel/framework/src/Illuminate/Database/Eloquent/Builder.php:1218
/home/user/cmis.marketing.limited/vendor/laravel/framework/src/Illuminate/Support/Traits/ForwardsCalls.php:23
/home/user/cmis.marketing.limited/vendor/laravel/framework/src/Illuminate/Database/Eloquent/Model.php:2540
/home/user/cmis.marketing.limited/vendor/laravel/framework/src/Illuminate/Database/Eloquent/Model.php:2556
/home/user/cmis.marketing.limited/tests/Traits/CreatesTestData.php:105
/home/user/cmis.marketing.limited/tests/Integration/Sync/AllPlatformsSyncTest.php:33</error>
        </testcase>
        <testcase name="it_syncs_linkedin_posts" file="/home/user/cmis.marketing.limited/tests/Integration/Sync/AllPlatformsSyncTest.php" line="290" class="Tests\Integration\Sync\AllPlatformsSyncTest" classname="Tests.Integration.Sync.AllPlatformsSyncTest" assertions="0" time="0.302660">
          <error type="Illuminate\Database\Eloquent\InvalidCastException">Tests\Integration\Sync\AllPlatformsSyncTest::it_syncs_linkedin_posts
Illuminate\Database\Eloquent\InvalidCastException: Call to undefined cast [Illuminate\Database\Eloquent\Casts\Encrypted] on column [access_token] in model [App\Models\Core\Integration].

/home/user/cmis.marketing.limited/vendor/laravel/framework/src/Illuminate/Database/Eloquent/Concerns/HasAttributes.php:1768
/home/user/cmis.marketing.limited/vendor/laravel/framework/src/Illuminate/Database/Eloquent/Concerns/HasAttributes.php:1084
/home/user/cmis.marketing.limited/vendor/laravel/framework/src/Illuminate/Database/Eloquent/Model.php:619
/home/user/cmis.marketing.limited/vendor/laravel/framework/src/Illuminate/Database/Eloquent/Model.php:713
/home/user/cmis.marketing.limited/vendor/laravel/framework/src/Illuminate/Database/Eloquent/Builder.php:1747
/home/user/cmis.marketing.limited/vendor/laravel/framework/src/Illuminate/Database/Eloquent/Builder.php:1218
/home/user/cmis.marketing.limited/vendor/laravel/framework/src/Illuminate/Support/Traits/ForwardsCalls.php:23
/home/user/cmis.marketing.limited/vendor/laravel/framework/src/Illuminate/Database/Eloquent/Model.php:2540
/home/user/cmis.marketing.limited/vendor/laravel/framework/src/Illuminate/Database/Eloquent/Model.php:2556
/home/user/cmis.marketing.limited/tests/Traits/CreatesTestData.php:105
/home/user/cmis.marketing.limited/tests/Integration/Sync/AllPlatformsSyncTest.php:295</error>
        </testcase>
        <testcase name="it_syncs_multiple_platforms_simultaneously" file="/home/user/cmis.marketing.limited/tests/Integration/Sync/AllPlatformsSyncTest.php" line="374" class="Tests\Integration\Sync\AllPlatformsSyncTest" classname="Tests.Integration.Sync.AllPlatformsSyncTest" assertions="0" time="0.325397">
          <error type="Illuminate\Database\Eloquent\InvalidCastException">Tests\Integration\Sync\AllPlatformsSyncTest::it_syncs_multiple_platforms_simultaneously
Illuminate\Database\Eloquent\InvalidCastException: Call to undefined cast [Illuminate\Database\Eloquent\Casts\Encrypted] on column [access_token] in model [App\Models\Core\Integration].

/home/user/cmis.marketing.limited/vendor/laravel/framework/src/Illuminate/Database/Eloquent/Concerns/HasAttributes.php:1768
/home/user/cmis.marketing.limited/vendor/laravel/framework/src/Illuminate/Database/Eloquent/Concerns/HasAttributes.php:1084
/home/user/cmis.marketing.limited/vendor/laravel/framework/src/Illuminate/Database/Eloquent/Model.php:619
/home/user/cmis.marketing.limited/vendor/laravel/framework/src/Illuminate/Database/Eloquent/Model.php:713
/home/user/cmis.marketing.limited/vendor/laravel/framework/src/Illuminate/Database/Eloquent/Builder.php:1747
/home/user/cmis.marketing.limited/vendor/laravel/framework/src/Illuminate/Database/Eloquent/Builder.php:1218
/home/user/cmis.marketing.limited/vendor/laravel/framework/src/Illuminate/Support/Traits/ForwardsCalls.php:23
/home/user/cmis.marketing.limited/vendor/laravel/framework/src/Illuminate/Database/Eloquent/Model.php:2540
/home/user/cmis.marketing.limited/vendor/laravel/framework/src/Illuminate/Database/Eloquent/Model.php:2556
/home/user/cmis.marketing.limited/tests/Traits/CreatesTestData.php:105
/home/user/cmis.marketing.limited/tests/Integration/Sync/AllPlatformsSyncTest.php:380</error>
        </testcase>
        <testcase name="it_syncs_facebook_insights" file="/home/user/cmis.marketing.limited/tests/Integration/Sync/AllPlatformsSyncTest.php" line="97" class="Tests\Integration\Sync\AllPlatformsSyncTest" classname="Tests.Integration.Sync.AllPlatformsSyncTest" assertions="0" time="0.307088">
          <error type="Illuminate\Database\Eloquent\InvalidCastException">Tests\Integration\Sync\AllPlatformsSyncTest::it_syncs_facebook_insights
Illuminate\Database\Eloquent\InvalidCastException: Call to undefined cast [Illuminate\Database\Eloquent\Casts\Encrypted] on column [access_token] in model [App\Models\Core\Integration].

/home/user/cmis.marketing.limited/vendor/laravel/framework/src/Illuminate/Database/Eloquent/Concerns/HasAttributes.php:1768
/home/user/cmis.marketing.limited/vendor/laravel/framework/src/Illuminate/Database/Eloquent/Concerns/HasAttributes.php:1084
/home/user/cmis.marketing.limited/vendor/laravel/framework/src/Illuminate/Database/Eloquent/Model.php:619
/home/user/cmis.marketing.limited/vendor/laravel/framework/src/Illuminate/Database/Eloquent/Model.php:713
/home/user/cmis.marketing.limited/vendor/laravel/framework/src/Illuminate/Database/Eloquent/Builder.php:1747
/home/user/cmis.marketing.limited/vendor/laravel/framework/src/Illuminate/Database/Eloquent/Builder.php:1218
/home/user/cmis.marketing.limited/vendor/laravel/framework/src/Illuminate/Support/Traits/ForwardsCalls.php:23
/home/user/cmis.marketing.limited/vendor/laravel/framework/src/Illuminate/Database/Eloquent/Model.php:2540
/home/user/cmis.marketing.limited/vendor/laravel/framework/src/Illuminate/Database/Eloquent/Model.php:2556
/home/user/cmis.marketing.limited/tests/Traits/CreatesTestData.php:105
/home/user/cmis.marketing.limited/tests/Integration/Sync/AllPlatformsSyncTest.php:102</error>
        </testcase>
        <testcase name="it_syncs_twitter_profile" file="/home/user/cmis.marketing.limited/tests/Integration/Sync/AllPlatformsSyncTest.php" line="196" class="Tests\Integration\Sync\AllPlatformsSyncTest" classname="Tests.Integration.Sync.AllPlatformsSyncTest" assertions="0" time="0.310562">
          <error type="Illuminate\Database\Eloquent\InvalidCastException">Tests\Integration\Sync\AllPlatformsSyncTest::it_syncs_twitter_profile
Illuminate\Database\Eloquent\InvalidCastException: Call to undefined cast [Illuminate\Database\Eloquent\Casts\Encrypted] on column [access_token] in model [App\Models\Core\Integration].

/home/user/cmis.marketing.limited/vendor/laravel/framework/src/Illuminate/Database/Eloquent/Concerns/HasAttributes.php:1768
/home/user/cmis.marketing.limited/vendor/laravel/framework/src/Illuminate/Database/Eloquent/Concerns/HasAttributes.php:1084
/home/user/cmis.marketing.limited/vendor/laravel/framework/src/Illuminate/Database/Eloquent/Model.php:619
/home/user/cmis.marketing.limited/vendor/laravel/framework/src/Illuminate/Database/Eloquent/Model.php:713
/home/user/cmis.marketing.limited/vendor/laravel/framework/src/Illuminate/Database/Eloquent/Builder.php:1747
/home/user/cmis.marketing.limited/vendor/laravel/framework/src/Illuminate/Database/Eloquent/Builder.php:1218
/home/user/cmis.marketing.limited/vendor/laravel/framework/src/Illuminate/Support/Traits/ForwardsCalls.php:23
/home/user/cmis.marketing.limited/vendor/laravel/framework/src/Illuminate/Database/Eloquent/Model.php:2540
/home/user/cmis.marketing.limited/vendor/laravel/framework/src/Illuminate/Database/Eloquent/Model.php:2556
/home/user/cmis.marketing.limited/tests/Traits/CreatesTestData.php:105
/home/user/cmis.marketing.limited/tests/Integration/Sync/AllPlatformsSyncTest.php:201</error>
        </testcase>
        <testcase name="it_syncs_facebook_posts" file="/home/user/cmis.marketing.limited/tests/Integration/Sync/AllPlatformsSyncTest.php" line="61" class="Tests\Integration\Sync\AllPlatformsSyncTest" classname="Tests.Integration.Sync.AllPlatformsSyncTest" assertions="0" time="0.307945">
          <error type="Illuminate\Database\Eloquent\InvalidCastException">Tests\Integration\Sync\AllPlatformsSyncTest::it_syncs_facebook_posts
Illuminate\Database\Eloquent\InvalidCastException: Call to undefined cast [Illuminate\Database\Eloquent\Casts\Encrypted] on column [access_token] in model [App\Models\Core\Integration].

/home/user/cmis.marketing.limited/vendor/laravel/framework/src/Illuminate/Database/Eloquent/Concerns/HasAttributes.php:1768
/home/user/cmis.marketing.limited/vendor/laravel/framework/src/Illuminate/Database/Eloquent/Concerns/HasAttributes.php:1084
/home/user/cmis.marketing.limited/vendor/laravel/framework/src/Illuminate/Database/Eloquent/Model.php:619
/home/user/cmis.marketing.limited/vendor/laravel/framework/src/Illuminate/Database/Eloquent/Model.php:713
/home/user/cmis.marketing.limited/vendor/laravel/framework/src/Illuminate/Database/Eloquent/Builder.php:1747
/home/user/cmis.marketing.limited/vendor/laravel/framework/src/Illuminate/Database/Eloquent/Builder.php:1218
/home/user/cmis.marketing.limited/vendor/laravel/framework/src/Illuminate/Support/Traits/ForwardsCalls.php:23
/home/user/cmis.marketing.limited/vendor/laravel/framework/src/Illuminate/Database/Eloquent/Model.php:2540
/home/user/cmis.marketing.limited/vendor/laravel/framework/src/Illuminate/Database/Eloquent/Model.php:2556
/home/user/cmis.marketing.limited/tests/Traits/CreatesTestData.php:105
/home/user/cmis.marketing.limited/tests/Integration/Sync/AllPlatformsSyncTest.php:66</error>
        </testcase>
        <testcase name="it_syncs_twitter_tweets" file="/home/user/cmis.marketing.limited/tests/Integration/Sync/AllPlatformsSyncTest.php" line="229" class="Tests\Integration\Sync\AllPlatformsSyncTest" classname="Tests.Integration.Sync.AllPlatformsSyncTest" assertions="0" time="0.314923">
          <error type="Illuminate\Database\Eloquent\InvalidCastException">Tests\Integration\Sync\AllPlatformsSyncTest::it_syncs_twitter_tweets
Illuminate\Database\Eloquent\InvalidCastException: Call to undefined cast [Illuminate\Database\Eloquent\Casts\Encrypted] on column [access_token] in model [App\Models\Core\Integration].

/home/user/cmis.marketing.limited/vendor/laravel/framework/src/Illuminate/Database/Eloquent/Concerns/HasAttributes.php:1768
/home/user/cmis.marketing.limited/vendor/laravel/framework/src/Illuminate/Database/Eloquent/Concerns/HasAttributes.php:1084
/home/user/cmis.marketing.limited/vendor/laravel/framework/src/Illuminate/Database/Eloquent/Model.php:619
/home/user/cmis.marketing.limited/vendor/laravel/framework/src/Illuminate/Database/Eloquent/Model.php:713
/home/user/cmis.marketing.limited/vendor/laravel/framework/src/Illuminate/Database/Eloquent/Builder.php:1747
/home/user/cmis.marketing.limited/vendor/laravel/framework/src/Illuminate/Database/Eloquent/Builder.php:1218
/home/user/cmis.marketing.limited/vendor/laravel/framework/src/Illuminate/Support/Traits/ForwardsCalls.php:23
/home/user/cmis.marketing.limited/vendor/laravel/framework/src/Illuminate/Database/Eloquent/Model.php:2540
/home/user/cmis.marketing.limited/vendor/laravel/framework/src/Illuminate/Database/Eloquent/Model.php:2556
/home/user/cmis.marketing.limited/tests/Traits/CreatesTestData.php:105
/home/user/cmis.marketing.limited/tests/Integration/Sync/AllPlatformsSyncTest.php:234</error>
        </testcase>
        <testcase name="it_retries_failed_sync_operations" file="/home/user/cmis.marketing.limited/tests/Integration/Sync/AllPlatformsSyncTest.php" line="346" class="Tests\Integration\Sync\AllPlatformsSyncTest" classname="Tests.Integration.Sync.AllPlatformsSyncTest" assertions="0" time="0.323841">
          <error type="Illuminate\Database\Eloquent\InvalidCastException">Tests\Integration\Sync\AllPlatformsSyncTest::it_retries_failed_sync_operations
Illuminate\Database\Eloquent\InvalidCastException: Call to undefined cast [Illuminate\Database\Eloquent\Casts\Encrypted] on column [access_token] in model [App\Models\Core\Integration].

/home/user/cmis.marketing.limited/vendor/laravel/framework/src/Illuminate/Database/Eloquent/Concerns/HasAttributes.php:1768
/home/user/cmis.marketing.limited/vendor/laravel/framework/src/Illuminate/Database/Eloquent/Concerns/HasAttributes.php:1084
/home/user/cmis.marketing.limited/vendor/laravel/framework/src/Illuminate/Database/Eloquent/Model.php:619
/home/user/cmis.marketing.limited/vendor/laravel/framework/src/Illuminate/Database/Eloquent/Model.php:713
/home/user/cmis.marketing.limited/vendor/laravel/framework/src/Illuminate/Database/Eloquent/Builder.php:1747
/home/user/cmis.marketing.limited/vendor/laravel/framework/src/Illuminate/Database/Eloquent/Builder.php:1218
/home/user/cmis.marketing.limited/vendor/laravel/framework/src/Illuminate/Support/Traits/ForwardsCalls.php:23
/home/user/cmis.marketing.limited/vendor/laravel/framework/src/Illuminate/Database/Eloquent/Model.php:2540
/home/user/cmis.marketing.limited/vendor/laravel/framework/src/Illuminate/Database/Eloquent/Model.php:2556
/home/user/cmis.marketing.limited/tests/Traits/CreatesTestData.php:105
/home/user/cmis.marketing.limited/tests/Integration/Sync/AllPlatformsSyncTest.php:351</error>
        </testcase>
        <testcase name="it_syncs_linkedin_company_page" file="/home/user/cmis.marketing.limited/tests/Integration/Sync/AllPlatformsSyncTest.php" line="264" class="Tests\Integration\Sync\AllPlatformsSyncTest" classname="Tests.Integration.Sync.AllPlatformsSyncTest" assertions="0" time="0.306109">
          <error type="Illuminate\Database\Eloquent\InvalidCastException">Tests\Integration\Sync\AllPlatformsSyncTest::it_syncs_linkedin_company_page
Illuminate\Database\Eloquent\InvalidCastException: Call to undefined cast [Illuminate\Database\Eloquent\Casts\Encrypted] on column [access_token] in model [App\Models\Core\Integration].

/home/user/cmis.marketing.limited/vendor/laravel/framework/src/Illuminate/Database/Eloquent/Concerns/HasAttributes.php:1768
/home/user/cmis.marketing.limited/vendor/laravel/framework/src/Illuminate/Database/Eloquent/Concerns/HasAttributes.php:1084
/home/user/cmis.marketing.limited/vendor/laravel/framework/src/Illuminate/Database/Eloquent/Model.php:619
/home/user/cmis.marketing.limited/vendor/laravel/framework/src/Illuminate/Database/Eloquent/Model.php:713
/home/user/cmis.marketing.limited/vendor/laravel/framework/src/Illuminate/Database/Eloquent/Builder.php:1747
/home/user/cmis.marketing.limited/vendor/laravel/framework/src/Illuminate/Database/Eloquent/Builder.php:1218
/home/user/cmis.marketing.limited/vendor/laravel/framework/src/Illuminate/Support/Traits/ForwardsCalls.php:23
/home/user/cmis.marketing.limited/vendor/laravel/framework/src/Illuminate/Database/Eloquent/Model.php:2540
/home/user/cmis.marketing.limited/vendor/laravel/framework/src/Illuminate/Database/Eloquent/Model.php:2556
/home/user/cmis.marketing.limited/tests/Traits/CreatesTestData.php:105
/home/user/cmis.marketing.limited/tests/Integration/Sync/AllPlatformsSyncTest.php:269</error>
        </testcase>
        <testcase name="it_handles_rate_limiting_gracefully" file="/home/user/cmis.marketing.limited/tests/Integration/Sync/AllPlatformsSyncTest.php" line="324" class="Tests\Integration\Sync\AllPlatformsSyncTest" classname="Tests.Integration.Sync.AllPlatformsSyncTest" assertions="0" time="0.308297">
          <error type="Illuminate\Database\Eloquent\InvalidCastException">Tests\Integration\Sync\AllPlatformsSyncTest::it_handles_rate_limiting_gracefully
Illuminate\Database\Eloquent\InvalidCastException: Call to undefined cast [Illuminate\Database\Eloquent\Casts\Encrypted] on column [access_token] in model [App\Models\Core\Integration].

/home/user/cmis.marketing.limited/vendor/laravel/framework/src/Illuminate/Database/Eloquent/Concerns/HasAttributes.php:1768
/home/user/cmis.marketing.limited/vendor/laravel/framework/src/Illuminate/Database/Eloquent/Concerns/HasAttributes.php:1084
/home/user/cmis.marketing.limited/vendor/laravel/framework/src/Illuminate/Database/Eloquent/Model.php:619
/home/user/cmis.marketing.limited/vendor/laravel/framework/src/Illuminate/Database/Eloquent/Model.php:713
/home/user/cmis.marketing.limited/vendor/laravel/framework/src/Illuminate/Database/Eloquent/Builder.php:1747
/home/user/cmis.marketing.limited/vendor/laravel/framework/src/Illuminate/Database/Eloquent/Builder.php:1218
/home/user/cmis.marketing.limited/vendor/laravel/framework/src/Illuminate/Support/Traits/ForwardsCalls.php:23
/home/user/cmis.marketing.limited/vendor/laravel/framework/src/Illuminate/Database/Eloquent/Model.php:2540
/home/user/cmis.marketing.limited/vendor/laravel/framework/src/Illuminate/Database/Eloquent/Model.php:2556
/home/user/cmis.marketing.limited/tests/Traits/CreatesTestData.php:105
/home/user/cmis.marketing.limited/tests/Integration/Sync/AllPlatformsSyncTest.php:329</error>
        </testcase>
        <testcase name="it_syncs_tiktok_account_info" file="/home/user/cmis.marketing.limited/tests/Integration/Sync/AllPlatformsSyncTest.php" line="129" class="Tests\Integration\Sync\AllPlatformsSyncTest" classname="Tests.Integration.Sync.AllPlatformsSyncTest" assertions="0" time="0.305179">
          <error type="Illuminate\Database\Eloquent\InvalidCastException">Tests\Integration\Sync\AllPlatformsSyncTest::it_syncs_tiktok_account_info
Illuminate\Database\Eloquent\InvalidCastException: Call to undefined cast [Illuminate\Database\Eloquent\Casts\Encrypted] on column [access_token] in model [App\Models\Core\Integration].

/home/user/cmis.marketing.limited/vendor/laravel/framework/src/Illuminate/Database/Eloquent/Concerns/HasAttributes.php:1768
/home/user/cmis.marketing.limited/vendor/laravel/framework/src/Illuminate/Database/Eloquent/Concerns/HasAttributes.php:1084
/home/user/cmis.marketing.limited/vendor/laravel/framework/src/Illuminate/Database/Eloquent/Model.php:619
/home/user/cmis.marketing.limited/vendor/laravel/framework/src/Illuminate/Database/Eloquent/Model.php:713
/home/user/cmis.marketing.limited/vendor/laravel/framework/src/Illuminate/Database/Eloquent/Builder.php:1747
/home/user/cmis.marketing.limited/vendor/laravel/framework/src/Illuminate/Database/Eloquent/Builder.php:1218
/home/user/cmis.marketing.limited/vendor/laravel/framework/src/Illuminate/Support/Traits/ForwardsCalls.php:23
/home/user/cmis.marketing.limited/vendor/laravel/framework/src/Illuminate/Database/Eloquent/Model.php:2540
/home/user/cmis.marketing.limited/vendor/laravel/framework/src/Illuminate/Database/Eloquent/Model.php:2556
/home/user/cmis.marketing.limited/tests/Traits/CreatesTestData.php:105
/home/user/cmis.marketing.limited/tests/Integration/Sync/AllPlatformsSyncTest.php:134</error>
        </testcase>
      </testsuite>
      <testsuite name="Tests\Integration\Social\TikTokYouTubeTwitterCommentsTest" file="/home/user/cmis.marketing.limited/tests/Integration/Social/TikTokYouTubeTwitterCommentsTest.php" tests="6" assertions="0" errors="6" failures="0" skipped="0" time="1.867383">
        <testcase name="it_receives_youtube_comment" file="/home/user/cmis.marketing.limited/tests/Integration/Social/TikTokYouTubeTwitterCommentsTest.php" line="137" class="Tests\Integration\Social\TikTokYouTubeTwitterCommentsTest" classname="Tests.Integration.Social.TikTokYouTubeTwitterCommentsTest" assertions="0" time="0.311832">
          <error type="Illuminate\Database\Eloquent\InvalidCastException">Tests\Integration\Social\TikTokYouTubeTwitterCommentsTest::it_receives_youtube_comment
Illuminate\Database\Eloquent\InvalidCastException: Call to undefined cast [Illuminate\Database\Eloquent\Casts\Encrypted] on column [access_token] in model [App\Models\Core\Integration].

/home/user/cmis.marketing.limited/vendor/laravel/framework/src/Illuminate/Database/Eloquent/Concerns/HasAttributes.php:1768
/home/user/cmis.marketing.limited/vendor/laravel/framework/src/Illuminate/Database/Eloquent/Concerns/HasAttributes.php:1084
/home/user/cmis.marketing.limited/vendor/laravel/framework/src/Illuminate/Database/Eloquent/Model.php:619
/home/user/cmis.marketing.limited/vendor/laravel/framework/src/Illuminate/Database/Eloquent/Model.php:713
/home/user/cmis.marketing.limited/vendor/laravel/framework/src/Illuminate/Database/Eloquent/Builder.php:1747
/home/user/cmis.marketing.limited/vendor/laravel/framework/src/Illuminate/Database/Eloquent/Builder.php:1218
/home/user/cmis.marketing.limited/vendor/laravel/framework/src/Illuminate/Support/Traits/ForwardsCalls.php:23
/home/user/cmis.marketing.limited/vendor/laravel/framework/src/Illuminate/Database/Eloquent/Model.php:2540
/home/user/cmis.marketing.limited/vendor/laravel/framework/src/Illuminate/Database/Eloquent/Model.php:2556
/home/user/cmis.marketing.limited/tests/Traits/CreatesTestData.php:105
/home/user/cmis.marketing.limited/tests/Integration/Social/TikTokYouTubeTwitterCommentsTest.php:142</error>
        </testcase>
        <testcase name="it_replies_to_tiktok_comment" file="/home/user/cmis.marketing.limited/tests/Integration/Social/TikTokYouTubeTwitterCommentsTest.php" line="73" class="Tests\Integration\Social\TikTokYouTubeTwitterCommentsTest" classname="Tests.Integration.Social.TikTokYouTubeTwitterCommentsTest" assertions="0" time="0.324216">
          <error type="Illuminate\Database\Eloquent\InvalidCastException">Tests\Integration\Social\TikTokYouTubeTwitterCommentsTest::it_replies_to_tiktok_comment
Illuminate\Database\Eloquent\InvalidCastException: Call to undefined cast [Illuminate\Database\Eloquent\Casts\Encrypted] on column [access_token] in model [App\Models\Core\Integration].

/home/user/cmis.marketing.limited/vendor/laravel/framework/src/Illuminate/Database/Eloquent/Concerns/HasAttributes.php:1768
/home/user/cmis.marketing.limited/vendor/laravel/framework/src/Illuminate/Database/Eloquent/Concerns/HasAttributes.php:1084
/home/user/cmis.marketing.limited/vendor/laravel/framework/src/Illuminate/Database/Eloquent/Model.php:619
/home/user/cmis.marketing.limited/vendor/laravel/framework/src/Illuminate/Database/Eloquent/Model.php:713
/home/user/cmis.marketing.limited/vendor/laravel/framework/src/Illuminate/Database/Eloquent/Builder.php:1747
/home/user/cmis.marketing.limited/vendor/laravel/framework/src/Illuminate/Database/Eloquent/Builder.php:1218
/home/user/cmis.marketing.limited/vendor/laravel/framework/src/Illuminate/Support/Traits/ForwardsCalls.php:23
/home/user/cmis.marketing.limited/vendor/laravel/framework/src/Illuminate/Database/Eloquent/Model.php:2540
/home/user/cmis.marketing.limited/vendor/laravel/framework/src/Illuminate/Database/Eloquent/Model.php:2556
/home/user/cmis.marketing.limited/tests/Traits/CreatesTestData.php:105
/home/user/cmis.marketing.limited/tests/Integration/Social/TikTokYouTubeTwitterCommentsTest.php:83</error>
        </testcase>
        <testcase name="it_receives_tiktok_comment" file="/home/user/cmis.marketing.limited/tests/Integration/Social/TikTokYouTubeTwitterCommentsTest.php" line="30" class="Tests\Integration\Social\TikTokYouTubeTwitterCommentsTest" classname="Tests.Integration.Social.TikTokYouTubeTwitterCommentsTest" assertions="0" time="0.307468">
          <error type="Illuminate\Database\Eloquent\InvalidCastException">Tests\Integration\Social\TikTokYouTubeTwitterCommentsTest::it_receives_tiktok_comment
Illuminate\Database\Eloquent\InvalidCastException: Call to undefined cast [Illuminate\Database\Eloquent\Casts\Encrypted] on column [access_token] in model [App\Models\Core\Integration].

/home/user/cmis.marketing.limited/vendor/laravel/framework/src/Illuminate/Database/Eloquent/Concerns/HasAttributes.php:1768
/home/user/cmis.marketing.limited/vendor/laravel/framework/src/Illuminate/Database/Eloquent/Concerns/HasAttributes.php:1084
/home/user/cmis.marketing.limited/vendor/laravel/framework/src/Illuminate/Database/Eloquent/Model.php:619
/home/user/cmis.marketing.limited/vendor/laravel/framework/src/Illuminate/Database/Eloquent/Model.php:713
/home/user/cmis.marketing.limited/vendor/laravel/framework/src/Illuminate/Database/Eloquent/Builder.php:1747
/home/user/cmis.marketing.limited/vendor/laravel/framework/src/Illuminate/Database/Eloquent/Builder.php:1218
/home/user/cmis.marketing.limited/vendor/laravel/framework/src/Illuminate/Support/Traits/ForwardsCalls.php:23
/home/user/cmis.marketing.limited/vendor/laravel/framework/src/Illuminate/Database/Eloquent/Model.php:2540
/home/user/cmis.marketing.limited/vendor/laravel/framework/src/Illuminate/Database/Eloquent/Model.php:2556
/home/user/cmis.marketing.limited/tests/Traits/CreatesTestData.php:105
/home/user/cmis.marketing.limited/tests/Integration/Social/TikTokYouTubeTwitterCommentsTest.php:35</error>
        </testcase>
        <testcase name="it_replies_to_youtube_comment" file="/home/user/cmis.marketing.limited/tests/Integration/Social/TikTokYouTubeTwitterCommentsTest.php" line="180" class="Tests\Integration\Social\TikTokYouTubeTwitterCommentsTest" classname="Tests.Integration.Social.TikTokYouTubeTwitterCommentsTest" assertions="0" time="0.307987">
          <error type="Illuminate\Database\Eloquent\InvalidCastException">Tests\Integration\Social\TikTokYouTubeTwitterCommentsTest::it_replies_to_youtube_comment
Illuminate\Database\Eloquent\InvalidCastException: Call to undefined cast [Illuminate\Database\Eloquent\Casts\Encrypted] on column [access_token] in model [App\Models\Core\Integration].

/home/user/cmis.marketing.limited/vendor/laravel/framework/src/Illuminate/Database/Eloquent/Concerns/HasAttributes.php:1768
/home/user/cmis.marketing.limited/vendor/laravel/framework/src/Illuminate/Database/Eloquent/Concerns/HasAttributes.php:1084
/home/user/cmis.marketing.limited/vendor/laravel/framework/src/Illuminate/Database/Eloquent/Model.php:619
/home/user/cmis.marketing.limited/vendor/laravel/framework/src/Illuminate/Database/Eloquent/Model.php:713
/home/user/cmis.marketing.limited/vendor/laravel/framework/src/Illuminate/Database/Eloquent/Builder.php:1747
/home/user/cmis.marketing.limited/vendor/laravel/framework/src/Illuminate/Database/Eloquent/Builder.php:1218
/home/user/cmis.marketing.limited/vendor/laravel/framework/src/Illuminate/Support/Traits/ForwardsCalls.php:23
/home/user/cmis.marketing.limited/vendor/laravel/framework/src/Illuminate/Database/Eloquent/Model.php:2540
/home/user/cmis.marketing.limited/vendor/laravel/framework/src/Illuminate/Database/Eloquent/Model.php:2556
/home/user/cmis.marketing.limited/tests/Traits/CreatesTestData.php:105
/home/user/cmis.marketing.limited/tests/Integration/Social/TikTokYouTubeTwitterCommentsTest.php:190</error>
        </testcase>
        <testcase name="it_replies_to_twitter_mention" file="/home/user/cmis.marketing.limited/tests/Integration/Social/TikTokYouTubeTwitterCommentsTest.php" line="285" class="Tests\Integration\Social\TikTokYouTubeTwitterCommentsTest" classname="Tests.Integration.Social.TikTokYouTubeTwitterCommentsTest" assertions="0" time="0.306639">
          <error type="Illuminate\Database\Eloquent\InvalidCastException">Tests\Integration\Social\TikTokYouTubeTwitterCommentsTest::it_replies_to_twitter_mention
Illuminate\Database\Eloquent\InvalidCastException: Call to undefined cast [Illuminate\Database\Eloquent\Casts\Encrypted] on column [access_token] in model [App\Models\Core\Integration].

/home/user/cmis.marketing.limited/vendor/laravel/framework/src/Illuminate/Database/Eloquent/Concerns/HasAttributes.php:1768
/home/user/cmis.marketing.limited/vendor/laravel/framework/src/Illuminate/Database/Eloquent/Concerns/HasAttributes.php:1084
/home/user/cmis.marketing.limited/vendor/laravel/framework/src/Illuminate/Database/Eloquent/Model.php:619
/home/user/cmis.marketing.limited/vendor/laravel/framework/src/Illuminate/Database/Eloquent/Model.php:713
/home/user/cmis.marketing.limited/vendor/laravel/framework/src/Illuminate/Database/Eloquent/Builder.php:1747
/home/user/cmis.marketing.limited/vendor/laravel/framework/src/Illuminate/Database/Eloquent/Builder.php:1218
/home/user/cmis.marketing.limited/vendor/laravel/framework/src/Illuminate/Support/Traits/ForwardsCalls.php:23
/home/user/cmis.marketing.limited/vendor/laravel/framework/src/Illuminate/Database/Eloquent/Model.php:2540
/home/user/cmis.marketing.limited/vendor/laravel/framework/src/Illuminate/Database/Eloquent/Model.php:2556
/home/user/cmis.marketing.limited/tests/Traits/CreatesTestData.php:105
/home/user/cmis.marketing.limited/tests/Integration/Social/TikTokYouTubeTwitterCommentsTest.php:295</error>
        </testcase>
        <testcase name="it_receives_twitter_reply" file="/home/user/cmis.marketing.limited/tests/Integration/Social/TikTokYouTubeTwitterCommentsTest.php" line="242" class="Tests\Integration\Social\TikTokYouTubeTwitterCommentsTest" classname="Tests.Integration.Social.TikTokYouTubeTwitterCommentsTest" assertions="0" time="0.309242">
          <error type="Illuminate\Database\Eloquent\InvalidCastException">Tests\Integration\Social\TikTokYouTubeTwitterCommentsTest::it_receives_twitter_reply
Illuminate\Database\Eloquent\InvalidCastException: Call to undefined cast [Illuminate\Database\Eloquent\Casts\Encrypted] on column [access_token] in model [App\Models\Core\Integration].

/home/user/cmis.marketing.limited/vendor/laravel/framework/src/Illuminate/Database/Eloquent/Concerns/HasAttributes.php:1768
/home/user/cmis.marketing.limited/vendor/laravel/framework/src/Illuminate/Database/Eloquent/Concerns/HasAttributes.php:1084
/home/user/cmis.marketing.limited/vendor/laravel/framework/src/Illuminate/Database/Eloquent/Model.php:619
/home/user/cmis.marketing.limited/vendor/laravel/framework/src/Illuminate/Database/Eloquent/Model.php:713
/home/user/cmis.marketing.limited/vendor/laravel/framework/src/Illuminate/Database/Eloquent/Builder.php:1747
/home/user/cmis.marketing.limited/vendor/laravel/framework/src/Illuminate/Database/Eloquent/Builder.php:1218
/home/user/cmis.marketing.limited/vendor/laravel/framework/src/Illuminate/Support/Traits/ForwardsCalls.php:23
/home/user/cmis.marketing.limited/vendor/laravel/framework/src/Illuminate/Database/Eloquent/Model.php:2540
/home/user/cmis.marketing.limited/vendor/laravel/framework/src/Illuminate/Database/Eloquent/Model.php:2556
/home/user/cmis.marketing.limited/tests/Traits/CreatesTestData.php:105
/home/user/cmis.marketing.limited/tests/Integration/Social/TikTokYouTubeTwitterCommentsTest.php:247</error>
        </testcase>
      </testsuite>
      <testsuite name="Tests\Integration\Social\MessagingThreadsAutomationTest" file="/home/user/cmis.marketing.limited/tests/Integration/Social/MessagingThreadsAutomationTest.php" tests="3" assertions="0" errors="3" failures="0" skipped="0" time="0.957282">
        <testcase name="it_marks_thread_as_resolved" file="/home/user/cmis.marketing.limited/tests/Integration/Social/MessagingThreadsAutomationTest.php" line="128" class="Tests\Integration\Social\MessagingThreadsAutomationTest" classname="Tests.Integration.Social.MessagingThreadsAutomationTest" assertions="0" time="0.324431">
          <error type="Illuminate\Database\Eloquent\InvalidCastException">Tests\Integration\Social\MessagingThreadsAutomationTest::it_marks_thread_as_resolved
Illuminate\Database\Eloquent\InvalidCastException: Call to undefined cast [Illuminate\Database\Eloquent\Casts\Encrypted] on column [access_token] in model [App\Models\Core\Integration].

/home/user/cmis.marketing.limited/vendor/laravel/framework/src/Illuminate/Database/Eloquent/Concerns/HasAttributes.php:1768
/home/user/cmis.marketing.limited/vendor/laravel/framework/src/Illuminate/Database/Eloquent/Concerns/HasAttributes.php:1084
/home/user/cmis.marketing.limited/vendor/laravel/framework/src/Illuminate/Database/Eloquent/Model.php:619
/home/user/cmis.marketing.limited/vendor/laravel/framework/src/Illuminate/Database/Eloquent/Model.php:713
/home/user/cmis.marketing.limited/vendor/laravel/framework/src/Illuminate/Database/Eloquent/Builder.php:1747
/home/user/cmis.marketing.limited/vendor/laravel/framework/src/Illuminate/Database/Eloquent/Builder.php:1218
/home/user/cmis.marketing.limited/vendor/laravel/framework/src/Illuminate/Support/Traits/ForwardsCalls.php:23
/home/user/cmis.marketing.limited/vendor/laravel/framework/src/Illuminate/Database/Eloquent/Model.php:2540
/home/user/cmis.marketing.limited/vendor/laravel/framework/src/Illuminate/Database/Eloquent/Model.php:2556
/home/user/cmis.marketing.limited/tests/Traits/CreatesTestData.php:105
/home/user/cmis.marketing.limited/tests/Integration/Social/MessagingThreadsAutomationTest.php:133</error>
        </testcase>
        <testcase name="it_handles_message_thread_with_multiple_messages" file="/home/user/cmis.marketing.limited/tests/Integration/Social/MessagingThreadsAutomationTest.php" line="30" class="Tests\Integration\Social\MessagingThreadsAutomationTest" classname="Tests.Integration.Social.MessagingThreadsAutomationTest" assertions="0" time="0.316469">
          <error type="Illuminate\Database\Eloquent\InvalidCastException">Tests\Integration\Social\MessagingThreadsAutomationTest::it_handles_message_thread_with_multiple_messages
Illuminate\Database\Eloquent\InvalidCastException: Call to undefined cast [Illuminate\Database\Eloquent\Casts\Encrypted] on column [access_token] in model [App\Models\Core\Integration].

/home/user/cmis.marketing.limited/vendor/laravel/framework/src/Illuminate/Database/Eloquent/Concerns/HasAttributes.php:1768
/home/user/cmis.marketing.limited/vendor/laravel/framework/src/Illuminate/Database/Eloquent/Concerns/HasAttributes.php:1084
/home/user/cmis.marketing.limited/vendor/laravel/framework/src/Illuminate/Database/Eloquent/Model.php:619
/home/user/cmis.marketing.limited/vendor/laravel/framework/src/Illuminate/Database/Eloquent/Model.php:713
/home/user/cmis.marketing.limited/vendor/laravel/framework/src/Illuminate/Database/Eloquent/Builder.php:1747
/home/user/cmis.marketing.limited/vendor/laravel/framework/src/Illuminate/Database/Eloquent/Builder.php:1218
/home/user/cmis.marketing.limited/vendor/laravel/framework/src/Illuminate/Support/Traits/ForwardsCalls.php:23
/home/user/cmis.marketing.limited/vendor/laravel/framework/src/Illuminate/Database/Eloquent/Model.php:2540
/home/user/cmis.marketing.limited/vendor/laravel/framework/src/Illuminate/Database/Eloquent/Model.php:2556
/home/user/cmis.marketing.limited/tests/Traits/CreatesTestData.php:105
/home/user/cmis.marketing.limited/tests/Integration/Social/MessagingThreadsAutomationTest.php:35</error>
        </testcase>
        <testcase name="it_auto_responds_with_ai_for_common_questions" file="/home/user/cmis.marketing.limited/tests/Integration/Social/MessagingThreadsAutomationTest.php" line="73" class="Tests\Integration\Social\MessagingThreadsAutomationTest" classname="Tests.Integration.Social.MessagingThreadsAutomationTest" assertions="0" time="0.316382">
          <error type="Illuminate\Database\Eloquent\InvalidCastException">Tests\Integration\Social\MessagingThreadsAutomationTest::it_auto_responds_with_ai_for_common_questions
Illuminate\Database\Eloquent\InvalidCastException: Call to undefined cast [Illuminate\Database\Eloquent\Casts\Encrypted] on column [access_token] in model [App\Models\Core\Integration].

/home/user/cmis.marketing.limited/vendor/laravel/framework/src/Illuminate/Database/Eloquent/Concerns/HasAttributes.php:1768
/home/user/cmis.marketing.limited/vendor/laravel/framework/src/Illuminate/Database/Eloquent/Concerns/HasAttributes.php:1084
/home/user/cmis.marketing.limited/vendor/laravel/framework/src/Illuminate/Database/Eloquent/Model.php:619
/home/user/cmis.marketing.limited/vendor/laravel/framework/src/Illuminate/Database/Eloquent/Model.php:713
/home/user/cmis.marketing.limited/vendor/laravel/framework/src/Illuminate/Database/Eloquent/Builder.php:1747
/home/user/cmis.marketing.limited/vendor/laravel/framework/src/Illuminate/Database/Eloquent/Builder.php:1218
/home/user/cmis.marketing.limited/vendor/laravel/framework/src/Illuminate/Support/Traits/ForwardsCalls.php:23
/home/user/cmis.marketing.limited/vendor/laravel/framework/src/Illuminate/Database/Eloquent/Model.php:2540
/home/user/cmis.marketing.limited/vendor/laravel/framework/src/Illuminate/Database/Eloquent/Model.php:2556
/home/user/cmis.marketing.limited/tests/Traits/CreatesTestData.php:105
/home/user/cmis.marketing.limited/tests/Integration/Social/MessagingThreadsAutomationTest.php:80</error>
        </testcase>
      </testsuite>
      <testsuite name="Tests\Integration\Social\FacebookTikTokYouTubePublishingTest" file="/home/user/cmis.marketing.limited/tests/Integration/Social/FacebookTikTokYouTubePublishingTest.php" tests="5" assertions="0" errors="5" failures="0" skipped="0" time="1.558066">
        <testcase name="it_creates_and_publishes_youtube_video" file="/home/user/cmis.marketing.limited/tests/Integration/Social/FacebookTikTokYouTubePublishingTest.php" line="172" class="Tests\Integration\Social\FacebookTikTokYouTubePublishingTest" classname="Tests.Integration.Social.FacebookTikTokYouTubePublishingTest" assertions="0" time="0.313614">
          <error type="Illuminate\Database\Eloquent\InvalidCastException">Tests\Integration\Social\FacebookTikTokYouTubePublishingTest::it_creates_and_publishes_youtube_video
Illuminate\Database\Eloquent\InvalidCastException: Call to undefined cast [Illuminate\Database\Eloquent\Casts\Encrypted] on column [access_token] in model [App\Models\Core\Integration].

/home/user/cmis.marketing.limited/vendor/laravel/framework/src/Illuminate/Database/Eloquent/Concerns/HasAttributes.php:1768
/home/user/cmis.marketing.limited/vendor/laravel/framework/src/Illuminate/Database/Eloquent/Concerns/HasAttributes.php:1084
/home/user/cmis.marketing.limited/vendor/laravel/framework/src/Illuminate/Database/Eloquent/Model.php:619
/home/user/cmis.marketing.limited/vendor/laravel/framework/src/Illuminate/Database/Eloquent/Model.php:713
/home/user/cmis.marketing.limited/vendor/laravel/framework/src/Illuminate/Database/Eloquent/Builder.php:1747
/home/user/cmis.marketing.limited/vendor/laravel/framework/src/Illuminate/Database/Eloquent/Builder.php:1218
/home/user/cmis.marketing.limited/vendor/laravel/framework/src/Illuminate/Support/Traits/ForwardsCalls.php:23
/home/user/cmis.marketing.limited/vendor/laravel/framework/src/Illuminate/Database/Eloquent/Model.php:2540
/home/user/cmis.marketing.limited/vendor/laravel/framework/src/Illuminate/Database/Eloquent/Model.php:2556
/home/user/cmis.marketing.limited/tests/Traits/CreatesTestData.php:105
/home/user/cmis.marketing.limited/tests/Integration/Social/FacebookTikTokYouTubePublishingTest.php:182</error>
        </testcase>
        <testcase name="it_creates_and_publishes_tiktok_video" file="/home/user/cmis.marketing.limited/tests/Integration/Social/FacebookTikTokYouTubePublishingTest.php" line="120" class="Tests\Integration\Social\FacebookTikTokYouTubePublishingTest" classname="Tests.Integration.Social.FacebookTikTokYouTubePublishingTest" assertions="0" time="0.313895">
          <error type="Illuminate\Database\Eloquent\InvalidCastException">Tests\Integration\Social\FacebookTikTokYouTubePublishingTest::it_creates_and_publishes_tiktok_video
Illuminate\Database\Eloquent\InvalidCastException: Call to undefined cast [Illuminate\Database\Eloquent\Casts\Encrypted] on column [access_token] in model [App\Models\Core\Integration].

/home/user/cmis.marketing.limited/vendor/laravel/framework/src/Illuminate/Database/Eloquent/Concerns/HasAttributes.php:1768
/home/user/cmis.marketing.limited/vendor/laravel/framework/src/Illuminate/Database/Eloquent/Concerns/HasAttributes.php:1084
/home/user/cmis.marketing.limited/vendor/laravel/framework/src/Illuminate/Database/Eloquent/Model.php:619
/home/user/cmis.marketing.limited/vendor/laravel/framework/src/Illuminate/Database/Eloquent/Model.php:713
/home/user/cmis.marketing.limited/vendor/laravel/framework/src/Illuminate/Database/Eloquent/Builder.php:1747
/home/user/cmis.marketing.limited/vendor/laravel/framework/src/Illuminate/Database/Eloquent/Builder.php:1218
/home/user/cmis.marketing.limited/vendor/laravel/framework/src/Illuminate/Support/Traits/ForwardsCalls.php:23
/home/user/cmis.marketing.limited/vendor/laravel/framework/src/Illuminate/Database/Eloquent/Model.php:2540
/home/user/cmis.marketing.limited/vendor/laravel/framework/src/Illuminate/Database/Eloquent/Model.php:2556
/home/user/cmis.marketing.limited/tests/Traits/CreatesTestData.php:105
/home/user/cmis.marketing.limited/tests/Integration/Social/FacebookTikTokYouTubePublishingTest.php:130</error>
        </testcase>
        <testcase name="it_creates_and_publishes_youtube_short" file="/home/user/cmis.marketing.limited/tests/Integration/Social/FacebookTikTokYouTubePublishingTest.php" line="223" class="Tests\Integration\Social\FacebookTikTokYouTubePublishingTest" classname="Tests.Integration.Social.FacebookTikTokYouTubePublishingTest" assertions="0" time="0.318135">
          <error type="Error">Tests\Integration\Social\FacebookTikTokYouTubePublishingTest::it_creates_and_publishes_youtube_short
Error: Class "App\Jobs\PublishToYouTubeJob" not found

/home/user/cmis.marketing.limited/tests/Integration/Social/FacebookTikTokYouTubePublishingTest.php:258</error>
        </testcase>
        <testcase name="it_creates_and_publishes_facebook_post" file="/home/user/cmis.marketing.limited/tests/Integration/Social/FacebookTikTokYouTubePublishingTest.php" line="31" class="Tests\Integration\Social\FacebookTikTokYouTubePublishingTest" classname="Tests.Integration.Social.FacebookTikTokYouTubePublishingTest" assertions="0" time="0.306552">
          <error type="Illuminate\Database\Eloquent\InvalidCastException">Tests\Integration\Social\FacebookTikTokYouTubePublishingTest::it_creates_and_publishes_facebook_post
Illuminate\Database\Eloquent\InvalidCastException: Call to undefined cast [Illuminate\Database\Eloquent\Casts\Encrypted] on column [access_token] in model [App\Models\Core\Integration].

/home/user/cmis.marketing.limited/vendor/laravel/framework/src/Illuminate/Database/Eloquent/Concerns/HasAttributes.php:1768
/home/user/cmis.marketing.limited/vendor/laravel/framework/src/Illuminate/Database/Eloquent/Concerns/HasAttributes.php:1084
/home/user/cmis.marketing.limited/vendor/laravel/framework/src/Illuminate/Database/Eloquent/Model.php:619
/home/user/cmis.marketing.limited/vendor/laravel/framework/src/Illuminate/Database/Eloquent/Model.php:713
/home/user/cmis.marketing.limited/vendor/laravel/framework/src/Illuminate/Database/Eloquent/Builder.php:1747
/home/user/cmis.marketing.limited/vendor/laravel/framework/src/Illuminate/Database/Eloquent/Builder.php:1218
/home/user/cmis.marketing.limited/vendor/laravel/framework/src/Illuminate/Support/Traits/ForwardsCalls.php:23
/home/user/cmis.marketing.limited/vendor/laravel/framework/src/Illuminate/Database/Eloquent/Model.php:2540
/home/user/cmis.marketing.limited/vendor/laravel/framework/src/Illuminate/Database/Eloquent/Model.php:2556
/home/user/cmis.marketing.limited/tests/Traits/CreatesTestData.php:105
/home/user/cmis.marketing.limited/tests/Integration/Social/FacebookTikTokYouTubePublishingTest.php:41</error>
        </testcase>
        <testcase name="it_creates_and_publishes_facebook_story" file="/home/user/cmis.marketing.limited/tests/Integration/Social/FacebookTikTokYouTubePublishingTest.php" line="81" class="Tests\Integration\Social\FacebookTikTokYouTubePublishingTest" classname="Tests.Integration.Social.FacebookTikTokYouTubePublishingTest" assertions="0" time="0.305870">
          <error type="Error">Tests\Integration\Social\FacebookTikTokYouTubePublishingTest::it_creates_and_publishes_facebook_story
Error: Class "App\Jobs\PublishToFacebookJob" not found

/home/user/cmis.marketing.limited/tests/Integration/Social/FacebookTikTokYouTubePublishingTest.php:109</error>
        </testcase>
      </testsuite>
      <testsuite name="Tests\Integration\Social\InstagramSyncWorkflowTest" file="/home/user/cmis.marketing.limited/tests/Integration/Social/InstagramSyncWorkflowTest.php" tests="6" assertions="0" errors="6" failures="0" skipped="0" time="1.819091">
        <testcase name="it_handles_instagram_api_token_expiration" file="/home/user/cmis.marketing.limited/tests/Integration/Social/InstagramSyncWorkflowTest.php" line="155" class="Tests\Integration\Social\InstagramSyncWorkflowTest" classname="Tests.Integration.Social.InstagramSyncWorkflowTest" assertions="0" time="0.306190">
          <error type="Illuminate\Database\Eloquent\InvalidCastException">Tests\Integration\Social\InstagramSyncWorkflowTest::it_handles_instagram_api_token_expiration
Illuminate\Database\Eloquent\InvalidCastException: Call to undefined cast [Illuminate\Database\Eloquent\Casts\Encrypted] on column [access_token] in model [App\Models\Core\Integration].

/home/user/cmis.marketing.limited/vendor/laravel/framework/src/Illuminate/Database/Eloquent/Concerns/HasAttributes.php:1768
/home/user/cmis.marketing.limited/vendor/laravel/framework/src/Illuminate/Database/Eloquent/Concerns/HasAttributes.php:1084
/home/user/cmis.marketing.limited/vendor/laravel/framework/src/Illuminate/Database/Eloquent/Model.php:619
/home/user/cmis.marketing.limited/vendor/laravel/framework/src/Illuminate/Database/Eloquent/Model.php:713
/home/user/cmis.marketing.limited/vendor/laravel/framework/src/Illuminate/Database/Eloquent/Builder.php:1747
/home/user/cmis.marketing.limited/vendor/laravel/framework/src/Illuminate/Database/Eloquent/Builder.php:1218
/home/user/cmis.marketing.limited/vendor/laravel/framework/src/Illuminate/Support/Traits/ForwardsCalls.php:23
/home/user/cmis.marketing.limited/vendor/laravel/framework/src/Illuminate/Database/Eloquent/Model.php:2540
/home/user/cmis.marketing.limited/vendor/laravel/framework/src/Illuminate/Database/Eloquent/Model.php:2556
/home/user/cmis.marketing.limited/tests/Traits/CreatesTestData.php:105
/home/user/cmis.marketing.limited/tests/Integration/Social/InstagramSyncWorkflowTest.php:160</error>
        </testcase>
        <testcase name="it_syncs_instagram_stories" file="/home/user/cmis.marketing.limited/tests/Integration/Social/InstagramSyncWorkflowTest.php" line="126" class="Tests\Integration\Social\InstagramSyncWorkflowTest" classname="Tests.Integration.Social.InstagramSyncWorkflowTest" assertions="0" time="0.309334">
          <error type="Illuminate\Database\Eloquent\InvalidCastException">Tests\Integration\Social\InstagramSyncWorkflowTest::it_syncs_instagram_stories
Illuminate\Database\Eloquent\InvalidCastException: Call to undefined cast [Illuminate\Database\Eloquent\Casts\Encrypted] on column [access_token] in model [App\Models\Core\Integration].

/home/user/cmis.marketing.limited/vendor/laravel/framework/src/Illuminate/Database/Eloquent/Concerns/HasAttributes.php:1768
/home/user/cmis.marketing.limited/vendor/laravel/framework/src/Illuminate/Database/Eloquent/Concerns/HasAttributes.php:1084
/home/user/cmis.marketing.limited/vendor/laravel/framework/src/Illuminate/Database/Eloquent/Model.php:619
/home/user/cmis.marketing.limited/vendor/laravel/framework/src/Illuminate/Database/Eloquent/Model.php:713
/home/user/cmis.marketing.limited/vendor/laravel/framework/src/Illuminate/Database/Eloquent/Builder.php:1747
/home/user/cmis.marketing.limited/vendor/laravel/framework/src/Illuminate/Database/Eloquent/Builder.php:1218
/home/user/cmis.marketing.limited/vendor/laravel/framework/src/Illuminate/Support/Traits/ForwardsCalls.php:23
/home/user/cmis.marketing.limited/vendor/laravel/framework/src/Illuminate/Database/Eloquent/Model.php:2540
/home/user/cmis.marketing.limited/vendor/laravel/framework/src/Illuminate/Database/Eloquent/Model.php:2556
/home/user/cmis.marketing.limited/tests/Traits/CreatesTestData.php:105
/home/user/cmis.marketing.limited/tests/Integration/Social/InstagramSyncWorkflowTest.php:131</error>
        </testcase>
        <testcase name="it_syncs_instagram_media_posts" file="/home/user/cmis.marketing.limited/tests/Integration/Social/InstagramSyncWorkflowTest.php" line="52" class="Tests\Integration\Social\InstagramSyncWorkflowTest" classname="Tests.Integration.Social.InstagramSyncWorkflowTest" assertions="0" time="0.302375">
          <error type="Illuminate\Database\Eloquent\InvalidCastException">Tests\Integration\Social\InstagramSyncWorkflowTest::it_syncs_instagram_media_posts
Illuminate\Database\Eloquent\InvalidCastException: Call to undefined cast [Illuminate\Database\Eloquent\Casts\Encrypted] on column [access_token] in model [App\Models\Core\Integration].

/home/user/cmis.marketing.limited/vendor/laravel/framework/src/Illuminate/Database/Eloquent/Concerns/HasAttributes.php:1768
/home/user/cmis.marketing.limited/vendor/laravel/framework/src/Illuminate/Database/Eloquent/Concerns/HasAttributes.php:1084
/home/user/cmis.marketing.limited/vendor/laravel/framework/src/Illuminate/Database/Eloquent/Model.php:619
/home/user/cmis.marketing.limited/vendor/laravel/framework/src/Illuminate/Database/Eloquent/Model.php:713
/home/user/cmis.marketing.limited/vendor/laravel/framework/src/Illuminate/Database/Eloquent/Builder.php:1747
/home/user/cmis.marketing.limited/vendor/laravel/framework/src/Illuminate/Database/Eloquent/Builder.php:1218
/home/user/cmis.marketing.limited/vendor/laravel/framework/src/Illuminate/Support/Traits/ForwardsCalls.php:23
/home/user/cmis.marketing.limited/vendor/laravel/framework/src/Illuminate/Database/Eloquent/Model.php:2540
/home/user/cmis.marketing.limited/vendor/laravel/framework/src/Illuminate/Database/Eloquent/Model.php:2556
/home/user/cmis.marketing.limited/tests/Traits/CreatesTestData.php:105
/home/user/cmis.marketing.limited/tests/Integration/Social/InstagramSyncWorkflowTest.php:57</error>
        </testcase>
        <testcase name="it_syncs_instagram_account_profile" file="/home/user/cmis.marketing.limited/tests/Integration/Social/InstagramSyncWorkflowTest.php" line="28" class="Tests\Integration\Social\InstagramSyncWorkflowTest" classname="Tests.Integration.Social.InstagramSyncWorkflowTest" assertions="0" time="0.302109">
          <error type="Illuminate\Database\Eloquent\InvalidCastException">Tests\Integration\Social\InstagramSyncWorkflowTest::it_syncs_instagram_account_profile
Illuminate\Database\Eloquent\InvalidCastException: Call to undefined cast [Illuminate\Database\Eloquent\Casts\Encrypted] on column [access_token] in model [App\Models\Core\Integration].

/home/user/cmis.marketing.limited/vendor/laravel/framework/src/Illuminate/Database/Eloquent/Concerns/HasAttributes.php:1768
/home/user/cmis.marketing.limited/vendor/laravel/framework/src/Illuminate/Database/Eloquent/Concerns/HasAttributes.php:1084
/home/user/cmis.marketing.limited/vendor/laravel/framework/src/Illuminate/Database/Eloquent/Model.php:619
/home/user/cmis.marketing.limited/vendor/laravel/framework/src/Illuminate/Database/Eloquent/Model.php:713
/home/user/cmis.marketing.limited/vendor/laravel/framework/src/Illuminate/Database/Eloquent/Builder.php:1747
/home/user/cmis.marketing.limited/vendor/laravel/framework/src/Illuminate/Database/Eloquent/Builder.php:1218
/home/user/cmis.marketing.limited/vendor/laravel/framework/src/Illuminate/Support/Traits/ForwardsCalls.php:23
/home/user/cmis.marketing.limited/vendor/laravel/framework/src/Illuminate/Database/Eloquent/Model.php:2540
/home/user/cmis.marketing.limited/vendor/laravel/framework/src/Illuminate/Database/Eloquent/Model.php:2556
/home/user/cmis.marketing.limited/tests/Traits/CreatesTestData.php:105
/home/user/cmis.marketing.limited/tests/Integration/Social/InstagramSyncWorkflowTest.php:33</error>
        </testcase>
        <testcase name="it_syncs_instagram_comments" file="/home/user/cmis.marketing.limited/tests/Integration/Social/InstagramSyncWorkflowTest.php" line="182" class="Tests\Integration\Social\InstagramSyncWorkflowTest" classname="Tests.Integration.Social.InstagramSyncWorkflowTest" assertions="0" time="0.300480">
          <error type="Illuminate\Database\Eloquent\InvalidCastException">Tests\Integration\Social\InstagramSyncWorkflowTest::it_syncs_instagram_comments
Illuminate\Database\Eloquent\InvalidCastException: Call to undefined cast [Illuminate\Database\Eloquent\Casts\Encrypted] on column [access_token] in model [App\Models\Core\Integration].

/home/user/cmis.marketing.limited/vendor/laravel/framework/src/Illuminate/Database/Eloquent/Concerns/HasAttributes.php:1768
/home/user/cmis.marketing.limited/vendor/laravel/framework/src/Illuminate/Database/Eloquent/Concerns/HasAttributes.php:1084
/home/user/cmis.marketing.limited/vendor/laravel/framework/src/Illuminate/Database/Eloquent/Model.php:619
/home/user/cmis.marketing.limited/vendor/laravel/framework/src/Illuminate/Database/Eloquent/Model.php:713
/home/user/cmis.marketing.limited/vendor/laravel/framework/src/Illuminate/Database/Eloquent/Builder.php:1747
/home/user/cmis.marketing.limited/vendor/laravel/framework/src/Illuminate/Database/Eloquent/Builder.php:1218
/home/user/cmis.marketing.limited/vendor/laravel/framework/src/Illuminate/Support/Traits/ForwardsCalls.php:23
/home/user/cmis.marketing.limited/vendor/laravel/framework/src/Illuminate/Database/Eloquent/Model.php:2540
/home/user/cmis.marketing.limited/vendor/laravel/framework/src/Illuminate/Database/Eloquent/Model.php:2556
/home/user/cmis.marketing.limited/tests/Traits/CreatesTestData.php:105
/home/user/cmis.marketing.limited/tests/Integration/Social/InstagramSyncWorkflowTest.php:187</error>
        </testcase>
        <testcase name="it_syncs_instagram_insights_metrics" file="/home/user/cmis.marketing.limited/tests/Integration/Social/InstagramSyncWorkflowTest.php" line="88" class="Tests\Integration\Social\InstagramSyncWorkflowTest" classname="Tests.Integration.Social.InstagramSyncWorkflowTest" assertions="0" time="0.298603">
          <error type="Illuminate\Database\Eloquent\InvalidCastException">Tests\Integration\Social\InstagramSyncWorkflowTest::it_syncs_instagram_insights_metrics
Illuminate\Database\Eloquent\InvalidCastException: Call to undefined cast [Illuminate\Database\Eloquent\Casts\Encrypted] on column [access_token] in model [App\Models\Core\Integration].

/home/user/cmis.marketing.limited/vendor/laravel/framework/src/Illuminate/Database/Eloquent/Concerns/HasAttributes.php:1768
/home/user/cmis.marketing.limited/vendor/laravel/framework/src/Illuminate/Database/Eloquent/Concerns/HasAttributes.php:1084
/home/user/cmis.marketing.limited/vendor/laravel/framework/src/Illuminate/Database/Eloquent/Model.php:619
/home/user/cmis.marketing.limited/vendor/laravel/framework/src/Illuminate/Database/Eloquent/Model.php:713
/home/user/cmis.marketing.limited/vendor/laravel/framework/src/Illuminate/Database/Eloquent/Builder.php:1747
/home/user/cmis.marketing.limited/vendor/laravel/framework/src/Illuminate/Database/Eloquent/Builder.php:1218
/home/user/cmis.marketing.limited/vendor/laravel/framework/src/Illuminate/Support/Traits/ForwardsCalls.php:23
/home/user/cmis.marketing.limited/vendor/laravel/framework/src/Illuminate/Database/Eloquent/Model.php:2540
/home/user/cmis.marketing.limited/vendor/laravel/framework/src/Illuminate/Database/Eloquent/Model.php:2556
/home/user/cmis.marketing.limited/tests/Traits/CreatesTestData.php:105
/home/user/cmis.marketing.limited/tests/Integration/Social/InstagramSyncWorkflowTest.php:93</error>
        </testcase>
      </testsuite>
      <testsuite name="Tests\Integration\AdPlatform\TwitterAdsWorkflowTest" file="/home/user/cmis.marketing.limited/tests/Integration/AdPlatform/TwitterAdsWorkflowTest.php" tests="10" assertions="0" errors="10" failures="0" skipped="0" time="3.063359">
        <testcase name="it_uploads_media_to_twitter" file="/home/user/cmis.marketing.limited/tests/Integration/AdPlatform/TwitterAdsWorkflowTest.php" line="220" class="Tests\Integration\AdPlatform\TwitterAdsWorkflowTest" classname="Tests.Integration.AdPlatform.TwitterAdsWorkflowTest" assertions="0" time="0.304872">
          <error type="Illuminate\Database\Eloquent\InvalidCastException">Tests\Integration\AdPlatform\TwitterAdsWorkflowTest::it_uploads_media_to_twitter
Illuminate\Database\Eloquent\InvalidCastException: Call to undefined cast [Illuminate\Database\Eloquent\Casts\Encrypted] on column [access_token] in model [App\Models\Core\Integration].

/home/user/cmis.marketing.limited/vendor/laravel/framework/src/Illuminate/Database/Eloquent/Concerns/HasAttributes.php:1768
/home/user/cmis.marketing.limited/vendor/laravel/framework/src/Illuminate/Database/Eloquent/Concerns/HasAttributes.php:1084
/home/user/cmis.marketing.limited/vendor/laravel/framework/src/Illuminate/Database/Eloquent/Model.php:619
/home/user/cmis.marketing.limited/vendor/laravel/framework/src/Illuminate/Database/Eloquent/Model.php:713
/home/user/cmis.marketing.limited/vendor/laravel/framework/src/Illuminate/Database/Eloquent/Builder.php:1747
/home/user/cmis.marketing.limited/vendor/laravel/framework/src/Illuminate/Database/Eloquent/Builder.php:1218
/home/user/cmis.marketing.limited/vendor/laravel/framework/src/Illuminate/Support/Traits/ForwardsCalls.php:23
/home/user/cmis.marketing.limited/vendor/laravel/framework/src/Illuminate/Database/Eloquent/Model.php:2540
/home/user/cmis.marketing.limited/vendor/laravel/framework/src/Illuminate/Database/Eloquent/Model.php:2556
/home/user/cmis.marketing.limited/tests/Traits/CreatesTestData.php:105
/home/user/cmis.marketing.limited/tests/Integration/AdPlatform/TwitterAdsWorkflowTest.php:225</error>
        </testcase>
        <testcase name="it_updates_twitter_campaign_budget" file="/home/user/cmis.marketing.limited/tests/Integration/AdPlatform/TwitterAdsWorkflowTest.php" line="369" class="Tests\Integration\AdPlatform\TwitterAdsWorkflowTest" classname="Tests.Integration.AdPlatform.TwitterAdsWorkflowTest" assertions="0" time="0.303899">
          <error type="Illuminate\Database\Eloquent\InvalidCastException">Tests\Integration\AdPlatform\TwitterAdsWorkflowTest::it_updates_twitter_campaign_budget
Illuminate\Database\Eloquent\InvalidCastException: Call to undefined cast [Illuminate\Database\Eloquent\Casts\Encrypted] on column [access_token] in model [App\Models\Core\Integration].

/home/user/cmis.marketing.limited/vendor/laravel/framework/src/Illuminate/Database/Eloquent/Concerns/HasAttributes.php:1768
/home/user/cmis.marketing.limited/vendor/laravel/framework/src/Illuminate/Database/Eloquent/Concerns/HasAttributes.php:1084
/home/user/cmis.marketing.limited/vendor/laravel/framework/src/Illuminate/Database/Eloquent/Model.php:619
/home/user/cmis.marketing.limited/vendor/laravel/framework/src/Illuminate/Database/Eloquent/Model.php:713
/home/user/cmis.marketing.limited/vendor/laravel/framework/src/Illuminate/Database/Eloquent/Builder.php:1747
/home/user/cmis.marketing.limited/vendor/laravel/framework/src/Illuminate/Database/Eloquent/Builder.php:1218
/home/user/cmis.marketing.limited/vendor/laravel/framework/src/Illuminate/Support/Traits/ForwardsCalls.php:23
/home/user/cmis.marketing.limited/vendor/laravel/framework/src/Illuminate/Database/Eloquent/Model.php:2540
/home/user/cmis.marketing.limited/vendor/laravel/framework/src/Illuminate/Database/Eloquent/Model.php:2556
/home/user/cmis.marketing.limited/tests/Traits/CreatesTestData.php:105
/home/user/cmis.marketing.limited/tests/Integration/AdPlatform/TwitterAdsWorkflowTest.php:374</error>
        </testcase>
        <testcase name="it_fetches_twitter_campaign_analytics" file="/home/user/cmis.marketing.limited/tests/Integration/AdPlatform/TwitterAdsWorkflowTest.php" line="245" class="Tests\Integration\AdPlatform\TwitterAdsWorkflowTest" classname="Tests.Integration.AdPlatform.TwitterAdsWorkflowTest" assertions="0" time="0.305364">
          <error type="Illuminate\Database\Eloquent\InvalidCastException">Tests\Integration\AdPlatform\TwitterAdsWorkflowTest::it_fetches_twitter_campaign_analytics
Illuminate\Database\Eloquent\InvalidCastException: Call to undefined cast [Illuminate\Database\Eloquent\Casts\Encrypted] on column [access_token] in model [App\Models\Core\Integration].

/home/user/cmis.marketing.limited/vendor/laravel/framework/src/Illuminate/Database/Eloquent/Concerns/HasAttributes.php:1768
/home/user/cmis.marketing.limited/vendor/laravel/framework/src/Illuminate/Database/Eloquent/Concerns/HasAttributes.php:1084
/home/user/cmis.marketing.limited/vendor/laravel/framework/src/Illuminate/Database/Eloquent/Model.php:619
/home/user/cmis.marketing.limited/vendor/laravel/framework/src/Illuminate/Database/Eloquent/Model.php:713
/home/user/cmis.marketing.limited/vendor/laravel/framework/src/Illuminate/Database/Eloquent/Builder.php:1747
/home/user/cmis.marketing.limited/vendor/laravel/framework/src/Illuminate/Database/Eloquent/Builder.php:1218
/home/user/cmis.marketing.limited/vendor/laravel/framework/src/Illuminate/Support/Traits/ForwardsCalls.php:23
/home/user/cmis.marketing.limited/vendor/laravel/framework/src/Illuminate/Database/Eloquent/Model.php:2540
/home/user/cmis.marketing.limited/vendor/laravel/framework/src/Illuminate/Database/Eloquent/Model.php:2556
/home/user/cmis.marketing.limited/tests/Traits/CreatesTestData.php:105
/home/user/cmis.marketing.limited/tests/Integration/AdPlatform/TwitterAdsWorkflowTest.php:250</error>
        </testcase>
        <testcase name="it_pauses_twitter_campaign" file="/home/user/cmis.marketing.limited/tests/Integration/AdPlatform/TwitterAdsWorkflowTest.php" line="329" class="Tests\Integration\AdPlatform\TwitterAdsWorkflowTest" classname="Tests.Integration.AdPlatform.TwitterAdsWorkflowTest" assertions="0" time="0.307969">
          <error type="Illuminate\Database\Eloquent\InvalidCastException">Tests\Integration\AdPlatform\TwitterAdsWorkflowTest::it_pauses_twitter_campaign
Illuminate\Database\Eloquent\InvalidCastException: Call to undefined cast [Illuminate\Database\Eloquent\Casts\Encrypted] on column [access_token] in model [App\Models\Core\Integration].

/home/user/cmis.marketing.limited/vendor/laravel/framework/src/Illuminate/Database/Eloquent/Concerns/HasAttributes.php:1768
/home/user/cmis.marketing.limited/vendor/laravel/framework/src/Illuminate/Database/Eloquent/Concerns/HasAttributes.php:1084
/home/user/cmis.marketing.limited/vendor/laravel/framework/src/Illuminate/Database/Eloquent/Model.php:619
/home/user/cmis.marketing.limited/vendor/laravel/framework/src/Illuminate/Database/Eloquent/Model.php:713
/home/user/cmis.marketing.limited/vendor/laravel/framework/src/Illuminate/Database/Eloquent/Builder.php:1747
/home/user/cmis.marketing.limited/vendor/laravel/framework/src/Illuminate/Database/Eloquent/Builder.php:1218
/home/user/cmis.marketing.limited/vendor/laravel/framework/src/Illuminate/Support/Traits/ForwardsCalls.php:23
/home/user/cmis.marketing.limited/vendor/laravel/framework/src/Illuminate/Database/Eloquent/Model.php:2540
/home/user/cmis.marketing.limited/vendor/laravel/framework/src/Illuminate/Database/Eloquent/Model.php:2556
/home/user/cmis.marketing.limited/tests/Traits/CreatesTestData.php:105
/home/user/cmis.marketing.limited/tests/Integration/AdPlatform/TwitterAdsWorkflowTest.php:334</error>
        </testcase>
        <testcase name="it_creates_twitter_promoted_tweet" file="/home/user/cmis.marketing.limited/tests/Integration/AdPlatform/TwitterAdsWorkflowTest.php" line="126" class="Tests\Integration\AdPlatform\TwitterAdsWorkflowTest" classname="Tests.Integration.AdPlatform.TwitterAdsWorkflowTest" assertions="0" time="0.302882">
          <error type="Illuminate\Database\Eloquent\InvalidCastException">Tests\Integration\AdPlatform\TwitterAdsWorkflowTest::it_creates_twitter_promoted_tweet
Illuminate\Database\Eloquent\InvalidCastException: Call to undefined cast [Illuminate\Database\Eloquent\Casts\Encrypted] on column [access_token] in model [App\Models\Core\Integration].

/home/user/cmis.marketing.limited/vendor/laravel/framework/src/Illuminate/Database/Eloquent/Concerns/HasAttributes.php:1768
/home/user/cmis.marketing.limited/vendor/laravel/framework/src/Illuminate/Database/Eloquent/Concerns/HasAttributes.php:1084
/home/user/cmis.marketing.limited/vendor/laravel/framework/src/Illuminate/Database/Eloquent/Model.php:619
/home/user/cmis.marketing.limited/vendor/laravel/framework/src/Illuminate/Database/Eloquent/Model.php:713
/home/user/cmis.marketing.limited/vendor/laravel/framework/src/Illuminate/Database/Eloquent/Builder.php:1747
/home/user/cmis.marketing.limited/vendor/laravel/framework/src/Illuminate/Database/Eloquent/Builder.php:1218
/home/user/cmis.marketing.limited/vendor/laravel/framework/src/Illuminate/Support/Traits/ForwardsCalls.php:23
/home/user/cmis.marketing.limited/vendor/laravel/framework/src/Illuminate/Database/Eloquent/Model.php:2540
/home/user/cmis.marketing.limited/vendor/laravel/framework/src/Illuminate/Database/Eloquent/Model.php:2556
/home/user/cmis.marketing.limited/tests/Traits/CreatesTestData.php:105
/home/user/cmis.marketing.limited/tests/Integration/AdPlatform/TwitterAdsWorkflowTest.php:131</error>
        </testcase>
        <testcase name="it_handles_twitter_api_errors" file="/home/user/cmis.marketing.limited/tests/Integration/AdPlatform/TwitterAdsWorkflowTest.php" line="410" class="Tests\Integration\AdPlatform\TwitterAdsWorkflowTest" classname="Tests.Integration.AdPlatform.TwitterAdsWorkflowTest" assertions="0" time="0.313623">
          <error type="Illuminate\Database\Eloquent\InvalidCastException">Tests\Integration\AdPlatform\TwitterAdsWorkflowTest::it_handles_twitter_api_errors
Illuminate\Database\Eloquent\InvalidCastException: Call to undefined cast [Illuminate\Database\Eloquent\Casts\Encrypted] on column [access_token] in model [App\Models\Core\Integration].

/home/user/cmis.marketing.limited/vendor/laravel/framework/src/Illuminate/Database/Eloquent/Concerns/HasAttributes.php:1768
/home/user/cmis.marketing.limited/vendor/laravel/framework/src/Illuminate/Database/Eloquent/Concerns/HasAttributes.php:1084
/home/user/cmis.marketing.limited/vendor/laravel/framework/src/Illuminate/Database/Eloquent/Model.php:619
/home/user/cmis.marketing.limited/vendor/laravel/framework/src/Illuminate/Database/Eloquent/Model.php:713
/home/user/cmis.marketing.limited/vendor/laravel/framework/src/Illuminate/Database/Eloquent/Builder.php:1747
/home/user/cmis.marketing.limited/vendor/laravel/framework/src/Illuminate/Database/Eloquent/Builder.php:1218
/home/user/cmis.marketing.limited/vendor/laravel/framework/src/Illuminate/Support/Traits/ForwardsCalls.php:23
/home/user/cmis.marketing.limited/vendor/laravel/framework/src/Illuminate/Database/Eloquent/Model.php:2540
/home/user/cmis.marketing.limited/vendor/laravel/framework/src/Illuminate/Database/Eloquent/Model.php:2556
/home/user/cmis.marketing.limited/tests/Traits/CreatesTestData.php:105
/home/user/cmis.marketing.limited/tests/Integration/AdPlatform/TwitterAdsWorkflowTest.php:415</error>
        </testcase>
        <testcase name="it_creates_twitter_line_item" file="/home/user/cmis.marketing.limited/tests/Integration/AdPlatform/TwitterAdsWorkflowTest.php" line="71" class="Tests\Integration\AdPlatform\TwitterAdsWorkflowTest" classname="Tests.Integration.AdPlatform.TwitterAdsWorkflowTest" assertions="0" time="0.303668">
          <error type="Illuminate\Database\Eloquent\InvalidCastException">Tests\Integration\AdPlatform\TwitterAdsWorkflowTest::it_creates_twitter_line_item
Illuminate\Database\Eloquent\InvalidCastException: Call to undefined cast [Illuminate\Database\Eloquent\Casts\Encrypted] on column [access_token] in model [App\Models\Core\Integration].

/home/user/cmis.marketing.limited/vendor/laravel/framework/src/Illuminate/Database/Eloquent/Concerns/HasAttributes.php:1768
/home/user/cmis.marketing.limited/vendor/laravel/framework/src/Illuminate/Database/Eloquent/Concerns/HasAttributes.php:1084
/home/user/cmis.marketing.limited/vendor/laravel/framework/src/Illuminate/Database/Eloquent/Model.php:619
/home/user/cmis.marketing.limited/vendor/laravel/framework/src/Illuminate/Database/Eloquent/Model.php:713
/home/user/cmis.marketing.limited/vendor/laravel/framework/src/Illuminate/Database/Eloquent/Builder.php:1747
/home/user/cmis.marketing.limited/vendor/laravel/framework/src/Illuminate/Database/Eloquent/Builder.php:1218
/home/user/cmis.marketing.limited/vendor/laravel/framework/src/Illuminate/Support/Traits/ForwardsCalls.php:23
/home/user/cmis.marketing.limited/vendor/laravel/framework/src/Illuminate/Database/Eloquent/Model.php:2540
/home/user/cmis.marketing.limited/vendor/laravel/framework/src/Illuminate/Database/Eloquent/Model.php:2556
/home/user/cmis.marketing.limited/tests/Traits/CreatesTestData.php:105
/home/user/cmis.marketing.limited/tests/Integration/AdPlatform/TwitterAdsWorkflowTest.php:76</error>
        </testcase>
        <testcase name="it_creates_twitter_website_card" file="/home/user/cmis.marketing.limited/tests/Integration/AdPlatform/TwitterAdsWorkflowTest.php" line="295" class="Tests\Integration\AdPlatform\TwitterAdsWorkflowTest" classname="Tests.Integration.AdPlatform.TwitterAdsWorkflowTest" assertions="0" time="0.298384">
          <error type="Illuminate\Database\Eloquent\InvalidCastException">Tests\Integration\AdPlatform\TwitterAdsWorkflowTest::it_creates_twitter_website_card
Illuminate\Database\Eloquent\InvalidCastException: Call to undefined cast [Illuminate\Database\Eloquent\Casts\Encrypted] on column [access_token] in model [App\Models\Core\Integration].

/home/user/cmis.marketing.limited/vendor/laravel/framework/src/Illuminate/Database/Eloquent/Concerns/HasAttributes.php:1768
/home/user/cmis.marketing.limited/vendor/laravel/framework/src/Illuminate/Database/Eloquent/Concerns/HasAttributes.php:1084
/home/user/cmis.marketing.limited/vendor/laravel/framework/src/Illuminate/Database/Eloquent/Model.php:619
/home/user/cmis.marketing.limited/vendor/laravel/framework/src/Illuminate/Database/Eloquent/Model.php:713
/home/user/cmis.marketing.limited/vendor/laravel/framework/src/Illuminate/Database/Eloquent/Builder.php:1747
/home/user/cmis.marketing.limited/vendor/laravel/framework/src/Illuminate/Database/Eloquent/Builder.php:1218
/home/user/cmis.marketing.limited/vendor/laravel/framework/src/Illuminate/Support/Traits/ForwardsCalls.php:23
/home/user/cmis.marketing.limited/vendor/laravel/framework/src/Illuminate/Database/Eloquent/Model.php:2540
/home/user/cmis.marketing.limited/vendor/laravel/framework/src/Illuminate/Database/Eloquent/Model.php:2556
/home/user/cmis.marketing.limited/tests/Traits/CreatesTestData.php:105
/home/user/cmis.marketing.limited/tests/Integration/AdPlatform/TwitterAdsWorkflowTest.php:300</error>
        </testcase>
        <testcase name="it_creates_twitter_ads_campaign" file="/home/user/cmis.marketing.limited/tests/Integration/AdPlatform/TwitterAdsWorkflowTest.php" line="28" class="Tests\Integration\AdPlatform\TwitterAdsWorkflowTest" classname="Tests.Integration.AdPlatform.TwitterAdsWorkflowTest" assertions="0" time="0.311964">
          <error type="Illuminate\Database\Eloquent\InvalidCastException">Tests\Integration\AdPlatform\TwitterAdsWorkflowTest::it_creates_twitter_ads_campaign
Illuminate\Database\Eloquent\InvalidCastException: Call to undefined cast [Illuminate\Database\Eloquent\Casts\Encrypted] on column [access_token] in model [App\Models\Core\Integration].

/home/user/cmis.marketing.limited/vendor/laravel/framework/src/Illuminate/Database/Eloquent/Concerns/HasAttributes.php:1768
/home/user/cmis.marketing.limited/vendor/laravel/framework/src/Illuminate/Database/Eloquent/Concerns/HasAttributes.php:1084
/home/user/cmis.marketing.limited/vendor/laravel/framework/src/Illuminate/Database/Eloquent/Model.php:619
/home/user/cmis.marketing.limited/vendor/laravel/framework/src/Illuminate/Database/Eloquent/Model.php:713
/home/user/cmis.marketing.limited/vendor/laravel/framework/src/Illuminate/Database/Eloquent/Builder.php:1747
/home/user/cmis.marketing.limited/vendor/laravel/framework/src/Illuminate/Database/Eloquent/Builder.php:1218
/home/user/cmis.marketing.limited/vendor/laravel/framework/src/Illuminate/Support/Traits/ForwardsCalls.php:23
/home/user/cmis.marketing.limited/vendor/laravel/framework/src/Illuminate/Database/Eloquent/Model.php:2540
/home/user/cmis.marketing.limited/vendor/laravel/framework/src/Illuminate/Database/Eloquent/Model.php:2556
/home/user/cmis.marketing.limited/tests/Traits/CreatesTestData.php:105
/home/user/cmis.marketing.limited/tests/Integration/AdPlatform/TwitterAdsWorkflowTest.php:33</error>
        </testcase>
        <testcase name="it_creates_twitter_tailored_audience" file="/home/user/cmis.marketing.limited/tests/Integration/AdPlatform/TwitterAdsWorkflowTest.php" line="185" class="Tests\Integration\AdPlatform\TwitterAdsWorkflowTest" classname="Tests.Integration.AdPlatform.TwitterAdsWorkflowTest" assertions="0" time="0.310734">
          <error type="Illuminate\Database\Eloquent\InvalidCastException">Tests\Integration\AdPlatform\TwitterAdsWorkflowTest::it_creates_twitter_tailored_audience
Illuminate\Database\Eloquent\InvalidCastException: Call to undefined cast [Illuminate\Database\Eloquent\Casts\Encrypted] on column [access_token] in model [App\Models\Core\Integration].

/home/user/cmis.marketing.limited/vendor/laravel/framework/src/Illuminate/Database/Eloquent/Concerns/HasAttributes.php:1768
/home/user/cmis.marketing.limited/vendor/laravel/framework/src/Illuminate/Database/Eloquent/Concerns/HasAttributes.php:1084
/home/user/cmis.marketing.limited/vendor/laravel/framework/src/Illuminate/Database/Eloquent/Model.php:619
/home/user/cmis.marketing.limited/vendor/laravel/framework/src/Illuminate/Database/Eloquent/Model.php:713
/home/user/cmis.marketing.limited/vendor/laravel/framework/src/Illuminate/Database/Eloquent/Builder.php:1747
/home/user/cmis.marketing.limited/vendor/laravel/framework/src/Illuminate/Database/Eloquent/Builder.php:1218
/home/user/cmis.marketing.limited/vendor/laravel/framework/src/Illuminate/Support/Traits/ForwardsCalls.php:23
/home/user/cmis.marketing.limited/vendor/laravel/framework/src/Illuminate/Database/Eloquent/Model.php:2540
/home/user/cmis.marketing.limited/vendor/laravel/framework/src/Illuminate/Database/Eloquent/Model.php:2556
/home/user/cmis.marketing.limited/tests/Traits/CreatesTestData.php:105
/home/user/cmis.marketing.limited/tests/Integration/AdPlatform/TwitterAdsWorkflowTest.php:190</error>
        </testcase>
      </testsuite>
      <testsuite name="Tests\Integration\Social\InstagramPublishingTest" file="/home/user/cmis.marketing.limited/tests/Integration/Social/InstagramPublishingTest.php" tests="3" assertions="0" errors="3" failures="0" skipped="0" time="0.947694">
        <testcase name="it_creates_and_publishes_instagram_reel" file="/home/user/cmis.marketing.limited/tests/Integration/Social/InstagramPublishingTest.php" line="136" class="Tests\Integration\Social\InstagramPublishingTest" classname="Tests.Integration.Social.InstagramPublishingTest" assertions="0" time="0.320357">
          <error type="Error">Tests\Integration\Social\InstagramPublishingTest::it_creates_and_publishes_instagram_reel
Error: Class "App\Jobs\PublishToInstagramJob" not found

/home/user/cmis.marketing.limited/tests/Integration/Social/InstagramPublishingTest.php:171</error>
        </testcase>
        <testcase name="it_creates_and_publishes_instagram_feed_post" file="/home/user/cmis.marketing.limited/tests/Integration/Social/InstagramPublishingTest.php" line="29" class="Tests\Integration\Social\InstagramPublishingTest" classname="Tests.Integration.Social.InstagramPublishingTest" assertions="0" time="0.313143">
          <error type="Illuminate\Database\Eloquent\InvalidCastException">Tests\Integration\Social\InstagramPublishingTest::it_creates_and_publishes_instagram_feed_post
Illuminate\Database\Eloquent\InvalidCastException: Call to undefined cast [Illuminate\Database\Eloquent\Casts\Encrypted] on column [access_token] in model [App\Models\Core\Integration].

/home/user/cmis.marketing.limited/vendor/laravel/framework/src/Illuminate/Database/Eloquent/Concerns/HasAttributes.php:1768
/home/user/cmis.marketing.limited/vendor/laravel/framework/src/Illuminate/Database/Eloquent/Concerns/HasAttributes.php:1084
/home/user/cmis.marketing.limited/vendor/laravel/framework/src/Illuminate/Database/Eloquent/Model.php:619
/home/user/cmis.marketing.limited/vendor/laravel/framework/src/Illuminate/Database/Eloquent/Model.php:713
/home/user/cmis.marketing.limited/vendor/laravel/framework/src/Illuminate/Database/Eloquent/Builder.php:1747
/home/user/cmis.marketing.limited/vendor/laravel/framework/src/Illuminate/Database/Eloquent/Builder.php:1218
/home/user/cmis.marketing.limited/vendor/laravel/framework/src/Illuminate/Support/Traits/ForwardsCalls.php:23
/home/user/cmis.marketing.limited/vendor/laravel/framework/src/Illuminate/Database/Eloquent/Model.php:2540
/home/user/cmis.marketing.limited/vendor/laravel/framework/src/Illuminate/Database/Eloquent/Model.php:2556
/home/user/cmis.marketing.limited/tests/Traits/CreatesTestData.php:105
/home/user/cmis.marketing.limited/tests/Integration/Social/InstagramPublishingTest.php:39</error>
        </testcase>
        <testcase name="it_creates_and_publishes_instagram_story" file="/home/user/cmis.marketing.limited/tests/Integration/Social/InstagramPublishingTest.php" line="87" class="Tests\Integration\Social\InstagramPublishingTest" classname="Tests.Integration.Social.InstagramPublishingTest" assertions="0" time="0.314194">
          <error type="Illuminate\Database\Eloquent\InvalidCastException">Tests\Integration\Social\InstagramPublishingTest::it_creates_and_publishes_instagram_story
Illuminate\Database\Eloquent\InvalidCastException: Call to undefined cast [Illuminate\Database\Eloquent\Casts\Encrypted] on column [access_token] in model [App\Models\Core\Integration].

/home/user/cmis.marketing.limited/vendor/laravel/framework/src/Illuminate/Database/Eloquent/Concerns/HasAttributes.php:1768
/home/user/cmis.marketing.limited/vendor/laravel/framework/src/Illuminate/Database/Eloquent/Concerns/HasAttributes.php:1084
/home/user/cmis.marketing.limited/vendor/laravel/framework/src/Illuminate/Database/Eloquent/Model.php:619
/home/user/cmis.marketing.limited/vendor/laravel/framework/src/Illuminate/Database/Eloquent/Model.php:713
/home/user/cmis.marketing.limited/vendor/laravel/framework/src/Illuminate/Database/Eloquent/Builder.php:1747
/home/user/cmis.marketing.limited/vendor/laravel/framework/src/Illuminate/Database/Eloquent/Builder.php:1218
/home/user/cmis.marketing.limited/vendor/laravel/framework/src/Illuminate/Support/Traits/ForwardsCalls.php:23
/home/user/cmis.marketing.limited/vendor/laravel/framework/src/Illuminate/Database/Eloquent/Model.php:2540
/home/user/cmis.marketing.limited/vendor/laravel/framework/src/Illuminate/Database/Eloquent/Model.php:2556
/home/user/cmis.marketing.limited/tests/Traits/CreatesTestData.php:105
/home/user/cmis.marketing.limited/tests/Integration/Social/InstagramPublishingTest.php:97</error>
        </testcase>
      </testsuite>
      <testsuite name="Tests\Integration\Social\InstagramFacebookCommentsTest" file="/home/user/cmis.marketing.limited/tests/Integration/Social/InstagramFacebookCommentsTest.php" tests="4" assertions="0" errors="4" failures="0" skipped="0" time="1.265935">
        <testcase name="it_replies_to_facebook_comment" file="/home/user/cmis.marketing.limited/tests/Integration/Social/InstagramFacebookCommentsTest.php" line="184" class="Tests\Integration\Social\InstagramFacebookCommentsTest" classname="Tests.Integration.Social.InstagramFacebookCommentsTest" assertions="0" time="0.318552">
          <error type="Illuminate\Database\Eloquent\InvalidCastException">Tests\Integration\Social\InstagramFacebookCommentsTest::it_replies_to_facebook_comment
Illuminate\Database\Eloquent\InvalidCastException: Call to undefined cast [Illuminate\Database\Eloquent\Casts\Encrypted] on column [access_token] in model [App\Models\Core\Integration].

/home/user/cmis.marketing.limited/vendor/laravel/framework/src/Illuminate/Database/Eloquent/Concerns/HasAttributes.php:1768
/home/user/cmis.marketing.limited/vendor/laravel/framework/src/Illuminate/Database/Eloquent/Concerns/HasAttributes.php:1084
/home/user/cmis.marketing.limited/vendor/laravel/framework/src/Illuminate/Database/Eloquent/Model.php:619
/home/user/cmis.marketing.limited/vendor/laravel/framework/src/Illuminate/Database/Eloquent/Model.php:713
/home/user/cmis.marketing.limited/vendor/laravel/framework/src/Illuminate/Database/Eloquent/Builder.php:1747
/home/user/cmis.marketing.limited/vendor/laravel/framework/src/Illuminate/Database/Eloquent/Builder.php:1218
/home/user/cmis.marketing.limited/vendor/laravel/framework/src/Illuminate/Support/Traits/ForwardsCalls.php:23
/home/user/cmis.marketing.limited/vendor/laravel/framework/src/Illuminate/Database/Eloquent/Model.php:2540
/home/user/cmis.marketing.limited/vendor/laravel/framework/src/Illuminate/Database/Eloquent/Model.php:2556
/home/user/cmis.marketing.limited/tests/Traits/CreatesTestData.php:105
/home/user/cmis.marketing.limited/tests/Integration/Social/InstagramFacebookCommentsTest.php:194</error>
        </testcase>
        <testcase name="it_receives_facebook_comment" file="/home/user/cmis.marketing.limited/tests/Integration/Social/InstagramFacebookCommentsTest.php" line="140" class="Tests\Integration\Social\InstagramFacebookCommentsTest" classname="Tests.Integration.Social.InstagramFacebookCommentsTest" assertions="0" time="0.322832">
          <error type="Illuminate\Database\Eloquent\InvalidCastException">Tests\Integration\Social\InstagramFacebookCommentsTest::it_receives_facebook_comment
Illuminate\Database\Eloquent\InvalidCastException: Call to undefined cast [Illuminate\Database\Eloquent\Casts\Encrypted] on column [access_token] in model [App\Models\Core\Integration].

/home/user/cmis.marketing.limited/vendor/laravel/framework/src/Illuminate/Database/Eloquent/Concerns/HasAttributes.php:1768
/home/user/cmis.marketing.limited/vendor/laravel/framework/src/Illuminate/Database/Eloquent/Concerns/HasAttributes.php:1084
/home/user/cmis.marketing.limited/vendor/laravel/framework/src/Illuminate/Database/Eloquent/Model.php:619
/home/user/cmis.marketing.limited/vendor/laravel/framework/src/Illuminate/Database/Eloquent/Model.php:713
/home/user/cmis.marketing.limited/vendor/laravel/framework/src/Illuminate/Database/Eloquent/Builder.php:1747
/home/user/cmis.marketing.limited/vendor/laravel/framework/src/Illuminate/Database/Eloquent/Builder.php:1218
/home/user/cmis.marketing.limited/vendor/laravel/framework/src/Illuminate/Support/Traits/ForwardsCalls.php:23
/home/user/cmis.marketing.limited/vendor/laravel/framework/src/Illuminate/Database/Eloquent/Model.php:2540
/home/user/cmis.marketing.limited/vendor/laravel/framework/src/Illuminate/Database/Eloquent/Model.php:2556
/home/user/cmis.marketing.limited/tests/Traits/CreatesTestData.php:105
/home/user/cmis.marketing.limited/tests/Integration/Social/InstagramFacebookCommentsTest.php:145</error>
        </testcase>
        <testcase name="it_receives_instagram_comment" file="/home/user/cmis.marketing.limited/tests/Integration/Social/InstagramFacebookCommentsTest.php" line="30" class="Tests\Integration\Social\InstagramFacebookCommentsTest" classname="Tests.Integration.Social.InstagramFacebookCommentsTest" assertions="0" time="0.311240">
          <error type="Illuminate\Database\Eloquent\InvalidCastException">Tests\Integration\Social\InstagramFacebookCommentsTest::it_receives_instagram_comment
Illuminate\Database\Eloquent\InvalidCastException: Call to undefined cast [Illuminate\Database\Eloquent\Casts\Encrypted] on column [access_token] in model [App\Models\Core\Integration].

/home/user/cmis.marketing.limited/vendor/laravel/framework/src/Illuminate/Database/Eloquent/Concerns/HasAttributes.php:1768
/home/user/cmis.marketing.limited/vendor/laravel/framework/src/Illuminate/Database/Eloquent/Concerns/HasAttributes.php:1084
/home/user/cmis.marketing.limited/vendor/laravel/framework/src/Illuminate/Database/Eloquent/Model.php:619
/home/user/cmis.marketing.limited/vendor/laravel/framework/src/Illuminate/Database/Eloquent/Model.php:713
/home/user/cmis.marketing.limited/vendor/laravel/framework/src/Illuminate/Database/Eloquent/Builder.php:1747
/home/user/cmis.marketing.limited/vendor/laravel/framework/src/Illuminate/Database/Eloquent/Builder.php:1218
/home/user/cmis.marketing.limited/vendor/laravel/framework/src/Illuminate/Support/Traits/ForwardsCalls.php:23
/home/user/cmis.marketing.limited/vendor/laravel/framework/src/Illuminate/Database/Eloquent/Model.php:2540
/home/user/cmis.marketing.limited/vendor/laravel/framework/src/Illuminate/Database/Eloquent/Model.php:2556
/home/user/cmis.marketing.limited/tests/Traits/CreatesTestData.php:105
/home/user/cmis.marketing.limited/tests/Integration/Social/InstagramFacebookCommentsTest.php:35</error>
        </testcase>
        <testcase name="it_replies_to_instagram_comment" file="/home/user/cmis.marketing.limited/tests/Integration/Social/InstagramFacebookCommentsTest.php" line="77" class="Tests\Integration\Social\InstagramFacebookCommentsTest" classname="Tests.Integration.Social.InstagramFacebookCommentsTest" assertions="0" time="0.313312">
          <error type="Illuminate\Database\Eloquent\InvalidCastException">Tests\Integration\Social\InstagramFacebookCommentsTest::it_replies_to_instagram_comment
Illuminate\Database\Eloquent\InvalidCastException: Call to undefined cast [Illuminate\Database\Eloquent\Casts\Encrypted] on column [access_token] in model [App\Models\Core\Integration].

/home/user/cmis.marketing.limited/vendor/laravel/framework/src/Illuminate/Database/Eloquent/Concerns/HasAttributes.php:1768
/home/user/cmis.marketing.limited/vendor/laravel/framework/src/Illuminate/Database/Eloquent/Concerns/HasAttributes.php:1084
/home/user/cmis.marketing.limited/vendor/laravel/framework/src/Illuminate/Database/Eloquent/Model.php:619
/home/user/cmis.marketing.limited/vendor/laravel/framework/src/Illuminate/Database/Eloquent/Model.php:713
/home/user/cmis.marketing.limited/vendor/laravel/framework/src/Illuminate/Database/Eloquent/Builder.php:1747
/home/user/cmis.marketing.limited/vendor/laravel/framework/src/Illuminate/Database/Eloquent/Builder.php:1218
/home/user/cmis.marketing.limited/vendor/laravel/framework/src/Illuminate/Support/Traits/ForwardsCalls.php:23
/home/user/cmis.marketing.limited/vendor/laravel/framework/src/Illuminate/Database/Eloquent/Model.php:2540
/home/user/cmis.marketing.limited/vendor/laravel/framework/src/Illuminate/Database/Eloquent/Model.php:2556
/home/user/cmis.marketing.limited/tests/Traits/CreatesTestData.php:105
/home/user/cmis.marketing.limited/tests/Integration/Social/InstagramFacebookCommentsTest.php:87</error>
        </testcase>
      </testsuite>
      <testsuite name="Tests\Integration\Social\TwitterLinkedInOtherPublishingTest" file="/home/user/cmis.marketing.limited/tests/Integration/Social/TwitterLinkedInOtherPublishingTest.php" tests="9" assertions="0" errors="9" failures="0" skipped="0" time="2.826873">
        <testcase name="it_creates_and_publishes_snapchat_story" file="/home/user/cmis.marketing.limited/tests/Integration/Social/TwitterLinkedInOtherPublishingTest.php" line="216" class="Tests\Integration\Social\TwitterLinkedInOtherPublishingTest" classname="Tests.Integration.Social.TwitterLinkedInOtherPublishingTest" assertions="0" time="0.313271">
          <error type="Illuminate\Database\Eloquent\InvalidCastException">Tests\Integration\Social\TwitterLinkedInOtherPublishingTest::it_creates_and_publishes_snapchat_story
Illuminate\Database\Eloquent\InvalidCastException: Call to undefined cast [Illuminate\Database\Eloquent\Casts\Encrypted] on column [access_token] in model [App\Models\Core\Integration].

/home/user/cmis.marketing.limited/vendor/laravel/framework/src/Illuminate/Database/Eloquent/Concerns/HasAttributes.php:1768
/home/user/cmis.marketing.limited/vendor/laravel/framework/src/Illuminate/Database/Eloquent/Concerns/HasAttributes.php:1084
/home/user/cmis.marketing.limited/vendor/laravel/framework/src/Illuminate/Database/Eloquent/Model.php:619
/home/user/cmis.marketing.limited/vendor/laravel/framework/src/Illuminate/Database/Eloquent/Model.php:713
/home/user/cmis.marketing.limited/vendor/laravel/framework/src/Illuminate/Database/Eloquent/Builder.php:1747
/home/user/cmis.marketing.limited/vendor/laravel/framework/src/Illuminate/Database/Eloquent/Builder.php:1218
/home/user/cmis.marketing.limited/vendor/laravel/framework/src/Illuminate/Support/Traits/ForwardsCalls.php:23
/home/user/cmis.marketing.limited/vendor/laravel/framework/src/Illuminate/Database/Eloquent/Model.php:2540
/home/user/cmis.marketing.limited/vendor/laravel/framework/src/Illuminate/Database/Eloquent/Model.php:2556
/home/user/cmis.marketing.limited/tests/Traits/CreatesTestData.php:105
/home/user/cmis.marketing.limited/tests/Integration/Social/TwitterLinkedInOtherPublishingTest.php:226</error>
        </testcase>
        <testcase name="it_tracks_published_post_metrics" file="/home/user/cmis.marketing.limited/tests/Integration/Social/TwitterLinkedInOtherPublishingTest.php" line="405" class="Tests\Integration\Social\TwitterLinkedInOtherPublishingTest" classname="Tests.Integration.Social.TwitterLinkedInOtherPublishingTest" assertions="0" time="0.313614">
          <error type="Illuminate\Database\Eloquent\InvalidCastException">Tests\Integration\Social\TwitterLinkedInOtherPublishingTest::it_tracks_published_post_metrics
Illuminate\Database\Eloquent\InvalidCastException: Call to undefined cast [Illuminate\Database\Eloquent\Casts\Encrypted] on column [access_token] in model [App\Models\Core\Integration].

/home/user/cmis.marketing.limited/vendor/laravel/framework/src/Illuminate/Database/Eloquent/Concerns/HasAttributes.php:1768
/home/user/cmis.marketing.limited/vendor/laravel/framework/src/Illuminate/Database/Eloquent/Concerns/HasAttributes.php:1084
/home/user/cmis.marketing.limited/vendor/laravel/framework/src/Illuminate/Database/Eloquent/Model.php:619
/home/user/cmis.marketing.limited/vendor/laravel/framework/src/Illuminate/Database/Eloquent/Model.php:713
/home/user/cmis.marketing.limited/vendor/laravel/framework/src/Illuminate/Database/Eloquent/Builder.php:1747
/home/user/cmis.marketing.limited/vendor/laravel/framework/src/Illuminate/Database/Eloquent/Builder.php:1218
/home/user/cmis.marketing.limited/vendor/laravel/framework/src/Illuminate/Support/Traits/ForwardsCalls.php:23
/home/user/cmis.marketing.limited/vendor/laravel/framework/src/Illuminate/Database/Eloquent/Model.php:2540
/home/user/cmis.marketing.limited/vendor/laravel/framework/src/Illuminate/Database/Eloquent/Model.php:2556
/home/user/cmis.marketing.limited/tests/Traits/CreatesTestData.php:105
/home/user/cmis.marketing.limited/tests/Integration/Social/TwitterLinkedInOtherPublishingTest.php:413</error>
        </testcase>
        <testcase name="it_publishes_to_multiple_platforms_simultaneously" file="/home/user/cmis.marketing.limited/tests/Integration/Social/TwitterLinkedInOtherPublishingTest.php" line="309" class="Tests\Integration\Social\TwitterLinkedInOtherPublishingTest" classname="Tests.Integration.Social.TwitterLinkedInOtherPublishingTest" assertions="0" time="0.328406">
          <error type="Illuminate\Database\Eloquent\InvalidCastException">Tests\Integration\Social\TwitterLinkedInOtherPublishingTest::it_publishes_to_multiple_platforms_simultaneously
Illuminate\Database\Eloquent\InvalidCastException: Call to undefined cast [Illuminate\Database\Eloquent\Casts\Encrypted] on column [access_token] in model [App\Models\Core\Integration].

/home/user/cmis.marketing.limited/vendor/laravel/framework/src/Illuminate/Database/Eloquent/Concerns/HasAttributes.php:1768
/home/user/cmis.marketing.limited/vendor/laravel/framework/src/Illuminate/Database/Eloquent/Concerns/HasAttributes.php:1084
/home/user/cmis.marketing.limited/vendor/laravel/framework/src/Illuminate/Database/Eloquent/Model.php:619
/home/user/cmis.marketing.limited/vendor/laravel/framework/src/Illuminate/Database/Eloquent/Model.php:713
/home/user/cmis.marketing.limited/vendor/laravel/framework/src/Illuminate/Database/Eloquent/Builder.php:1747
/home/user/cmis.marketing.limited/vendor/laravel/framework/src/Illuminate/Database/Eloquent/Builder.php:1218
/home/user/cmis.marketing.limited/vendor/laravel/framework/src/Illuminate/Support/Traits/ForwardsCalls.php:23
/home/user/cmis.marketing.limited/vendor/laravel/framework/src/Illuminate/Database/Eloquent/Model.php:2540
/home/user/cmis.marketing.limited/vendor/laravel/framework/src/Illuminate/Database/Eloquent/Model.php:2556
/home/user/cmis.marketing.limited/tests/Traits/CreatesTestData.php:105
/home/user/cmis.marketing.limited/tests/Integration/Social/TwitterLinkedInOtherPublishingTest.php:320</error>
        </testcase>
        <testcase name="it_creates_and_publishes_google_business_post" file="/home/user/cmis.marketing.limited/tests/Integration/Social/TwitterLinkedInOtherPublishingTest.php" line="259" class="Tests\Integration\Social\TwitterLinkedInOtherPublishingTest" classname="Tests.Integration.Social.TwitterLinkedInOtherPublishingTest" assertions="0" time="0.313010">
          <error type="Illuminate\Database\Eloquent\InvalidCastException">Tests\Integration\Social\TwitterLinkedInOtherPublishingTest::it_creates_and_publishes_google_business_post
Illuminate\Database\Eloquent\InvalidCastException: Call to undefined cast [Illuminate\Database\Eloquent\Casts\Encrypted] on column [access_token] in model [App\Models\Core\Integration].

/home/user/cmis.marketing.limited/vendor/laravel/framework/src/Illuminate/Database/Eloquent/Concerns/HasAttributes.php:1768
/home/user/cmis.marketing.limited/vendor/laravel/framework/src/Illuminate/Database/Eloquent/Concerns/HasAttributes.php:1084
/home/user/cmis.marketing.limited/vendor/laravel/framework/src/Illuminate/Database/Eloquent/Model.php:619
/home/user/cmis.marketing.limited/vendor/laravel/framework/src/Illuminate/Database/Eloquent/Model.php:713
/home/user/cmis.marketing.limited/vendor/laravel/framework/src/Illuminate/Database/Eloquent/Builder.php:1747
/home/user/cmis.marketing.limited/vendor/laravel/framework/src/Illuminate/Database/Eloquent/Builder.php:1218
/home/user/cmis.marketing.limited/vendor/laravel/framework/src/Illuminate/Support/Traits/ForwardsCalls.php:23
/home/user/cmis.marketing.limited/vendor/laravel/framework/src/Illuminate/Database/Eloquent/Model.php:2540
/home/user/cmis.marketing.limited/vendor/laravel/framework/src/Illuminate/Database/Eloquent/Model.php:2556
/home/user/cmis.marketing.limited/tests/Traits/CreatesTestData.php:105
/home/user/cmis.marketing.limited/tests/Integration/Social/TwitterLinkedInOtherPublishingTest.php:269</error>
        </testcase>
        <testcase name="it_creates_and_publishes_linkedin_article" file="/home/user/cmis.marketing.limited/tests/Integration/Social/TwitterLinkedInOtherPublishingTest.php" line="173" class="Tests\Integration\Social\TwitterLinkedInOtherPublishingTest" classname="Tests.Integration.Social.TwitterLinkedInOtherPublishingTest" assertions="0" time="0.309113">
          <error type="Error">Tests\Integration\Social\TwitterLinkedInOtherPublishingTest::it_creates_and_publishes_linkedin_article
Error: Class "App\Jobs\PublishToLinkedInJob" not found

/home/user/cmis.marketing.limited/tests/Integration/Social/TwitterLinkedInOtherPublishingTest.php:205</error>
        </testcase>
        <testcase name="it_creates_and_publishes_twitter_thread" file="/home/user/cmis.marketing.limited/tests/Integration/Social/TwitterLinkedInOtherPublishingTest.php" line="79" class="Tests\Integration\Social\TwitterLinkedInOtherPublishingTest" classname="Tests.Integration.Social.TwitterLinkedInOtherPublishingTest" assertions="0" time="0.316276">
          <error type="Error">Tests\Integration\Social\TwitterLinkedInOtherPublishingTest::it_creates_and_publishes_twitter_thread
Error: Class "App\Jobs\PublishToTwitterJob" not found

/home/user/cmis.marketing.limited/tests/Integration/Social/TwitterLinkedInOtherPublishingTest.php:115</error>
        </testcase>
        <testcase name="it_creates_and_publishes_twitter_tweet" file="/home/user/cmis.marketing.limited/tests/Integration/Social/TwitterLinkedInOtherPublishingTest.php" line="35" class="Tests\Integration\Social\TwitterLinkedInOtherPublishingTest" classname="Tests.Integration.Social.TwitterLinkedInOtherPublishingTest" assertions="0" time="0.312473">
          <error type="Illuminate\Database\Eloquent\InvalidCastException">Tests\Integration\Social\TwitterLinkedInOtherPublishingTest::it_creates_and_publishes_twitter_tweet
Illuminate\Database\Eloquent\InvalidCastException: Call to undefined cast [Illuminate\Database\Eloquent\Casts\Encrypted] on column [access_token] in model [App\Models\Core\Integration].

/home/user/cmis.marketing.limited/vendor/laravel/framework/src/Illuminate/Database/Eloquent/Concerns/HasAttributes.php:1768
/home/user/cmis.marketing.limited/vendor/laravel/framework/src/Illuminate/Database/Eloquent/Concerns/HasAttributes.php:1084
/home/user/cmis.marketing.limited/vendor/laravel/framework/src/Illuminate/Database/Eloquent/Model.php:619
/home/user/cmis.marketing.limited/vendor/laravel/framework/src/Illuminate/Database/Eloquent/Model.php:713
/home/user/cmis.marketing.limited/vendor/laravel/framework/src/Illuminate/Database/Eloquent/Builder.php:1747
/home/user/cmis.marketing.limited/vendor/laravel/framework/src/Illuminate/Database/Eloquent/Builder.php:1218
/home/user/cmis.marketing.limited/vendor/laravel/framework/src/Illuminate/Support/Traits/ForwardsCalls.php:23
/home/user/cmis.marketing.limited/vendor/laravel/framework/src/Illuminate/Database/Eloquent/Model.php:2540
/home/user/cmis.marketing.limited/vendor/laravel/framework/src/Illuminate/Database/Eloquent/Model.php:2556
/home/user/cmis.marketing.limited/tests/Traits/CreatesTestData.php:105
/home/user/cmis.marketing.limited/tests/Integration/Social/TwitterLinkedInOtherPublishingTest.php:45</error>
        </testcase>
        <testcase name="it_handles_publishing_failure_and_retries" file="/home/user/cmis.marketing.limited/tests/Integration/Social/TwitterLinkedInOtherPublishingTest.php" line="362" class="Tests\Integration\Social\TwitterLinkedInOtherPublishingTest" classname="Tests.Integration.Social.TwitterLinkedInOtherPublishingTest" assertions="0" time="0.304328">
          <error type="Illuminate\Database\Eloquent\InvalidCastException">Tests\Integration\Social\TwitterLinkedInOtherPublishingTest::it_handles_publishing_failure_and_retries
Illuminate\Database\Eloquent\InvalidCastException: Call to undefined cast [Illuminate\Database\Eloquent\Casts\Encrypted] on column [access_token] in model [App\Models\Core\Integration].

/home/user/cmis.marketing.limited/vendor/laravel/framework/src/Illuminate/Database/Eloquent/Concerns/HasAttributes.php:1768
/home/user/cmis.marketing.limited/vendor/laravel/framework/src/Illuminate/Database/Eloquent/Concerns/HasAttributes.php:1084
/home/user/cmis.marketing.limited/vendor/laravel/framework/src/Illuminate/Database/Eloquent/Model.php:619
/home/user/cmis.marketing.limited/vendor/laravel/framework/src/Illuminate/Database/Eloquent/Model.php:713
/home/user/cmis.marketing.limited/vendor/laravel/framework/src/Illuminate/Database/Eloquent/Builder.php:1747
/home/user/cmis.marketing.limited/vendor/laravel/framework/src/Illuminate/Database/Eloquent/Builder.php:1218
/home/user/cmis.marketing.limited/vendor/laravel/framework/src/Illuminate/Support/Traits/ForwardsCalls.php:23
/home/user/cmis.marketing.limited/vendor/laravel/framework/src/Illuminate/Database/Eloquent/Model.php:2540
/home/user/cmis.marketing.limited/vendor/laravel/framework/src/Illuminate/Database/Eloquent/Model.php:2556
/home/user/cmis.marketing.limited/tests/Traits/CreatesTestData.php:105
/home/user/cmis.marketing.limited/tests/Integration/Social/TwitterLinkedInOtherPublishingTest.php:372</error>
        </testcase>
        <testcase name="it_creates_and_publishes_linkedin_post" file="/home/user/cmis.marketing.limited/tests/Integration/Social/TwitterLinkedInOtherPublishingTest.php" line="126" class="Tests\Integration\Social\TwitterLinkedInOtherPublishingTest" classname="Tests.Integration.Social.TwitterLinkedInOtherPublishingTest" assertions="0" time="0.316383">
          <error type="Illuminate\Database\Eloquent\InvalidCastException">Tests\Integration\Social\TwitterLinkedInOtherPublishingTest::it_creates_and_publishes_linkedin_post
Illuminate\Database\Eloquent\InvalidCastException: Call to undefined cast [Illuminate\Database\Eloquent\Casts\Encrypted] on column [access_token] in model [App\Models\Core\Integration].

/home/user/cmis.marketing.limited/vendor/laravel/framework/src/Illuminate/Database/Eloquent/Concerns/HasAttributes.php:1768
/home/user/cmis.marketing.limited/vendor/laravel/framework/src/Illuminate/Database/Eloquent/Concerns/HasAttributes.php:1084
/home/user/cmis.marketing.limited/vendor/laravel/framework/src/Illuminate/Database/Eloquent/Model.php:619
/home/user/cmis.marketing.limited/vendor/laravel/framework/src/Illuminate/Database/Eloquent/Model.php:713
/home/user/cmis.marketing.limited/vendor/laravel/framework/src/Illuminate/Database/Eloquent/Builder.php:1747
/home/user/cmis.marketing.limited/vendor/laravel/framework/src/Illuminate/Database/Eloquent/Builder.php:1218
/home/user/cmis.marketing.limited/vendor/laravel/framework/src/Illuminate/Support/Traits/ForwardsCalls.php:23
/home/user/cmis.marketing.limited/vendor/laravel/framework/src/Illuminate/Database/Eloquent/Model.php:2540
/home/user/cmis.marketing.limited/vendor/laravel/framework/src/Illuminate/Database/Eloquent/Model.php:2556
/home/user/cmis.marketing.limited/tests/Traits/CreatesTestData.php:105
/home/user/cmis.marketing.limited/tests/Integration/Social/TwitterLinkedInOtherPublishingTest.php:136</error>
        </testcase>
      </testsuite>
      <testsuite name="Tests\Integration\Campaign\CompleteCampaignLifecycleTest" file="/home/user/cmis.marketing.limited/tests/Integration/Campaign/CompleteCampaignLifecycleTest.php" tests="3" assertions="4" errors="1" failures="0" skipped="0" time="0.925433">
        <testcase name="it_archives_completed_campaign" file="/home/user/cmis.marketing.limited/tests/Integration/Campaign/CompleteCampaignLifecycleTest.php" line="235" class="Tests\Integration\Campaign\CompleteCampaignLifecycleTest" classname="Tests.Integration.Campaign.CompleteCampaignLifecycleTest" assertions="1" time="0.311494"/>
        <testcase name="it_executes_complete_campaign_lifecycle" file="/home/user/cmis.marketing.limited/tests/Integration/Campaign/CompleteCampaignLifecycleTest.php" line="38" class="Tests\Integration\Campaign\CompleteCampaignLifecycleTest" classname="Tests.Integration.Campaign.CompleteCampaignLifecycleTest" assertions="1" time="0.308363">
          <error type="Error">Tests\Integration\Campaign\CompleteCampaignLifecycleTest::it_executes_complete_campaign_lifecycle
Error: Class "App\Models\Creative\CreativeAsset" not found

/home/user/cmis.marketing.limited/tests/Traits/CreatesTestData.php:77
/home/user/cmis.marketing.limited/tests/Integration/Campaign/CompleteCampaignLifecycleTest.php:82</error>
        </testcase>
        <testcase name="it_handles_campaign_pause_and_resume" file="/home/user/cmis.marketing.limited/tests/Integration/Campaign/CompleteCampaignLifecycleTest.php" line="206" class="Tests\Integration\Campaign\CompleteCampaignLifecycleTest" classname="Tests.Integration.Campaign.CompleteCampaignLifecycleTest" assertions="2" time="0.305577"/>
      </testsuite>
      <testsuite name="Tests\Integration\Publishing\PublishingWorkflowTest" file="/home/user/cmis.marketing.limited/tests/Integration/Publishing/PublishingWorkflowTest.php" tests="9" assertions="3" errors="8" failures="0" skipped="0" time="2.706919">
        <testcase name="it_validates_time_slots_configuration" file="/home/user/cmis.marketing.limited/tests/Integration/Publishing/PublishingWorkflowTest.php" line="203" class="Tests\Integration\Publishing\PublishingWorkflowTest" classname="Tests.Integration.Publishing.PublishingWorkflowTest" assertions="0" time="0.311830">
          <error type="Illuminate\Database\Eloquent\InvalidCastException">Tests\Integration\Publishing\PublishingWorkflowTest::it_validates_time_slots_configuration
Illuminate\Database\Eloquent\InvalidCastException: Call to undefined cast [Illuminate\Database\Eloquent\Casts\Encrypted] on column [access_token] in model [App\Models\Core\Integration].

/home/user/cmis.marketing.limited/vendor/laravel/framework/src/Illuminate/Database/Eloquent/Concerns/HasAttributes.php:1768
/home/user/cmis.marketing.limited/vendor/laravel/framework/src/Illuminate/Database/Eloquent/Concerns/HasAttributes.php:1084
/home/user/cmis.marketing.limited/vendor/laravel/framework/src/Illuminate/Database/Eloquent/Model.php:619
/home/user/cmis.marketing.limited/vendor/laravel/framework/src/Illuminate/Database/Eloquent/Model.php:713
/home/user/cmis.marketing.limited/vendor/laravel/framework/src/Illuminate/Database/Eloquent/Builder.php:1747
/home/user/cmis.marketing.limited/vendor/laravel/framework/src/Illuminate/Database/Eloquent/Builder.php:1218
/home/user/cmis.marketing.limited/vendor/laravel/framework/src/Illuminate/Support/Traits/ForwardsCalls.php:23
/home/user/cmis.marketing.limited/vendor/laravel/framework/src/Illuminate/Database/Eloquent/Model.php:2540
/home/user/cmis.marketing.limited/vendor/laravel/framework/src/Illuminate/Database/Eloquent/Model.php:2556
/home/user/cmis.marketing.limited/tests/Traits/CreatesTestData.php:105
/home/user/cmis.marketing.limited/tests/Traits/CreatesTestData.php:129
/home/user/cmis.marketing.limited/tests/Integration/Publishing/PublishingWorkflowTest.php:207</error>
        </testcase>
        <testcase name="it_publishes_post_to_multiple_platforms" file="/home/user/cmis.marketing.limited/tests/Integration/Publishing/PublishingWorkflowTest.php" line="119" class="Tests\Integration\Publishing\PublishingWorkflowTest" classname="Tests.Integration.Publishing.PublishingWorkflowTest" assertions="0" time="0.298729">
          <error type="Error">Tests\Integration\Publishing\PublishingWorkflowTest::it_publishes_post_to_multiple_platforms
Error: Call to undefined method App\Services\PublishingService::publishPost()

/home/user/cmis.marketing.limited/tests/Integration/Publishing/PublishingWorkflowTest.php:132</error>
        </testcase>
        <testcase name="it_handles_publishing_failures_gracefully" file="/home/user/cmis.marketing.limited/tests/Integration/Publishing/PublishingWorkflowTest.php" line="150" class="Tests\Integration\Publishing\PublishingWorkflowTest" classname="Tests.Integration.Publishing.PublishingWorkflowTest" assertions="0" time="0.297177">
          <error type="Error">Tests\Integration\Publishing\PublishingWorkflowTest::it_handles_publishing_failures_gracefully
Error: Call to undefined method App\Services\PublishingService::publishPost()

/home/user/cmis.marketing.limited/tests/Integration/Publishing/PublishingWorkflowTest.php:162</error>
        </testcase>
        <testcase name="it_calculates_next_available_time_slot" file="/home/user/cmis.marketing.limited/tests/Integration/Publishing/PublishingWorkflowTest.php" line="180" class="Tests\Integration\Publishing\PublishingWorkflowTest" classname="Tests.Integration.Publishing.PublishingWorkflowTest" assertions="0" time="0.291855">
          <error type="Illuminate\Database\Eloquent\InvalidCastException">Tests\Integration\Publishing\PublishingWorkflowTest::it_calculates_next_available_time_slot
Illuminate\Database\Eloquent\InvalidCastException: Call to undefined cast [Illuminate\Database\Eloquent\Casts\Encrypted] on column [access_token] in model [App\Models\Core\Integration].

/home/user/cmis.marketing.limited/vendor/laravel/framework/src/Illuminate/Database/Eloquent/Concerns/HasAttributes.php:1768
/home/user/cmis.marketing.limited/vendor/laravel/framework/src/Illuminate/Database/Eloquent/Concerns/HasAttributes.php:1084
/home/user/cmis.marketing.limited/vendor/laravel/framework/src/Illuminate/Database/Eloquent/Model.php:619
/home/user/cmis.marketing.limited/vendor/laravel/framework/src/Illuminate/Database/Eloquent/Model.php:713
/home/user/cmis.marketing.limited/vendor/laravel/framework/src/Illuminate/Database/Eloquent/Builder.php:1747
/home/user/cmis.marketing.limited/vendor/laravel/framework/src/Illuminate/Database/Eloquent/Builder.php:1218
/home/user/cmis.marketing.limited/vendor/laravel/framework/src/Illuminate/Support/Traits/ForwardsCalls.php:23
/home/user/cmis.marketing.limited/vendor/laravel/framework/src/Illuminate/Database/Eloquent/Model.php:2540
/home/user/cmis.marketing.limited/vendor/laravel/framework/src/Illuminate/Database/Eloquent/Model.php:2556
/home/user/cmis.marketing.limited/tests/Traits/CreatesTestData.php:105
/home/user/cmis.marketing.limited/tests/Traits/CreatesTestData.php:129
/home/user/cmis.marketing.limited/tests/Traits/CreatesTestData.php:193
/home/user/cmis.marketing.limited/tests/Integration/Publishing/PublishingWorkflowTest.php:185</error>
        </testcase>
        <testcase name="it_can_schedule_a_post" file="/home/user/cmis.marketing.limited/tests/Integration/Publishing/PublishingWorkflowTest.php" line="65" class="Tests\Integration\Publishing\PublishingWorkflowTest" classname="Tests.Integration.Publishing.PublishingWorkflowTest" assertions="3" time="0.298756"/>
        <testcase name="it_can_create_a_publishing_queue" file="/home/user/cmis.marketing.limited/tests/Integration/Publishing/PublishingWorkflowTest.php" line="29" class="Tests\Integration\Publishing\PublishingWorkflowTest" classname="Tests.Integration.Publishing.PublishingWorkflowTest" assertions="0" time="0.304293">
          <error type="Illuminate\Database\Eloquent\InvalidCastException">Tests\Integration\Publishing\PublishingWorkflowTest::it_can_create_a_publishing_queue
Illuminate\Database\Eloquent\InvalidCastException: Call to undefined cast [Illuminate\Database\Eloquent\Casts\Encrypted] on column [access_token] in model [App\Models\Core\Integration].

/home/user/cmis.marketing.limited/vendor/laravel/framework/src/Illuminate/Database/Eloquent/Concerns/HasAttributes.php:1768
/home/user/cmis.marketing.limited/vendor/laravel/framework/src/Illuminate/Database/Eloquent/Concerns/HasAttributes.php:1084
/home/user/cmis.marketing.limited/vendor/laravel/framework/src/Illuminate/Database/Eloquent/Model.php:619
/home/user/cmis.marketing.limited/vendor/laravel/framework/src/Illuminate/Database/Eloquent/Model.php:713
/home/user/cmis.marketing.limited/vendor/laravel/framework/src/Illuminate/Database/Eloquent/Builder.php:1747
/home/user/cmis.marketing.limited/vendor/laravel/framework/src/Illuminate/Database/Eloquent/Builder.php:1218
/home/user/cmis.marketing.limited/vendor/laravel/framework/src/Illuminate/Support/Traits/ForwardsCalls.php:23
/home/user/cmis.marketing.limited/vendor/laravel/framework/src/Illuminate/Database/Eloquent/Model.php:2540
/home/user/cmis.marketing.limited/vendor/laravel/framework/src/Illuminate/Database/Eloquent/Model.php:2556
/home/user/cmis.marketing.limited/tests/Traits/CreatesTestData.php:105
/home/user/cmis.marketing.limited/tests/Traits/CreatesTestData.php:129
/home/user/cmis.marketing.limited/tests/Integration/Publishing/PublishingWorkflowTest.php:34</error>
        </testcase>
        <testcase name="it_dispatches_publish_job_at_scheduled_time" file="/home/user/cmis.marketing.limited/tests/Integration/Publishing/PublishingWorkflowTest.php" line="94" class="Tests\Integration\Publishing\PublishingWorkflowTest" classname="Tests.Integration.Publishing.PublishingWorkflowTest" assertions="0" time="0.309372">
          <error type="TypeError">Tests\Integration\Publishing\PublishingWorkflowTest::it_dispatches_publish_job_at_scheduled_time
TypeError: App\Jobs\PublishScheduledPostJob::__construct(): Argument #1 ($contentItem) must be of type App\Models\Creative\ContentItem, App\Models\ScheduledSocialPost given, called in /home/user/cmis.marketing.limited/vendor/laravel/framework/src/Illuminate/Foundation/Bus/Dispatchable.php on line 19

/home/user/cmis.marketing.limited/app/Jobs/PublishScheduledPostJob.php:26
/home/user/cmis.marketing.limited/vendor/laravel/framework/src/Illuminate/Foundation/Bus/Dispatchable.php:19
/home/user/cmis.marketing.limited/tests/Integration/Publishing/PublishingWorkflowTest.php:106</error>
        </testcase>
        <testcase name="it_can_update_post_status_after_publishing" file="/home/user/cmis.marketing.limited/tests/Integration/Publishing/PublishingWorkflowTest.php" line="238" class="Tests\Integration\Publishing\PublishingWorkflowTest" classname="Tests.Integration.Publishing.PublishingWorkflowTest" assertions="0" time="0.298279">
          <error type="Error">Tests\Integration\Publishing\PublishingWorkflowTest::it_can_update_post_status_after_publishing
Error: Call to undefined method App\Services\PublishingService::publishPost()

/home/user/cmis.marketing.limited/tests/Integration/Publishing/PublishingWorkflowTest.php:248</error>
        </testcase>
        <testcase name="it_enforces_one_queue_per_social_account" file="/home/user/cmis.marketing.limited/tests/Integration/Publishing/PublishingWorkflowTest.php" line="224" class="Tests\Integration\Publishing\PublishingWorkflowTest" classname="Tests.Integration.Publishing.PublishingWorkflowTest" assertions="0" time="0.296627">
          <error type="Illuminate\Database\Eloquent\InvalidCastException">Tests\Integration\Publishing\PublishingWorkflowTest::it_enforces_one_queue_per_social_account
Illuminate\Database\Eloquent\InvalidCastException: Call to undefined cast [Illuminate\Database\Eloquent\Casts\Encrypted] on column [access_token] in model [App\Models\Core\Integration].

/home/user/cmis.marketing.limited/vendor/laravel/framework/src/Illuminate/Database/Eloquent/Concerns/HasAttributes.php:1768
/home/user/cmis.marketing.limited/vendor/laravel/framework/src/Illuminate/Database/Eloquent/Concerns/HasAttributes.php:1084
/home/user/cmis.marketing.limited/vendor/laravel/framework/src/Illuminate/Database/Eloquent/Model.php:619
/home/user/cmis.marketing.limited/vendor/laravel/framework/src/Illuminate/Database/Eloquent/Model.php:713
/home/user/cmis.marketing.limited/vendor/laravel/framework/src/Illuminate/Database/Eloquent/Builder.php:1747
/home/user/cmis.marketing.limited/vendor/laravel/framework/src/Illuminate/Database/Eloquent/Builder.php:1218
/home/user/cmis.marketing.limited/vendor/laravel/framework/src/Illuminate/Support/Traits/ForwardsCalls.php:23
/home/user/cmis.marketing.limited/vendor/laravel/framework/src/Illuminate/Database/Eloquent/Model.php:2540
/home/user/cmis.marketing.limited/vendor/laravel/framework/src/Illuminate/Database/Eloquent/Model.php:2556
/home/user/cmis.marketing.limited/tests/Traits/CreatesTestData.php:105
/home/user/cmis.marketing.limited/tests/Traits/CreatesTestData.php:129
/home/user/cmis.marketing.limited/tests/Traits/CreatesTestData.php:193
/home/user/cmis.marketing.limited/tests/Integration/Publishing/PublishingWorkflowTest.php:229</error>
        </testcase>
      </testsuite>
      <testsuite name="Tests\Integration\Social\WhatsAppStatusMetricsMessagingTest" file="/home/user/cmis.marketing.limited/tests/Integration/Social/WhatsAppStatusMetricsMessagingTest.php" tests="3" assertions="0" errors="3" failures="0" skipped="0" time="0.907364">
        <testcase name="it_tracks_whatsapp_conversation_metrics" file="/home/user/cmis.marketing.limited/tests/Integration/Social/WhatsAppStatusMetricsMessagingTest.php" line="120" class="Tests\Integration\Social\WhatsAppStatusMetricsMessagingTest" classname="Tests.Integration.Social.WhatsAppStatusMetricsMessagingTest" assertions="0" time="0.300847">
          <error type="Illuminate\Database\Eloquent\InvalidCastException">Tests\Integration\Social\WhatsAppStatusMetricsMessagingTest::it_tracks_whatsapp_conversation_metrics
Illuminate\Database\Eloquent\InvalidCastException: Call to undefined cast [Illuminate\Database\Eloquent\Casts\Encrypted] on column [access_token] in model [App\Models\Core\Integration].

/home/user/cmis.marketing.limited/vendor/laravel/framework/src/Illuminate/Database/Eloquent/Concerns/HasAttributes.php:1768
/home/user/cmis.marketing.limited/vendor/laravel/framework/src/Illuminate/Database/Eloquent/Concerns/HasAttributes.php:1084
/home/user/cmis.marketing.limited/vendor/laravel/framework/src/Illuminate/Database/Eloquent/Model.php:619
/home/user/cmis.marketing.limited/vendor/laravel/framework/src/Illuminate/Database/Eloquent/Model.php:713
/home/user/cmis.marketing.limited/vendor/laravel/framework/src/Illuminate/Database/Eloquent/Builder.php:1747
/home/user/cmis.marketing.limited/vendor/laravel/framework/src/Illuminate/Database/Eloquent/Builder.php:1218
/home/user/cmis.marketing.limited/vendor/laravel/framework/src/Illuminate/Support/Traits/ForwardsCalls.php:23
/home/user/cmis.marketing.limited/vendor/laravel/framework/src/Illuminate/Database/Eloquent/Model.php:2540
/home/user/cmis.marketing.limited/vendor/laravel/framework/src/Illuminate/Database/Eloquent/Model.php:2556
/home/user/cmis.marketing.limited/tests/Traits/CreatesTestData.php:105
/home/user/cmis.marketing.limited/tests/Integration/Social/WhatsAppStatusMetricsMessagingTest.php:125</error>
        </testcase>
        <testcase name="it_handles_whatsapp_message_status_updates" file="/home/user/cmis.marketing.limited/tests/Integration/Social/WhatsAppStatusMetricsMessagingTest.php" line="30" class="Tests\Integration\Social\WhatsAppStatusMetricsMessagingTest" classname="Tests.Integration.Social.WhatsAppStatusMetricsMessagingTest" assertions="0" time="0.305895">
          <error type="Illuminate\Database\Eloquent\InvalidCastException">Tests\Integration\Social\WhatsAppStatusMetricsMessagingTest::it_handles_whatsapp_message_status_updates
Illuminate\Database\Eloquent\InvalidCastException: Call to undefined cast [Illuminate\Database\Eloquent\Casts\Encrypted] on column [access_token] in model [App\Models\Core\Integration].

/home/user/cmis.marketing.limited/vendor/laravel/framework/src/Illuminate/Database/Eloquent/Concerns/HasAttributes.php:1768
/home/user/cmis.marketing.limited/vendor/laravel/framework/src/Illuminate/Database/Eloquent/Concerns/HasAttributes.php:1084
/home/user/cmis.marketing.limited/vendor/laravel/framework/src/Illuminate/Database/Eloquent/Model.php:619
/home/user/cmis.marketing.limited/vendor/laravel/framework/src/Illuminate/Database/Eloquent/Model.php:713
/home/user/cmis.marketing.limited/vendor/laravel/framework/src/Illuminate/Database/Eloquent/Builder.php:1747
/home/user/cmis.marketing.limited/vendor/laravel/framework/src/Illuminate/Database/Eloquent/Builder.php:1218
/home/user/cmis.marketing.limited/vendor/laravel/framework/src/Illuminate/Support/Traits/ForwardsCalls.php:23
/home/user/cmis.marketing.limited/vendor/laravel/framework/src/Illuminate/Database/Eloquent/Model.php:2540
/home/user/cmis.marketing.limited/vendor/laravel/framework/src/Illuminate/Database/Eloquent/Model.php:2556
/home/user/cmis.marketing.limited/tests/Traits/CreatesTestData.php:105
/home/user/cmis.marketing.limited/tests/Integration/Social/WhatsAppStatusMetricsMessagingTest.php:35</error>
        </testcase>
        <testcase name="it_handles_whatsapp_api_errors" file="/home/user/cmis.marketing.limited/tests/Integration/Social/WhatsAppStatusMetricsMessagingTest.php" line="73" class="Tests\Integration\Social\WhatsAppStatusMetricsMessagingTest" classname="Tests.Integration.Social.WhatsAppStatusMetricsMessagingTest" assertions="0" time="0.300622">
          <error type="Illuminate\Database\Eloquent\InvalidCastException">Tests\Integration\Social\WhatsAppStatusMetricsMessagingTest::it_handles_whatsapp_api_errors
Illuminate\Database\Eloquent\InvalidCastException: Call to undefined cast [Illuminate\Database\Eloquent\Casts\Encrypted] on column [access_token] in model [App\Models\Core\Integration].

/home/user/cmis.marketing.limited/vendor/laravel/framework/src/Illuminate/Database/Eloquent/Concerns/HasAttributes.php:1768
/home/user/cmis.marketing.limited/vendor/laravel/framework/src/Illuminate/Database/Eloquent/Concerns/HasAttributes.php:1084
/home/user/cmis.marketing.limited/vendor/laravel/framework/src/Illuminate/Database/Eloquent/Model.php:619
/home/user/cmis.marketing.limited/vendor/laravel/framework/src/Illuminate/Database/Eloquent/Model.php:713
/home/user/cmis.marketing.limited/vendor/laravel/framework/src/Illuminate/Database/Eloquent/Builder.php:1747
/home/user/cmis.marketing.limited/vendor/laravel/framework/src/Illuminate/Database/Eloquent/Builder.php:1218
/home/user/cmis.marketing.limited/vendor/laravel/framework/src/Illuminate/Support/Traits/ForwardsCalls.php:23
/home/user/cmis.marketing.limited/vendor/laravel/framework/src/Illuminate/Database/Eloquent/Model.php:2540
/home/user/cmis.marketing.limited/vendor/laravel/framework/src/Illuminate/Database/Eloquent/Model.php:2556
/home/user/cmis.marketing.limited/tests/Traits/CreatesTestData.php:105
/home/user/cmis.marketing.limited/tests/Integration/Social/WhatsAppStatusMetricsMessagingTest.php:80</error>
        </testcase>
      </testsuite>
      <testsuite name="Tests\Integration\Social\LinkedInCommentsModerationTest" file="/home/user/cmis.marketing.limited/tests/Integration/Social/LinkedInCommentsModerationTest.php" tests="4" assertions="0" errors="4" failures="0" skipped="0" time="1.203333">
        <testcase name="it_handles_nested_comment_threads" file="/home/user/cmis.marketing.limited/tests/Integration/Social/LinkedInCommentsModerationTest.php" line="179" class="Tests\Integration\Social\LinkedInCommentsModerationTest" classname="Tests.Integration.Social.LinkedInCommentsModerationTest" assertions="0" time="0.305284">
          <error type="Illuminate\Database\Eloquent\InvalidCastException">Tests\Integration\Social\LinkedInCommentsModerationTest::it_handles_nested_comment_threads
Illuminate\Database\Eloquent\InvalidCastException: Call to undefined cast [Illuminate\Database\Eloquent\Casts\Encrypted] on column [access_token] in model [App\Models\Core\Integration].

/home/user/cmis.marketing.limited/vendor/laravel/framework/src/Illuminate/Database/Eloquent/Concerns/HasAttributes.php:1768
/home/user/cmis.marketing.limited/vendor/laravel/framework/src/Illuminate/Database/Eloquent/Concerns/HasAttributes.php:1084
/home/user/cmis.marketing.limited/vendor/laravel/framework/src/Illuminate/Database/Eloquent/Model.php:619
/home/user/cmis.marketing.limited/vendor/laravel/framework/src/Illuminate/Database/Eloquent/Model.php:713
/home/user/cmis.marketing.limited/vendor/laravel/framework/src/Illuminate/Database/Eloquent/Builder.php:1747
/home/user/cmis.marketing.limited/vendor/laravel/framework/src/Illuminate/Database/Eloquent/Builder.php:1218
/home/user/cmis.marketing.limited/vendor/laravel/framework/src/Illuminate/Support/Traits/ForwardsCalls.php:23
/home/user/cmis.marketing.limited/vendor/laravel/framework/src/Illuminate/Database/Eloquent/Model.php:2540
/home/user/cmis.marketing.limited/vendor/laravel/framework/src/Illuminate/Database/Eloquent/Model.php:2556
/home/user/cmis.marketing.limited/tests/Traits/CreatesTestData.php:105
/home/user/cmis.marketing.limited/tests/Integration/Social/LinkedInCommentsModerationTest.php:184</error>
        </testcase>
        <testcase name="it_replies_to_linkedin_comment" file="/home/user/cmis.marketing.limited/tests/Integration/Social/LinkedInCommentsModerationTest.php" line="73" class="Tests\Integration\Social\LinkedInCommentsModerationTest" classname="Tests.Integration.Social.LinkedInCommentsModerationTest" assertions="0" time="0.295321">
          <error type="Illuminate\Database\Eloquent\InvalidCastException">Tests\Integration\Social\LinkedInCommentsModerationTest::it_replies_to_linkedin_comment
Illuminate\Database\Eloquent\InvalidCastException: Call to undefined cast [Illuminate\Database\Eloquent\Casts\Encrypted] on column [access_token] in model [App\Models\Core\Integration].

/home/user/cmis.marketing.limited/vendor/laravel/framework/src/Illuminate/Database/Eloquent/Concerns/HasAttributes.php:1768
/home/user/cmis.marketing.limited/vendor/laravel/framework/src/Illuminate/Database/Eloquent/Concerns/HasAttributes.php:1084
/home/user/cmis.marketing.limited/vendor/laravel/framework/src/Illuminate/Database/Eloquent/Model.php:619
/home/user/cmis.marketing.limited/vendor/laravel/framework/src/Illuminate/Database/Eloquent/Model.php:713
/home/user/cmis.marketing.limited/vendor/laravel/framework/src/Illuminate/Database/Eloquent/Builder.php:1747
/home/user/cmis.marketing.limited/vendor/laravel/framework/src/Illuminate/Database/Eloquent/Builder.php:1218
/home/user/cmis.marketing.limited/vendor/laravel/framework/src/Illuminate/Support/Traits/ForwardsCalls.php:23
/home/user/cmis.marketing.limited/vendor/laravel/framework/src/Illuminate/Database/Eloquent/Model.php:2540
/home/user/cmis.marketing.limited/vendor/laravel/framework/src/Illuminate/Database/Eloquent/Model.php:2556
/home/user/cmis.marketing.limited/tests/Traits/CreatesTestData.php:105
/home/user/cmis.marketing.limited/tests/Integration/Social/LinkedInCommentsModerationTest.php:83</error>
        </testcase>
        <testcase name="it_auto_moderates_comments_with_keywords" file="/home/user/cmis.marketing.limited/tests/Integration/Social/LinkedInCommentsModerationTest.php" line="135" class="Tests\Integration\Social\LinkedInCommentsModerationTest" classname="Tests.Integration.Social.LinkedInCommentsModerationTest" assertions="0" time="0.302645">
          <error type="Illuminate\Database\Eloquent\InvalidCastException">Tests\Integration\Social\LinkedInCommentsModerationTest::it_auto_moderates_comments_with_keywords
Illuminate\Database\Eloquent\InvalidCastException: Call to undefined cast [Illuminate\Database\Eloquent\Casts\Encrypted] on column [access_token] in model [App\Models\Core\Integration].

/home/user/cmis.marketing.limited/vendor/laravel/framework/src/Illuminate/Database/Eloquent/Concerns/HasAttributes.php:1768
/home/user/cmis.marketing.limited/vendor/laravel/framework/src/Illuminate/Database/Eloquent/Concerns/HasAttributes.php:1084
/home/user/cmis.marketing.limited/vendor/laravel/framework/src/Illuminate/Database/Eloquent/Model.php:619
/home/user/cmis.marketing.limited/vendor/laravel/framework/src/Illuminate/Database/Eloquent/Model.php:713
/home/user/cmis.marketing.limited/vendor/laravel/framework/src/Illuminate/Database/Eloquent/Builder.php:1747
/home/user/cmis.marketing.limited/vendor/laravel/framework/src/Illuminate/Database/Eloquent/Builder.php:1218
/home/user/cmis.marketing.limited/vendor/laravel/framework/src/Illuminate/Support/Traits/ForwardsCalls.php:23
/home/user/cmis.marketing.limited/vendor/laravel/framework/src/Illuminate/Database/Eloquent/Model.php:2540
/home/user/cmis.marketing.limited/vendor/laravel/framework/src/Illuminate/Database/Eloquent/Model.php:2556
/home/user/cmis.marketing.limited/tests/Traits/CreatesTestData.php:105
/home/user/cmis.marketing.limited/tests/Integration/Social/LinkedInCommentsModerationTest.php:140</error>
        </testcase>
        <testcase name="it_receives_linkedin_comment" file="/home/user/cmis.marketing.limited/tests/Integration/Social/LinkedInCommentsModerationTest.php" line="30" class="Tests\Integration\Social\LinkedInCommentsModerationTest" classname="Tests.Integration.Social.LinkedInCommentsModerationTest" assertions="0" time="0.300082">
          <error type="Illuminate\Database\Eloquent\InvalidCastException">Tests\Integration\Social\LinkedInCommentsModerationTest::it_receives_linkedin_comment
Illuminate\Database\Eloquent\InvalidCastException: Call to undefined cast [Illuminate\Database\Eloquent\Casts\Encrypted] on column [access_token] in model [App\Models\Core\Integration].

/home/user/cmis.marketing.limited/vendor/laravel/framework/src/Illuminate/Database/Eloquent/Concerns/HasAttributes.php:1768
/home/user/cmis.marketing.limited/vendor/laravel/framework/src/Illuminate/Database/Eloquent/Concerns/HasAttributes.php:1084
/home/user/cmis.marketing.limited/vendor/laravel/framework/src/Illuminate/Database/Eloquent/Model.php:619
/home/user/cmis.marketing.limited/vendor/laravel/framework/src/Illuminate/Database/Eloquent/Model.php:713
/home/user/cmis.marketing.limited/vendor/laravel/framework/src/Illuminate/Database/Eloquent/Builder.php:1747
/home/user/cmis.marketing.limited/vendor/laravel/framework/src/Illuminate/Database/Eloquent/Builder.php:1218
/home/user/cmis.marketing.limited/vendor/laravel/framework/src/Illuminate/Support/Traits/ForwardsCalls.php:23
/home/user/cmis.marketing.limited/vendor/laravel/framework/src/Illuminate/Database/Eloquent/Model.php:2540
/home/user/cmis.marketing.limited/vendor/laravel/framework/src/Illuminate/Database/Eloquent/Model.php:2556
/home/user/cmis.marketing.limited/tests/Traits/CreatesTestData.php:105
/home/user/cmis.marketing.limited/tests/Integration/Social/LinkedInCommentsModerationTest.php:35</error>
        </testcase>
      </testsuite>
      <testsuite name="Tests\Integration\Knowledge\EmbeddingWorkflowTest" file="/home/user/cmis.marketing.limited/tests/Integration/Knowledge/EmbeddingWorkflowTest.php" tests="10" assertions="3" errors="8" failures="1" skipped="0" time="1.640663">
        <testcase name="it_can_batch_generate_embeddings" file="/home/user/cmis.marketing.limited/tests/Integration/Knowledge/EmbeddingWorkflowTest.php" line="209" class="Tests\Integration\Knowledge\EmbeddingWorkflowTest" classname="Tests.Integration.Knowledge.EmbeddingWorkflowTest" assertions="0" time="0.061826">
          <error type="Error">Tests\Integration\Knowledge\EmbeddingWorkflowTest::it_can_batch_generate_embeddings
Error: Call to undefined method App\Services\EmbeddingService::batchGenerateEmbeddings()

/home/user/cmis.marketing.limited/tests/Integration/Knowledge/EmbeddingWorkflowTest.php:218</error>
        </testcase>
        <testcase name="it_can_update_embeddings_when_content_changes" file="/home/user/cmis.marketing.limited/tests/Integration/Knowledge/EmbeddingWorkflowTest.php" line="251" class="Tests\Integration\Knowledge\EmbeddingWorkflowTest" classname="Tests.Integration.Knowledge.EmbeddingWorkflowTest" assertions="0" time="0.299232">
          <error type="Error">Tests\Integration\Knowledge\EmbeddingWorkflowTest::it_can_update_embeddings_when_content_changes
Error: Call to undefined method App\Services\EmbeddingService::getOrGenerateEmbedding()

/home/user/cmis.marketing.limited/tests/Integration/Knowledge/EmbeddingWorkflowTest.php:263</error>
        </testcase>
        <testcase name="it_can_queue_embedding_generation" file="/home/user/cmis.marketing.limited/tests/Integration/Knowledge/EmbeddingWorkflowTest.php" line="146" class="Tests\Integration\Knowledge\EmbeddingWorkflowTest" classname="Tests.Integration.Knowledge.EmbeddingWorkflowTest" assertions="0" time="0.299472">
          <error type="TypeError">Tests\Integration\Knowledge\EmbeddingWorkflowTest::it_can_queue_embedding_generation
TypeError: App\Jobs\GenerateEmbeddingsJob::__construct(): Argument #2 ($limit) must be of type ?int, string given, called in /home/user/cmis.marketing.limited/vendor/laravel/framework/src/Illuminate/Foundation/Bus/Dispatchable.php on line 19

/home/user/cmis.marketing.limited/app/Jobs/GenerateEmbeddingsJob.php:26
/home/user/cmis.marketing.limited/vendor/laravel/framework/src/Illuminate/Foundation/Bus/Dispatchable.php:19
/home/user/cmis.marketing.limited/tests/Integration/Knowledge/EmbeddingWorkflowTest.php:155</error>
        </testcase>
        <testcase name="it_handles_embedding_api_errors" file="/home/user/cmis.marketing.limited/tests/Integration/Knowledge/EmbeddingWorkflowTest.php" line="166" class="Tests\Integration\Knowledge\EmbeddingWorkflowTest" classname="Tests.Integration.Knowledge.EmbeddingWorkflowTest" assertions="1" time="0.062365"/>
        <testcase name="it_can_register_feedback_for_search_results" file="/home/user/cmis.marketing.limited/tests/Integration/Knowledge/EmbeddingWorkflowTest.php" line="176" class="Tests\Integration\Knowledge\EmbeddingWorkflowTest" classname="Tests.Integration.Knowledge.EmbeddingWorkflowTest" assertions="0" time="0.296824">
          <error type="Illuminate\Database\QueryException">Tests\Integration\Knowledge\EmbeddingWorkflowTest::it_can_register_feedback_for_search_results
Illuminate\Database\QueryException: SQLSTATE[42P01]: Undefined table: 7 ERROR:  relation "cmis.semantic_search_log" does not exist
LINE 1: insert into "cmis"."semantic_search_log" ("query_text", "res...
                    ^ (Connection: pgsql, SQL: insert into "cmis"."semantic_search_log" ("query_text", "results_count", "user_id", "search_id") values (test search, 5, ca194b08-5a03-4946-9653-503c940e1a9f, 019a9bc7-4735-71d1-8557-028ba9b9a6e2))

/home/user/cmis.marketing.limited/vendor/laravel/framework/src/Illuminate/Database/Connection.php:824
/home/user/cmis.marketing.limited/vendor/laravel/framework/src/Illuminate/Database/Connection.php:778
/home/user/cmis.marketing.limited/vendor/laravel/framework/src/Illuminate/Database/Connection.php:559
/home/user/cmis.marketing.limited/vendor/laravel/framework/src/Illuminate/Database/Connection.php:523
/home/user/cmis.marketing.limited/vendor/laravel/framework/src/Illuminate/Database/Query/Builder.php:3804
/home/user/cmis.marketing.limited/vendor/laravel/framework/src/Illuminate/Database/Eloquent/Builder.php:2235
/home/user/cmis.marketing.limited/vendor/laravel/framework/src/Illuminate/Database/Eloquent/Model.php:1412
/home/user/cmis.marketing.limited/vendor/laravel/framework/src/Illuminate/Database/Eloquent/Model.php:1240
/home/user/cmis.marketing.limited/vendor/laravel/framework/src/Illuminate/Database/Eloquent/Builder.php:1219
/home/user/cmis.marketing.limited/vendor/laravel/framework/src/Illuminate/Support/helpers.php:390
/home/user/cmis.marketing.limited/vendor/laravel/framework/src/Illuminate/Database/Eloquent/Builder.php:1218
/home/user/cmis.marketing.limited/vendor/laravel/framework/src/Illuminate/Support/Traits/ForwardsCalls.php:23
/home/user/cmis.marketing.limited/vendor/laravel/framework/src/Illuminate/Database/Eloquent/Model.php:2540
/home/user/cmis.marketing.limited/vendor/laravel/framework/src/Illuminate/Database/Eloquent/Model.php:2556
/home/user/cmis.marketing.limited/tests/Integration/Knowledge/EmbeddingWorkflowTest.php:181</error>
        </testcase>
        <testcase name="it_can_perform_semantic_search" file="/home/user/cmis.marketing.limited/tests/Integration/Knowledge/EmbeddingWorkflowTest.php" line="89" class="Tests\Integration\Knowledge\EmbeddingWorkflowTest" classname="Tests.Integration.Knowledge.EmbeddingWorkflowTest" assertions="0" time="0.060987">
          <error type="TypeError">Tests\Integration\Knowledge\EmbeddingWorkflowTest::it_can_perform_semantic_search
TypeError: App\Services\CMIS\SemanticSearchService::search(): Argument #2 ($intent) must be of type ?string, array given, called in /home/user/cmis.marketing.limited/tests/Integration/Knowledge/EmbeddingWorkflowTest.php on line 95

/home/user/cmis.marketing.limited/app/Services/CMIS/SemanticSearchService.php:21
/home/user/cmis.marketing.limited/tests/Integration/Knowledge/EmbeddingWorkflowTest.php:95</error>
        </testcase>
        <testcase name="it_can_generate_embeddings_for_content" file="/home/user/cmis.marketing.limited/tests/Integration/Knowledge/EmbeddingWorkflowTest.php" line="35" class="Tests\Integration\Knowledge\EmbeddingWorkflowTest" classname="Tests.Integration.Knowledge.EmbeddingWorkflowTest" assertions="0" time="0.057670">
          <error type="Illuminate\Database\QueryException">Tests\Integration\Knowledge\EmbeddingWorkflowTest::it_can_generate_embeddings_for_content
Illuminate\Database\QueryException: SQLSTATE[42P01]: Undefined table: 7 ERROR:  relation "cmis.embeddings_cache" does not exist
LINE 1: select * from "cmis"."embeddings_cache" where "content_hash"...
                      ^ (Connection: pgsql, SQL: select * from "cmis"."embeddings_cache" where "content_hash" = e0a838b6b538b4b5a80d1151aebe626a limit 1)

/home/user/cmis.marketing.limited/vendor/laravel/framework/src/Illuminate/Database/Connection.php:824
/home/user/cmis.marketing.limited/vendor/laravel/framework/src/Illuminate/Database/Connection.php:778
/home/user/cmis.marketing.limited/vendor/laravel/framework/src/Illuminate/Database/Connection.php:397
/home/user/cmis.marketing.limited/vendor/laravel/framework/src/Illuminate/Database/Query/Builder.php:3188
/home/user/cmis.marketing.limited/vendor/laravel/framework/src/Illuminate/Database/Query/Builder.php:3173
/home/user/cmis.marketing.limited/vendor/laravel/framework/src/Illuminate/Database/Query/Builder.php:3763
/home/user/cmis.marketing.limited/vendor/laravel/framework/src/Illuminate/Database/Query/Builder.php:3172
/home/user/cmis.marketing.limited/vendor/laravel/framework/src/Illuminate/Database/Eloquent/Builder.php:902
/home/user/cmis.marketing.limited/vendor/laravel/framework/src/Illuminate/Database/Eloquent/Builder.php:884
/home/user/cmis.marketing.limited/vendor/laravel/framework/src/Illuminate/Database/Concerns/BuildsQueries.php:366
/home/user/cmis.marketing.limited/app/Models/Knowledge/EmbeddingsCache.php:53
/home/user/cmis.marketing.limited/app/Services/EmbeddingService.php:22
/home/user/cmis.marketing.limited/tests/Integration/Knowledge/EmbeddingWorkflowTest.php:41</error>
        </testcase>
        <testcase name="it_caches_generated_embeddings" file="/home/user/cmis.marketing.limited/tests/Integration/Knowledge/EmbeddingWorkflowTest.php" line="54" class="Tests\Integration\Knowledge\EmbeddingWorkflowTest" classname="Tests.Integration.Knowledge.EmbeddingWorkflowTest" assertions="0" time="0.308839">
          <error type="Error">Tests\Integration\Knowledge\EmbeddingWorkflowTest::it_caches_generated_embeddings
Error: Call to undefined method App\Services\EmbeddingService::getOrGenerateEmbedding()

/home/user/cmis.marketing.limited/tests/Integration/Knowledge/EmbeddingWorkflowTest.php:63</error>
        </testcase>
        <testcase name="it_respects_embedding_quality_threshold" file="/home/user/cmis.marketing.limited/tests/Integration/Knowledge/EmbeddingWorkflowTest.php" line="232" class="Tests\Integration\Knowledge\EmbeddingWorkflowTest" classname="Tests.Integration.Knowledge.EmbeddingWorkflowTest" assertions="0" time="0.060013">
          <error type="Illuminate\Database\QueryException">Tests\Integration\Knowledge\EmbeddingWorkflowTest::it_respects_embedding_quality_threshold
Illuminate\Database\QueryException: SQLSTATE[42P01]: Undefined table: 7 ERROR:  relation "cmis.embeddings_cache" does not exist
LINE 1: select * from "cmis"."embeddings_cache" where "content_hash"...
                      ^ (Connection: pgsql, SQL: select * from "cmis"."embeddings_cache" where "content_hash" = 2bfe01380e69d71fe86ab9d11dd14ab4 limit 1)

/home/user/cmis.marketing.limited/vendor/laravel/framework/src/Illuminate/Database/Connection.php:824
/home/user/cmis.marketing.limited/vendor/laravel/framework/src/Illuminate/Database/Connection.php:778
/home/user/cmis.marketing.limited/vendor/laravel/framework/src/Illuminate/Database/Connection.php:397
/home/user/cmis.marketing.limited/vendor/laravel/framework/src/Illuminate/Database/Query/Builder.php:3188
/home/user/cmis.marketing.limited/vendor/laravel/framework/src/Illuminate/Database/Query/Builder.php:3173
/home/user/cmis.marketing.limited/vendor/laravel/framework/src/Illuminate/Database/Query/Builder.php:3763
/home/user/cmis.marketing.limited/vendor/laravel/framework/src/Illuminate/Database/Query/Builder.php:3172
/home/user/cmis.marketing.limited/vendor/laravel/framework/src/Illuminate/Database/Eloquent/Builder.php:902
/home/user/cmis.marketing.limited/vendor/laravel/framework/src/Illuminate/Database/Eloquent/Builder.php:884
/home/user/cmis.marketing.limited/vendor/laravel/framework/src/Illuminate/Database/Concerns/BuildsQueries.php:366
/home/user/cmis.marketing.limited/app/Models/Knowledge/EmbeddingsCache.php:53
/home/user/cmis.marketing.limited/app/Services/EmbeddingService.php:22
/home/user/cmis.marketing.limited/tests/Integration/Knowledge/EmbeddingWorkflowTest.php:239</error>
        </testcase>
        <testcase name="it_caches_search_results" file="/home/user/cmis.marketing.limited/tests/Integration/Knowledge/EmbeddingWorkflowTest.php" line="117" class="Tests\Integration\Knowledge\EmbeddingWorkflowTest" classname="Tests.Integration.Knowledge.EmbeddingWorkflowTest" assertions="2" time="0.133435">
          <failure type="PHPUnit\Framework\ExpectationFailedException">Tests\Integration\Knowledge\EmbeddingWorkflowTest::it_caches_search_results
Failed asserting that a row in the table [cmis_knowledge.semantic_search_results_cache] matches the attributes {
    "query_hash": "5d9c33fbbbe3f4a1ab216972f5668c27ba25df4fe010fc936087faca554c747c",
    "query_text": "test search query"
}.

Found: [
    {
        "query_hash": "7346919bac213cdedb408001e6f85b80",
        "query_text": "test search query"
    },
    {
        "query_hash": "7346919bac213cdedb408001e6f85b80",
        "query_text": "test search query"
    }
].

/home/user/cmis.marketing.limited/vendor/laravel/framework/src/Illuminate/Foundation/Testing/Concerns/InteractsWithDatabase.php:43
/home/user/cmis.marketing.limited/tests/Integration/Knowledge/EmbeddingWorkflowTest.php:134</failure>
        </testcase>
      </testsuite>
      <testsuite name="Tests\Integration\CompleteFlow\CompleteMarketingWorkflowTest" file="/home/user/cmis.marketing.limited/tests/Integration/CompleteFlow/CompleteMarketingWorkflowTest.php" tests="1" assertions="0" errors="1" failures="0" skipped="0" time="0.316290">
        <testcase name="it_executes_complete_marketing_workflow_with_all_details" file="/home/user/cmis.marketing.limited/tests/Integration/CompleteFlow/CompleteMarketingWorkflowTest.php" line="26" class="Tests\Integration\CompleteFlow\CompleteMarketingWorkflowTest" classname="Tests.Integration.CompleteFlow.CompleteMarketingWorkflowTest" assertions="0" time="0.316290">
          <error type="Illuminate\Database\QueryException">Tests\Integration\CompleteFlow\CompleteMarketingWorkflowTest::it_executes_complete_marketing_workflow_with_all_details
Illuminate\Database\QueryException: SQLSTATE[42P01]: Undefined table: 7 ERROR:  relation "cmis.offerings" does not exist
LINE 1: insert into "cmis"."offerings" ("org_id", "name", "descripti...
                    ^ (Connection: pgsql, SQL: insert into "cmis"."offerings" ("org_id", "name", "description", "offering_id") values (952533bb-abd9-47d5-a9ee-de669ea93a05, قميص صيفي قطني, قميص صيفي مريح مصنوع من القطن 100%, 019a9bc7-4ae2-71ee-9311-eb1b2fdcc4e1))

/home/user/cmis.marketing.limited/vendor/laravel/framework/src/Illuminate/Database/Connection.php:824
/home/user/cmis.marketing.limited/vendor/laravel/framework/src/Illuminate/Database/Connection.php:778
/home/user/cmis.marketing.limited/vendor/laravel/framework/src/Illuminate/Database/Connection.php:559
/home/user/cmis.marketing.limited/vendor/laravel/framework/src/Illuminate/Database/Connection.php:523
/home/user/cmis.marketing.limited/vendor/laravel/framework/src/Illuminate/Database/Query/Builder.php:3804
/home/user/cmis.marketing.limited/vendor/laravel/framework/src/Illuminate/Database/Eloquent/Builder.php:2235
/home/user/cmis.marketing.limited/vendor/laravel/framework/src/Illuminate/Database/Eloquent/Model.php:1412
/home/user/cmis.marketing.limited/vendor/laravel/framework/src/Illuminate/Database/Eloquent/Model.php:1240
/home/user/cmis.marketing.limited/vendor/laravel/framework/src/Illuminate/Database/Eloquent/Builder.php:1219
/home/user/cmis.marketing.limited/vendor/laravel/framework/src/Illuminate/Support/helpers.php:390
/home/user/cmis.marketing.limited/vendor/laravel/framework/src/Illuminate/Database/Eloquent/Builder.php:1218
/home/user/cmis.marketing.limited/vendor/laravel/framework/src/Illuminate/Support/Traits/ForwardsCalls.php:23
/home/user/cmis.marketing.limited/vendor/laravel/framework/src/Illuminate/Database/Eloquent/Model.php:2540
/home/user/cmis.marketing.limited/vendor/laravel/framework/src/Illuminate/Database/Eloquent/Model.php:2556
/home/user/cmis.marketing.limited/tests/Integration/CompleteFlow/CompleteMarketingWorkflowTest.php:39</error>
        </testcase>
      </testsuite>
      <testsuite name="Tests\Integration\Social\WhatsAppTextImageMessagingTest" file="/home/user/cmis.marketing.limited/tests/Integration/Social/WhatsAppTextImageMessagingTest.php" tests="4" assertions="0" errors="4" failures="0" skipped="0" time="1.222888">
        <testcase name="it_receives_whatsapp_image_message" file="/home/user/cmis.marketing.limited/tests/Integration/Social/WhatsAppTextImageMessagingTest.php" line="171" class="Tests\Integration\Social\WhatsAppTextImageMessagingTest" classname="Tests.Integration.Social.WhatsAppTextImageMessagingTest" assertions="0" time="0.307606">
          <error type="Illuminate\Database\Eloquent\InvalidCastException">Tests\Integration\Social\WhatsAppTextImageMessagingTest::it_receives_whatsapp_image_message
Illuminate\Database\Eloquent\InvalidCastException: Call to undefined cast [Illuminate\Database\Eloquent\Casts\Encrypted] on column [access_token] in model [App\Models\Core\Integration].

/home/user/cmis.marketing.limited/vendor/laravel/framework/src/Illuminate/Database/Eloquent/Concerns/HasAttributes.php:1768
/home/user/cmis.marketing.limited/vendor/laravel/framework/src/Illuminate/Database/Eloquent/Concerns/HasAttributes.php:1084
/home/user/cmis.marketing.limited/vendor/laravel/framework/src/Illuminate/Database/Eloquent/Model.php:619
/home/user/cmis.marketing.limited/vendor/laravel/framework/src/Illuminate/Database/Eloquent/Model.php:713
/home/user/cmis.marketing.limited/vendor/laravel/framework/src/Illuminate/Database/Eloquent/Builder.php:1747
/home/user/cmis.marketing.limited/vendor/laravel/framework/src/Illuminate/Database/Eloquent/Builder.php:1218
/home/user/cmis.marketing.limited/vendor/laravel/framework/src/Illuminate/Support/Traits/ForwardsCalls.php:23
/home/user/cmis.marketing.limited/vendor/laravel/framework/src/Illuminate/Database/Eloquent/Model.php:2540
/home/user/cmis.marketing.limited/vendor/laravel/framework/src/Illuminate/Database/Eloquent/Model.php:2556
/home/user/cmis.marketing.limited/tests/Traits/CreatesTestData.php:105
/home/user/cmis.marketing.limited/tests/Integration/Social/WhatsAppTextImageMessagingTest.php:176</error>
        </testcase>
        <testcase name="it_sends_whatsapp_text_message_reply" file="/home/user/cmis.marketing.limited/tests/Integration/Social/WhatsAppTextImageMessagingTest.php" line="115" class="Tests\Integration\Social\WhatsAppTextImageMessagingTest" classname="Tests.Integration.Social.WhatsAppTextImageMessagingTest" assertions="0" time="0.302967">
          <error type="Illuminate\Database\Eloquent\InvalidCastException">Tests\Integration\Social\WhatsAppTextImageMessagingTest::it_sends_whatsapp_text_message_reply
Illuminate\Database\Eloquent\InvalidCastException: Call to undefined cast [Illuminate\Database\Eloquent\Casts\Encrypted] on column [access_token] in model [App\Models\Core\Integration].

/home/user/cmis.marketing.limited/vendor/laravel/framework/src/Illuminate/Database/Eloquent/Concerns/HasAttributes.php:1768
/home/user/cmis.marketing.limited/vendor/laravel/framework/src/Illuminate/Database/Eloquent/Concerns/HasAttributes.php:1084
/home/user/cmis.marketing.limited/vendor/laravel/framework/src/Illuminate/Database/Eloquent/Model.php:619
/home/user/cmis.marketing.limited/vendor/laravel/framework/src/Illuminate/Database/Eloquent/Model.php:713
/home/user/cmis.marketing.limited/vendor/laravel/framework/src/Illuminate/Database/Eloquent/Builder.php:1747
/home/user/cmis.marketing.limited/vendor/laravel/framework/src/Illuminate/Database/Eloquent/Builder.php:1218
/home/user/cmis.marketing.limited/vendor/laravel/framework/src/Illuminate/Support/Traits/ForwardsCalls.php:23
/home/user/cmis.marketing.limited/vendor/laravel/framework/src/Illuminate/Database/Eloquent/Model.php:2540
/home/user/cmis.marketing.limited/vendor/laravel/framework/src/Illuminate/Database/Eloquent/Model.php:2556
/home/user/cmis.marketing.limited/tests/Traits/CreatesTestData.php:105
/home/user/cmis.marketing.limited/tests/Integration/Social/WhatsAppTextImageMessagingTest.php:125</error>
        </testcase>
        <testcase name="it_receives_whatsapp_text_message" file="/home/user/cmis.marketing.limited/tests/Integration/Social/WhatsAppTextImageMessagingTest.php" line="30" class="Tests\Integration\Social\WhatsAppTextImageMessagingTest" classname="Tests.Integration.Social.WhatsAppTextImageMessagingTest" assertions="0" time="0.305320">
          <error type="Illuminate\Database\Eloquent\InvalidCastException">Tests\Integration\Social\WhatsAppTextImageMessagingTest::it_receives_whatsapp_text_message
Illuminate\Database\Eloquent\InvalidCastException: Call to undefined cast [Illuminate\Database\Eloquent\Casts\Encrypted] on column [access_token] in model [App\Models\Core\Integration].

/home/user/cmis.marketing.limited/vendor/laravel/framework/src/Illuminate/Database/Eloquent/Concerns/HasAttributes.php:1768
/home/user/cmis.marketing.limited/vendor/laravel/framework/src/Illuminate/Database/Eloquent/Concerns/HasAttributes.php:1084
/home/user/cmis.marketing.limited/vendor/laravel/framework/src/Illuminate/Database/Eloquent/Model.php:619
/home/user/cmis.marketing.limited/vendor/laravel/framework/src/Illuminate/Database/Eloquent/Model.php:713
/home/user/cmis.marketing.limited/vendor/laravel/framework/src/Illuminate/Database/Eloquent/Builder.php:1747
/home/user/cmis.marketing.limited/vendor/laravel/framework/src/Illuminate/Database/Eloquent/Builder.php:1218
/home/user/cmis.marketing.limited/vendor/laravel/framework/src/Illuminate/Support/Traits/ForwardsCalls.php:23
/home/user/cmis.marketing.limited/vendor/laravel/framework/src/Illuminate/Database/Eloquent/Model.php:2540
/home/user/cmis.marketing.limited/vendor/laravel/framework/src/Illuminate/Database/Eloquent/Model.php:2556
/home/user/cmis.marketing.limited/tests/Traits/CreatesTestData.php:105
/home/user/cmis.marketing.limited/tests/Integration/Social/WhatsAppTextImageMessagingTest.php:35</error>
        </testcase>
        <testcase name="it_sends_whatsapp_image_message" file="/home/user/cmis.marketing.limited/tests/Integration/Social/WhatsAppTextImageMessagingTest.php" line="216" class="Tests\Integration\Social\WhatsAppTextImageMessagingTest" classname="Tests.Integration.Social.WhatsAppTextImageMessagingTest" assertions="0" time="0.306995">
          <error type="Illuminate\Database\Eloquent\InvalidCastException">Tests\Integration\Social\WhatsAppTextImageMessagingTest::it_sends_whatsapp_image_message
Illuminate\Database\Eloquent\InvalidCastException: Call to undefined cast [Illuminate\Database\Eloquent\Casts\Encrypted] on column [access_token] in model [App\Models\Core\Integration].

/home/user/cmis.marketing.limited/vendor/laravel/framework/src/Illuminate/Database/Eloquent/Concerns/HasAttributes.php:1768
/home/user/cmis.marketing.limited/vendor/laravel/framework/src/Illuminate/Database/Eloquent/Concerns/HasAttributes.php:1084
/home/user/cmis.marketing.limited/vendor/laravel/framework/src/Illuminate/Database/Eloquent/Model.php:619
/home/user/cmis.marketing.limited/vendor/laravel/framework/src/Illuminate/Database/Eloquent/Model.php:713
/home/user/cmis.marketing.limited/vendor/laravel/framework/src/Illuminate/Database/Eloquent/Builder.php:1747
/home/user/cmis.marketing.limited/vendor/laravel/framework/src/Illuminate/Database/Eloquent/Builder.php:1218
/home/user/cmis.marketing.limited/vendor/laravel/framework/src/Illuminate/Support/Traits/ForwardsCalls.php:23
/home/user/cmis.marketing.limited/vendor/laravel/framework/src/Illuminate/Database/Eloquent/Model.php:2540
/home/user/cmis.marketing.limited/vendor/laravel/framework/src/Illuminate/Database/Eloquent/Model.php:2556
/home/user/cmis.marketing.limited/tests/Traits/CreatesTestData.php:105
/home/user/cmis.marketing.limited/tests/Integration/Social/WhatsAppTextImageMessagingTest.php:226</error>
        </testcase>
      </testsuite>
      <testsuite name="Tests\Integration\AdPlatform\LinkedInAdsWorkflowTest" file="/home/user/cmis.marketing.limited/tests/Integration/AdPlatform/LinkedInAdsWorkflowTest.php" tests="10" assertions="0" errors="10" failures="0" skipped="0" time="3.038695">
        <testcase name="it_updates_linkedin_campaign_budget" file="/home/user/cmis.marketing.limited/tests/Integration/AdPlatform/LinkedInAdsWorkflowTest.php" line="391" class="Tests\Integration\AdPlatform\LinkedInAdsWorkflowTest" classname="Tests.Integration.AdPlatform.LinkedInAdsWorkflowTest" assertions="0" time="0.302232">
          <error type="Illuminate\Database\Eloquent\InvalidCastException">Tests\Integration\AdPlatform\LinkedInAdsWorkflowTest::it_updates_linkedin_campaign_budget
Illuminate\Database\Eloquent\InvalidCastException: Call to undefined cast [Illuminate\Database\Eloquent\Casts\Encrypted] on column [access_token] in model [App\Models\Core\Integration].

/home/user/cmis.marketing.limited/vendor/laravel/framework/src/Illuminate/Database/Eloquent/Concerns/HasAttributes.php:1768
/home/user/cmis.marketing.limited/vendor/laravel/framework/src/Illuminate/Database/Eloquent/Concerns/HasAttributes.php:1084
/home/user/cmis.marketing.limited/vendor/laravel/framework/src/Illuminate/Database/Eloquent/Model.php:619
/home/user/cmis.marketing.limited/vendor/laravel/framework/src/Illuminate/Database/Eloquent/Model.php:713
/home/user/cmis.marketing.limited/vendor/laravel/framework/src/Illuminate/Database/Eloquent/Builder.php:1747
/home/user/cmis.marketing.limited/vendor/laravel/framework/src/Illuminate/Database/Eloquent/Builder.php:1218
/home/user/cmis.marketing.limited/vendor/laravel/framework/src/Illuminate/Support/Traits/ForwardsCalls.php:23
/home/user/cmis.marketing.limited/vendor/laravel/framework/src/Illuminate/Database/Eloquent/Model.php:2540
/home/user/cmis.marketing.limited/vendor/laravel/framework/src/Illuminate/Database/Eloquent/Model.php:2556
/home/user/cmis.marketing.limited/tests/Traits/CreatesTestData.php:105
/home/user/cmis.marketing.limited/tests/Integration/AdPlatform/LinkedInAdsWorkflowTest.php:396</error>
        </testcase>
        <testcase name="it_fetches_linkedin_campaign_analytics" file="/home/user/cmis.marketing.limited/tests/Integration/AdPlatform/LinkedInAdsWorkflowTest.php" line="218" class="Tests\Integration\AdPlatform\LinkedInAdsWorkflowTest" classname="Tests.Integration.AdPlatform.LinkedInAdsWorkflowTest" assertions="0" time="0.304305">
          <error type="Illuminate\Database\Eloquent\InvalidCastException">Tests\Integration\AdPlatform\LinkedInAdsWorkflowTest::it_fetches_linkedin_campaign_analytics
Illuminate\Database\Eloquent\InvalidCastException: Call to undefined cast [Illuminate\Database\Eloquent\Casts\Encrypted] on column [access_token] in model [App\Models\Core\Integration].

/home/user/cmis.marketing.limited/vendor/laravel/framework/src/Illuminate/Database/Eloquent/Concerns/HasAttributes.php:1768
/home/user/cmis.marketing.limited/vendor/laravel/framework/src/Illuminate/Database/Eloquent/Concerns/HasAttributes.php:1084
/home/user/cmis.marketing.limited/vendor/laravel/framework/src/Illuminate/Database/Eloquent/Model.php:619
/home/user/cmis.marketing.limited/vendor/laravel/framework/src/Illuminate/Database/Eloquent/Model.php:713
/home/user/cmis.marketing.limited/vendor/laravel/framework/src/Illuminate/Database/Eloquent/Builder.php:1747
/home/user/cmis.marketing.limited/vendor/laravel/framework/src/Illuminate/Database/Eloquent/Builder.php:1218
/home/user/cmis.marketing.limited/vendor/laravel/framework/src/Illuminate/Support/Traits/ForwardsCalls.php:23
/home/user/cmis.marketing.limited/vendor/laravel/framework/src/Illuminate/Database/Eloquent/Model.php:2540
/home/user/cmis.marketing.limited/vendor/laravel/framework/src/Illuminate/Database/Eloquent/Model.php:2556
/home/user/cmis.marketing.limited/tests/Traits/CreatesTestData.php:105
/home/user/cmis.marketing.limited/tests/Integration/AdPlatform/LinkedInAdsWorkflowTest.php:223</error>
        </testcase>
        <testcase name="it_creates_linkedin_text_ad" file="/home/user/cmis.marketing.limited/tests/Integration/AdPlatform/LinkedInAdsWorkflowTest.php" line="313" class="Tests\Integration\AdPlatform\LinkedInAdsWorkflowTest" classname="Tests.Integration.AdPlatform.LinkedInAdsWorkflowTest" assertions="0" time="0.309664">
          <error type="Illuminate\Database\Eloquent\InvalidCastException">Tests\Integration\AdPlatform\LinkedInAdsWorkflowTest::it_creates_linkedin_text_ad
Illuminate\Database\Eloquent\InvalidCastException: Call to undefined cast [Illuminate\Database\Eloquent\Casts\Encrypted] on column [access_token] in model [App\Models\Core\Integration].

/home/user/cmis.marketing.limited/vendor/laravel/framework/src/Illuminate/Database/Eloquent/Concerns/HasAttributes.php:1768
/home/user/cmis.marketing.limited/vendor/laravel/framework/src/Illuminate/Database/Eloquent/Concerns/HasAttributes.php:1084
/home/user/cmis.marketing.limited/vendor/laravel/framework/src/Illuminate/Database/Eloquent/Model.php:619
/home/user/cmis.marketing.limited/vendor/laravel/framework/src/Illuminate/Database/Eloquent/Model.php:713
/home/user/cmis.marketing.limited/vendor/laravel/framework/src/Illuminate/Database/Eloquent/Builder.php:1747
/home/user/cmis.marketing.limited/vendor/laravel/framework/src/Illuminate/Database/Eloquent/Builder.php:1218
/home/user/cmis.marketing.limited/vendor/laravel/framework/src/Illuminate/Support/Traits/ForwardsCalls.php:23
/home/user/cmis.marketing.limited/vendor/laravel/framework/src/Illuminate/Database/Eloquent/Model.php:2540
/home/user/cmis.marketing.limited/vendor/laravel/framework/src/Illuminate/Database/Eloquent/Model.php:2556
/home/user/cmis.marketing.limited/tests/Traits/CreatesTestData.php:105
/home/user/cmis.marketing.limited/tests/Integration/AdPlatform/LinkedInAdsWorkflowTest.php:318</error>
        </testcase>
        <testcase name="it_creates_linkedin_audience_targeting" file="/home/user/cmis.marketing.limited/tests/Integration/AdPlatform/LinkedInAdsWorkflowTest.php" line="176" class="Tests\Integration\AdPlatform\LinkedInAdsWorkflowTest" classname="Tests.Integration.AdPlatform.LinkedInAdsWorkflowTest" assertions="0" time="0.302898">
          <error type="Illuminate\Database\Eloquent\InvalidCastException">Tests\Integration\AdPlatform\LinkedInAdsWorkflowTest::it_creates_linkedin_audience_targeting
Illuminate\Database\Eloquent\InvalidCastException: Call to undefined cast [Illuminate\Database\Eloquent\Casts\Encrypted] on column [access_token] in model [App\Models\Core\Integration].

/home/user/cmis.marketing.limited/vendor/laravel/framework/src/Illuminate/Database/Eloquent/Concerns/HasAttributes.php:1768
/home/user/cmis.marketing.limited/vendor/laravel/framework/src/Illuminate/Database/Eloquent/Concerns/HasAttributes.php:1084
/home/user/cmis.marketing.limited/vendor/laravel/framework/src/Illuminate/Database/Eloquent/Model.php:619
/home/user/cmis.marketing.limited/vendor/laravel/framework/src/Illuminate/Database/Eloquent/Model.php:713
/home/user/cmis.marketing.limited/vendor/laravel/framework/src/Illuminate/Database/Eloquent/Builder.php:1747
/home/user/cmis.marketing.limited/vendor/laravel/framework/src/Illuminate/Database/Eloquent/Builder.php:1218
/home/user/cmis.marketing.limited/vendor/laravel/framework/src/Illuminate/Support/Traits/ForwardsCalls.php:23
/home/user/cmis.marketing.limited/vendor/laravel/framework/src/Illuminate/Database/Eloquent/Model.php:2540
/home/user/cmis.marketing.limited/vendor/laravel/framework/src/Illuminate/Database/Eloquent/Model.php:2556
/home/user/cmis.marketing.limited/tests/Traits/CreatesTestData.php:105
/home/user/cmis.marketing.limited/tests/Integration/AdPlatform/LinkedInAdsWorkflowTest.php:181</error>
        </testcase>
        <testcase name="it_pauses_linkedin_campaign" file="/home/user/cmis.marketing.limited/tests/Integration/AdPlatform/LinkedInAdsWorkflowTest.php" line="353" class="Tests\Integration\AdPlatform\LinkedInAdsWorkflowTest" classname="Tests.Integration.AdPlatform.LinkedInAdsWorkflowTest" assertions="0" time="0.301921">
          <error type="Illuminate\Database\Eloquent\InvalidCastException">Tests\Integration\AdPlatform\LinkedInAdsWorkflowTest::it_pauses_linkedin_campaign
Illuminate\Database\Eloquent\InvalidCastException: Call to undefined cast [Illuminate\Database\Eloquent\Casts\Encrypted] on column [access_token] in model [App\Models\Core\Integration].

/home/user/cmis.marketing.limited/vendor/laravel/framework/src/Illuminate/Database/Eloquent/Concerns/HasAttributes.php:1768
/home/user/cmis.marketing.limited/vendor/laravel/framework/src/Illuminate/Database/Eloquent/Concerns/HasAttributes.php:1084
/home/user/cmis.marketing.limited/vendor/laravel/framework/src/Illuminate/Database/Eloquent/Model.php:619
/home/user/cmis.marketing.limited/vendor/laravel/framework/src/Illuminate/Database/Eloquent/Model.php:713
/home/user/cmis.marketing.limited/vendor/laravel/framework/src/Illuminate/Database/Eloquent/Builder.php:1747
/home/user/cmis.marketing.limited/vendor/laravel/framework/src/Illuminate/Database/Eloquent/Builder.php:1218
/home/user/cmis.marketing.limited/vendor/laravel/framework/src/Illuminate/Support/Traits/ForwardsCalls.php:23
/home/user/cmis.marketing.limited/vendor/laravel/framework/src/Illuminate/Database/Eloquent/Model.php:2540
/home/user/cmis.marketing.limited/vendor/laravel/framework/src/Illuminate/Database/Eloquent/Model.php:2556
/home/user/cmis.marketing.limited/tests/Traits/CreatesTestData.php:105
/home/user/cmis.marketing.limited/tests/Integration/AdPlatform/LinkedInAdsWorkflowTest.php:358</error>
        </testcase>
        <testcase name="it_handles_linkedin_api_errors" file="/home/user/cmis.marketing.limited/tests/Integration/AdPlatform/LinkedInAdsWorkflowTest.php" line="433" class="Tests\Integration\AdPlatform\LinkedInAdsWorkflowTest" classname="Tests.Integration.AdPlatform.LinkedInAdsWorkflowTest" assertions="0" time="0.300815">
          <error type="Illuminate\Database\Eloquent\InvalidCastException">Tests\Integration\AdPlatform\LinkedInAdsWorkflowTest::it_handles_linkedin_api_errors
Illuminate\Database\Eloquent\InvalidCastException: Call to undefined cast [Illuminate\Database\Eloquent\Casts\Encrypted] on column [access_token] in model [App\Models\Core\Integration].

/home/user/cmis.marketing.limited/vendor/laravel/framework/src/Illuminate/Database/Eloquent/Concerns/HasAttributes.php:1768
/home/user/cmis.marketing.limited/vendor/laravel/framework/src/Illuminate/Database/Eloquent/Concerns/HasAttributes.php:1084
/home/user/cmis.marketing.limited/vendor/laravel/framework/src/Illuminate/Database/Eloquent/Model.php:619
/home/user/cmis.marketing.limited/vendor/laravel/framework/src/Illuminate/Database/Eloquent/Model.php:713
/home/user/cmis.marketing.limited/vendor/laravel/framework/src/Illuminate/Database/Eloquent/Builder.php:1747
/home/user/cmis.marketing.limited/vendor/laravel/framework/src/Illuminate/Database/Eloquent/Builder.php:1218
/home/user/cmis.marketing.limited/vendor/laravel/framework/src/Illuminate/Support/Traits/ForwardsCalls.php:23
/home/user/cmis.marketing.limited/vendor/laravel/framework/src/Illuminate/Database/Eloquent/Model.php:2540
/home/user/cmis.marketing.limited/vendor/laravel/framework/src/Illuminate/Database/Eloquent/Model.php:2556
/home/user/cmis.marketing.limited/tests/Traits/CreatesTestData.php:105
/home/user/cmis.marketing.limited/tests/Integration/AdPlatform/LinkedInAdsWorkflowTest.php:438</error>
        </testcase>
        <testcase name="it_fetches_linkedin_lead_gen_submissions" file="/home/user/cmis.marketing.limited/tests/Integration/AdPlatform/LinkedInAdsWorkflowTest.php" line="275" class="Tests\Integration\AdPlatform\LinkedInAdsWorkflowTest" classname="Tests.Integration.AdPlatform.LinkedInAdsWorkflowTest" assertions="0" time="0.302068">
          <error type="Illuminate\Database\Eloquent\InvalidCastException">Tests\Integration\AdPlatform\LinkedInAdsWorkflowTest::it_fetches_linkedin_lead_gen_submissions
Illuminate\Database\Eloquent\InvalidCastException: Call to undefined cast [Illuminate\Database\Eloquent\Casts\Encrypted] on column [access_token] in model [App\Models\Core\Integration].

/home/user/cmis.marketing.limited/vendor/laravel/framework/src/Illuminate/Database/Eloquent/Concerns/HasAttributes.php:1768
/home/user/cmis.marketing.limited/vendor/laravel/framework/src/Illuminate/Database/Eloquent/Concerns/HasAttributes.php:1084
/home/user/cmis.marketing.limited/vendor/laravel/framework/src/Illuminate/Database/Eloquent/Model.php:619
/home/user/cmis.marketing.limited/vendor/laravel/framework/src/Illuminate/Database/Eloquent/Model.php:713
/home/user/cmis.marketing.limited/vendor/laravel/framework/src/Illuminate/Database/Eloquent/Builder.php:1747
/home/user/cmis.marketing.limited/vendor/laravel/framework/src/Illuminate/Database/Eloquent/Builder.php:1218
/home/user/cmis.marketing.limited/vendor/laravel/framework/src/Illuminate/Support/Traits/ForwardsCalls.php:23
/home/user/cmis.marketing.limited/vendor/laravel/framework/src/Illuminate/Database/Eloquent/Model.php:2540
/home/user/cmis.marketing.limited/vendor/laravel/framework/src/Illuminate/Database/Eloquent/Model.php:2556
/home/user/cmis.marketing.limited/tests/Traits/CreatesTestData.php:105
/home/user/cmis.marketing.limited/tests/Integration/AdPlatform/LinkedInAdsWorkflowTest.php:280</error>
        </testcase>
        <testcase name="it_creates_linkedin_sponsored_content" file="/home/user/cmis.marketing.limited/tests/Integration/AdPlatform/LinkedInAdsWorkflowTest.php" line="72" class="Tests\Integration\AdPlatform\LinkedInAdsWorkflowTest" classname="Tests.Integration.AdPlatform.LinkedInAdsWorkflowTest" assertions="0" time="0.301439">
          <error type="Illuminate\Database\Eloquent\InvalidCastException">Tests\Integration\AdPlatform\LinkedInAdsWorkflowTest::it_creates_linkedin_sponsored_content
Illuminate\Database\Eloquent\InvalidCastException: Call to undefined cast [Illuminate\Database\Eloquent\Casts\Encrypted] on column [access_token] in model [App\Models\Core\Integration].

/home/user/cmis.marketing.limited/vendor/laravel/framework/src/Illuminate/Database/Eloquent/Concerns/HasAttributes.php:1768
/home/user/cmis.marketing.limited/vendor/laravel/framework/src/Illuminate/Database/Eloquent/Concerns/HasAttributes.php:1084
/home/user/cmis.marketing.limited/vendor/laravel/framework/src/Illuminate/Database/Eloquent/Model.php:619
/home/user/cmis.marketing.limited/vendor/laravel/framework/src/Illuminate/Database/Eloquent/Model.php:713
/home/user/cmis.marketing.limited/vendor/laravel/framework/src/Illuminate/Database/Eloquent/Builder.php:1747
/home/user/cmis.marketing.limited/vendor/laravel/framework/src/Illuminate/Database/Eloquent/Builder.php:1218
/home/user/cmis.marketing.limited/vendor/laravel/framework/src/Illuminate/Support/Traits/ForwardsCalls.php:23
/home/user/cmis.marketing.limited/vendor/laravel/framework/src/Illuminate/Database/Eloquent/Model.php:2540
/home/user/cmis.marketing.limited/vendor/laravel/framework/src/Illuminate/Database/Eloquent/Model.php:2556
/home/user/cmis.marketing.limited/tests/Traits/CreatesTestData.php:105
/home/user/cmis.marketing.limited/tests/Integration/AdPlatform/LinkedInAdsWorkflowTest.php:77</error>
        </testcase>
        <testcase name="it_creates_linkedin_lead_gen_form" file="/home/user/cmis.marketing.limited/tests/Integration/AdPlatform/LinkedInAdsWorkflowTest.php" line="127" class="Tests\Integration\AdPlatform\LinkedInAdsWorkflowTest" classname="Tests.Integration.AdPlatform.LinkedInAdsWorkflowTest" assertions="0" time="0.310259">
          <error type="Illuminate\Database\Eloquent\InvalidCastException">Tests\Integration\AdPlatform\LinkedInAdsWorkflowTest::it_creates_linkedin_lead_gen_form
Illuminate\Database\Eloquent\InvalidCastException: Call to undefined cast [Illuminate\Database\Eloquent\Casts\Encrypted] on column [access_token] in model [App\Models\Core\Integration].

/home/user/cmis.marketing.limited/vendor/laravel/framework/src/Illuminate/Database/Eloquent/Concerns/HasAttributes.php:1768
/home/user/cmis.marketing.limited/vendor/laravel/framework/src/Illuminate/Database/Eloquent/Concerns/HasAttributes.php:1084
/home/user/cmis.marketing.limited/vendor/laravel/framework/src/Illuminate/Database/Eloquent/Model.php:619
/home/user/cmis.marketing.limited/vendor/laravel/framework/src/Illuminate/Database/Eloquent/Model.php:713
/home/user/cmis.marketing.limited/vendor/laravel/framework/src/Illuminate/Database/Eloquent/Builder.php:1747
/home/user/cmis.marketing.limited/vendor/laravel/framework/src/Illuminate/Database/Eloquent/Builder.php:1218
/home/user/cmis.marketing.limited/vendor/laravel/framework/src/Illuminate/Support/Traits/ForwardsCalls.php:23
/home/user/cmis.marketing.limited/vendor/laravel/framework/src/Illuminate/Database/Eloquent/Model.php:2540
/home/user/cmis.marketing.limited/vendor/laravel/framework/src/Illuminate/Database/Eloquent/Model.php:2556
/home/user/cmis.marketing.limited/tests/Traits/CreatesTestData.php:105
/home/user/cmis.marketing.limited/tests/Integration/AdPlatform/LinkedInAdsWorkflowTest.php:132</error>
        </testcase>
        <testcase name="it_creates_linkedin_ad_campaign" file="/home/user/cmis.marketing.limited/tests/Integration/AdPlatform/LinkedInAdsWorkflowTest.php" line="28" class="Tests\Integration\AdPlatform\LinkedInAdsWorkflowTest" classname="Tests.Integration.AdPlatform.LinkedInAdsWorkflowTest" assertions="0" time="0.303094">
          <error type="Illuminate\Database\Eloquent\InvalidCastException">Tests\Integration\AdPlatform\LinkedInAdsWorkflowTest::it_creates_linkedin_ad_campaign
Illuminate\Database\Eloquent\InvalidCastException: Call to undefined cast [Illuminate\Database\Eloquent\Casts\Encrypted] on column [access_token] in model [App\Models\Core\Integration].

/home/user/cmis.marketing.limited/vendor/laravel/framework/src/Illuminate/Database/Eloquent/Concerns/HasAttributes.php:1768
/home/user/cmis.marketing.limited/vendor/laravel/framework/src/Illuminate/Database/Eloquent/Concerns/HasAttributes.php:1084
/home/user/cmis.marketing.limited/vendor/laravel/framework/src/Illuminate/Database/Eloquent/Model.php:619
/home/user/cmis.marketing.limited/vendor/laravel/framework/src/Illuminate/Database/Eloquent/Model.php:713
/home/user/cmis.marketing.limited/vendor/laravel/framework/src/Illuminate/Database/Eloquent/Builder.php:1747
/home/user/cmis.marketing.limited/vendor/laravel/framework/src/Illuminate/Database/Eloquent/Builder.php:1218
/home/user/cmis.marketing.limited/vendor/laravel/framework/src/Illuminate/Support/Traits/ForwardsCalls.php:23
/home/user/cmis.marketing.limited/vendor/laravel/framework/src/Illuminate/Database/Eloquent/Model.php:2540
/home/user/cmis.marketing.limited/vendor/laravel/framework/src/Illuminate/Database/Eloquent/Model.php:2556
/home/user/cmis.marketing.limited/tests/Traits/CreatesTestData.php:105
/home/user/cmis.marketing.limited/tests/Integration/AdPlatform/LinkedInAdsWorkflowTest.php:33</error>
        </testcase>
      </testsuite>
      <testsuite name="Tests\Integration\Social\TwitterLinkedInTikTokMessagingTest" file="/home/user/cmis.marketing.limited/tests/Integration/Social/TwitterLinkedInTikTokMessagingTest.php" tests="5" assertions="0" errors="5" failures="0" skipped="0" time="1.523877">
        <testcase name="it_sends_linkedin_message_reply" file="/home/user/cmis.marketing.limited/tests/Integration/Social/TwitterLinkedInTikTokMessagingTest.php" line="169" class="Tests\Integration\Social\TwitterLinkedInTikTokMessagingTest" classname="Tests.Integration.Social.TwitterLinkedInTikTokMessagingTest" assertions="0" time="0.304431">
          <error type="Illuminate\Database\Eloquent\InvalidCastException">Tests\Integration\Social\TwitterLinkedInTikTokMessagingTest::it_sends_linkedin_message_reply
Illuminate\Database\Eloquent\InvalidCastException: Call to undefined cast [Illuminate\Database\Eloquent\Casts\Encrypted] on column [access_token] in model [App\Models\Core\Integration].

/home/user/cmis.marketing.limited/vendor/laravel/framework/src/Illuminate/Database/Eloquent/Concerns/HasAttributes.php:1768
/home/user/cmis.marketing.limited/vendor/laravel/framework/src/Illuminate/Database/Eloquent/Concerns/HasAttributes.php:1084
/home/user/cmis.marketing.limited/vendor/laravel/framework/src/Illuminate/Database/Eloquent/Model.php:619
/home/user/cmis.marketing.limited/vendor/laravel/framework/src/Illuminate/Database/Eloquent/Model.php:713
/home/user/cmis.marketing.limited/vendor/laravel/framework/src/Illuminate/Database/Eloquent/Builder.php:1747
/home/user/cmis.marketing.limited/vendor/laravel/framework/src/Illuminate/Database/Eloquent/Builder.php:1218
/home/user/cmis.marketing.limited/vendor/laravel/framework/src/Illuminate/Support/Traits/ForwardsCalls.php:23
/home/user/cmis.marketing.limited/vendor/laravel/framework/src/Illuminate/Database/Eloquent/Model.php:2540
/home/user/cmis.marketing.limited/vendor/laravel/framework/src/Illuminate/Database/Eloquent/Model.php:2556
/home/user/cmis.marketing.limited/tests/Traits/CreatesTestData.php:105
/home/user/cmis.marketing.limited/tests/Integration/Social/TwitterLinkedInTikTokMessagingTest.php:179</error>
        </testcase>
        <testcase name="it_receives_tiktok_message" file="/home/user/cmis.marketing.limited/tests/Integration/Social/TwitterLinkedInTikTokMessagingTest.php" line="218" class="Tests\Integration\Social\TwitterLinkedInTikTokMessagingTest" classname="Tests.Integration.Social.TwitterLinkedInTikTokMessagingTest" assertions="0" time="0.303461">
          <error type="Illuminate\Database\Eloquent\InvalidCastException">Tests\Integration\Social\TwitterLinkedInTikTokMessagingTest::it_receives_tiktok_message
Illuminate\Database\Eloquent\InvalidCastException: Call to undefined cast [Illuminate\Database\Eloquent\Casts\Encrypted] on column [access_token] in model [App\Models\Core\Integration].

/home/user/cmis.marketing.limited/vendor/laravel/framework/src/Illuminate/Database/Eloquent/Concerns/HasAttributes.php:1768
/home/user/cmis.marketing.limited/vendor/laravel/framework/src/Illuminate/Database/Eloquent/Concerns/HasAttributes.php:1084
/home/user/cmis.marketing.limited/vendor/laravel/framework/src/Illuminate/Database/Eloquent/Model.php:619
/home/user/cmis.marketing.limited/vendor/laravel/framework/src/Illuminate/Database/Eloquent/Model.php:713
/home/user/cmis.marketing.limited/vendor/laravel/framework/src/Illuminate/Database/Eloquent/Builder.php:1747
/home/user/cmis.marketing.limited/vendor/laravel/framework/src/Illuminate/Database/Eloquent/Builder.php:1218
/home/user/cmis.marketing.limited/vendor/laravel/framework/src/Illuminate/Support/Traits/ForwardsCalls.php:23
/home/user/cmis.marketing.limited/vendor/laravel/framework/src/Illuminate/Database/Eloquent/Model.php:2540
/home/user/cmis.marketing.limited/vendor/laravel/framework/src/Illuminate/Database/Eloquent/Model.php:2556
/home/user/cmis.marketing.limited/tests/Traits/CreatesTestData.php:105
/home/user/cmis.marketing.limited/tests/Integration/Social/TwitterLinkedInTikTokMessagingTest.php:223</error>
        </testcase>
        <testcase name="it_sends_twitter_direct_message_reply" file="/home/user/cmis.marketing.limited/tests/Integration/Social/TwitterLinkedInTikTokMessagingTest.php" line="74" class="Tests\Integration\Social\TwitterLinkedInTikTokMessagingTest" classname="Tests.Integration.Social.TwitterLinkedInTikTokMessagingTest" assertions="0" time="0.315767">
          <error type="Illuminate\Database\Eloquent\InvalidCastException">Tests\Integration\Social\TwitterLinkedInTikTokMessagingTest::it_sends_twitter_direct_message_reply
Illuminate\Database\Eloquent\InvalidCastException: Call to undefined cast [Illuminate\Database\Eloquent\Casts\Encrypted] on column [access_token] in model [App\Models\Core\Integration].

/home/user/cmis.marketing.limited/vendor/laravel/framework/src/Illuminate/Database/Eloquent/Concerns/HasAttributes.php:1768
/home/user/cmis.marketing.limited/vendor/laravel/framework/src/Illuminate/Database/Eloquent/Concerns/HasAttributes.php:1084
/home/user/cmis.marketing.limited/vendor/laravel/framework/src/Illuminate/Database/Eloquent/Model.php:619
/home/user/cmis.marketing.limited/vendor/laravel/framework/src/Illuminate/Database/Eloquent/Model.php:713
/home/user/cmis.marketing.limited/vendor/laravel/framework/src/Illuminate/Database/Eloquent/Builder.php:1747
/home/user/cmis.marketing.limited/vendor/laravel/framework/src/Illuminate/Database/Eloquent/Builder.php:1218
/home/user/cmis.marketing.limited/vendor/laravel/framework/src/Illuminate/Support/Traits/ForwardsCalls.php:23
/home/user/cmis.marketing.limited/vendor/laravel/framework/src/Illuminate/Database/Eloquent/Model.php:2540
/home/user/cmis.marketing.limited/vendor/laravel/framework/src/Illuminate/Database/Eloquent/Model.php:2556
/home/user/cmis.marketing.limited/tests/Traits/CreatesTestData.php:105
/home/user/cmis.marketing.limited/tests/Integration/Social/TwitterLinkedInTikTokMessagingTest.php:84</error>
        </testcase>
        <testcase name="it_receives_twitter_direct_message" file="/home/user/cmis.marketing.limited/tests/Integration/Social/TwitterLinkedInTikTokMessagingTest.php" line="30" class="Tests\Integration\Social\TwitterLinkedInTikTokMessagingTest" classname="Tests.Integration.Social.TwitterLinkedInTikTokMessagingTest" assertions="0" time="0.298068">
          <error type="Illuminate\Database\Eloquent\InvalidCastException">Tests\Integration\Social\TwitterLinkedInTikTokMessagingTest::it_receives_twitter_direct_message
Illuminate\Database\Eloquent\InvalidCastException: Call to undefined cast [Illuminate\Database\Eloquent\Casts\Encrypted] on column [access_token] in model [App\Models\Core\Integration].

/home/user/cmis.marketing.limited/vendor/laravel/framework/src/Illuminate/Database/Eloquent/Concerns/HasAttributes.php:1768
/home/user/cmis.marketing.limited/vendor/laravel/framework/src/Illuminate/Database/Eloquent/Concerns/HasAttributes.php:1084
/home/user/cmis.marketing.limited/vendor/laravel/framework/src/Illuminate/Database/Eloquent/Model.php:619
/home/user/cmis.marketing.limited/vendor/laravel/framework/src/Illuminate/Database/Eloquent/Model.php:713
/home/user/cmis.marketing.limited/vendor/laravel/framework/src/Illuminate/Database/Eloquent/Builder.php:1747
/home/user/cmis.marketing.limited/vendor/laravel/framework/src/Illuminate/Database/Eloquent/Builder.php:1218
/home/user/cmis.marketing.limited/vendor/laravel/framework/src/Illuminate/Support/Traits/ForwardsCalls.php:23
/home/user/cmis.marketing.limited/vendor/laravel/framework/src/Illuminate/Database/Eloquent/Model.php:2540
/home/user/cmis.marketing.limited/vendor/laravel/framework/src/Illuminate/Database/Eloquent/Model.php:2556
/home/user/cmis.marketing.limited/tests/Traits/CreatesTestData.php:105
/home/user/cmis.marketing.limited/tests/Integration/Social/TwitterLinkedInTikTokMessagingTest.php:35</error>
        </testcase>
        <testcase name="it_receives_linkedin_message" file="/home/user/cmis.marketing.limited/tests/Integration/Social/TwitterLinkedInTikTokMessagingTest.php" line="125" class="Tests\Integration\Social\TwitterLinkedInTikTokMessagingTest" classname="Tests.Integration.Social.TwitterLinkedInTikTokMessagingTest" assertions="0" time="0.302150">
          <error type="Illuminate\Database\Eloquent\InvalidCastException">Tests\Integration\Social\TwitterLinkedInTikTokMessagingTest::it_receives_linkedin_message
Illuminate\Database\Eloquent\InvalidCastException: Call to undefined cast [Illuminate\Database\Eloquent\Casts\Encrypted] on column [access_token] in model [App\Models\Core\Integration].

/home/user/cmis.marketing.limited/vendor/laravel/framework/src/Illuminate/Database/Eloquent/Concerns/HasAttributes.php:1768
/home/user/cmis.marketing.limited/vendor/laravel/framework/src/Illuminate/Database/Eloquent/Concerns/HasAttributes.php:1084
/home/user/cmis.marketing.limited/vendor/laravel/framework/src/Illuminate/Database/Eloquent/Model.php:619
/home/user/cmis.marketing.limited/vendor/laravel/framework/src/Illuminate/Database/Eloquent/Model.php:713
/home/user/cmis.marketing.limited/vendor/laravel/framework/src/Illuminate/Database/Eloquent/Builder.php:1747
/home/user/cmis.marketing.limited/vendor/laravel/framework/src/Illuminate/Database/Eloquent/Builder.php:1218
/home/user/cmis.marketing.limited/vendor/laravel/framework/src/Illuminate/Support/Traits/ForwardsCalls.php:23
/home/user/cmis.marketing.limited/vendor/laravel/framework/src/Illuminate/Database/Eloquent/Model.php:2540
/home/user/cmis.marketing.limited/vendor/laravel/framework/src/Illuminate/Database/Eloquent/Model.php:2556
/home/user/cmis.marketing.limited/tests/Traits/CreatesTestData.php:105
/home/user/cmis.marketing.limited/tests/Integration/Social/TwitterLinkedInTikTokMessagingTest.php:130</error>
        </testcase>
      </testsuite>
      <testsuite name="Tests\Integration\Team\UserOnboardingWorkflowTest" file="/home/user/cmis.marketing.limited/tests/Integration/Team/UserOnboardingWorkflowTest.php" tests="4" assertions="0" errors="4" failures="0" skipped="0" time="1.893830">
        <testcase name="it_completes_new_user_onboarding_workflow" file="/home/user/cmis.marketing.limited/tests/Integration/Team/UserOnboardingWorkflowTest.php" line="27" class="Tests\Integration\Team\UserOnboardingWorkflowTest" classname="Tests.Integration.Team.UserOnboardingWorkflowTest" assertions="0" time="0.534365">
          <error type="Illuminate\Database\QueryException">Tests\Integration\Team\UserOnboardingWorkflowTest::it_completes_new_user_onboarding_workflow
Illuminate\Database\QueryException: SQLSTATE[23502]: Not null violation: 7 ERROR:  null value in column "user_id" of relation "user_orgs" violates not-null constraint
DETAIL:  Failing row contains (3118de0b-6845-4351-a2fc-d663a00e7332, null, 8d0eb6f6-bd0a-42c0-bc01-0f3c7e4d7cd1, 5e3008ae-5824-4c5f-a3e0-6939047a51d9, t, 2025-11-19 11:02:07+00, 3a4daa6f-9247-4e82-a04d-cbddff3b1aa5, null, null, null, 2025-11-19 11:02:07+00, 2025-11-19 11:02:07+00). (Connection: pgsql, SQL: insert into "cmis"."user_orgs" ("id", "user_id", "org_id", "role_id", "is_active", "joined_at", "invited_by", "updated_at", "created_at") values (3118de0b-6845-4351-a2fc-d663a00e7332, ?, 8d0eb6f6-bd0a-42c0-bc01-0f3c7e4d7cd1, 5e3008ae-5824-4c5f-a3e0-6939047a51d9, 1, 2025-11-19 11:02:07, 3a4daa6f-9247-4e82-a04d-cbddff3b1aa5, 2025-11-19 11:02:07, 2025-11-19 11:02:07))

/home/user/cmis.marketing.limited/vendor/laravel/framework/src/Illuminate/Database/Connection.php:824
/home/user/cmis.marketing.limited/vendor/laravel/framework/src/Illuminate/Database/Connection.php:778
/home/user/cmis.marketing.limited/vendor/laravel/framework/src/Illuminate/Database/Connection.php:559
/home/user/cmis.marketing.limited/vendor/laravel/framework/src/Illuminate/Database/Connection.php:523
/home/user/cmis.marketing.limited/vendor/laravel/framework/src/Illuminate/Database/Query/Builder.php:3804
/home/user/cmis.marketing.limited/vendor/laravel/framework/src/Illuminate/Database/Eloquent/Builder.php:2235
/home/user/cmis.marketing.limited/vendor/laravel/framework/src/Illuminate/Database/Eloquent/Model.php:1412
/home/user/cmis.marketing.limited/vendor/laravel/framework/src/Illuminate/Database/Eloquent/Model.php:1240
/home/user/cmis.marketing.limited/vendor/laravel/framework/src/Illuminate/Database/Eloquent/Builder.php:1219
/home/user/cmis.marketing.limited/vendor/laravel/framework/src/Illuminate/Support/helpers.php:390
/home/user/cmis.marketing.limited/vendor/laravel/framework/src/Illuminate/Database/Eloquent/Builder.php:1218
/home/user/cmis.marketing.limited/vendor/laravel/framework/src/Illuminate/Support/Traits/ForwardsCalls.php:23
/home/user/cmis.marketing.limited/vendor/laravel/framework/src/Illuminate/Database/Eloquent/Model.php:2540
/home/user/cmis.marketing.limited/vendor/laravel/framework/src/Illuminate/Database/Eloquent/Model.php:2556
/home/user/cmis.marketing.limited/tests/Integration/Team/UserOnboardingWorkflowTest.php:65</error>
        </testcase>
        <testcase name="it_handles_team_member_role_change" file="/home/user/cmis.marketing.limited/tests/Integration/Team/UserOnboardingWorkflowTest.php" line="114" class="Tests\Integration\Team\UserOnboardingWorkflowTest" classname="Tests.Integration.Team.UserOnboardingWorkflowTest" assertions="0" time="0.529375">
          <error type="Illuminate\Database\QueryException">Tests\Integration\Team\UserOnboardingWorkflowTest::it_handles_team_member_role_change
Illuminate\Database\QueryException: SQLSTATE[23502]: Not null violation: 7 ERROR:  null value in column "user_id" of relation "user_orgs" violates not-null constraint
DETAIL:  Failing row contains (9361697f-4157-4761-8a74-1a166edcf9a5, null, 2a5d8691-f98c-4d45-ab24-4a49e2736c53, 80573bb7-68b4-4236-8a62-acbfd5fb73c3, t, 2025-11-19 11:02:07.06062+00, null, null, null, null, 2025-11-19 11:02:07+00, 2025-11-19 11:02:07+00). (Connection: pgsql, SQL: insert into "cmis"."user_orgs" ("id", "user_id", "org_id", "role_id", "is_active", "updated_at", "created_at") values (9361697f-4157-4761-8a74-1a166edcf9a5, ?, 2a5d8691-f98c-4d45-ab24-4a49e2736c53, 80573bb7-68b4-4236-8a62-acbfd5fb73c3, 1, 2025-11-19 11:02:07, 2025-11-19 11:02:07))

/home/user/cmis.marketing.limited/vendor/laravel/framework/src/Illuminate/Database/Connection.php:824
/home/user/cmis.marketing.limited/vendor/laravel/framework/src/Illuminate/Database/Connection.php:778
/home/user/cmis.marketing.limited/vendor/laravel/framework/src/Illuminate/Database/Connection.php:559
/home/user/cmis.marketing.limited/vendor/laravel/framework/src/Illuminate/Database/Connection.php:523
/home/user/cmis.marketing.limited/vendor/laravel/framework/src/Illuminate/Database/Query/Builder.php:3804
/home/user/cmis.marketing.limited/vendor/laravel/framework/src/Illuminate/Database/Eloquent/Builder.php:2235
/home/user/cmis.marketing.limited/vendor/laravel/framework/src/Illuminate/Database/Eloquent/Model.php:1412
/home/user/cmis.marketing.limited/vendor/laravel/framework/src/Illuminate/Database/Eloquent/Model.php:1240
/home/user/cmis.marketing.limited/vendor/laravel/framework/src/Illuminate/Database/Eloquent/Builder.php:1219
/home/user/cmis.marketing.limited/vendor/laravel/framework/src/Illuminate/Support/helpers.php:390
/home/user/cmis.marketing.limited/vendor/laravel/framework/src/Illuminate/Database/Eloquent/Builder.php:1218
/home/user/cmis.marketing.limited/vendor/laravel/framework/src/Illuminate/Support/Traits/ForwardsCalls.php:23
/home/user/cmis.marketing.limited/vendor/laravel/framework/src/Illuminate/Database/Eloquent/Model.php:2540
/home/user/cmis.marketing.limited/vendor/laravel/framework/src/Illuminate/Database/Eloquent/Model.php:2556
/home/user/cmis.marketing.limited/tests/Integration/Team/UserOnboardingWorkflowTest.php:134</error>
        </testcase>
        <testcase name="it_handles_user_belongs_to_multiple_organizations" file="/home/user/cmis.marketing.limited/tests/Integration/Team/UserOnboardingWorkflowTest.php" line="199" class="Tests\Integration\Team\UserOnboardingWorkflowTest" classname="Tests.Integration.Team.UserOnboardingWorkflowTest" assertions="0" time="0.303360">
          <error type="Illuminate\Database\QueryException">Tests\Integration\Team\UserOnboardingWorkflowTest::it_handles_user_belongs_to_multiple_organizations
Illuminate\Database\QueryException: SQLSTATE[23502]: Not null violation: 7 ERROR:  null value in column "user_id" of relation "user_orgs" violates not-null constraint
DETAIL:  Failing row contains (8c6cb9e2-95f4-4f38-9bcc-9bed23e2f897, null, 8d756c96-ae53-487c-bb64-1dd3ff441987, null, t, 2025-11-19 11:02:07.590339+00, null, null, null, null, 2025-11-19 11:02:07+00, 2025-11-19 11:02:07+00). (Connection: pgsql, SQL: insert into "cmis"."user_orgs" ("id", "user_id", "org_id", "is_active", "updated_at", "created_at") values (8c6cb9e2-95f4-4f38-9bcc-9bed23e2f897, ?, 8d756c96-ae53-487c-bb64-1dd3ff441987, 1, 2025-11-19 11:02:07, 2025-11-19 11:02:07))

/home/user/cmis.marketing.limited/vendor/laravel/framework/src/Illuminate/Database/Connection.php:824
/home/user/cmis.marketing.limited/vendor/laravel/framework/src/Illuminate/Database/Connection.php:778
/home/user/cmis.marketing.limited/vendor/laravel/framework/src/Illuminate/Database/Connection.php:559
/home/user/cmis.marketing.limited/vendor/laravel/framework/src/Illuminate/Database/Connection.php:523
/home/user/cmis.marketing.limited/vendor/laravel/framework/src/Illuminate/Database/Query/Builder.php:3804
/home/user/cmis.marketing.limited/vendor/laravel/framework/src/Illuminate/Database/Eloquent/Builder.php:2235
/home/user/cmis.marketing.limited/vendor/laravel/framework/src/Illuminate/Database/Eloquent/Model.php:1412
/home/user/cmis.marketing.limited/vendor/laravel/framework/src/Illuminate/Database/Eloquent/Model.php:1240
/home/user/cmis.marketing.limited/vendor/laravel/framework/src/Illuminate/Database/Eloquent/Builder.php:1219
/home/user/cmis.marketing.limited/vendor/laravel/framework/src/Illuminate/Support/helpers.php:390
/home/user/cmis.marketing.limited/vendor/laravel/framework/src/Illuminate/Database/Eloquent/Builder.php:1218
/home/user/cmis.marketing.limited/vendor/laravel/framework/src/Illuminate/Support/Traits/ForwardsCalls.php:23
/home/user/cmis.marketing.limited/vendor/laravel/framework/src/Illuminate/Database/Eloquent/Model.php:2540
/home/user/cmis.marketing.limited/vendor/laravel/framework/src/Illuminate/Database/Eloquent/Model.php:2556
/home/user/cmis.marketing.limited/tests/Integration/Team/UserOnboardingWorkflowTest.php:217</error>
        </testcase>
        <testcase name="it_handles_team_member_deactivation" file="/home/user/cmis.marketing.limited/tests/Integration/Team/UserOnboardingWorkflowTest.php" line="166" class="Tests\Integration\Team\UserOnboardingWorkflowTest" classname="Tests.Integration.Team.UserOnboardingWorkflowTest" assertions="0" time="0.526730">
          <error type="Illuminate\Database\QueryException">Tests\Integration\Team\UserOnboardingWorkflowTest::it_handles_team_member_deactivation
Illuminate\Database\QueryException: SQLSTATE[23502]: Not null violation: 7 ERROR:  null value in column "user_id" of relation "user_orgs" violates not-null constraint
DETAIL:  Failing row contains (2ebda8bd-d603-4214-bb6a-195d23a76ea6, null, 2a97fba5-92a5-419a-80a7-efbd9381d79f, null, t, 2025-11-19 11:02:07.892179+00, null, null, null, null, 2025-11-19 11:02:08+00, 2025-11-19 11:02:08+00). (Connection: pgsql, SQL: insert into "cmis"."user_orgs" ("id", "user_id", "org_id", "is_active", "updated_at", "created_at") values (2ebda8bd-d603-4214-bb6a-195d23a76ea6, ?, 2a97fba5-92a5-419a-80a7-efbd9381d79f, 1, 2025-11-19 11:02:08, 2025-11-19 11:02:08))

/home/user/cmis.marketing.limited/vendor/laravel/framework/src/Illuminate/Database/Connection.php:824
/home/user/cmis.marketing.limited/vendor/laravel/framework/src/Illuminate/Database/Connection.php:778
/home/user/cmis.marketing.limited/vendor/laravel/framework/src/Illuminate/Database/Connection.php:559
/home/user/cmis.marketing.limited/vendor/laravel/framework/src/Illuminate/Database/Connection.php:523
/home/user/cmis.marketing.limited/vendor/laravel/framework/src/Illuminate/Database/Query/Builder.php:3804
/home/user/cmis.marketing.limited/vendor/laravel/framework/src/Illuminate/Database/Eloquent/Builder.php:2235
/home/user/cmis.marketing.limited/vendor/laravel/framework/src/Illuminate/Database/Eloquent/Model.php:1412
/home/user/cmis.marketing.limited/vendor/laravel/framework/src/Illuminate/Database/Eloquent/Model.php:1240
/home/user/cmis.marketing.limited/vendor/laravel/framework/src/Illuminate/Database/Eloquent/Builder.php:1219
/home/user/cmis.marketing.limited/vendor/laravel/framework/src/Illuminate/Support/helpers.php:390
/home/user/cmis.marketing.limited/vendor/laravel/framework/src/Illuminate/Database/Eloquent/Builder.php:1218
/home/user/cmis.marketing.limited/vendor/laravel/framework/src/Illuminate/Support/Traits/ForwardsCalls.php:23
/home/user/cmis.marketing.limited/vendor/laravel/framework/src/Illuminate/Database/Eloquent/Model.php:2540
/home/user/cmis.marketing.limited/vendor/laravel/framework/src/Illuminate/Database/Eloquent/Model.php:2556
/home/user/cmis.marketing.limited/tests/Integration/Team/UserOnboardingWorkflowTest.php:178</error>
        </testcase>
      </testsuite>
      <testsuite name="Tests\Integration\Social\WhatsAppTemplateInteractiveMessagingTest" file="/home/user/cmis.marketing.limited/tests/Integration/Social/WhatsAppTemplateInteractiveMessagingTest.php" tests="5" assertions="0" errors="5" failures="0" skipped="0" time="1.561253">
        <testcase name="it_sends_whatsapp_interactive_list_message" file="/home/user/cmis.marketing.limited/tests/Integration/Social/WhatsAppTemplateInteractiveMessagingTest.php" line="242" class="Tests\Integration\Social\WhatsAppTemplateInteractiveMessagingTest" classname="Tests.Integration.Social.WhatsAppTemplateInteractiveMessagingTest" assertions="0" time="0.308671">
          <error type="Illuminate\Database\Eloquent\InvalidCastException">Tests\Integration\Social\WhatsAppTemplateInteractiveMessagingTest::it_sends_whatsapp_interactive_list_message
Illuminate\Database\Eloquent\InvalidCastException: Call to undefined cast [Illuminate\Database\Eloquent\Casts\Encrypted] on column [access_token] in model [App\Models\Core\Integration].

/home/user/cmis.marketing.limited/vendor/laravel/framework/src/Illuminate/Database/Eloquent/Concerns/HasAttributes.php:1768
/home/user/cmis.marketing.limited/vendor/laravel/framework/src/Illuminate/Database/Eloquent/Concerns/HasAttributes.php:1084
/home/user/cmis.marketing.limited/vendor/laravel/framework/src/Illuminate/Database/Eloquent/Model.php:619
/home/user/cmis.marketing.limited/vendor/laravel/framework/src/Illuminate/Database/Eloquent/Model.php:713
/home/user/cmis.marketing.limited/vendor/laravel/framework/src/Illuminate/Database/Eloquent/Builder.php:1747
/home/user/cmis.marketing.limited/vendor/laravel/framework/src/Illuminate/Database/Eloquent/Builder.php:1218
/home/user/cmis.marketing.limited/vendor/laravel/framework/src/Illuminate/Support/Traits/ForwardsCalls.php:23
/home/user/cmis.marketing.limited/vendor/laravel/framework/src/Illuminate/Database/Eloquent/Model.php:2540
/home/user/cmis.marketing.limited/vendor/laravel/framework/src/Illuminate/Database/Eloquent/Model.php:2556
/home/user/cmis.marketing.limited/tests/Traits/CreatesTestData.php:105
/home/user/cmis.marketing.limited/tests/Integration/Social/WhatsAppTemplateInteractiveMessagingTest.php:252</error>
        </testcase>
        <testcase name="it_receives_whatsapp_document_message" file="/home/user/cmis.marketing.limited/tests/Integration/Social/WhatsAppTemplateInteractiveMessagingTest.php" line="119" class="Tests\Integration\Social\WhatsAppTemplateInteractiveMessagingTest" classname="Tests.Integration.Social.WhatsAppTemplateInteractiveMessagingTest" assertions="0" time="0.308804">
          <error type="Illuminate\Database\Eloquent\InvalidCastException">Tests\Integration\Social\WhatsAppTemplateInteractiveMessagingTest::it_receives_whatsapp_document_message
Illuminate\Database\Eloquent\InvalidCastException: Call to undefined cast [Illuminate\Database\Eloquent\Casts\Encrypted] on column [access_token] in model [App\Models\Core\Integration].

/home/user/cmis.marketing.limited/vendor/laravel/framework/src/Illuminate/Database/Eloquent/Concerns/HasAttributes.php:1768
/home/user/cmis.marketing.limited/vendor/laravel/framework/src/Illuminate/Database/Eloquent/Concerns/HasAttributes.php:1084
/home/user/cmis.marketing.limited/vendor/laravel/framework/src/Illuminate/Database/Eloquent/Model.php:619
/home/user/cmis.marketing.limited/vendor/laravel/framework/src/Illuminate/Database/Eloquent/Model.php:713
/home/user/cmis.marketing.limited/vendor/laravel/framework/src/Illuminate/Database/Eloquent/Builder.php:1747
/home/user/cmis.marketing.limited/vendor/laravel/framework/src/Illuminate/Database/Eloquent/Builder.php:1218
/home/user/cmis.marketing.limited/vendor/laravel/framework/src/Illuminate/Support/Traits/ForwardsCalls.php:23
/home/user/cmis.marketing.limited/vendor/laravel/framework/src/Illuminate/Database/Eloquent/Model.php:2540
/home/user/cmis.marketing.limited/vendor/laravel/framework/src/Illuminate/Database/Eloquent/Model.php:2556
/home/user/cmis.marketing.limited/tests/Traits/CreatesTestData.php:105
/home/user/cmis.marketing.limited/tests/Integration/Social/WhatsAppTemplateInteractiveMessagingTest.php:124</error>
        </testcase>
        <testcase name="it_receives_whatsapp_button_reply" file="/home/user/cmis.marketing.limited/tests/Integration/Social/WhatsAppTemplateInteractiveMessagingTest.php" line="314" class="Tests\Integration\Social\WhatsAppTemplateInteractiveMessagingTest" classname="Tests.Integration.Social.WhatsAppTemplateInteractiveMessagingTest" assertions="0" time="0.307951">
          <error type="Illuminate\Database\Eloquent\InvalidCastException">Tests\Integration\Social\WhatsAppTemplateInteractiveMessagingTest::it_receives_whatsapp_button_reply
Illuminate\Database\Eloquent\InvalidCastException: Call to undefined cast [Illuminate\Database\Eloquent\Casts\Encrypted] on column [access_token] in model [App\Models\Core\Integration].

/home/user/cmis.marketing.limited/vendor/laravel/framework/src/Illuminate/Database/Eloquent/Concerns/HasAttributes.php:1768
/home/user/cmis.marketing.limited/vendor/laravel/framework/src/Illuminate/Database/Eloquent/Concerns/HasAttributes.php:1084
/home/user/cmis.marketing.limited/vendor/laravel/framework/src/Illuminate/Database/Eloquent/Model.php:619
/home/user/cmis.marketing.limited/vendor/laravel/framework/src/Illuminate/Database/Eloquent/Model.php:713
/home/user/cmis.marketing.limited/vendor/laravel/framework/src/Illuminate/Database/Eloquent/Builder.php:1747
/home/user/cmis.marketing.limited/vendor/laravel/framework/src/Illuminate/Database/Eloquent/Builder.php:1218
/home/user/cmis.marketing.limited/vendor/laravel/framework/src/Illuminate/Support/Traits/ForwardsCalls.php:23
/home/user/cmis.marketing.limited/vendor/laravel/framework/src/Illuminate/Database/Eloquent/Model.php:2540
/home/user/cmis.marketing.limited/vendor/laravel/framework/src/Illuminate/Database/Eloquent/Model.php:2556
/home/user/cmis.marketing.limited/tests/Traits/CreatesTestData.php:105
/home/user/cmis.marketing.limited/tests/Integration/Social/WhatsAppTemplateInteractiveMessagingTest.php:319</error>
        </testcase>
        <testcase name="it_sends_whatsapp_template_message" file="/home/user/cmis.marketing.limited/tests/Integration/Social/WhatsAppTemplateInteractiveMessagingTest.php" line="31" class="Tests\Integration\Social\WhatsAppTemplateInteractiveMessagingTest" classname="Tests.Integration.Social.WhatsAppTemplateInteractiveMessagingTest" assertions="0" time="0.322906">
          <error type="Illuminate\Database\Eloquent\InvalidCastException">Tests\Integration\Social\WhatsAppTemplateInteractiveMessagingTest::it_sends_whatsapp_template_message
Illuminate\Database\Eloquent\InvalidCastException: Call to undefined cast [Illuminate\Database\Eloquent\Casts\Encrypted] on column [access_token] in model [App\Models\Core\Integration].

/home/user/cmis.marketing.limited/vendor/laravel/framework/src/Illuminate/Database/Eloquent/Concerns/HasAttributes.php:1768
/home/user/cmis.marketing.limited/vendor/laravel/framework/src/Illuminate/Database/Eloquent/Concerns/HasAttributes.php:1084
/home/user/cmis.marketing.limited/vendor/laravel/framework/src/Illuminate/Database/Eloquent/Model.php:619
/home/user/cmis.marketing.limited/vendor/laravel/framework/src/Illuminate/Database/Eloquent/Model.php:713
/home/user/cmis.marketing.limited/vendor/laravel/framework/src/Illuminate/Database/Eloquent/Builder.php:1747
/home/user/cmis.marketing.limited/vendor/laravel/framework/src/Illuminate/Database/Eloquent/Builder.php:1218
/home/user/cmis.marketing.limited/vendor/laravel/framework/src/Illuminate/Support/Traits/ForwardsCalls.php:23
/home/user/cmis.marketing.limited/vendor/laravel/framework/src/Illuminate/Database/Eloquent/Model.php:2540
/home/user/cmis.marketing.limited/vendor/laravel/framework/src/Illuminate/Database/Eloquent/Model.php:2556
/home/user/cmis.marketing.limited/tests/Traits/CreatesTestData.php:105
/home/user/cmis.marketing.limited/tests/Integration/Social/WhatsAppTemplateInteractiveMessagingTest.php:41</error>
        </testcase>
        <testcase name="it_sends_whatsapp_interactive_button_message" file="/home/user/cmis.marketing.limited/tests/Integration/Social/WhatsAppTemplateInteractiveMessagingTest.php" line="164" class="Tests\Integration\Social\WhatsAppTemplateInteractiveMessagingTest" classname="Tests.Integration.Social.WhatsAppTemplateInteractiveMessagingTest" assertions="0" time="0.312921">
          <error type="Illuminate\Database\Eloquent\InvalidCastException">Tests\Integration\Social\WhatsAppTemplateInteractiveMessagingTest::it_sends_whatsapp_interactive_button_message
Illuminate\Database\Eloquent\InvalidCastException: Call to undefined cast [Illuminate\Database\Eloquent\Casts\Encrypted] on column [access_token] in model [App\Models\Core\Integration].

/home/user/cmis.marketing.limited/vendor/laravel/framework/src/Illuminate/Database/Eloquent/Concerns/HasAttributes.php:1768
/home/user/cmis.marketing.limited/vendor/laravel/framework/src/Illuminate/Database/Eloquent/Concerns/HasAttributes.php:1084
/home/user/cmis.marketing.limited/vendor/laravel/framework/src/Illuminate/Database/Eloquent/Model.php:619
/home/user/cmis.marketing.limited/vendor/laravel/framework/src/Illuminate/Database/Eloquent/Model.php:713
/home/user/cmis.marketing.limited/vendor/laravel/framework/src/Illuminate/Database/Eloquent/Builder.php:1747
/home/user/cmis.marketing.limited/vendor/laravel/framework/src/Illuminate/Database/Eloquent/Builder.php:1218
/home/user/cmis.marketing.limited/vendor/laravel/framework/src/Illuminate/Support/Traits/ForwardsCalls.php:23
/home/user/cmis.marketing.limited/vendor/laravel/framework/src/Illuminate/Database/Eloquent/Model.php:2540
/home/user/cmis.marketing.limited/vendor/laravel/framework/src/Illuminate/Database/Eloquent/Model.php:2556
/home/user/cmis.marketing.limited/tests/Traits/CreatesTestData.php:105
/home/user/cmis.marketing.limited/tests/Integration/Social/WhatsAppTemplateInteractiveMessagingTest.php:174</error>
        </testcase>
      </testsuite>
      <testsuite name="Tests\Integration\ErrorHandling\ErrorRecoveryWorkflowTest" file="/home/user/cmis.marketing.limited/tests/Integration/ErrorHandling/ErrorRecoveryWorkflowTest.php" tests="8" assertions="2" errors="6" failures="0" skipped="0" time="2.468601">
        <testcase name="it_handles_invalid_token_with_refresh" file="/home/user/cmis.marketing.limited/tests/Integration/ErrorHandling/ErrorRecoveryWorkflowTest.php" line="60" class="Tests\Integration\ErrorHandling\ErrorRecoveryWorkflowTest" classname="Tests.Integration.ErrorHandling.ErrorRecoveryWorkflowTest" assertions="0" time="0.308014">
          <error type="Illuminate\Database\Eloquent\InvalidCastException">Tests\Integration\ErrorHandling\ErrorRecoveryWorkflowTest::it_handles_invalid_token_with_refresh
Illuminate\Database\Eloquent\InvalidCastException: Call to undefined cast [Illuminate\Database\Eloquent\Casts\Encrypted] on column [access_token] in model [App\Models\Core\Integration].

/home/user/cmis.marketing.limited/vendor/laravel/framework/src/Illuminate/Database/Eloquent/Concerns/HasAttributes.php:1768
/home/user/cmis.marketing.limited/vendor/laravel/framework/src/Illuminate/Database/Eloquent/Concerns/HasAttributes.php:1084
/home/user/cmis.marketing.limited/vendor/laravel/framework/src/Illuminate/Database/Eloquent/Model.php:619
/home/user/cmis.marketing.limited/vendor/laravel/framework/src/Illuminate/Database/Eloquent/Model.php:713
/home/user/cmis.marketing.limited/vendor/laravel/framework/src/Illuminate/Database/Eloquent/Builder.php:1747
/home/user/cmis.marketing.limited/vendor/laravel/framework/src/Illuminate/Database/Eloquent/Builder.php:1218
/home/user/cmis.marketing.limited/vendor/laravel/framework/src/Illuminate/Support/Traits/ForwardsCalls.php:23
/home/user/cmis.marketing.limited/vendor/laravel/framework/src/Illuminate/Database/Eloquent/Model.php:2540
/home/user/cmis.marketing.limited/vendor/laravel/framework/src/Illuminate/Database/Eloquent/Model.php:2556
/home/user/cmis.marketing.limited/tests/Traits/CreatesTestData.php:105
/home/user/cmis.marketing.limited/tests/Integration/ErrorHandling/ErrorRecoveryWorkflowTest.php:65</error>
        </testcase>
        <testcase name="it_handles_job_retry_on_failure" file="/home/user/cmis.marketing.limited/tests/Integration/ErrorHandling/ErrorRecoveryWorkflowTest.php" line="181" class="Tests\Integration\ErrorHandling\ErrorRecoveryWorkflowTest" classname="Tests.Integration.ErrorHandling.ErrorRecoveryWorkflowTest" assertions="0" time="0.305975">
          <error type="Illuminate\Database\Eloquent\InvalidCastException">Tests\Integration\ErrorHandling\ErrorRecoveryWorkflowTest::it_handles_job_retry_on_failure
Illuminate\Database\Eloquent\InvalidCastException: Call to undefined cast [Illuminate\Database\Eloquent\Casts\Encrypted] on column [access_token] in model [App\Models\Core\Integration].

/home/user/cmis.marketing.limited/vendor/laravel/framework/src/Illuminate/Database/Eloquent/Concerns/HasAttributes.php:1768
/home/user/cmis.marketing.limited/vendor/laravel/framework/src/Illuminate/Database/Eloquent/Concerns/HasAttributes.php:1084
/home/user/cmis.marketing.limited/vendor/laravel/framework/src/Illuminate/Database/Eloquent/Model.php:619
/home/user/cmis.marketing.limited/vendor/laravel/framework/src/Illuminate/Database/Eloquent/Model.php:713
/home/user/cmis.marketing.limited/vendor/laravel/framework/src/Illuminate/Database/Eloquent/Builder.php:1747
/home/user/cmis.marketing.limited/vendor/laravel/framework/src/Illuminate/Database/Eloquent/Builder.php:1218
/home/user/cmis.marketing.limited/vendor/laravel/framework/src/Illuminate/Support/Traits/ForwardsCalls.php:23
/home/user/cmis.marketing.limited/vendor/laravel/framework/src/Illuminate/Database/Eloquent/Model.php:2540
/home/user/cmis.marketing.limited/vendor/laravel/framework/src/Illuminate/Database/Eloquent/Model.php:2556
/home/user/cmis.marketing.limited/tests/Traits/CreatesTestData.php:105
/home/user/cmis.marketing.limited/tests/Integration/ErrorHandling/ErrorRecoveryWorkflowTest.php:188</error>
        </testcase>
        <testcase name="it_handles_rate_limit_with_backoff" file="/home/user/cmis.marketing.limited/tests/Integration/ErrorHandling/ErrorRecoveryWorkflowTest.php" line="91" class="Tests\Integration\ErrorHandling\ErrorRecoveryWorkflowTest" classname="Tests.Integration.ErrorHandling.ErrorRecoveryWorkflowTest" assertions="0" time="0.306495">
          <error type="Illuminate\Database\Eloquent\InvalidCastException">Tests\Integration\ErrorHandling\ErrorRecoveryWorkflowTest::it_handles_rate_limit_with_backoff
Illuminate\Database\Eloquent\InvalidCastException: Call to undefined cast [Illuminate\Database\Eloquent\Casts\Encrypted] on column [access_token] in model [App\Models\Core\Integration].

/home/user/cmis.marketing.limited/vendor/laravel/framework/src/Illuminate/Database/Eloquent/Concerns/HasAttributes.php:1768
/home/user/cmis.marketing.limited/vendor/laravel/framework/src/Illuminate/Database/Eloquent/Concerns/HasAttributes.php:1084
/home/user/cmis.marketing.limited/vendor/laravel/framework/src/Illuminate/Database/Eloquent/Model.php:619
/home/user/cmis.marketing.limited/vendor/laravel/framework/src/Illuminate/Database/Eloquent/Model.php:713
/home/user/cmis.marketing.limited/vendor/laravel/framework/src/Illuminate/Database/Eloquent/Builder.php:1747
/home/user/cmis.marketing.limited/vendor/laravel/framework/src/Illuminate/Database/Eloquent/Builder.php:1218
/home/user/cmis.marketing.limited/vendor/laravel/framework/src/Illuminate/Support/Traits/ForwardsCalls.php:23
/home/user/cmis.marketing.limited/vendor/laravel/framework/src/Illuminate/Database/Eloquent/Model.php:2540
/home/user/cmis.marketing.limited/vendor/laravel/framework/src/Illuminate/Database/Eloquent/Model.php:2556
/home/user/cmis.marketing.limited/tests/Traits/CreatesTestData.php:105
/home/user/cmis.marketing.limited/tests/Integration/ErrorHandling/ErrorRecoveryWorkflowTest.php:96</error>
        </testcase>
        <testcase name="it_handles_database_transaction_rollback" file="/home/user/cmis.marketing.limited/tests/Integration/ErrorHandling/ErrorRecoveryWorkflowTest.php" line="152" class="Tests\Integration\ErrorHandling\ErrorRecoveryWorkflowTest" classname="Tests.Integration.ErrorHandling.ErrorRecoveryWorkflowTest" assertions="1" time="0.327015"/>
        <testcase name="it_handles_network_timeout_with_retry" file="/home/user/cmis.marketing.limited/tests/Integration/ErrorHandling/ErrorRecoveryWorkflowTest.php" line="29" class="Tests\Integration\ErrorHandling\ErrorRecoveryWorkflowTest" classname="Tests.Integration.ErrorHandling.ErrorRecoveryWorkflowTest" assertions="0" time="0.305346">
          <error type="Illuminate\Database\Eloquent\InvalidCastException">Tests\Integration\ErrorHandling\ErrorRecoveryWorkflowTest::it_handles_network_timeout_with_retry
Illuminate\Database\Eloquent\InvalidCastException: Call to undefined cast [Illuminate\Database\Eloquent\Casts\Encrypted] on column [access_token] in model [App\Models\Core\Integration].

/home/user/cmis.marketing.limited/vendor/laravel/framework/src/Illuminate/Database/Eloquent/Concerns/HasAttributes.php:1768
/home/user/cmis.marketing.limited/vendor/laravel/framework/src/Illuminate/Database/Eloquent/Concerns/HasAttributes.php:1084
/home/user/cmis.marketing.limited/vendor/laravel/framework/src/Illuminate/Database/Eloquent/Model.php:619
/home/user/cmis.marketing.limited/vendor/laravel/framework/src/Illuminate/Database/Eloquent/Model.php:713
/home/user/cmis.marketing.limited/vendor/laravel/framework/src/Illuminate/Database/Eloquent/Builder.php:1747
/home/user/cmis.marketing.limited/vendor/laravel/framework/src/Illuminate/Database/Eloquent/Builder.php:1218
/home/user/cmis.marketing.limited/vendor/laravel/framework/src/Illuminate/Support/Traits/ForwardsCalls.php:23
/home/user/cmis.marketing.limited/vendor/laravel/framework/src/Illuminate/Database/Eloquent/Model.php:2540
/home/user/cmis.marketing.limited/vendor/laravel/framework/src/Illuminate/Database/Eloquent/Model.php:2556
/home/user/cmis.marketing.limited/tests/Traits/CreatesTestData.php:105
/home/user/cmis.marketing.limited/tests/Integration/ErrorHandling/ErrorRecoveryWorkflowTest.php:34</error>
        </testcase>
        <testcase name="it_logs_all_errors_for_debugging" file="/home/user/cmis.marketing.limited/tests/Integration/ErrorHandling/ErrorRecoveryWorkflowTest.php" line="230" class="Tests\Integration\ErrorHandling\ErrorRecoveryWorkflowTest" classname="Tests.Integration.ErrorHandling.ErrorRecoveryWorkflowTest" assertions="0" time="0.306027">
          <error type="Illuminate\Database\Eloquent\InvalidCastException">Tests\Integration\ErrorHandling\ErrorRecoveryWorkflowTest::it_logs_all_errors_for_debugging
Illuminate\Database\Eloquent\InvalidCastException: Call to undefined cast [Illuminate\Database\Eloquent\Casts\Encrypted] on column [access_token] in model [App\Models\Core\Integration].

/home/user/cmis.marketing.limited/vendor/laravel/framework/src/Illuminate/Database/Eloquent/Concerns/HasAttributes.php:1768
/home/user/cmis.marketing.limited/vendor/laravel/framework/src/Illuminate/Database/Eloquent/Concerns/HasAttributes.php:1084
/home/user/cmis.marketing.limited/vendor/laravel/framework/src/Illuminate/Database/Eloquent/Model.php:619
/home/user/cmis.marketing.limited/vendor/laravel/framework/src/Illuminate/Database/Eloquent/Model.php:713
/home/user/cmis.marketing.limited/vendor/laravel/framework/src/Illuminate/Database/Eloquent/Builder.php:1747
/home/user/cmis.marketing.limited/vendor/laravel/framework/src/Illuminate/Database/Eloquent/Builder.php:1218
/home/user/cmis.marketing.limited/vendor/laravel/framework/src/Illuminate/Support/Traits/ForwardsCalls.php:23
/home/user/cmis.marketing.limited/vendor/laravel/framework/src/Illuminate/Database/Eloquent/Model.php:2540
/home/user/cmis.marketing.limited/vendor/laravel/framework/src/Illuminate/Database/Eloquent/Model.php:2556
/home/user/cmis.marketing.limited/tests/Traits/CreatesTestData.php:105
/home/user/cmis.marketing.limited/tests/Integration/ErrorHandling/ErrorRecoveryWorkflowTest.php:235</error>
        </testcase>
        <testcase name="it_handles_validation_errors_gracefully" file="/home/user/cmis.marketing.limited/tests/Integration/ErrorHandling/ErrorRecoveryWorkflowTest.php" line="203" class="Tests\Integration\ErrorHandling\ErrorRecoveryWorkflowTest" classname="Tests.Integration.ErrorHandling.ErrorRecoveryWorkflowTest" assertions="1" time="0.300375"/>
        <testcase name="it_handles_partial_data_sync_failure" file="/home/user/cmis.marketing.limited/tests/Integration/ErrorHandling/ErrorRecoveryWorkflowTest.php" line="120" class="Tests\Integration\ErrorHandling\ErrorRecoveryWorkflowTest" classname="Tests.Integration.ErrorHandling.ErrorRecoveryWorkflowTest" assertions="0" time="0.309355">
          <error type="Illuminate\Database\Eloquent\InvalidCastException">Tests\Integration\ErrorHandling\ErrorRecoveryWorkflowTest::it_handles_partial_data_sync_failure
Illuminate\Database\Eloquent\InvalidCastException: Call to undefined cast [Illuminate\Database\Eloquent\Casts\Encrypted] on column [access_token] in model [App\Models\Core\Integration].

/home/user/cmis.marketing.limited/vendor/laravel/framework/src/Illuminate/Database/Eloquent/Concerns/HasAttributes.php:1768
/home/user/cmis.marketing.limited/vendor/laravel/framework/src/Illuminate/Database/Eloquent/Concerns/HasAttributes.php:1084
/home/user/cmis.marketing.limited/vendor/laravel/framework/src/Illuminate/Database/Eloquent/Model.php:619
/home/user/cmis.marketing.limited/vendor/laravel/framework/src/Illuminate/Database/Eloquent/Model.php:713
/home/user/cmis.marketing.limited/vendor/laravel/framework/src/Illuminate/Database/Eloquent/Builder.php:1747
/home/user/cmis.marketing.limited/vendor/laravel/framework/src/Illuminate/Database/Eloquent/Builder.php:1218
/home/user/cmis.marketing.limited/vendor/laravel/framework/src/Illuminate/Support/Traits/ForwardsCalls.php:23
/home/user/cmis.marketing.limited/vendor/laravel/framework/src/Illuminate/Database/Eloquent/Model.php:2540
/home/user/cmis.marketing.limited/vendor/laravel/framework/src/Illuminate/Database/Eloquent/Model.php:2556
/home/user/cmis.marketing.limited/tests/Traits/CreatesTestData.php:105
/home/user/cmis.marketing.limited/tests/Integration/ErrorHandling/ErrorRecoveryWorkflowTest.php:125</error>
        </testcase>
      </testsuite>
      <testsuite name="Tests\Integration\Creative\CreativeApprovalWorkflowTest" file="/home/user/cmis.marketing.limited/tests/Integration/Creative/CreativeApprovalWorkflowTest.php" tests="4" assertions="1" errors="4" failures="0" skipped="0" time="1.702461">
        <testcase name="it_tracks_approval_history" file="/home/user/cmis.marketing.limited/tests/Integration/Creative/CreativeApprovalWorkflowTest.php" line="210" class="Tests\Integration\Creative\CreativeApprovalWorkflowTest" classname="Tests.Integration.Creative.CreativeApprovalWorkflowTest" assertions="0" time="0.316629">
          <error type="Error">Tests\Integration\Creative\CreativeApprovalWorkflowTest::it_tracks_approval_history
Error: Class "App\Models\Creative\CreativeAsset" not found

/home/user/cmis.marketing.limited/tests/Traits/CreatesTestData.php:77
/home/user/cmis.marketing.limited/tests/Integration/Creative/CreativeApprovalWorkflowTest.php:218</error>
        </testcase>
        <testcase name="it_handles_creative_rejection_and_revision" file="/home/user/cmis.marketing.limited/tests/Integration/Creative/CreativeApprovalWorkflowTest.php" line="102" class="Tests\Integration\Creative\CreativeApprovalWorkflowTest" classname="Tests.Integration.Creative.CreativeApprovalWorkflowTest" assertions="0" time="0.299044">
          <error type="Error">Tests\Integration\Creative\CreativeApprovalWorkflowTest::it_handles_creative_rejection_and_revision
Error: Class "App\Models\Creative\CreativeAsset" not found

/home/user/cmis.marketing.limited/tests/Traits/CreatesTestData.php:77
/home/user/cmis.marketing.limited/tests/Integration/Creative/CreativeApprovalWorkflowTest.php:111</error>
        </testcase>
        <testcase name="it_supports_multi_level_approval" file="/home/user/cmis.marketing.limited/tests/Integration/Creative/CreativeApprovalWorkflowTest.php" line="157" class="Tests\Integration\Creative\CreativeApprovalWorkflowTest" classname="Tests.Integration.Creative.CreativeApprovalWorkflowTest" assertions="0" time="0.769251">
          <error type="Error">Tests\Integration\Creative\CreativeApprovalWorkflowTest::it_supports_multi_level_approval
Error: Class "App\Models\Creative\CreativeAsset" not found

/home/user/cmis.marketing.limited/tests/Traits/CreatesTestData.php:77
/home/user/cmis.marketing.limited/tests/Integration/Creative/CreativeApprovalWorkflowTest.php:180</error>
        </testcase>
        <testcase name="it_completes_creative_brief_to_approval_workflow" file="/home/user/cmis.marketing.limited/tests/Integration/Creative/CreativeApprovalWorkflowTest.php" line="29" class="Tests\Integration\Creative\CreativeApprovalWorkflowTest" classname="Tests.Integration.Creative.CreativeApprovalWorkflowTest" assertions="1" time="0.317536">
          <error type="Error">Tests\Integration\Creative\CreativeApprovalWorkflowTest::it_completes_creative_brief_to_approval_workflow
Error: Class "App\Models\Creative\CreativeAsset" not found

/home/user/cmis.marketing.limited/tests/Traits/CreatesTestData.php:77
/home/user/cmis.marketing.limited/tests/Integration/Creative/CreativeApprovalWorkflowTest.php:55</error>
        </testcase>
      </testsuite>
      <testsuite name="Tests\Integration\AdPlatform\TikTokAdsWorkflowTest" file="/home/user/cmis.marketing.limited/tests/Integration/AdPlatform/TikTokAdsWorkflowTest.php" tests="9" assertions="0" errors="9" failures="0" skipped="0" time="3.015100">
        <testcase name="it_updates_tiktok_campaign_budget" file="/home/user/cmis.marketing.limited/tests/Integration/AdPlatform/TikTokAdsWorkflowTest.php" line="307" class="Tests\Integration\AdPlatform\TikTokAdsWorkflowTest" classname="Tests.Integration.AdPlatform.TikTokAdsWorkflowTest" assertions="0" time="0.307045">
          <error type="Illuminate\Database\Eloquent\InvalidCastException">Tests\Integration\AdPlatform\TikTokAdsWorkflowTest::it_updates_tiktok_campaign_budget
Illuminate\Database\Eloquent\InvalidCastException: Call to undefined cast [Illuminate\Database\Eloquent\Casts\Encrypted] on column [access_token] in model [App\Models\Core\Integration].

/home/user/cmis.marketing.limited/vendor/laravel/framework/src/Illuminate/Database/Eloquent/Concerns/HasAttributes.php:1768
/home/user/cmis.marketing.limited/vendor/laravel/framework/src/Illuminate/Database/Eloquent/Concerns/HasAttributes.php:1084
/home/user/cmis.marketing.limited/vendor/laravel/framework/src/Illuminate/Database/Eloquent/Model.php:619
/home/user/cmis.marketing.limited/vendor/laravel/framework/src/Illuminate/Database/Eloquent/Model.php:713
/home/user/cmis.marketing.limited/vendor/laravel/framework/src/Illuminate/Database/Eloquent/Builder.php:1747
/home/user/cmis.marketing.limited/vendor/laravel/framework/src/Illuminate/Database/Eloquent/Builder.php:1218
/home/user/cmis.marketing.limited/vendor/laravel/framework/src/Illuminate/Support/Traits/ForwardsCalls.php:23
/home/user/cmis.marketing.limited/vendor/laravel/framework/src/Illuminate/Database/Eloquent/Model.php:2540
/home/user/cmis.marketing.limited/vendor/laravel/framework/src/Illuminate/Database/Eloquent/Model.php:2556
/home/user/cmis.marketing.limited/tests/Traits/CreatesTestData.php:105
/home/user/cmis.marketing.limited/tests/Integration/AdPlatform/TikTokAdsWorkflowTest.php:312</error>
        </testcase>
        <testcase name="it_creates_tiktok_video_ad" file="/home/user/cmis.marketing.limited/tests/Integration/AdPlatform/TikTokAdsWorkflowTest.php" line="124" class="Tests\Integration\AdPlatform\TikTokAdsWorkflowTest" classname="Tests.Integration.AdPlatform.TikTokAdsWorkflowTest" assertions="0" time="0.313013">
          <error type="Illuminate\Database\Eloquent\InvalidCastException">Tests\Integration\AdPlatform\TikTokAdsWorkflowTest::it_creates_tiktok_video_ad
Illuminate\Database\Eloquent\InvalidCastException: Call to undefined cast [Illuminate\Database\Eloquent\Casts\Encrypted] on column [access_token] in model [App\Models\Core\Integration].

/home/user/cmis.marketing.limited/vendor/laravel/framework/src/Illuminate/Database/Eloquent/Concerns/HasAttributes.php:1768
/home/user/cmis.marketing.limited/vendor/laravel/framework/src/Illuminate/Database/Eloquent/Concerns/HasAttributes.php:1084
/home/user/cmis.marketing.limited/vendor/laravel/framework/src/Illuminate/Database/Eloquent/Model.php:619
/home/user/cmis.marketing.limited/vendor/laravel/framework/src/Illuminate/Database/Eloquent/Model.php:713
/home/user/cmis.marketing.limited/vendor/laravel/framework/src/Illuminate/Database/Eloquent/Builder.php:1747
/home/user/cmis.marketing.limited/vendor/laravel/framework/src/Illuminate/Database/Eloquent/Builder.php:1218
/home/user/cmis.marketing.limited/vendor/laravel/framework/src/Illuminate/Support/Traits/ForwardsCalls.php:23
/home/user/cmis.marketing.limited/vendor/laravel/framework/src/Illuminate/Database/Eloquent/Model.php:2540
/home/user/cmis.marketing.limited/vendor/laravel/framework/src/Illuminate/Database/Eloquent/Model.php:2556
/home/user/cmis.marketing.limited/tests/Traits/CreatesTestData.php:105
/home/user/cmis.marketing.limited/tests/Integration/AdPlatform/TikTokAdsWorkflowTest.php:129</error>
        </testcase>
        <testcase name="it_uploads_video_to_tiktok" file="/home/user/cmis.marketing.limited/tests/Integration/AdPlatform/TikTokAdsWorkflowTest.php" line="187" class="Tests\Integration\AdPlatform\TikTokAdsWorkflowTest" classname="Tests.Integration.AdPlatform.TikTokAdsWorkflowTest" assertions="0" time="0.306774">
          <error type="Illuminate\Database\Eloquent\InvalidCastException">Tests\Integration\AdPlatform\TikTokAdsWorkflowTest::it_uploads_video_to_tiktok
Illuminate\Database\Eloquent\InvalidCastException: Call to undefined cast [Illuminate\Database\Eloquent\Casts\Encrypted] on column [access_token] in model [App\Models\Core\Integration].

/home/user/cmis.marketing.limited/vendor/laravel/framework/src/Illuminate/Database/Eloquent/Concerns/HasAttributes.php:1768
/home/user/cmis.marketing.limited/vendor/laravel/framework/src/Illuminate/Database/Eloquent/Concerns/HasAttributes.php:1084
/home/user/cmis.marketing.limited/vendor/laravel/framework/src/Illuminate/Database/Eloquent/Model.php:619
/home/user/cmis.marketing.limited/vendor/laravel/framework/src/Illuminate/Database/Eloquent/Model.php:713
/home/user/cmis.marketing.limited/vendor/laravel/framework/src/Illuminate/Database/Eloquent/Builder.php:1747
/home/user/cmis.marketing.limited/vendor/laravel/framework/src/Illuminate/Database/Eloquent/Builder.php:1218
/home/user/cmis.marketing.limited/vendor/laravel/framework/src/Illuminate/Support/Traits/ForwardsCalls.php:23
/home/user/cmis.marketing.limited/vendor/laravel/framework/src/Illuminate/Database/Eloquent/Model.php:2540
/home/user/cmis.marketing.limited/vendor/laravel/framework/src/Illuminate/Database/Eloquent/Model.php:2556
/home/user/cmis.marketing.limited/tests/Traits/CreatesTestData.php:105
/home/user/cmis.marketing.limited/tests/Integration/AdPlatform/TikTokAdsWorkflowTest.php:192</error>
        </testcase>
        <testcase name="it_creates_tiktok_ad_set" file="/home/user/cmis.marketing.limited/tests/Integration/AdPlatform/TikTokAdsWorkflowTest.php" line="67" class="Tests\Integration\AdPlatform\TikTokAdsWorkflowTest" classname="Tests.Integration.AdPlatform.TikTokAdsWorkflowTest" assertions="0" time="0.306363">
          <error type="Illuminate\Database\Eloquent\InvalidCastException">Tests\Integration\AdPlatform\TikTokAdsWorkflowTest::it_creates_tiktok_ad_set
Illuminate\Database\Eloquent\InvalidCastException: Call to undefined cast [Illuminate\Database\Eloquent\Casts\Encrypted] on column [access_token] in model [App\Models\Core\Integration].

/home/user/cmis.marketing.limited/vendor/laravel/framework/src/Illuminate/Database/Eloquent/Concerns/HasAttributes.php:1768
/home/user/cmis.marketing.limited/vendor/laravel/framework/src/Illuminate/Database/Eloquent/Concerns/HasAttributes.php:1084
/home/user/cmis.marketing.limited/vendor/laravel/framework/src/Illuminate/Database/Eloquent/Model.php:619
/home/user/cmis.marketing.limited/vendor/laravel/framework/src/Illuminate/Database/Eloquent/Model.php:713
/home/user/cmis.marketing.limited/vendor/laravel/framework/src/Illuminate/Database/Eloquent/Builder.php:1747
/home/user/cmis.marketing.limited/vendor/laravel/framework/src/Illuminate/Database/Eloquent/Builder.php:1218
/home/user/cmis.marketing.limited/vendor/laravel/framework/src/Illuminate/Support/Traits/ForwardsCalls.php:23
/home/user/cmis.marketing.limited/vendor/laravel/framework/src/Illuminate/Database/Eloquent/Model.php:2540
/home/user/cmis.marketing.limited/vendor/laravel/framework/src/Illuminate/Database/Eloquent/Model.php:2556
/home/user/cmis.marketing.limited/tests/Traits/CreatesTestData.php:105
/home/user/cmis.marketing.limited/tests/Integration/AdPlatform/TikTokAdsWorkflowTest.php:72</error>
        </testcase>
        <testcase name="it_pauses_tiktok_campaign" file="/home/user/cmis.marketing.limited/tests/Integration/AdPlatform/TikTokAdsWorkflowTest.php" line="267" class="Tests\Integration\AdPlatform\TikTokAdsWorkflowTest" classname="Tests.Integration.AdPlatform.TikTokAdsWorkflowTest" assertions="0" time="0.303773">
          <error type="Illuminate\Database\Eloquent\InvalidCastException">Tests\Integration\AdPlatform\TikTokAdsWorkflowTest::it_pauses_tiktok_campaign
Illuminate\Database\Eloquent\InvalidCastException: Call to undefined cast [Illuminate\Database\Eloquent\Casts\Encrypted] on column [access_token] in model [App\Models\Core\Integration].

/home/user/cmis.marketing.limited/vendor/laravel/framework/src/Illuminate/Database/Eloquent/Concerns/HasAttributes.php:1768
/home/user/cmis.marketing.limited/vendor/laravel/framework/src/Illuminate/Database/Eloquent/Concerns/HasAttributes.php:1084
/home/user/cmis.marketing.limited/vendor/laravel/framework/src/Illuminate/Database/Eloquent/Model.php:619
/home/user/cmis.marketing.limited/vendor/laravel/framework/src/Illuminate/Database/Eloquent/Model.php:713
/home/user/cmis.marketing.limited/vendor/laravel/framework/src/Illuminate/Database/Eloquent/Builder.php:1747
/home/user/cmis.marketing.limited/vendor/laravel/framework/src/Illuminate/Database/Eloquent/Builder.php:1218
/home/user/cmis.marketing.limited/vendor/laravel/framework/src/Illuminate/Support/Traits/ForwardsCalls.php:23
/home/user/cmis.marketing.limited/vendor/laravel/framework/src/Illuminate/Database/Eloquent/Model.php:2540
/home/user/cmis.marketing.limited/vendor/laravel/framework/src/Illuminate/Database/Eloquent/Model.php:2556
/home/user/cmis.marketing.limited/tests/Traits/CreatesTestData.php:105
/home/user/cmis.marketing.limited/tests/Integration/AdPlatform/TikTokAdsWorkflowTest.php:272</error>
        </testcase>
        <testcase name="it_creates_tiktok_ad_campaign" file="/home/user/cmis.marketing.limited/tests/Integration/AdPlatform/TikTokAdsWorkflowTest.php" line="28" class="Tests\Integration\AdPlatform\TikTokAdsWorkflowTest" classname="Tests.Integration.AdPlatform.TikTokAdsWorkflowTest" assertions="0" time="0.309218">
          <error type="Illuminate\Database\Eloquent\InvalidCastException">Tests\Integration\AdPlatform\TikTokAdsWorkflowTest::it_creates_tiktok_ad_campaign
Illuminate\Database\Eloquent\InvalidCastException: Call to undefined cast [Illuminate\Database\Eloquent\Casts\Encrypted] on column [access_token] in model [App\Models\Core\Integration].

/home/user/cmis.marketing.limited/vendor/laravel/framework/src/Illuminate/Database/Eloquent/Concerns/HasAttributes.php:1768
/home/user/cmis.marketing.limited/vendor/laravel/framework/src/Illuminate/Database/Eloquent/Concerns/HasAttributes.php:1084
/home/user/cmis.marketing.limited/vendor/laravel/framework/src/Illuminate/Database/Eloquent/Model.php:619
/home/user/cmis.marketing.limited/vendor/laravel/framework/src/Illuminate/Database/Eloquent/Model.php:713
/home/user/cmis.marketing.limited/vendor/laravel/framework/src/Illuminate/Database/Eloquent/Builder.php:1747
/home/user/cmis.marketing.limited/vendor/laravel/framework/src/Illuminate/Database/Eloquent/Builder.php:1218
/home/user/cmis.marketing.limited/vendor/laravel/framework/src/Illuminate/Support/Traits/ForwardsCalls.php:23
/home/user/cmis.marketing.limited/vendor/laravel/framework/src/Illuminate/Database/Eloquent/Model.php:2540
/home/user/cmis.marketing.limited/vendor/laravel/framework/src/Illuminate/Database/Eloquent/Model.php:2556
/home/user/cmis.marketing.limited/tests/Traits/CreatesTestData.php:105
/home/user/cmis.marketing.limited/tests/Integration/AdPlatform/TikTokAdsWorkflowTest.php:33</error>
        </testcase>
        <testcase name="it_handles_tiktok_api_errors" file="/home/user/cmis.marketing.limited/tests/Integration/AdPlatform/TikTokAdsWorkflowTest.php" line="348" class="Tests\Integration\AdPlatform\TikTokAdsWorkflowTest" classname="Tests.Integration.AdPlatform.TikTokAdsWorkflowTest" assertions="0" time="0.302792">
          <error type="Illuminate\Database\Eloquent\InvalidCastException">Tests\Integration\AdPlatform\TikTokAdsWorkflowTest::it_handles_tiktok_api_errors
Illuminate\Database\Eloquent\InvalidCastException: Call to undefined cast [Illuminate\Database\Eloquent\Casts\Encrypted] on column [access_token] in model [App\Models\Core\Integration].

/home/user/cmis.marketing.limited/vendor/laravel/framework/src/Illuminate/Database/Eloquent/Concerns/HasAttributes.php:1768
/home/user/cmis.marketing.limited/vendor/laravel/framework/src/Illuminate/Database/Eloquent/Concerns/HasAttributes.php:1084
/home/user/cmis.marketing.limited/vendor/laravel/framework/src/Illuminate/Database/Eloquent/Model.php:619
/home/user/cmis.marketing.limited/vendor/laravel/framework/src/Illuminate/Database/Eloquent/Model.php:713
/home/user/cmis.marketing.limited/vendor/laravel/framework/src/Illuminate/Database/Eloquent/Builder.php:1747
/home/user/cmis.marketing.limited/vendor/laravel/framework/src/Illuminate/Database/Eloquent/Builder.php:1218
/home/user/cmis.marketing.limited/vendor/laravel/framework/src/Illuminate/Support/Traits/ForwardsCalls.php:23
/home/user/cmis.marketing.limited/vendor/laravel/framework/src/Illuminate/Database/Eloquent/Model.php:2540
/home/user/cmis.marketing.limited/vendor/laravel/framework/src/Illuminate/Database/Eloquent/Model.php:2556
/home/user/cmis.marketing.limited/tests/Traits/CreatesTestData.php:105
/home/user/cmis.marketing.limited/tests/Integration/AdPlatform/TikTokAdsWorkflowTest.php:353</error>
        </testcase>
        <testcase name="it_fetches_tiktok_campaign_insights" file="/home/user/cmis.marketing.limited/tests/Integration/AdPlatform/TikTokAdsWorkflowTest.php" line="214" class="Tests\Integration\AdPlatform\TikTokAdsWorkflowTest" classname="Tests.Integration.AdPlatform.TikTokAdsWorkflowTest" assertions="0" time="0.329769">
          <error type="Illuminate\Database\Eloquent\InvalidCastException">Tests\Integration\AdPlatform\TikTokAdsWorkflowTest::it_fetches_tiktok_campaign_insights
Illuminate\Database\Eloquent\InvalidCastException: Call to undefined cast [Illuminate\Database\Eloquent\Casts\Encrypted] on column [access_token] in model [App\Models\Core\Integration].

/home/user/cmis.marketing.limited/vendor/laravel/framework/src/Illuminate/Database/Eloquent/Concerns/HasAttributes.php:1768
/home/user/cmis.marketing.limited/vendor/laravel/framework/src/Illuminate/Database/Eloquent/Concerns/HasAttributes.php:1084
/home/user/cmis.marketing.limited/vendor/laravel/framework/src/Illuminate/Database/Eloquent/Model.php:619
/home/user/cmis.marketing.limited/vendor/laravel/framework/src/Illuminate/Database/Eloquent/Model.php:713
/home/user/cmis.marketing.limited/vendor/laravel/framework/src/Illuminate/Database/Eloquent/Builder.php:1747
/home/user/cmis.marketing.limited/vendor/laravel/framework/src/Illuminate/Database/Eloquent/Builder.php:1218
/home/user/cmis.marketing.limited/vendor/laravel/framework/src/Illuminate/Support/Traits/ForwardsCalls.php:23
/home/user/cmis.marketing.limited/vendor/laravel/framework/src/Illuminate/Database/Eloquent/Model.php:2540
/home/user/cmis.marketing.limited/vendor/laravel/framework/src/Illuminate/Database/Eloquent/Model.php:2556
/home/user/cmis.marketing.limited/tests/Traits/CreatesTestData.php:105
/home/user/cmis.marketing.limited/tests/Integration/AdPlatform/TikTokAdsWorkflowTest.php:219</error>
        </testcase>
        <testcase name="it_respects_org_isolation_for_tiktok_campaigns" file="/home/user/cmis.marketing.limited/tests/Integration/AdPlatform/TikTokAdsWorkflowTest.php" line="373" class="Tests\Integration\AdPlatform\TikTokAdsWorkflowTest" classname="Tests.Integration.AdPlatform.TikTokAdsWorkflowTest" assertions="0" time="0.536353">
          <error type="Illuminate\Database\Eloquent\InvalidCastException">Tests\Integration\AdPlatform\TikTokAdsWorkflowTest::it_respects_org_isolation_for_tiktok_campaigns
Illuminate\Database\Eloquent\InvalidCastException: Call to undefined cast [Illuminate\Database\Eloquent\Casts\Encrypted] on column [access_token] in model [App\Models\Core\Integration].

/home/user/cmis.marketing.limited/vendor/laravel/framework/src/Illuminate/Database/Eloquent/Concerns/HasAttributes.php:1768
/home/user/cmis.marketing.limited/vendor/laravel/framework/src/Illuminate/Database/Eloquent/Concerns/HasAttributes.php:1084
/home/user/cmis.marketing.limited/vendor/laravel/framework/src/Illuminate/Database/Eloquent/Model.php:619
/home/user/cmis.marketing.limited/vendor/laravel/framework/src/Illuminate/Database/Eloquent/Model.php:713
/home/user/cmis.marketing.limited/vendor/laravel/framework/src/Illuminate/Database/Eloquent/Builder.php:1747
/home/user/cmis.marketing.limited/vendor/laravel/framework/src/Illuminate/Database/Eloquent/Builder.php:1218
/home/user/cmis.marketing.limited/vendor/laravel/framework/src/Illuminate/Support/Traits/ForwardsCalls.php:23
/home/user/cmis.marketing.limited/vendor/laravel/framework/src/Illuminate/Database/Eloquent/Model.php:2540
/home/user/cmis.marketing.limited/vendor/laravel/framework/src/Illuminate/Database/Eloquent/Model.php:2556
/home/user/cmis.marketing.limited/tests/Traits/CreatesTestData.php:105
/home/user/cmis.marketing.limited/tests/Integration/AdPlatform/TikTokAdsWorkflowTest.php:381</error>
        </testcase>
      </testsuite>
    </testsuite>
    <testsuite name="Unit" tests="1395" assertions="568" errors="1065" failures="24" skipped="0" time="195.664571">
      <testsuite name="Tests\Unit\Validators\CampaignValidatorTest" file="/home/user/cmis.marketing.limited/tests/Unit/Validators/CampaignValidatorTest.php" tests="9" assertions="16" errors="0" failures="0" skipped="0" time="0.619549">
        <testcase name="it_allows_valid_campaign_data" file="/home/user/cmis.marketing.limited/tests/Unit/Validators/CampaignValidatorTest.php" line="237" class="Tests\Unit\Validators\CampaignValidatorTest" classname="Tests.Unit.Validators.CampaignValidatorTest" assertions="1" time="0.078610"/>
        <testcase name="it_validates_budget_minimum_value" file="/home/user/cmis.marketing.limited/tests/Unit/Validators/CampaignValidatorTest.php" line="186" class="Tests\Unit\Validators\CampaignValidatorTest" classname="Tests.Unit.Validators.CampaignValidatorTest" assertions="1" time="0.076685"/>
        <testcase name="it_validates_budget_is_numeric" file="/home/user/cmis.marketing.limited/tests/Unit/Validators/CampaignValidatorTest.php" line="155" class="Tests\Unit\Validators\CampaignValidatorTest" classname="Tests.Unit.Validators.CampaignValidatorTest" assertions="2" time="0.065386"/>
        <testcase name="it_validates_date_format" file="/home/user/cmis.marketing.limited/tests/Unit/Validators/CampaignValidatorTest.php" line="91" class="Tests\Unit\Validators\CampaignValidatorTest" classname="Tests.Unit.Validators.CampaignValidatorTest" assertions="2" time="0.062255"/>
        <testcase name="it_validates_campaign_type" file="/home/user/cmis.marketing.limited/tests/Unit/Validators/CampaignValidatorTest.php" line="206" class="Tests\Unit\Validators\CampaignValidatorTest" classname="Tests.Unit.Validators.CampaignValidatorTest" assertions="2" time="0.062063"/>
        <testcase name="it_validates_status_values" file="/home/user/cmis.marketing.limited/tests/Unit/Validators/CampaignValidatorTest.php" line="60" class="Tests\Unit\Validators\CampaignValidatorTest" classname="Tests.Unit.Validators.CampaignValidatorTest" assertions="2" time="0.066003"/>
        <testcase name="it_validates_campaign_name_max_length" file="/home/user/cmis.marketing.limited/tests/Unit/Validators/CampaignValidatorTest.php" line="39" class="Tests\Unit\Validators\CampaignValidatorTest" classname="Tests.Unit.Validators.CampaignValidatorTest" assertions="2" time="0.067277"/>
        <testcase name="it_validates_end_date_after_start_date" file="/home/user/cmis.marketing.limited/tests/Unit/Validators/CampaignValidatorTest.php" line="122" class="Tests\Unit\Validators\CampaignValidatorTest" classname="Tests.Unit.Validators.CampaignValidatorTest" assertions="2" time="0.078088"/>
        <testcase name="it_validates_campaign_name_is_required" file="/home/user/cmis.marketing.limited/tests/Unit/Validators/CampaignValidatorTest.php" line="17" class="Tests\Unit\Validators\CampaignValidatorTest" classname="Tests.Unit.Validators.CampaignValidatorTest" assertions="2" time="0.063182"/>
      </testsuite>
      <testsuite name="Tests\Unit\Notifications\CampaignNotificationTest" file="/home/user/cmis.marketing.limited/tests/Unit/Notifications/CampaignNotificationTest.php" tests="10" assertions="0" errors="10" failures="0" skipped="0" time="3.327029">
        <testcase name="it_can_send_campaign_started_notification" file="/home/user/cmis.marketing.limited/tests/Unit/Notifications/CampaignNotificationTest.php" line="76" class="Tests\Unit\Notifications\CampaignNotificationTest" classname="Tests.Unit.Notifications.CampaignNotificationTest" assertions="0" time="0.313246">
          <error type="Error">Tests\Unit\Notifications\CampaignNotificationTest::it_can_send_campaign_started_notification
Error: Class "App\Notifications\CampaignStartedNotification" not found

/home/user/cmis.marketing.limited/tests/Unit/Notifications/CampaignNotificationTest.php:89</error>
        </testcase>
        <testcase name="it_includes_campaign_details_in_notification" file="/home/user/cmis.marketing.limited/tests/Unit/Notifications/CampaignNotificationTest.php" line="50" class="Tests\Unit\Notifications\CampaignNotificationTest" classname="Tests.Unit.Notifications.CampaignNotificationTest" assertions="0" time="0.313101">
          <error type="Error">Tests\Unit\Notifications\CampaignNotificationTest::it_includes_campaign_details_in_notification
Error: Class "App\Notifications\CampaignCompletedNotification" not found

/home/user/cmis.marketing.limited/tests/Unit/Notifications/CampaignNotificationTest.php:63</error>
        </testcase>
        <testcase name="it_can_send_post_published_notification" file="/home/user/cmis.marketing.limited/tests/Unit/Notifications/CampaignNotificationTest.php" line="100" class="Tests\Unit\Notifications\CampaignNotificationTest" classname="Tests.Unit.Notifications.CampaignNotificationTest" assertions="0" time="0.311465">
          <error type="Error">Tests\Unit\Notifications\CampaignNotificationTest::it_can_send_post_published_notification
Error: Call to undefined method Tests\Unit\Notifications\CampaignNotificationTest::createTestContent()

/home/user/cmis.marketing.limited/tests/Unit/Notifications/CampaignNotificationTest.php:109</error>
        </testcase>
        <testcase name="it_includes_action_url_in_notification" file="/home/user/cmis.marketing.limited/tests/Unit/Notifications/CampaignNotificationTest.php" line="209" class="Tests\Unit\Notifications\CampaignNotificationTest" classname="Tests.Unit.Notifications.CampaignNotificationTest" assertions="0" time="0.298369">
          <error type="Error">Tests\Unit\Notifications\CampaignNotificationTest::it_includes_action_url_in_notification
Error: Class "App\Notifications\CampaignCompletedNotification" not found

/home/user/cmis.marketing.limited/tests/Unit/Notifications/CampaignNotificationTest.php:217</error>
        </testcase>
        <testcase name="it_supports_database_channel" file="/home/user/cmis.marketing.limited/tests/Unit/Notifications/CampaignNotificationTest.php" line="144" class="Tests\Unit\Notifications\CampaignNotificationTest" classname="Tests.Unit.Notifications.CampaignNotificationTest" assertions="0" time="0.306733">
          <error type="Error">Tests\Unit\Notifications\CampaignNotificationTest::it_supports_database_channel
Error: Class "App\Notifications\CampaignCompletedNotification" not found

/home/user/cmis.marketing.limited/tests/Unit/Notifications/CampaignNotificationTest.php:152</error>
        </testcase>
        <testcase name="it_creates_database_notification_record" file="/home/user/cmis.marketing.limited/tests/Unit/Notifications/CampaignNotificationTest.php" line="163" class="Tests\Unit\Notifications\CampaignNotificationTest" classname="Tests.Unit.Notifications.CampaignNotificationTest" assertions="0" time="0.304579">
          <error type="Error">Tests\Unit\Notifications\CampaignNotificationTest::it_creates_database_notification_record
Error: Class "App\Notifications\CampaignCompletedNotification" not found

/home/user/cmis.marketing.limited/tests/Unit/Notifications/CampaignNotificationTest.php:173</error>
        </testcase>
        <testcase name="it_respects_user_notification_preferences" file="/home/user/cmis.marketing.limited/tests/Unit/Notifications/CampaignNotificationTest.php" line="230" class="Tests\Unit\Notifications\CampaignNotificationTest" classname="Tests.Unit.Notifications.CampaignNotificationTest" assertions="0" time="0.306953">
          <error type="Error">Tests\Unit\Notifications\CampaignNotificationTest::it_respects_user_notification_preferences
Error: Class "App\Notifications\CampaignCompletedNotification" not found

/home/user/cmis.marketing.limited/tests/Unit/Notifications/CampaignNotificationTest.php:248</error>
        </testcase>
        <testcase name="it_can_be_sent_to_multiple_users" file="/home/user/cmis.marketing.limited/tests/Unit/Notifications/CampaignNotificationTest.php" line="187" class="Tests\Unit\Notifications\CampaignNotificationTest" classname="Tests.Unit.Notifications.CampaignNotificationTest" assertions="0" time="0.536445">
          <error type="Error">Tests\Unit\Notifications\CampaignNotificationTest::it_can_be_sent_to_multiple_users
Error: Class "App\Notifications\CampaignCompletedNotification" not found

/home/user/cmis.marketing.limited/tests/Unit/Notifications/CampaignNotificationTest.php:198</error>
        </testcase>
        <testcase name="it_supports_mail_channel" file="/home/user/cmis.marketing.limited/tests/Unit/Notifications/CampaignNotificationTest.php" line="125" class="Tests\Unit\Notifications\CampaignNotificationTest" classname="Tests.Unit.Notifications.CampaignNotificationTest" assertions="0" time="0.324784">
          <error type="Error">Tests\Unit\Notifications\CampaignNotificationTest::it_supports_mail_channel
Error: Class "App\Notifications\CampaignCompletedNotification" not found

/home/user/cmis.marketing.limited/tests/Unit/Notifications/CampaignNotificationTest.php:133</error>
        </testcase>
        <testcase name="it_can_send_campaign_completed_notification" file="/home/user/cmis.marketing.limited/tests/Unit/Notifications/CampaignNotificationTest.php" line="26" class="Tests\Unit\Notifications\CampaignNotificationTest" classname="Tests.Unit.Notifications.CampaignNotificationTest" assertions="0" time="0.311355">
          <error type="Error">Tests\Unit\Notifications\CampaignNotificationTest::it_can_send_campaign_completed_notification
Error: Class "App\Notifications\CampaignCompletedNotification" not found

/home/user/cmis.marketing.limited/tests/Unit/Notifications/CampaignNotificationTest.php:39</error>
        </testcase>
      </testsuite>
      <testsuite name="Tests\Unit\Models\Integration\IntegrationTest" file="/home/user/cmis.marketing.limited/tests/Unit/Models/Integration/IntegrationTest.php" tests="14" assertions="17" errors="2" failures="2" skipped="0" time="1.040161">
        <testcase name="it_belongs_to_org" file="/home/user/cmis.marketing.limited/tests/Unit/Models/Integration/IntegrationTest.php" line="50" class="Tests\Unit\Models\Integration\IntegrationTest" classname="Tests.Unit.Models.Integration.IntegrationTest" assertions="1" time="0.080637"/>
        <testcase name="it_can_be_soft_deleted" file="/home/user/cmis.marketing.limited/tests/Unit/Models/Integration/IntegrationTest.php" line="304" class="Tests\Unit\Models\Integration\IntegrationTest" classname="Tests.Unit.Models.Integration.IntegrationTest" assertions="2" time="0.074415"/>
        <testcase name="it_stores_metadata_as_json" file="/home/user/cmis.marketing.limited/tests/Unit/Models/Integration/IntegrationTest.php" line="143" class="Tests\Unit\Models\Integration\IntegrationTest" classname="Tests.Unit.Models.Integration.IntegrationTest" assertions="0" time="0.084859">
          <error type="ErrorException">Tests\Unit\Models\Integration\IntegrationTest::it_stores_metadata_as_json
ErrorException: Trying to access array offset on null

/home/user/cmis.marketing.limited/vendor/laravel/framework/src/Illuminate/Foundation/Bootstrap/HandleExceptions.php:258
/home/user/cmis.marketing.limited/tests/Unit/Models/Integration/IntegrationTest.php:166</error>
        </testcase>
        <testcase name="it_supports_multiple_platforms" file="/home/user/cmis.marketing.limited/tests/Unit/Models/Integration/IntegrationTest.php" line="95" class="Tests\Unit\Models\Integration\IntegrationTest" classname="Tests.Unit.Models.Integration.IntegrationTest" assertions="1" time="0.080886"/>
        <testcase name="it_can_create_integration" file="/home/user/cmis.marketing.limited/tests/Unit/Models/Integration/IntegrationTest.php" line="24" class="Tests\Unit\Models\Integration\IntegrationTest" classname="Tests.Unit.Models.Integration.IntegrationTest" assertions="1" time="0.069275"/>
        <testcase name="it_can_be_activated_or_deactivated" file="/home/user/cmis.marketing.limited/tests/Unit/Models/Integration/IntegrationTest.php" line="119" class="Tests\Unit\Models\Integration\IntegrationTest" classname="Tests.Unit.Models.Integration.IntegrationTest" assertions="2" time="0.075479"/>
        <testcase name="it_has_timestamps" file="/home/user/cmis.marketing.limited/tests/Unit/Models/Integration/IntegrationTest.php" line="284" class="Tests\Unit\Models\Integration\IntegrationTest" classname="Tests.Unit.Models.Integration.IntegrationTest" assertions="2" time="0.069544"/>
        <testcase name="it_tracks_last_sync_time" file="/home/user/cmis.marketing.limited/tests/Unit/Models/Integration/IntegrationTest.php" line="172" class="Tests\Unit\Models\Integration\IntegrationTest" classname="Tests.Unit.Models.Integration.IntegrationTest" assertions="1" time="0.069395"/>
        <testcase name="it_tracks_token_expiry" file="/home/user/cmis.marketing.limited/tests/Unit/Models/Integration/IntegrationTest.php" line="192" class="Tests\Unit\Models\Integration\IntegrationTest" classname="Tests.Unit.Models.Integration.IntegrationTest" assertions="1" time="0.086846">
          <failure type="PHPUnit\Framework\ExpectationFailedException">Tests\Unit\Models\Integration\IntegrationTest::it_tracks_token_expiry
Failed asserting that null is not null.

/home/user/cmis.marketing.limited/tests/Unit/Models/Integration/IntegrationTest.php:210</failure>
        </testcase>
        <testcase name="it_can_check_if_token_is_expired" file="/home/user/cmis.marketing.limited/tests/Unit/Models/Integration/IntegrationTest.php" line="215" class="Tests\Unit\Models\Integration\IntegrationTest" classname="Tests.Unit.Models.Integration.IntegrationTest" assertions="0" time="0.074076">
          <error type="Error">Tests\Unit\Models\Integration\IntegrationTest::it_can_check_if_token_is_expired
Error: Call to a member function isPast() on null

/home/user/cmis.marketing.limited/tests/Unit/Models/Integration/IntegrationTest.php:240</error>
        </testcase>
        <testcase name="it_encrypts_credentials" file="/home/user/cmis.marketing.limited/tests/Unit/Models/Integration/IntegrationTest.php" line="69" class="Tests\Unit\Models\Integration\IntegrationTest" classname="Tests.Unit.Models.Integration.IntegrationTest" assertions="2" time="0.070487"/>
        <testcase name="it_uses_uuid_as_primary_key" file="/home/user/cmis.marketing.limited/tests/Unit/Models/Integration/IntegrationTest.php" line="265" class="Tests\Unit\Models\Integration\IntegrationTest" classname="Tests.Unit.Models.Integration.IntegrationTest" assertions="1" time="0.066678"/>
        <testcase name="it_stores_connection_status" file="/home/user/cmis.marketing.limited/tests/Unit/Models/Integration/IntegrationTest.php" line="245" class="Tests\Unit\Models\Integration\IntegrationTest" classname="Tests.Unit.Models.Integration.IntegrationTest" assertions="1" time="0.064660">
          <failure type="PHPUnit\Framework\ExpectationFailedException">Tests\Unit\Models\Integration\IntegrationTest::it_stores_connection_status
Failed asserting that null matches expected 'connected'.

/home/user/cmis.marketing.limited/tests/Unit/Models/Integration/IntegrationTest.php:261</failure>
        </testcase>
        <testcase name="it_respects_rls_policies" file="/home/user/cmis.marketing.limited/tests/Unit/Models/Integration/IntegrationTest.php" line="329" class="Tests\Unit\Models\Integration\IntegrationTest" classname="Tests.Unit.Models.Integration.IntegrationTest" assertions="2" time="0.072923"/>
      </testsuite>
      <testsuite name="Tests\Unit\Helpers\StringHelperTest" file="/home/user/cmis.marketing.limited/tests/Unit/Helpers/StringHelperTest.php" tests="8" assertions="16" errors="0" failures="0" skipped="0" time="0.597614">
        <testcase name="it_extracts_hashtags" file="/home/user/cmis.marketing.limited/tests/Unit/Helpers/StringHelperTest.php" line="47" class="Tests\Unit\Helpers\StringHelperTest" classname="Tests.Unit.Helpers.StringHelperTest" assertions="3" time="0.089840"/>
        <testcase name="it_extracts_mentions" file="/home/user/cmis.marketing.limited/tests/Unit/Helpers/StringHelperTest.php" line="63" class="Tests\Unit\Helpers\StringHelperTest" classname="Tests.Unit.Helpers.StringHelperTest" assertions="3" time="0.071298"/>
        <testcase name="it_generates_slug" file="/home/user/cmis.marketing.limited/tests/Unit/Helpers/StringHelperTest.php" line="28" class="Tests\Unit\Helpers\StringHelperTest" classname="Tests.Unit.Helpers.StringHelperTest" assertions="2" time="0.072520"/>
        <testcase name="it_truncates_string" file="/home/user/cmis.marketing.limited/tests/Unit/Helpers/StringHelperTest.php" line="13" class="Tests\Unit\Helpers\StringHelperTest" classname="Tests.Unit.Helpers.StringHelperTest" assertions="2" time="0.069025"/>
        <testcase name="it_masks_sensitive_data" file="/home/user/cmis.marketing.limited/tests/Unit/Helpers/StringHelperTest.php" line="79" class="Tests\Unit\Helpers\StringHelperTest" classname="Tests.Unit.Helpers.StringHelperTest" assertions="3" time="0.068375"/>
        <testcase name="it_counts_words" file="/home/user/cmis.marketing.limited/tests/Unit/Helpers/StringHelperTest.php" line="127" class="Tests\Unit\Helpers\StringHelperTest" classname="Tests.Unit.Helpers.StringHelperTest" assertions="1" time="0.069017"/>
        <testcase name="it_converts_to_title_case" file="/home/user/cmis.marketing.limited/tests/Unit/Helpers/StringHelperTest.php" line="99" class="Tests\Unit\Helpers\StringHelperTest" classname="Tests.Unit.Helpers.StringHelperTest" assertions="1" time="0.086645"/>
        <testcase name="it_removes_special_characters" file="/home/user/cmis.marketing.limited/tests/Unit/Helpers/StringHelperTest.php" line="113" class="Tests\Unit\Helpers\StringHelperTest" classname="Tests.Unit.Helpers.StringHelperTest" assertions="1" time="0.070894"/>
      </testsuite>
      <testsuite name="Tests\Unit\Services\GPTConversationServiceTest" file="/home/user/cmis.marketing.limited/tests/Unit/Services/GPTConversationServiceTest.php" tests="23" assertions="2" errors="21" failures="1" skipped="0" time="1.454107">
        <testcase name="it_can_clear_conversation_history" file="/home/user/cmis.marketing.limited/tests/Unit/Services/GPTConversationServiceTest.php" line="263" class="Tests\Unit\Services\GPTConversationServiceTest" classname="Tests.Unit.Services.GPTConversationServiceTest" assertions="0" time="0.064566">
          <error type="TypeError">Tests\Unit\Services\GPTConversationServiceTest::it_can_clear_conversation_history
TypeError: App\Services\GPTConversationService::createSession(): Argument #2 ($initialContext) must be of type array, string given, called in /home/user/cmis.marketing.limited/tests/Unit/Services/GPTConversationServiceTest.php on line 265

/home/user/cmis.marketing.limited/app/Services/GPTConversationService.php:29
/home/user/cmis.marketing.limited/tests/Unit/Services/GPTConversationServiceTest.php:265</error>
        </testcase>
        <testcase name="it_generates_unique_message_ids" file="/home/user/cmis.marketing.limited/tests/Unit/Services/GPTConversationServiceTest.php" line="365" class="Tests\Unit\Services\GPTConversationServiceTest" classname="Tests.Unit.Services.GPTConversationServiceTest" assertions="0" time="0.061656">
          <error type="TypeError">Tests\Unit\Services\GPTConversationServiceTest::it_generates_unique_message_ids
TypeError: App\Services\GPTConversationService::createSession(): Argument #2 ($initialContext) must be of type array, string given, called in /home/user/cmis.marketing.limited/tests/Unit/Services/GPTConversationServiceTest.php on line 367

/home/user/cmis.marketing.limited/app/Services/GPTConversationService.php:29
/home/user/cmis.marketing.limited/tests/Unit/Services/GPTConversationServiceTest.php:367</error>
        </testcase>
        <testcase name="it_limits_context_message_history" file="/home/user/cmis.marketing.limited/tests/Unit/Services/GPTConversationServiceTest.php" line="246" class="Tests\Unit\Services\GPTConversationServiceTest" classname="Tests.Unit.Services.GPTConversationServiceTest" assertions="0" time="0.059000">
          <error type="TypeError">Tests\Unit\Services\GPTConversationServiceTest::it_limits_context_message_history
TypeError: App\Services\GPTConversationService::createSession(): Argument #2 ($initialContext) must be of type array, string given, called in /home/user/cmis.marketing.limited/tests/Unit/Services/GPTConversationServiceTest.php on line 248

/home/user/cmis.marketing.limited/app/Services/GPTConversationService.php:29
/home/user/cmis.marketing.limited/tests/Unit/Services/GPTConversationServiceTest.php:248</error>
        </testcase>
        <testcase name="it_increments_message_count" file="/home/user/cmis.marketing.limited/tests/Unit/Services/GPTConversationServiceTest.php" line="119" class="Tests\Unit\Services\GPTConversationServiceTest" classname="Tests.Unit.Services.GPTConversationServiceTest" assertions="0" time="0.074125">
          <error type="TypeError">Tests\Unit\Services\GPTConversationServiceTest::it_increments_message_count
TypeError: App\Services\GPTConversationService::createSession(): Argument #2 ($initialContext) must be of type array, string given, called in /home/user/cmis.marketing.limited/tests/Unit/Services/GPTConversationServiceTest.php on line 121

/home/user/cmis.marketing.limited/app/Services/GPTConversationService.php:29
/home/user/cmis.marketing.limited/tests/Unit/Services/GPTConversationServiceTest.php:121</error>
        </testcase>
        <testcase name="it_can_add_message_with_metadata" file="/home/user/cmis.marketing.limited/tests/Unit/Services/GPTConversationServiceTest.php" line="101" class="Tests\Unit\Services\GPTConversationServiceTest" classname="Tests.Unit.Services.GPTConversationServiceTest" assertions="0" time="0.061733">
          <error type="TypeError">Tests\Unit\Services\GPTConversationServiceTest::it_can_add_message_with_metadata
TypeError: App\Services\GPTConversationService::createSession(): Argument #2 ($initialContext) must be of type array, string given, called in /home/user/cmis.marketing.limited/tests/Unit/Services/GPTConversationServiceTest.php on line 103

/home/user/cmis.marketing.limited/app/Services/GPTConversationService.php:29
/home/user/cmis.marketing.limited/tests/Unit/Services/GPTConversationServiceTest.php:103</error>
        </testcase>
        <testcase name="it_can_build_gpt_context" file="/home/user/cmis.marketing.limited/tests/Unit/Services/GPTConversationServiceTest.php" line="223" class="Tests\Unit\Services\GPTConversationServiceTest" classname="Tests.Unit.Services.GPTConversationServiceTest" assertions="0" time="0.061159">
          <error type="TypeError">Tests\Unit\Services\GPTConversationServiceTest::it_can_build_gpt_context
TypeError: App\Services\GPTConversationService::createSession(): Argument #2 ($initialContext) must be of type array, string given, called in /home/user/cmis.marketing.limited/tests/Unit/Services/GPTConversationServiceTest.php on line 225

/home/user/cmis.marketing.limited/app/Services/GPTConversationService.php:29
/home/user/cmis.marketing.limited/tests/Unit/Services/GPTConversationServiceTest.php:225</error>
        </testcase>
        <testcase name="it_stores_sessions_in_cache" file="/home/user/cmis.marketing.limited/tests/Unit/Services/GPTConversationServiceTest.php" line="327" class="Tests\Unit\Services\GPTConversationServiceTest" classname="Tests.Unit.Services.GPTConversationServiceTest" assertions="0" time="0.061291">
          <error type="TypeError">Tests\Unit\Services\GPTConversationServiceTest::it_stores_sessions_in_cache
TypeError: App\Services\GPTConversationService::createSession(): Argument #2 ($initialContext) must be of type array, string given, called in /home/user/cmis.marketing.limited/tests/Unit/Services/GPTConversationServiceTest.php on line 329

/home/user/cmis.marketing.limited/app/Services/GPTConversationService.php:29
/home/user/cmis.marketing.limited/tests/Unit/Services/GPTConversationServiceTest.php:329</error>
        </testcase>
        <testcase name="it_can_update_session_context" file="/home/user/cmis.marketing.limited/tests/Unit/Services/GPTConversationServiceTest.php" line="189" class="Tests\Unit\Services\GPTConversationServiceTest" classname="Tests.Unit.Services.GPTConversationServiceTest" assertions="0" time="0.061016">
          <error type="TypeError">Tests\Unit\Services\GPTConversationServiceTest::it_can_update_session_context
TypeError: App\Services\GPTConversationService::createSession(): Argument #2 ($initialContext) must be of type array, string given, called in /home/user/cmis.marketing.limited/tests/Unit/Services/GPTConversationServiceTest.php on line 191

/home/user/cmis.marketing.limited/app/Services/GPTConversationService.php:29
/home/user/cmis.marketing.limited/tests/Unit/Services/GPTConversationServiceTest.php:191</error>
        </testcase>
        <testcase name="it_sets_correct_cache_ttl" file="/home/user/cmis.marketing.limited/tests/Unit/Services/GPTConversationServiceTest.php" line="338" class="Tests\Unit\Services\GPTConversationServiceTest" classname="Tests.Unit.Services.GPTConversationServiceTest" assertions="0" time="0.065018">
          <error type="TypeError">Tests\Unit\Services\GPTConversationServiceTest::it_sets_correct_cache_ttl
TypeError: App\Services\GPTConversationService::createSession(): Argument #2 ($initialContext) must be of type array, string given, called in /home/user/cmis.marketing.limited/tests/Unit/Services/GPTConversationServiceTest.php on line 340

/home/user/cmis.marketing.limited/app/Services/GPTConversationService.php:29
/home/user/cmis.marketing.limited/tests/Unit/Services/GPTConversationServiceTest.php:340</error>
        </testcase>
        <testcase name="it_can_limit_history_results" file="/home/user/cmis.marketing.limited/tests/Unit/Services/GPTConversationServiceTest.php" line="172" class="Tests\Unit\Services\GPTConversationServiceTest" classname="Tests.Unit.Services.GPTConversationServiceTest" assertions="0" time="0.076379">
          <error type="TypeError">Tests\Unit\Services\GPTConversationServiceTest::it_can_limit_history_results
TypeError: App\Services\GPTConversationService::createSession(): Argument #2 ($initialContext) must be of type array, string given, called in /home/user/cmis.marketing.limited/tests/Unit/Services/GPTConversationServiceTest.php on line 174

/home/user/cmis.marketing.limited/app/Services/GPTConversationService.php:29
/home/user/cmis.marketing.limited/tests/Unit/Services/GPTConversationServiceTest.php:174</error>
        </testcase>
        <testcase name="it_can_summarize_conversation" file="/home/user/cmis.marketing.limited/tests/Unit/Services/GPTConversationServiceTest.php" line="308" class="Tests\Unit\Services\GPTConversationServiceTest" classname="Tests.Unit.Services.GPTConversationServiceTest" assertions="0" time="0.064339">
          <error type="TypeError">Tests\Unit\Services\GPTConversationServiceTest::it_can_summarize_conversation
TypeError: App\Services\GPTConversationService::createSession(): Argument #2 ($initialContext) must be of type array, string given, called in /home/user/cmis.marketing.limited/tests/Unit/Services/GPTConversationServiceTest.php on line 310

/home/user/cmis.marketing.limited/app/Services/GPTConversationService.php:29
/home/user/cmis.marketing.limited/tests/Unit/Services/GPTConversationServiceTest.php:310</error>
        </testcase>
        <testcase name="it_can_add_user_message" file="/home/user/cmis.marketing.limited/tests/Unit/Services/GPTConversationServiceTest.php" line="71" class="Tests\Unit\Services\GPTConversationServiceTest" classname="Tests.Unit.Services.GPTConversationServiceTest" assertions="0" time="0.068180">
          <error type="TypeError">Tests\Unit\Services\GPTConversationServiceTest::it_can_add_user_message
TypeError: App\Services\GPTConversationService::createSession(): Argument #2 ($initialContext) must be of type array, string given, called in /home/user/cmis.marketing.limited/tests/Unit/Services/GPTConversationServiceTest.php on line 73

/home/user/cmis.marketing.limited/app/Services/GPTConversationService.php:29
/home/user/cmis.marketing.limited/tests/Unit/Services/GPTConversationServiceTest.php:73</error>
        </testcase>
        <testcase name="it_can_create_new_session" file="/home/user/cmis.marketing.limited/tests/Unit/Services/GPTConversationServiceTest.php" line="34" class="Tests\Unit\Services\GPTConversationServiceTest" classname="Tests.Unit.Services.GPTConversationServiceTest" assertions="0" time="0.057865">
          <error type="TypeError">Tests\Unit\Services\GPTConversationServiceTest::it_can_create_new_session
TypeError: App\Services\GPTConversationService::createSession(): Argument #2 ($initialContext) must be of type array, string given, called in /home/user/cmis.marketing.limited/tests/Unit/Services/GPTConversationServiceTest.php on line 36

/home/user/cmis.marketing.limited/app/Services/GPTConversationService.php:29
/home/user/cmis.marketing.limited/tests/Unit/Services/GPTConversationServiceTest.php:36</error>
        </testcase>
        <testcase name="it_can_get_conversation_history" file="/home/user/cmis.marketing.limited/tests/Unit/Services/GPTConversationServiceTest.php" line="154" class="Tests\Unit\Services\GPTConversationServiceTest" classname="Tests.Unit.Services.GPTConversationServiceTest" assertions="0" time="0.063730">
          <error type="TypeError">Tests\Unit\Services\GPTConversationServiceTest::it_can_get_conversation_history
TypeError: App\Services\GPTConversationService::createSession(): Argument #2 ($initialContext) must be of type array, string given, called in /home/user/cmis.marketing.limited/tests/Unit/Services/GPTConversationServiceTest.php on line 156

/home/user/cmis.marketing.limited/app/Services/GPTConversationService.php:29
/home/user/cmis.marketing.limited/tests/Unit/Services/GPTConversationServiceTest.php:156</error>
        </testcase>
        <testcase name="it_handles_invalid_session_id_gracefully" file="/home/user/cmis.marketing.limited/tests/Unit/Services/GPTConversationServiceTest.php" line="357" class="Tests\Unit\Services\GPTConversationServiceTest" classname="Tests.Unit.Services.GPTConversationServiceTest" assertions="1" time="0.062384">
          <failure type="PHPUnit\Framework\ExpectationFailedException">Tests\Unit\Services\GPTConversationServiceTest::it_handles_invalid_session_id_gracefully
Failed asserting that exception of type "Exception" is thrown.</failure>
        </testcase>
        <testcase name="it_maintains_message_order" file="/home/user/cmis.marketing.limited/tests/Unit/Services/GPTConversationServiceTest.php" line="377" class="Tests\Unit\Services\GPTConversationServiceTest" classname="Tests.Unit.Services.GPTConversationServiceTest" assertions="0" time="0.074296">
          <error type="TypeError">Tests\Unit\Services\GPTConversationServiceTest::it_maintains_message_order
TypeError: App\Services\GPTConversationService::createSession(): Argument #2 ($initialContext) must be of type array, string given, called in /home/user/cmis.marketing.limited/tests/Unit/Services/GPTConversationServiceTest.php on line 379

/home/user/cmis.marketing.limited/app/Services/GPTConversationService.php:29
/home/user/cmis.marketing.limited/tests/Unit/Services/GPTConversationServiceTest.php:379</error>
        </testcase>
        <testcase name="it_merges_context_updates" file="/home/user/cmis.marketing.limited/tests/Unit/Services/GPTConversationServiceTest.php" line="208" class="Tests\Unit\Services\GPTConversationServiceTest" classname="Tests.Unit.Services.GPTConversationServiceTest" assertions="0" time="0.059357">
          <error type="TypeError">Tests\Unit\Services\GPTConversationServiceTest::it_merges_context_updates
TypeError: App\Services\GPTConversationService::createSession(): Argument #2 ($initialContext) must be of type array, string given, called in /home/user/cmis.marketing.limited/tests/Unit/Services/GPTConversationServiceTest.php on line 210

/home/user/cmis.marketing.limited/app/Services/GPTConversationService.php:29
/home/user/cmis.marketing.limited/tests/Unit/Services/GPTConversationServiceTest.php:210</error>
        </testcase>
        <testcase name="it_returns_null_for_non_existent_session_stats" file="/home/user/cmis.marketing.limited/tests/Unit/Services/GPTConversationServiceTest.php" line="300" class="Tests\Unit\Services\GPTConversationServiceTest" classname="Tests.Unit.Services.GPTConversationServiceTest" assertions="1" time="0.060123"/>
        <testcase name="it_can_add_assistant_message" file="/home/user/cmis.marketing.limited/tests/Unit/Services/GPTConversationServiceTest.php" line="89" class="Tests\Unit\Services\GPTConversationServiceTest" classname="Tests.Unit.Services.GPTConversationServiceTest" assertions="0" time="0.057086">
          <error type="TypeError">Tests\Unit\Services\GPTConversationServiceTest::it_can_add_assistant_message
TypeError: App\Services\GPTConversationService::createSession(): Argument #2 ($initialContext) must be of type array, string given, called in /home/user/cmis.marketing.limited/tests/Unit/Services/GPTConversationServiceTest.php on line 91

/home/user/cmis.marketing.limited/app/Services/GPTConversationService.php:29
/home/user/cmis.marketing.limited/tests/Unit/Services/GPTConversationServiceTest.php:91</error>
        </testcase>
        <testcase name="it_can_get_session_statistics" file="/home/user/cmis.marketing.limited/tests/Unit/Services/GPTConversationServiceTest.php" line="279" class="Tests\Unit\Services\GPTConversationServiceTest" classname="Tests.Unit.Services.GPTConversationServiceTest" assertions="0" time="0.060171">
          <error type="TypeError">Tests\Unit\Services\GPTConversationServiceTest::it_can_get_session_statistics
TypeError: App\Services\GPTConversationService::createSession(): Argument #2 ($initialContext) must be of type array, string given, called in /home/user/cmis.marketing.limited/tests/Unit/Services/GPTConversationServiceTest.php on line 281

/home/user/cmis.marketing.limited/app/Services/GPTConversationService.php:29
/home/user/cmis.marketing.limited/tests/Unit/Services/GPTConversationServiceTest.php:281</error>
        </testcase>
        <testcase name="it_can_get_or_create_session" file="/home/user/cmis.marketing.limited/tests/Unit/Services/GPTConversationServiceTest.php" line="53" class="Tests\Unit\Services\GPTConversationServiceTest" classname="Tests.Unit.Services.GPTConversationServiceTest" assertions="0" time="0.057889">
          <error type="TypeError">Tests\Unit\Services\GPTConversationServiceTest::it_can_get_or_create_session
TypeError: App\Services\GPTConversationService::getOrCreateSession(): Argument #1 ($userId) must be of type string, null given, called in /home/user/cmis.marketing.limited/tests/Unit/Services/GPTConversationServiceTest.php on line 58

/home/user/cmis.marketing.limited/app/Services/GPTConversationService.php:59
/home/user/cmis.marketing.limited/tests/Unit/Services/GPTConversationServiceTest.php:58</error>
        </testcase>
        <testcase name="it_preserves_org_context_in_session" file="/home/user/cmis.marketing.limited/tests/Unit/Services/GPTConversationServiceTest.php" line="394" class="Tests\Unit\Services\GPTConversationServiceTest" classname="Tests.Unit.Services.GPTConversationServiceTest" assertions="0" time="0.066036">
          <error type="TypeError">Tests\Unit\Services\GPTConversationServiceTest::it_preserves_org_context_in_session
TypeError: App\Services\GPTConversationService::createSession(): Argument #2 ($initialContext) must be of type array, string given, called in /home/user/cmis.marketing.limited/tests/Unit/Services/GPTConversationServiceTest.php on line 396

/home/user/cmis.marketing.limited/app/Services/GPTConversationService.php:29
/home/user/cmis.marketing.limited/tests/Unit/Services/GPTConversationServiceTest.php:396</error>
        </testcase>
        <testcase name="it_limits_message_history" file="/home/user/cmis.marketing.limited/tests/Unit/Services/GPTConversationServiceTest.php" line="134" class="Tests\Unit\Services\GPTConversationServiceTest" classname="Tests.Unit.Services.GPTConversationServiceTest" assertions="0" time="0.056710">
          <error type="TypeError">Tests\Unit\Services\GPTConversationServiceTest::it_limits_message_history
TypeError: App\Services\GPTConversationService::createSession(): Argument #2 ($initialContext) must be of type array, string given, called in /home/user/cmis.marketing.limited/tests/Unit/Services/GPTConversationServiceTest.php on line 136

/home/user/cmis.marketing.limited/app/Services/GPTConversationService.php:29
/home/user/cmis.marketing.limited/tests/Unit/Services/GPTConversationServiceTest.php:136</error>
        </testcase>
      </testsuite>
      <testsuite name="Tests\Unit\Models\Content\ScheduledPostTest" file="/home/user/cmis.marketing.limited/tests/Unit/Models/Content/ScheduledPostTest.php" tests="15" assertions="14" errors="5" failures="3" skipped="0" time="1.019649">
        <testcase name="it_has_timestamps" file="/home/user/cmis.marketing.limited/tests/Unit/Models/Content/ScheduledPostTest.php" line="355" class="Tests\Unit\Models\Content\ScheduledPostTest" classname="Tests.Unit.Models.Content.ScheduledPostTest" assertions="2" time="0.072480"/>
        <testcase name="it_respects_rls_policies" file="/home/user/cmis.marketing.limited/tests/Unit/Models/Content/ScheduledPostTest.php" line="376" class="Tests\Unit\Models\Content\ScheduledPostTest" classname="Tests.Unit.Models.Content.ScheduledPostTest" assertions="2" time="0.067487"/>
        <testcase name="it_can_belong_to_integration" file="/home/user/cmis.marketing.limited/tests/Unit/Models/Content/ScheduledPostTest.php" line="97" class="Tests\Unit\Models\Content\ScheduledPostTest" classname="Tests.Unit.Models.Content.ScheduledPostTest" assertions="0" time="0.080852">
          <error type="ErrorException">Tests\Unit\Models\Content\ScheduledPostTest::it_can_belong_to_integration
ErrorException: Attempt to read property "integration_id" on null

/home/user/cmis.marketing.limited/vendor/laravel/framework/src/Illuminate/Foundation/Bootstrap/HandleExceptions.php:258
/home/user/cmis.marketing.limited/tests/Unit/Models/Content/ScheduledPostTest.php:122</error>
        </testcase>
        <testcase name="it_stores_platform_post_id" file="/home/user/cmis.marketing.limited/tests/Unit/Models/Content/ScheduledPostTest.php" line="244" class="Tests\Unit\Models\Content\ScheduledPostTest" classname="Tests.Unit.Models.Content.ScheduledPostTest" assertions="1" time="0.064103">
          <failure type="PHPUnit\Framework\ExpectationFailedException">Tests\Unit\Models\Content\ScheduledPostTest::it_stores_platform_post_id
Failed asserting that null matches expected 'fb_post_123456'.

/home/user/cmis.marketing.limited/tests/Unit/Models/Content/ScheduledPostTest.php:261</failure>
        </testcase>
        <testcase name="it_supports_different_platforms" file="/home/user/cmis.marketing.limited/tests/Unit/Models/Content/ScheduledPostTest.php" line="310" class="Tests\Unit\Models\Content\ScheduledPostTest" classname="Tests.Unit.Models.Content.ScheduledPostTest" assertions="1" time="0.066274"/>
        <testcase name="it_has_different_post_statuses" file="/home/user/cmis.marketing.limited/tests/Unit/Models/Content/ScheduledPostTest.php" line="126" class="Tests\Unit\Models\Content\ScheduledPostTest" classname="Tests.Unit.Models.Content.ScheduledPostTest" assertions="3" time="0.062469"/>
        <testcase name="it_stores_media_urls" file="/home/user/cmis.marketing.limited/tests/Unit/Models/Content/ScheduledPostTest.php" line="166" class="Tests\Unit\Models\Content\ScheduledPostTest" classname="Tests.Unit.Models.Content.ScheduledPostTest" assertions="0" time="0.063555">
          <error type="TypeError">Tests\Unit\Models\Content\ScheduledPostTest::it_stores_media_urls
TypeError: PHPUnit\Framework\Assert::assertCount(): Argument #2 ($haystack) must be of type Countable|Traversable|array, null given, called in /home/user/cmis.marketing.limited/tests/Unit/Models/Content/ScheduledPostTest.php on line 189

/home/user/cmis.marketing.limited/tests/Unit/Models/Content/ScheduledPostTest.php:189</error>
        </testcase>
        <testcase name="it_can_create_scheduled_post" file="/home/user/cmis.marketing.limited/tests/Unit/Models/Content/ScheduledPostTest.php" line="26" class="Tests\Unit\Models\Content\ScheduledPostTest" classname="Tests.Unit.Models.Content.ScheduledPostTest" assertions="1" time="0.083629"/>
        <testcase name="it_tracks_published_time" file="/home/user/cmis.marketing.limited/tests/Unit/Models/Content/ScheduledPostTest.php" line="223" class="Tests\Unit\Models\Content\ScheduledPostTest" classname="Tests.Unit.Models.Content.ScheduledPostTest" assertions="1" time="0.071889">
          <failure type="PHPUnit\Framework\ExpectationFailedException">Tests\Unit\Models\Content\ScheduledPostTest::it_tracks_published_time
Failed asserting that null is not null.

/home/user/cmis.marketing.limited/tests/Unit/Models/Content/ScheduledPostTest.php:240</failure>
        </testcase>
        <testcase name="it_uses_uuid_as_primary_key" file="/home/user/cmis.marketing.limited/tests/Unit/Models/Content/ScheduledPostTest.php" line="335" class="Tests\Unit\Models\Content\ScheduledPostTest" classname="Tests.Unit.Models.Content.ScheduledPostTest" assertions="1" time="0.062221"/>
        <testcase name="it_stores_post_metadata" file="/home/user/cmis.marketing.limited/tests/Unit/Models/Content/ScheduledPostTest.php" line="194" class="Tests\Unit\Models\Content\ScheduledPostTest" classname="Tests.Unit.Models.Content.ScheduledPostTest" assertions="0" time="0.060088">
          <error type="ErrorException">Tests\Unit\Models\Content\ScheduledPostTest::it_stores_post_metadata
ErrorException: Trying to access array offset on null

/home/user/cmis.marketing.limited/vendor/laravel/framework/src/Illuminate/Foundation/Bootstrap/HandleExceptions.php:258
/home/user/cmis.marketing.limited/tests/Unit/Models/Content/ScheduledPostTest.php:218</error>
        </testcase>
        <testcase name="it_can_belong_to_campaign" file="/home/user/cmis.marketing.limited/tests/Unit/Models/Content/ScheduledPostTest.php" line="69" class="Tests\Unit\Models\Content\ScheduledPostTest" classname="Tests.Unit.Models.Content.ScheduledPostTest" assertions="0" time="0.063129">
          <error type="ErrorException">Tests\Unit\Models\Content\ScheduledPostTest::it_can_belong_to_campaign
ErrorException: Attempt to read property "campaign_id" on null

/home/user/cmis.marketing.limited/vendor/laravel/framework/src/Illuminate/Foundation/Bootstrap/HandleExceptions.php:258
/home/user/cmis.marketing.limited/tests/Unit/Models/Content/ScheduledPostTest.php:93</error>
        </testcase>
        <testcase name="it_belongs_to_org" file="/home/user/cmis.marketing.limited/tests/Unit/Models/Content/ScheduledPostTest.php" line="49" class="Tests\Unit\Models\Content\ScheduledPostTest" classname="Tests.Unit.Models.Content.ScheduledPostTest" assertions="1" time="0.065653"/>
        <testcase name="it_stores_error_messages_for_failed_posts" file="/home/user/cmis.marketing.limited/tests/Unit/Models/Content/ScheduledPostTest.php" line="265" class="Tests\Unit\Models\Content\ScheduledPostTest" classname="Tests.Unit.Models.Content.ScheduledPostTest" assertions="1" time="0.075959">
          <failure type="PHPUnit\Framework\ExpectationFailedException">Tests\Unit\Models\Content\ScheduledPostTest::it_stores_error_messages_for_failed_posts
Failed asserting that null matches expected 'API rate limit exceeded'.

/home/user/cmis.marketing.limited/tests/Unit/Models/Content/ScheduledPostTest.php:282</failure>
        </testcase>
        <testcase name="it_tracks_retry_count" file="/home/user/cmis.marketing.limited/tests/Unit/Models/Content/ScheduledPostTest.php" line="286" class="Tests\Unit\Models\Content\ScheduledPostTest" classname="Tests.Unit.Models.Content.ScheduledPostTest" assertions="0" time="0.059861">
          <error type="Illuminate\Database\QueryException">Tests\Unit\Models\Content\ScheduledPostTest::it_tracks_retry_count
Illuminate\Database\QueryException: SQLSTATE[42703]: Undefined column: 7 ERROR:  column "retry_count" does not exist
LINE 1: ...date "cmis"."scheduled_posts" set "retry_count" = "retry_cou...
                                                             ^ (Connection: pgsql, SQL: update "cmis"."scheduled_posts" set "retry_count" = "retry_count" + 1, "updated_at" = 2025-11-19 11:02:25 where "post_id" = 0c395efe-0119-4a3b-b9df-231d9a838849)

/home/user/cmis.marketing.limited/vendor/laravel/framework/src/Illuminate/Database/Connection.php:824
/home/user/cmis.marketing.limited/vendor/laravel/framework/src/Illuminate/Database/Connection.php:778
/home/user/cmis.marketing.limited/vendor/laravel/framework/src/Illuminate/Database/Connection.php:583
/home/user/cmis.marketing.limited/vendor/laravel/framework/src/Illuminate/Database/Connection.php:535
/home/user/cmis.marketing.limited/vendor/laravel/framework/src/Illuminate/Database/Query/Builder.php:3917
/home/user/cmis.marketing.limited/vendor/laravel/framework/src/Illuminate/Database/Query/Builder.php:4047
/home/user/cmis.marketing.limited/vendor/laravel/framework/src/Illuminate/Database/Query/Builder.php:4023
/home/user/cmis.marketing.limited/vendor/laravel/framework/src/Illuminate/Database/Eloquent/Builder.php:1331
/home/user/cmis.marketing.limited/vendor/laravel/framework/src/Illuminate/Database/Eloquent/Model.php:1068
/home/user/cmis.marketing.limited/vendor/laravel/framework/src/Illuminate/Database/Eloquent/Model.php:1023
/home/user/cmis.marketing.limited/vendor/laravel/framework/src/Illuminate/Database/Eloquent/Model.php:2528
/home/user/cmis.marketing.limited/tests/Unit/Models/Content/ScheduledPostTest.php:303</error>
        </testcase>
      </testsuite>
      <testsuite name="Tests\Unit\Helpers\UrlHelperTest" file="/home/user/cmis.marketing.limited/tests/Unit/Helpers/UrlHelperTest.php" tests="10" assertions="22" errors="0" failures="0" skipped="0" time="0.672641">
        <testcase name="it_shortens_url" file="/home/user/cmis.marketing.limited/tests/Unit/Helpers/UrlHelperTest.php" line="115" class="Tests\Unit\Helpers\UrlHelperTest" classname="Tests.Unit.Helpers.UrlHelperTest" assertions="2" time="0.065149"/>
        <testcase name="it_parses_query_string" file="/home/user/cmis.marketing.limited/tests/Unit/Helpers/UrlHelperTest.php" line="164" class="Tests\Unit\Helpers\UrlHelperTest" classname="Tests.Unit.Helpers.UrlHelperTest" assertions="3" time="0.063468"/>
        <testcase name="it_validates_url_format" file="/home/user/cmis.marketing.limited/tests/Unit/Helpers/UrlHelperTest.php" line="21" class="Tests\Unit\Helpers\UrlHelperTest" classname="Tests.Unit.Helpers.UrlHelperTest" assertions="4" time="0.060661"/>
        <testcase name="it_checks_if_url_is_secure" file="/home/user/cmis.marketing.limited/tests/Unit/Helpers/UrlHelperTest.php" line="187" class="Tests\Unit\Helpers\UrlHelperTest" classname="Tests.Unit.Helpers.UrlHelperTest" assertions="2" time="0.082309"/>
        <testcase name="it_builds_query_string" file="/home/user/cmis.marketing.limited/tests/Unit/Helpers/UrlHelperTest.php" line="139" class="Tests\Unit\Helpers\UrlHelperTest" classname="Tests.Unit.Helpers.UrlHelperTest" assertions="2" time="0.057791"/>
        <testcase name="it_extracts_domain_from_url" file="/home/user/cmis.marketing.limited/tests/Unit/Helpers/UrlHelperTest.php" line="41" class="Tests\Unit\Helpers\UrlHelperTest" classname="Tests.Unit.Helpers.UrlHelperTest" assertions="1" time="0.062942"/>
        <testcase name="it_removes_query_parameters" file="/home/user/cmis.marketing.limited/tests/Unit/Helpers/UrlHelperTest.php" line="205" class="Tests\Unit\Helpers\UrlHelperTest" classname="Tests.Unit.Helpers.UrlHelperTest" assertions="1" time="0.080429"/>
        <testcase name="it_adds_utm_parameters" file="/home/user/cmis.marketing.limited/tests/Unit/Helpers/UrlHelperTest.php" line="60" class="Tests\Unit\Helpers\UrlHelperTest" classname="Tests.Unit.Helpers.UrlHelperTest" assertions="2" time="0.067228"/>
        <testcase name="it_extracts_utm_parameters" file="/home/user/cmis.marketing.limited/tests/Unit/Helpers/UrlHelperTest.php" line="88" class="Tests\Unit\Helpers\UrlHelperTest" classname="Tests.Unit.Helpers.UrlHelperTest" assertions="3" time="0.060047"/>
        <testcase name="it_appends_path_to_url" file="/home/user/cmis.marketing.limited/tests/Unit/Helpers/UrlHelperTest.php" line="226" class="Tests\Unit\Helpers\UrlHelperTest" classname="Tests.Unit.Helpers.UrlHelperTest" assertions="2" time="0.072617"/>
      </testsuite>
      <testsuite name="Tests\Unit\Services\LinkedInServiceTest" file="/home/user/cmis.marketing.limited/tests/Unit/Services/LinkedInServiceTest.php" tests="11" assertions="0" errors="11" failures="0" skipped="0" time="3.400260">
        <testcase name="it_handles_api_errors" file="/home/user/cmis.marketing.limited/tests/Unit/Services/LinkedInServiceTest.php" line="282" class="Tests\Unit\Services\LinkedInServiceTest" classname="Tests.Unit.Services.LinkedInServiceTest" assertions="0" time="0.310715">
          <error type="Illuminate\Database\Eloquent\InvalidCastException">Tests\Unit\Services\LinkedInServiceTest::it_handles_api_errors
Illuminate\Database\Eloquent\InvalidCastException: Call to undefined cast [Illuminate\Database\Eloquent\Casts\Encrypted] on column [access_token] in model [App\Models\Core\Integration].

/home/user/cmis.marketing.limited/vendor/laravel/framework/src/Illuminate/Database/Eloquent/Concerns/HasAttributes.php:1768
/home/user/cmis.marketing.limited/vendor/laravel/framework/src/Illuminate/Database/Eloquent/Concerns/HasAttributes.php:1084
/home/user/cmis.marketing.limited/vendor/laravel/framework/src/Illuminate/Database/Eloquent/Model.php:619
/home/user/cmis.marketing.limited/vendor/laravel/framework/src/Illuminate/Database/Eloquent/Model.php:713
/home/user/cmis.marketing.limited/vendor/laravel/framework/src/Illuminate/Database/Eloquent/Builder.php:1747
/home/user/cmis.marketing.limited/vendor/laravel/framework/src/Illuminate/Database/Eloquent/Builder.php:1218
/home/user/cmis.marketing.limited/vendor/laravel/framework/src/Illuminate/Support/Traits/ForwardsCalls.php:23
/home/user/cmis.marketing.limited/vendor/laravel/framework/src/Illuminate/Database/Eloquent/Model.php:2540
/home/user/cmis.marketing.limited/vendor/laravel/framework/src/Illuminate/Database/Eloquent/Model.php:2556
/home/user/cmis.marketing.limited/tests/Traits/CreatesTestData.php:105
/home/user/cmis.marketing.limited/tests/Unit/Services/LinkedInServiceTest.php:287</error>
        </testcase>
        <testcase name="it_can_get_comments" file="/home/user/cmis.marketing.limited/tests/Unit/Services/LinkedInServiceTest.php" line="215" class="Tests\Unit\Services\LinkedInServiceTest" classname="Tests.Unit.Services.LinkedInServiceTest" assertions="0" time="0.301590">
          <error type="Illuminate\Database\Eloquent\InvalidCastException">Tests\Unit\Services\LinkedInServiceTest::it_can_get_comments
Illuminate\Database\Eloquent\InvalidCastException: Call to undefined cast [Illuminate\Database\Eloquent\Casts\Encrypted] on column [access_token] in model [App\Models\Core\Integration].

/home/user/cmis.marketing.limited/vendor/laravel/framework/src/Illuminate/Database/Eloquent/Concerns/HasAttributes.php:1768
/home/user/cmis.marketing.limited/vendor/laravel/framework/src/Illuminate/Database/Eloquent/Concerns/HasAttributes.php:1084
/home/user/cmis.marketing.limited/vendor/laravel/framework/src/Illuminate/Database/Eloquent/Model.php:619
/home/user/cmis.marketing.limited/vendor/laravel/framework/src/Illuminate/Database/Eloquent/Model.php:713
/home/user/cmis.marketing.limited/vendor/laravel/framework/src/Illuminate/Database/Eloquent/Builder.php:1747
/home/user/cmis.marketing.limited/vendor/laravel/framework/src/Illuminate/Database/Eloquent/Builder.php:1218
/home/user/cmis.marketing.limited/vendor/laravel/framework/src/Illuminate/Support/Traits/ForwardsCalls.php:23
/home/user/cmis.marketing.limited/vendor/laravel/framework/src/Illuminate/Database/Eloquent/Model.php:2540
/home/user/cmis.marketing.limited/vendor/laravel/framework/src/Illuminate/Database/Eloquent/Model.php:2556
/home/user/cmis.marketing.limited/tests/Traits/CreatesTestData.php:105
/home/user/cmis.marketing.limited/tests/Unit/Services/LinkedInServiceTest.php:220</error>
        </testcase>
        <testcase name="it_can_publish_article" file="/home/user/cmis.marketing.limited/tests/Unit/Services/LinkedInServiceTest.php" line="52" class="Tests\Unit\Services\LinkedInServiceTest" classname="Tests.Unit.Services.LinkedInServiceTest" assertions="0" time="0.303696">
          <error type="Illuminate\Database\Eloquent\InvalidCastException">Tests\Unit\Services\LinkedInServiceTest::it_can_publish_article
Illuminate\Database\Eloquent\InvalidCastException: Call to undefined cast [Illuminate\Database\Eloquent\Casts\Encrypted] on column [access_token] in model [App\Models\Core\Integration].

/home/user/cmis.marketing.limited/vendor/laravel/framework/src/Illuminate/Database/Eloquent/Concerns/HasAttributes.php:1768
/home/user/cmis.marketing.limited/vendor/laravel/framework/src/Illuminate/Database/Eloquent/Concerns/HasAttributes.php:1084
/home/user/cmis.marketing.limited/vendor/laravel/framework/src/Illuminate/Database/Eloquent/Model.php:619
/home/user/cmis.marketing.limited/vendor/laravel/framework/src/Illuminate/Database/Eloquent/Model.php:713
/home/user/cmis.marketing.limited/vendor/laravel/framework/src/Illuminate/Database/Eloquent/Builder.php:1747
/home/user/cmis.marketing.limited/vendor/laravel/framework/src/Illuminate/Database/Eloquent/Builder.php:1218
/home/user/cmis.marketing.limited/vendor/laravel/framework/src/Illuminate/Support/Traits/ForwardsCalls.php:23
/home/user/cmis.marketing.limited/vendor/laravel/framework/src/Illuminate/Database/Eloquent/Model.php:2540
/home/user/cmis.marketing.limited/vendor/laravel/framework/src/Illuminate/Database/Eloquent/Model.php:2556
/home/user/cmis.marketing.limited/tests/Traits/CreatesTestData.php:105
/home/user/cmis.marketing.limited/tests/Unit/Services/LinkedInServiceTest.php:57</error>
        </testcase>
        <testcase name="it_can_get_post_statistics" file="/home/user/cmis.marketing.limited/tests/Unit/Services/LinkedInServiceTest.php" line="158" class="Tests\Unit\Services\LinkedInServiceTest" classname="Tests.Unit.Services.LinkedInServiceTest" assertions="0" time="0.319001">
          <error type="Illuminate\Database\Eloquent\InvalidCastException">Tests\Unit\Services\LinkedInServiceTest::it_can_get_post_statistics
Illuminate\Database\Eloquent\InvalidCastException: Call to undefined cast [Illuminate\Database\Eloquent\Casts\Encrypted] on column [access_token] in model [App\Models\Core\Integration].

/home/user/cmis.marketing.limited/vendor/laravel/framework/src/Illuminate/Database/Eloquent/Concerns/HasAttributes.php:1768
/home/user/cmis.marketing.limited/vendor/laravel/framework/src/Illuminate/Database/Eloquent/Concerns/HasAttributes.php:1084
/home/user/cmis.marketing.limited/vendor/laravel/framework/src/Illuminate/Database/Eloquent/Model.php:619
/home/user/cmis.marketing.limited/vendor/laravel/framework/src/Illuminate/Database/Eloquent/Model.php:713
/home/user/cmis.marketing.limited/vendor/laravel/framework/src/Illuminate/Database/Eloquent/Builder.php:1747
/home/user/cmis.marketing.limited/vendor/laravel/framework/src/Illuminate/Database/Eloquent/Builder.php:1218
/home/user/cmis.marketing.limited/vendor/laravel/framework/src/Illuminate/Support/Traits/ForwardsCalls.php:23
/home/user/cmis.marketing.limited/vendor/laravel/framework/src/Illuminate/Database/Eloquent/Model.php:2540
/home/user/cmis.marketing.limited/vendor/laravel/framework/src/Illuminate/Database/Eloquent/Model.php:2556
/home/user/cmis.marketing.limited/tests/Traits/CreatesTestData.php:105
/home/user/cmis.marketing.limited/tests/Unit/Services/LinkedInServiceTest.php:163</error>
        </testcase>
        <testcase name="it_can_get_organization_statistics" file="/home/user/cmis.marketing.limited/tests/Unit/Services/LinkedInServiceTest.php" line="127" class="Tests\Unit\Services\LinkedInServiceTest" classname="Tests.Unit.Services.LinkedInServiceTest" assertions="0" time="0.308682">
          <error type="Illuminate\Database\Eloquent\InvalidCastException">Tests\Unit\Services\LinkedInServiceTest::it_can_get_organization_statistics
Illuminate\Database\Eloquent\InvalidCastException: Call to undefined cast [Illuminate\Database\Eloquent\Casts\Encrypted] on column [access_token] in model [App\Models\Core\Integration].

/home/user/cmis.marketing.limited/vendor/laravel/framework/src/Illuminate/Database/Eloquent/Concerns/HasAttributes.php:1768
/home/user/cmis.marketing.limited/vendor/laravel/framework/src/Illuminate/Database/Eloquent/Concerns/HasAttributes.php:1084
/home/user/cmis.marketing.limited/vendor/laravel/framework/src/Illuminate/Database/Eloquent/Model.php:619
/home/user/cmis.marketing.limited/vendor/laravel/framework/src/Illuminate/Database/Eloquent/Model.php:713
/home/user/cmis.marketing.limited/vendor/laravel/framework/src/Illuminate/Database/Eloquent/Builder.php:1747
/home/user/cmis.marketing.limited/vendor/laravel/framework/src/Illuminate/Database/Eloquent/Builder.php:1218
/home/user/cmis.marketing.limited/vendor/laravel/framework/src/Illuminate/Support/Traits/ForwardsCalls.php:23
/home/user/cmis.marketing.limited/vendor/laravel/framework/src/Illuminate/Database/Eloquent/Model.php:2540
/home/user/cmis.marketing.limited/vendor/laravel/framework/src/Illuminate/Database/Eloquent/Model.php:2556
/home/user/cmis.marketing.limited/tests/Traits/CreatesTestData.php:105
/home/user/cmis.marketing.limited/tests/Unit/Services/LinkedInServiceTest.php:132</error>
        </testcase>
        <testcase name="it_can_publish_image_post" file="/home/user/cmis.marketing.limited/tests/Unit/Services/LinkedInServiceTest.php" line="77" class="Tests\Unit\Services\LinkedInServiceTest" classname="Tests.Unit.Services.LinkedInServiceTest" assertions="0" time="0.301471">
          <error type="Illuminate\Database\Eloquent\InvalidCastException">Tests\Unit\Services\LinkedInServiceTest::it_can_publish_image_post
Illuminate\Database\Eloquent\InvalidCastException: Call to undefined cast [Illuminate\Database\Eloquent\Casts\Encrypted] on column [access_token] in model [App\Models\Core\Integration].

/home/user/cmis.marketing.limited/vendor/laravel/framework/src/Illuminate/Database/Eloquent/Concerns/HasAttributes.php:1768
/home/user/cmis.marketing.limited/vendor/laravel/framework/src/Illuminate/Database/Eloquent/Concerns/HasAttributes.php:1084
/home/user/cmis.marketing.limited/vendor/laravel/framework/src/Illuminate/Database/Eloquent/Model.php:619
/home/user/cmis.marketing.limited/vendor/laravel/framework/src/Illuminate/Database/Eloquent/Model.php:713
/home/user/cmis.marketing.limited/vendor/laravel/framework/src/Illuminate/Database/Eloquent/Builder.php:1747
/home/user/cmis.marketing.limited/vendor/laravel/framework/src/Illuminate/Database/Eloquent/Builder.php:1218
/home/user/cmis.marketing.limited/vendor/laravel/framework/src/Illuminate/Support/Traits/ForwardsCalls.php:23
/home/user/cmis.marketing.limited/vendor/laravel/framework/src/Illuminate/Database/Eloquent/Model.php:2540
/home/user/cmis.marketing.limited/vendor/laravel/framework/src/Illuminate/Database/Eloquent/Model.php:2556
/home/user/cmis.marketing.limited/tests/Traits/CreatesTestData.php:105
/home/user/cmis.marketing.limited/tests/Unit/Services/LinkedInServiceTest.php:82</error>
        </testcase>
        <testcase name="it_can_publish_post" file="/home/user/cmis.marketing.limited/tests/Unit/Services/LinkedInServiceTest.php" line="27" class="Tests\Unit\Services\LinkedInServiceTest" classname="Tests.Unit.Services.LinkedInServiceTest" assertions="0" time="0.305125">
          <error type="Illuminate\Database\Eloquent\InvalidCastException">Tests\Unit\Services\LinkedInServiceTest::it_can_publish_post
Illuminate\Database\Eloquent\InvalidCastException: Call to undefined cast [Illuminate\Database\Eloquent\Casts\Encrypted] on column [access_token] in model [App\Models\Core\Integration].

/home/user/cmis.marketing.limited/vendor/laravel/framework/src/Illuminate/Database/Eloquent/Concerns/HasAttributes.php:1768
/home/user/cmis.marketing.limited/vendor/laravel/framework/src/Illuminate/Database/Eloquent/Concerns/HasAttributes.php:1084
/home/user/cmis.marketing.limited/vendor/laravel/framework/src/Illuminate/Database/Eloquent/Model.php:619
/home/user/cmis.marketing.limited/vendor/laravel/framework/src/Illuminate/Database/Eloquent/Model.php:713
/home/user/cmis.marketing.limited/vendor/laravel/framework/src/Illuminate/Database/Eloquent/Builder.php:1747
/home/user/cmis.marketing.limited/vendor/laravel/framework/src/Illuminate/Database/Eloquent/Builder.php:1218
/home/user/cmis.marketing.limited/vendor/laravel/framework/src/Illuminate/Support/Traits/ForwardsCalls.php:23
/home/user/cmis.marketing.limited/vendor/laravel/framework/src/Illuminate/Database/Eloquent/Model.php:2540
/home/user/cmis.marketing.limited/vendor/laravel/framework/src/Illuminate/Database/Eloquent/Model.php:2556
/home/user/cmis.marketing.limited/tests/Traits/CreatesTestData.php:105
/home/user/cmis.marketing.limited/tests/Unit/Services/LinkedInServiceTest.php:32</error>
        </testcase>
        <testcase name="it_can_publish_video_post" file="/home/user/cmis.marketing.limited/tests/Unit/Services/LinkedInServiceTest.php" line="102" class="Tests\Unit\Services\LinkedInServiceTest" classname="Tests.Unit.Services.LinkedInServiceTest" assertions="0" time="0.308116">
          <error type="Illuminate\Database\Eloquent\InvalidCastException">Tests\Unit\Services\LinkedInServiceTest::it_can_publish_video_post
Illuminate\Database\Eloquent\InvalidCastException: Call to undefined cast [Illuminate\Database\Eloquent\Casts\Encrypted] on column [access_token] in model [App\Models\Core\Integration].

/home/user/cmis.marketing.limited/vendor/laravel/framework/src/Illuminate/Database/Eloquent/Concerns/HasAttributes.php:1768
/home/user/cmis.marketing.limited/vendor/laravel/framework/src/Illuminate/Database/Eloquent/Concerns/HasAttributes.php:1084
/home/user/cmis.marketing.limited/vendor/laravel/framework/src/Illuminate/Database/Eloquent/Model.php:619
/home/user/cmis.marketing.limited/vendor/laravel/framework/src/Illuminate/Database/Eloquent/Model.php:713
/home/user/cmis.marketing.limited/vendor/laravel/framework/src/Illuminate/Database/Eloquent/Builder.php:1747
/home/user/cmis.marketing.limited/vendor/laravel/framework/src/Illuminate/Database/Eloquent/Builder.php:1218
/home/user/cmis.marketing.limited/vendor/laravel/framework/src/Illuminate/Support/Traits/ForwardsCalls.php:23
/home/user/cmis.marketing.limited/vendor/laravel/framework/src/Illuminate/Database/Eloquent/Model.php:2540
/home/user/cmis.marketing.limited/vendor/laravel/framework/src/Illuminate/Database/Eloquent/Model.php:2556
/home/user/cmis.marketing.limited/tests/Traits/CreatesTestData.php:105
/home/user/cmis.marketing.limited/tests/Unit/Services/LinkedInServiceTest.php:107</error>
        </testcase>
        <testcase name="it_validates_post_content" file="/home/user/cmis.marketing.limited/tests/Unit/Services/LinkedInServiceTest.php" line="264" class="Tests\Unit\Services\LinkedInServiceTest" classname="Tests.Unit.Services.LinkedInServiceTest" assertions="0" time="0.302061">
          <error type="Illuminate\Database\Eloquent\InvalidCastException">Tests\Unit\Services\LinkedInServiceTest::it_validates_post_content
Illuminate\Database\Eloquent\InvalidCastException: Call to undefined cast [Illuminate\Database\Eloquent\Casts\Encrypted] on column [access_token] in model [App\Models\Core\Integration].

/home/user/cmis.marketing.limited/vendor/laravel/framework/src/Illuminate/Database/Eloquent/Concerns/HasAttributes.php:1768
/home/user/cmis.marketing.limited/vendor/laravel/framework/src/Illuminate/Database/Eloquent/Concerns/HasAttributes.php:1084
/home/user/cmis.marketing.limited/vendor/laravel/framework/src/Illuminate/Database/Eloquent/Model.php:619
/home/user/cmis.marketing.limited/vendor/laravel/framework/src/Illuminate/Database/Eloquent/Model.php:713
/home/user/cmis.marketing.limited/vendor/laravel/framework/src/Illuminate/Database/Eloquent/Builder.php:1747
/home/user/cmis.marketing.limited/vendor/laravel/framework/src/Illuminate/Database/Eloquent/Builder.php:1218
/home/user/cmis.marketing.limited/vendor/laravel/framework/src/Illuminate/Support/Traits/ForwardsCalls.php:23
/home/user/cmis.marketing.limited/vendor/laravel/framework/src/Illuminate/Database/Eloquent/Model.php:2540
/home/user/cmis.marketing.limited/vendor/laravel/framework/src/Illuminate/Database/Eloquent/Model.php:2556
/home/user/cmis.marketing.limited/tests/Traits/CreatesTestData.php:105
/home/user/cmis.marketing.limited/tests/Unit/Services/LinkedInServiceTest.php:269</error>
        </testcase>
        <testcase name="it_can_get_follower_demographics" file="/home/user/cmis.marketing.limited/tests/Unit/Services/LinkedInServiceTest.php" line="186" class="Tests\Unit\Services\LinkedInServiceTest" classname="Tests.Unit.Services.LinkedInServiceTest" assertions="0" time="0.327157">
          <error type="Illuminate\Database\Eloquent\InvalidCastException">Tests\Unit\Services\LinkedInServiceTest::it_can_get_follower_demographics
Illuminate\Database\Eloquent\InvalidCastException: Call to undefined cast [Illuminate\Database\Eloquent\Casts\Encrypted] on column [access_token] in model [App\Models\Core\Integration].

/home/user/cmis.marketing.limited/vendor/laravel/framework/src/Illuminate/Database/Eloquent/Concerns/HasAttributes.php:1768
/home/user/cmis.marketing.limited/vendor/laravel/framework/src/Illuminate/Database/Eloquent/Concerns/HasAttributes.php:1084
/home/user/cmis.marketing.limited/vendor/laravel/framework/src/Illuminate/Database/Eloquent/Model.php:619
/home/user/cmis.marketing.limited/vendor/laravel/framework/src/Illuminate/Database/Eloquent/Model.php:713
/home/user/cmis.marketing.limited/vendor/laravel/framework/src/Illuminate/Database/Eloquent/Builder.php:1747
/home/user/cmis.marketing.limited/vendor/laravel/framework/src/Illuminate/Database/Eloquent/Builder.php:1218
/home/user/cmis.marketing.limited/vendor/laravel/framework/src/Illuminate/Support/Traits/ForwardsCalls.php:23
/home/user/cmis.marketing.limited/vendor/laravel/framework/src/Illuminate/Database/Eloquent/Model.php:2540
/home/user/cmis.marketing.limited/vendor/laravel/framework/src/Illuminate/Database/Eloquent/Model.php:2556
/home/user/cmis.marketing.limited/tests/Traits/CreatesTestData.php:105
/home/user/cmis.marketing.limited/tests/Unit/Services/LinkedInServiceTest.php:191</error>
        </testcase>
        <testcase name="it_can_delete_post" file="/home/user/cmis.marketing.limited/tests/Unit/Services/LinkedInServiceTest.php" line="244" class="Tests\Unit\Services\LinkedInServiceTest" classname="Tests.Unit.Services.LinkedInServiceTest" assertions="0" time="0.312645">
          <error type="Illuminate\Database\Eloquent\InvalidCastException">Tests\Unit\Services\LinkedInServiceTest::it_can_delete_post
Illuminate\Database\Eloquent\InvalidCastException: Call to undefined cast [Illuminate\Database\Eloquent\Casts\Encrypted] on column [access_token] in model [App\Models\Core\Integration].

/home/user/cmis.marketing.limited/vendor/laravel/framework/src/Illuminate/Database/Eloquent/Concerns/HasAttributes.php:1768
/home/user/cmis.marketing.limited/vendor/laravel/framework/src/Illuminate/Database/Eloquent/Concerns/HasAttributes.php:1084
/home/user/cmis.marketing.limited/vendor/laravel/framework/src/Illuminate/Database/Eloquent/Model.php:619
/home/user/cmis.marketing.limited/vendor/laravel/framework/src/Illuminate/Database/Eloquent/Model.php:713
/home/user/cmis.marketing.limited/vendor/laravel/framework/src/Illuminate/Database/Eloquent/Builder.php:1747
/home/user/cmis.marketing.limited/vendor/laravel/framework/src/Illuminate/Database/Eloquent/Builder.php:1218
/home/user/cmis.marketing.limited/vendor/laravel/framework/src/Illuminate/Support/Traits/ForwardsCalls.php:23
/home/user/cmis.marketing.limited/vendor/laravel/framework/src/Illuminate/Database/Eloquent/Model.php:2540
/home/user/cmis.marketing.limited/vendor/laravel/framework/src/Illuminate/Database/Eloquent/Model.php:2556
/home/user/cmis.marketing.limited/tests/Traits/CreatesTestData.php:105
/home/user/cmis.marketing.limited/tests/Unit/Services/LinkedInServiceTest.php:249</error>
        </testcase>
      </testsuite>
      <testsuite name="Tests\Unit\Services\EmailServiceTest" file="/home/user/cmis.marketing.limited/tests/Unit/Services/EmailServiceTest.php" tests="12" assertions="0" errors="12" failures="0" skipped="0" time="3.697410">
        <testcase name="it_can_send_email_with_attachments" file="/home/user/cmis.marketing.limited/tests/Unit/Services/EmailServiceTest.php" line="133" class="Tests\Unit\Services\EmailServiceTest" classname="Tests.Unit.Services.EmailServiceTest" assertions="0" time="0.323417">
          <error type="Error">Tests\Unit\Services\EmailServiceTest::it_can_send_email_with_attachments
Error: Call to undefined method App\Services\Communication\EmailService::sendEmailWithAttachments()

/home/user/cmis.marketing.limited/tests/Unit/Services/EmailServiceTest.php:140</error>
        </testcase>
        <testcase name="it_handles_send_failures" file="/home/user/cmis.marketing.limited/tests/Unit/Services/EmailServiceTest.php" line="270" class="Tests\Unit\Services\EmailServiceTest" classname="Tests.Unit.Services.EmailServiceTest" assertions="0" time="0.303297">
          <error type="Error">Tests\Unit\Services\EmailServiceTest::it_handles_send_failures
Error: Call to undefined method App\Services\Communication\EmailService::sendCampaignEmail()

/home/user/cmis.marketing.limited/tests/Unit/Services/EmailServiceTest.php:277</error>
        </testcase>
        <testcase name="it_validates_email_address" file="/home/user/cmis.marketing.limited/tests/Unit/Services/EmailServiceTest.php" line="231" class="Tests\Unit\Services\EmailServiceTest" classname="Tests.Unit.Services.EmailServiceTest" assertions="0" time="0.310352">
          <error type="Error">Tests\Unit\Services\EmailServiceTest::it_validates_email_address
Error: Call to undefined method App\Services\Communication\EmailService::sendCampaignEmail()

/home/user/cmis.marketing.limited/tests/Unit/Services/EmailServiceTest.php:236</error>
        </testcase>
        <testcase name="it_can_send_template_email" file="/home/user/cmis.marketing.limited/tests/Unit/Services/EmailServiceTest.php" line="85" class="Tests\Unit\Services\EmailServiceTest" classname="Tests.Unit.Services.EmailServiceTest" assertions="0" time="0.300326">
          <error type="Error">Tests\Unit\Services\EmailServiceTest::it_can_send_template_email
Error: Call to undefined method App\Services\Communication\EmailService::sendTemplateEmail()

/home/user/cmis.marketing.limited/tests/Unit/Services/EmailServiceTest.php:92</error>
        </testcase>
        <testcase name="it_can_track_email_clicks" file="/home/user/cmis.marketing.limited/tests/Unit/Services/EmailServiceTest.php" line="186" class="Tests\Unit\Services\EmailServiceTest" classname="Tests.Unit.Services.EmailServiceTest" assertions="0" time="0.298324">
          <error type="Error">Tests\Unit\Services\EmailServiceTest::it_can_track_email_clicks
Error: Call to undefined method App\Services\Communication\EmailService::sendCampaignEmail()

/home/user/cmis.marketing.limited/tests/Unit/Services/EmailServiceTest.php:193</error>
        </testcase>
        <testcase name="it_can_personalize_content" file="/home/user/cmis.marketing.limited/tests/Unit/Services/EmailServiceTest.php" line="293" class="Tests\Unit\Services\EmailServiceTest" classname="Tests.Unit.Services.EmailServiceTest" assertions="0" time="0.299187">
          <error type="Error">Tests\Unit\Services\EmailServiceTest::it_can_personalize_content
Error: Call to undefined method App\Services\Communication\EmailService::sendCampaignEmail()

/home/user/cmis.marketing.limited/tests/Unit/Services/EmailServiceTest.php:300</error>
        </testcase>
        <testcase name="it_can_schedule_email" file="/home/user/cmis.marketing.limited/tests/Unit/Services/EmailServiceTest.php" line="209" class="Tests\Unit\Services\EmailServiceTest" classname="Tests.Unit.Services.EmailServiceTest" assertions="0" time="0.298107">
          <error type="Error">Tests\Unit\Services\EmailServiceTest::it_can_schedule_email
Error: Call to undefined method App\Services\Communication\EmailService::scheduleEmail()

/home/user/cmis.marketing.limited/tests/Unit/Services/EmailServiceTest.php:214</error>
        </testcase>
        <testcase name="it_can_send_bulk_emails" file="/home/user/cmis.marketing.limited/tests/Unit/Services/EmailServiceTest.php" line="55" class="Tests\Unit\Services\EmailServiceTest" classname="Tests.Unit.Services.EmailServiceTest" assertions="0" time="0.304563">
          <error type="Error">Tests\Unit\Services\EmailServiceTest::it_can_send_bulk_emails
Error: Call to undefined method App\Services\Communication\EmailService::sendBulkEmails()

/home/user/cmis.marketing.limited/tests/Unit/Services/EmailServiceTest.php:68</error>
        </testcase>
        <testcase name="it_can_send_campaign_email" file="/home/user/cmis.marketing.limited/tests/Unit/Services/EmailServiceTest.php" line="28" class="Tests\Unit\Services\EmailServiceTest" classname="Tests.Unit.Services.EmailServiceTest" assertions="0" time="0.330565">
          <error type="Error">Tests\Unit\Services\EmailServiceTest::it_can_send_campaign_email
Error: Call to undefined method App\Services\Communication\EmailService::sendCampaignEmail()

/home/user/cmis.marketing.limited/tests/Unit/Services/EmailServiceTest.php:35</error>
        </testcase>
        <testcase name="it_can_send_transactional_email" file="/home/user/cmis.marketing.limited/tests/Unit/Services/EmailServiceTest.php" line="110" class="Tests\Unit\Services\EmailServiceTest" classname="Tests.Unit.Services.EmailServiceTest" assertions="0" time="0.316467">
          <error type="Error">Tests\Unit\Services\EmailServiceTest::it_can_send_transactional_email
Error: Call to undefined method App\Services\Communication\EmailService::sendTransactionalEmail()

/home/user/cmis.marketing.limited/tests/Unit/Services/EmailServiceTest.php:117</error>
        </testcase>
        <testcase name="it_can_track_email_opens" file="/home/user/cmis.marketing.limited/tests/Unit/Services/EmailServiceTest.php" line="162" class="Tests\Unit\Services\EmailServiceTest" classname="Tests.Unit.Services.EmailServiceTest" assertions="0" time="0.310371">
          <error type="Error">Tests\Unit\Services\EmailServiceTest::it_can_track_email_opens
Error: Call to undefined method App\Services\Communication\EmailService::sendCampaignEmail()

/home/user/cmis.marketing.limited/tests/Unit/Services/EmailServiceTest.php:169</error>
        </testcase>
        <testcase name="it_validates_required_fields" file="/home/user/cmis.marketing.limited/tests/Unit/Services/EmailServiceTest.php" line="252" class="Tests\Unit\Services\EmailServiceTest" classname="Tests.Unit.Services.EmailServiceTest" assertions="0" time="0.302433">
          <error type="Error">Tests\Unit\Services\EmailServiceTest::it_validates_required_fields
Error: Call to undefined method App\Services\Communication\EmailService::sendCampaignEmail()

/home/user/cmis.marketing.limited/tests/Unit/Services/EmailServiceTest.php:257</error>
        </testcase>
      </testsuite>
      <testsuite name="Tests\Unit\Validators\ContentValidatorTest" file="/home/user/cmis.marketing.limited/tests/Unit/Validators/ContentValidatorTest.php" tests="11" assertions="0" errors="11" failures="0" skipped="0" time="0.000000">
        <testcase name="it_validates_scheduled_date_in_future" file="/home/user/cmis.marketing.limited/tests/Unit/Validators/ContentValidatorTest.php" line="154" class="Tests\Unit\Validators\ContentValidatorTest" classname="Tests.Unit.Validators.ContentValidatorTest" assertions="0" time="0.000000">
          <error type="Error">Tests\Unit\Validators\ContentValidatorTest::it_validates_scheduled_date_in_future
Error: Class "App\Validators\ContentValidator" not found

/home/user/cmis.marketing.limited/tests/Unit/Validators/ContentValidatorTest.php:22</error>
        </testcase>
        <testcase name="it_validates_scheduled_date_format" file="/home/user/cmis.marketing.limited/tests/Unit/Validators/ContentValidatorTest.php" line="132" class="Tests\Unit\Validators\ContentValidatorTest" classname="Tests.Unit.Validators.ContentValidatorTest" assertions="0" time="0.000000">
          <error type="Error">Tests\Unit\Validators\ContentValidatorTest::it_validates_scheduled_date_format
Error: Class "App\Validators\ContentValidator" not found

/home/user/cmis.marketing.limited/tests/Unit/Validators/ContentValidatorTest.php:22</error>
        </testcase>
        <testcase name="it_validates_title_max_length" file="/home/user/cmis.marketing.limited/tests/Unit/Validators/ContentValidatorTest.php" line="46" class="Tests\Unit\Validators\ContentValidatorTest" classname="Tests.Unit.Validators.ContentValidatorTest" assertions="0" time="0.000000">
          <error type="Error">Tests\Unit\Validators\ContentValidatorTest::it_validates_title_max_length
Error: Class "App\Validators\ContentValidator" not found

/home/user/cmis.marketing.limited/tests/Unit/Validators/ContentValidatorTest.php:22</error>
        </testcase>
        <testcase name="it_validates_required_title" file="/home/user/cmis.marketing.limited/tests/Unit/Validators/ContentValidatorTest.php" line="26" class="Tests\Unit\Validators\ContentValidatorTest" classname="Tests.Unit.Validators.ContentValidatorTest" assertions="0" time="0.000000">
          <error type="Error">Tests\Unit\Validators\ContentValidatorTest::it_validates_required_title
Error: Class "App\Validators\ContentValidator" not found

/home/user/cmis.marketing.limited/tests/Unit/Validators/ContentValidatorTest.php:22</error>
        </testcase>
        <testcase name="it_validates_status_enum" file="/home/user/cmis.marketing.limited/tests/Unit/Validators/ContentValidatorTest.php" line="87" class="Tests\Unit\Validators\ContentValidatorTest" classname="Tests.Unit.Validators.ContentValidatorTest" assertions="0" time="0.000000">
          <error type="Error">Tests\Unit\Validators\ContentValidatorTest::it_validates_status_enum
Error: Class "App\Validators\ContentValidator" not found

/home/user/cmis.marketing.limited/tests/Unit/Validators/ContentValidatorTest.php:22</error>
        </testcase>
        <testcase name="it_validates_media_urls_format" file="/home/user/cmis.marketing.limited/tests/Unit/Validators/ContentValidatorTest.php" line="198" class="Tests\Unit\Validators\ContentValidatorTest" classname="Tests.Unit.Validators.ContentValidatorTest" assertions="0" time="0.000000">
          <error type="Error">Tests\Unit\Validators\ContentValidatorTest::it_validates_media_urls_format
Error: Class "App\Validators\ContentValidator" not found

/home/user/cmis.marketing.limited/tests/Unit/Validators/ContentValidatorTest.php:22</error>
        </testcase>
        <testcase name="it_validates_required_body" file="/home/user/cmis.marketing.limited/tests/Unit/Validators/ContentValidatorTest.php" line="67" class="Tests\Unit\Validators\ContentValidatorTest" classname="Tests.Unit.Validators.ContentValidatorTest" assertions="0" time="0.000000">
          <error type="Error">Tests\Unit\Validators\ContentValidatorTest::it_validates_required_body
Error: Class "App\Validators\ContentValidator" not found

/home/user/cmis.marketing.limited/tests/Unit/Validators/ContentValidatorTest.php:22</error>
        </testcase>
        <testcase name="it_accepts_valid_content_data" file="/home/user/cmis.marketing.limited/tests/Unit/Validators/ContentValidatorTest.php" line="242" class="Tests\Unit\Validators\ContentValidatorTest" classname="Tests.Unit.Validators.ContentValidatorTest" assertions="0" time="0.000000">
          <error type="Error">Tests\Unit\Validators\ContentValidatorTest::it_accepts_valid_content_data
Error: Class "App\Validators\ContentValidator" not found

/home/user/cmis.marketing.limited/tests/Unit/Validators/ContentValidatorTest.php:22</error>
        </testcase>
        <testcase name="it_accepts_valid_statuses" file="/home/user/cmis.marketing.limited/tests/Unit/Validators/ContentValidatorTest.php" line="108" class="Tests\Unit\Validators\ContentValidatorTest" classname="Tests.Unit.Validators.ContentValidatorTest" assertions="0" time="0.000000">
          <error type="Error">Tests\Unit\Validators\ContentValidatorTest::it_accepts_valid_statuses
Error: Class "App\Validators\ContentValidator" not found

/home/user/cmis.marketing.limited/tests/Unit/Validators/ContentValidatorTest.php:22</error>
        </testcase>
        <testcase name="it_validates_tags_as_array" file="/home/user/cmis.marketing.limited/tests/Unit/Validators/ContentValidatorTest.php" line="220" class="Tests\Unit\Validators\ContentValidatorTest" classname="Tests.Unit.Validators.ContentValidatorTest" assertions="0" time="0.000000">
          <error type="Error">Tests\Unit\Validators\ContentValidatorTest::it_validates_tags_as_array
Error: Class "App\Validators\ContentValidator" not found

/home/user/cmis.marketing.limited/tests/Unit/Validators/ContentValidatorTest.php:22</error>
        </testcase>
        <testcase name="it_validates_media_urls_as_array" file="/home/user/cmis.marketing.limited/tests/Unit/Validators/ContentValidatorTest.php" line="176" class="Tests\Unit\Validators\ContentValidatorTest" classname="Tests.Unit.Validators.ContentValidatorTest" assertions="0" time="0.000000">
          <error type="Error">Tests\Unit\Validators\ContentValidatorTest::it_validates_media_urls_as_array
Error: Class "App\Validators\ContentValidator" not found

/home/user/cmis.marketing.limited/tests/Unit/Validators/ContentValidatorTest.php:22</error>
        </testcase>
      </testsuite>
      <testsuite name="Tests\Unit\Models\IntegrationTest" file="/home/user/cmis.marketing.limited/tests/Unit/Models/IntegrationTest.php" tests="12" assertions="0" errors="12" failures="0" skipped="0" time="0.767758">
        <testcase name="it_has_timestamps" file="/home/user/cmis.marketing.limited/tests/Unit/Models/IntegrationTest.php" line="206" class="Tests\Unit\Models\IntegrationTest" classname="Tests.Unit.Models.IntegrationTest" assertions="0" time="0.085811">
          <error type="Error">Tests\Unit\Models\IntegrationTest::it_has_timestamps
Error: Class "App\Models\Integration" not found

/home/user/cmis.marketing.limited/tests/Unit/Models/IntegrationTest.php:213</error>
        </testcase>
        <testcase name="it_stores_metadata_as_json" file="/home/user/cmis.marketing.limited/tests/Unit/Models/IntegrationTest.php" line="138" class="Tests\Unit\Models\IntegrationTest" classname="Tests.Unit.Models.IntegrationTest" assertions="0" time="0.059786">
          <error type="Error">Tests\Unit\Models\IntegrationTest::it_stores_metadata_as_json
Error: Class "App\Models\Integration" not found

/home/user/cmis.marketing.limited/tests/Unit/Models/IntegrationTest.php:152</error>
        </testcase>
        <testcase name="it_validates_platform" file="/home/user/cmis.marketing.limited/tests/Unit/Models/IntegrationTest.php" line="86" class="Tests\Unit\Models\IntegrationTest" classname="Tests.Unit.Models.IntegrationTest" assertions="0" time="0.060803">
          <error type="Error">Tests\Unit\Models\IntegrationTest::it_validates_platform
Error: Class "App\Models\Integration" not found

/home/user/cmis.marketing.limited/tests/Unit/Models/IntegrationTest.php:93</error>
        </testcase>
        <testcase name="it_respects_rls_policies" file="/home/user/cmis.marketing.limited/tests/Unit/Models/IntegrationTest.php" line="275" class="Tests\Unit\Models\IntegrationTest" classname="Tests.Unit.Models.IntegrationTest" assertions="0" time="0.061855">
          <error type="Error">Tests\Unit\Models\IntegrationTest::it_respects_rls_policies
Error: Class "App\Models\Integration" not found

/home/user/cmis.marketing.limited/tests/Unit/Models/IntegrationTest.php:287</error>
        </testcase>
        <testcase name="it_can_create_an_integration" file="/home/user/cmis.marketing.limited/tests/Unit/Models/IntegrationTest.php" line="24" class="Tests\Unit\Models\IntegrationTest" classname="Tests.Unit.Models.IntegrationTest" assertions="0" time="0.058637">
          <error type="Error">Tests\Unit\Models\IntegrationTest::it_can_create_an_integration
Error: Class "App\Models\Integration" not found

/home/user/cmis.marketing.limited/tests/Unit/Models/IntegrationTest.php:31</error>
        </testcase>
        <testcase name="it_validates_status" file="/home/user/cmis.marketing.limited/tests/Unit/Models/IntegrationTest.php" line="115" class="Tests\Unit\Models\IntegrationTest" classname="Tests.Unit.Models.IntegrationTest" assertions="0" time="0.059625">
          <error type="Error">Tests\Unit\Models\IntegrationTest::it_validates_status
Error: Class "App\Models\Integration" not found

/home/user/cmis.marketing.limited/tests/Unit/Models/IntegrationTest.php:122</error>
        </testcase>
        <testcase name="it_belongs_to_an_organization" file="/home/user/cmis.marketing.limited/tests/Unit/Models/IntegrationTest.php" line="46" class="Tests\Unit\Models\IntegrationTest" classname="Tests.Unit.Models.IntegrationTest" assertions="0" time="0.072722">
          <error type="Error">Tests\Unit\Models\IntegrationTest::it_belongs_to_an_organization
Error: Class "App\Models\Integration" not found

/home/user/cmis.marketing.limited/tests/Unit/Models/IntegrationTest.php:53</error>
        </testcase>
        <testcase name="it_can_check_if_token_is_expired" file="/home/user/cmis.marketing.limited/tests/Unit/Models/IntegrationTest.php" line="247" class="Tests\Unit\Models\IntegrationTest" classname="Tests.Unit.Models.IntegrationTest" assertions="0" time="0.060049">
          <error type="Error">Tests\Unit\Models\IntegrationTest::it_can_check_if_token_is_expired
Error: Class "App\Models\Integration" not found

/home/user/cmis.marketing.limited/tests/Unit/Models/IntegrationTest.php:254</error>
        </testcase>
        <testcase name="it_can_be_soft_deleted" file="/home/user/cmis.marketing.limited/tests/Unit/Models/IntegrationTest.php" line="184" class="Tests\Unit\Models\IntegrationTest" classname="Tests.Unit.Models.IntegrationTest" assertions="0" time="0.064218">
          <error type="Error">Tests\Unit\Models\IntegrationTest::it_can_be_soft_deleted
Error: Class "App\Models\Integration" not found

/home/user/cmis.marketing.limited/tests/Unit/Models/IntegrationTest.php:191</error>
        </testcase>
        <testcase name="it_tracks_token_expiration" file="/home/user/cmis.marketing.limited/tests/Unit/Models/IntegrationTest.php" line="225" class="Tests\Unit\Models\IntegrationTest" classname="Tests.Unit.Models.IntegrationTest" assertions="0" time="0.061675">
          <error type="Error">Tests\Unit\Models\IntegrationTest::it_tracks_token_expiration
Error: Class "App\Models\Integration" not found

/home/user/cmis.marketing.limited/tests/Unit/Models/IntegrationTest.php:234</error>
        </testcase>
        <testcase name="it_uses_uuid_as_primary_key" file="/home/user/cmis.marketing.limited/tests/Unit/Models/IntegrationTest.php" line="166" class="Tests\Unit\Models\IntegrationTest" classname="Tests.Unit.Models.IntegrationTest" assertions="0" time="0.061986">
          <error type="Error">Tests\Unit\Models\IntegrationTest::it_uses_uuid_as_primary_key
Error: Class "App\Models\Integration" not found

/home/user/cmis.marketing.limited/tests/Unit/Models/IntegrationTest.php:173</error>
        </testcase>
        <testcase name="it_encrypts_access_token" file="/home/user/cmis.marketing.limited/tests/Unit/Models/IntegrationTest.php" line="64" class="Tests\Unit\Models\IntegrationTest" classname="Tests.Unit.Models.IntegrationTest" assertions="0" time="0.060590">
          <error type="Error">Tests\Unit\Models\IntegrationTest::it_encrypts_access_token
Error: Class "App\Models\Integration" not found

/home/user/cmis.marketing.limited/tests/Unit/Models/IntegrationTest.php:73</error>
        </testcase>
      </testsuite>
      <testsuite name="Tests\Unit\Models\OfferingTest" file="/home/user/cmis.marketing.limited/tests/Unit/Models/OfferingTest.php" tests="10" assertions="0" errors="10" failures="0" skipped="0" time="0.643920">
        <testcase name="it_can_create_a_service" file="/home/user/cmis.marketing.limited/tests/Unit/Models/OfferingTest.php" line="49" class="Tests\Unit\Models\OfferingTest" classname="Tests.Unit.Models.OfferingTest" assertions="0" time="0.078606">
          <error type="Illuminate\Database\QueryException">Tests\Unit\Models\OfferingTest::it_can_create_a_service
Illuminate\Database\QueryException: SQLSTATE[42P01]: Undefined table: 7 ERROR:  relation "cmis.offerings" does not exist
LINE 1: insert into "cmis"."offerings" ("org_id", "name", "descripti...
                    ^ (Connection: pgsql, SQL: insert into "cmis"."offerings" ("org_id", "name", "description", "offering_id") values (90cb6a6e-dc84-415a-a44a-574a4b7364e5, Marketing Consultation, Professional marketing consultation, 019a9bc7-cf30-7146-846b-8d762fbd8504))

/home/user/cmis.marketing.limited/vendor/laravel/framework/src/Illuminate/Database/Connection.php:824
/home/user/cmis.marketing.limited/vendor/laravel/framework/src/Illuminate/Database/Connection.php:778
/home/user/cmis.marketing.limited/vendor/laravel/framework/src/Illuminate/Database/Connection.php:559
/home/user/cmis.marketing.limited/vendor/laravel/framework/src/Illuminate/Database/Connection.php:523
/home/user/cmis.marketing.limited/vendor/laravel/framework/src/Illuminate/Database/Query/Builder.php:3804
/home/user/cmis.marketing.limited/vendor/laravel/framework/src/Illuminate/Database/Eloquent/Builder.php:2235
/home/user/cmis.marketing.limited/vendor/laravel/framework/src/Illuminate/Database/Eloquent/Model.php:1412
/home/user/cmis.marketing.limited/vendor/laravel/framework/src/Illuminate/Database/Eloquent/Model.php:1240
/home/user/cmis.marketing.limited/vendor/laravel/framework/src/Illuminate/Database/Eloquent/Builder.php:1219
/home/user/cmis.marketing.limited/vendor/laravel/framework/src/Illuminate/Support/helpers.php:390
/home/user/cmis.marketing.limited/vendor/laravel/framework/src/Illuminate/Database/Eloquent/Builder.php:1218
/home/user/cmis.marketing.limited/vendor/laravel/framework/src/Illuminate/Support/Traits/ForwardsCalls.php:23
/home/user/cmis.marketing.limited/vendor/laravel/framework/src/Illuminate/Database/Eloquent/Model.php:2540
/home/user/cmis.marketing.limited/vendor/laravel/framework/src/Illuminate/Database/Eloquent/Model.php:2556
/home/user/cmis.marketing.limited/tests/Unit/Models/OfferingTest.php:56</error>
        </testcase>
        <testcase name="it_uses_uuid_as_primary_key" file="/home/user/cmis.marketing.limited/tests/Unit/Models/OfferingTest.php" line="173" class="Tests\Unit\Models\OfferingTest" classname="Tests.Unit.Models.OfferingTest" assertions="0" time="0.066434">
          <error type="Illuminate\Database\QueryException">Tests\Unit\Models\OfferingTest::it_uses_uuid_as_primary_key
Illuminate\Database\QueryException: SQLSTATE[42P01]: Undefined table: 7 ERROR:  relation "cmis.offerings" does not exist
LINE 1: insert into "cmis"."offerings" ("org_id", "name", "offering_...
                    ^ (Connection: pgsql, SQL: insert into "cmis"."offerings" ("org_id", "name", "offering_id") values (4793f8fb-c1b7-48ab-8e65-dd5d07649a50, UUID Test, 019a9bc7-cf73-7226-9cac-9b448e1c8274))

/home/user/cmis.marketing.limited/vendor/laravel/framework/src/Illuminate/Database/Connection.php:824
/home/user/cmis.marketing.limited/vendor/laravel/framework/src/Illuminate/Database/Connection.php:778
/home/user/cmis.marketing.limited/vendor/laravel/framework/src/Illuminate/Database/Connection.php:559
/home/user/cmis.marketing.limited/vendor/laravel/framework/src/Illuminate/Database/Connection.php:523
/home/user/cmis.marketing.limited/vendor/laravel/framework/src/Illuminate/Database/Query/Builder.php:3804
/home/user/cmis.marketing.limited/vendor/laravel/framework/src/Illuminate/Database/Eloquent/Builder.php:2235
/home/user/cmis.marketing.limited/vendor/laravel/framework/src/Illuminate/Database/Eloquent/Model.php:1412
/home/user/cmis.marketing.limited/vendor/laravel/framework/src/Illuminate/Database/Eloquent/Model.php:1240
/home/user/cmis.marketing.limited/vendor/laravel/framework/src/Illuminate/Database/Eloquent/Builder.php:1219
/home/user/cmis.marketing.limited/vendor/laravel/framework/src/Illuminate/Support/helpers.php:390
/home/user/cmis.marketing.limited/vendor/laravel/framework/src/Illuminate/Database/Eloquent/Builder.php:1218
/home/user/cmis.marketing.limited/vendor/laravel/framework/src/Illuminate/Support/Traits/ForwardsCalls.php:23
/home/user/cmis.marketing.limited/vendor/laravel/framework/src/Illuminate/Database/Eloquent/Model.php:2540
/home/user/cmis.marketing.limited/vendor/laravel/framework/src/Illuminate/Database/Eloquent/Model.php:2556
/home/user/cmis.marketing.limited/tests/Unit/Models/OfferingTest.php:180</error>
        </testcase>
        <testcase name="it_respects_rls_policies" file="/home/user/cmis.marketing.limited/tests/Unit/Models/OfferingTest.php" line="235" class="Tests\Unit\Models\OfferingTest" classname="Tests.Unit.Models.OfferingTest" assertions="0" time="0.062891">
          <error type="Illuminate\Database\QueryException">Tests\Unit\Models\OfferingTest::it_respects_rls_policies
Illuminate\Database\QueryException: SQLSTATE[42P01]: Undefined table: 7 ERROR:  relation "cmis.offerings" does not exist
LINE 1: insert into "cmis"."offerings" ("org_id", "name", "offering_...
                    ^ (Connection: pgsql, SQL: insert into "cmis"."offerings" ("org_id", "name", "offering_id") values (1cba2e5d-5ea0-46b4-afbd-46879146570e, Org 1 Product, 019a9bc7-cfb2-73b3-a776-10b50ec9c8d6))

/home/user/cmis.marketing.limited/vendor/laravel/framework/src/Illuminate/Database/Connection.php:824
/home/user/cmis.marketing.limited/vendor/laravel/framework/src/Illuminate/Database/Connection.php:778
/home/user/cmis.marketing.limited/vendor/laravel/framework/src/Illuminate/Database/Connection.php:559
/home/user/cmis.marketing.limited/vendor/laravel/framework/src/Illuminate/Database/Connection.php:523
/home/user/cmis.marketing.limited/vendor/laravel/framework/src/Illuminate/Database/Query/Builder.php:3804
/home/user/cmis.marketing.limited/vendor/laravel/framework/src/Illuminate/Database/Eloquent/Builder.php:2235
/home/user/cmis.marketing.limited/vendor/laravel/framework/src/Illuminate/Database/Eloquent/Model.php:1412
/home/user/cmis.marketing.limited/vendor/laravel/framework/src/Illuminate/Database/Eloquent/Model.php:1240
/home/user/cmis.marketing.limited/vendor/laravel/framework/src/Illuminate/Database/Eloquent/Builder.php:1219
/home/user/cmis.marketing.limited/vendor/laravel/framework/src/Illuminate/Support/helpers.php:390
/home/user/cmis.marketing.limited/vendor/laravel/framework/src/Illuminate/Database/Eloquent/Builder.php:1218
/home/user/cmis.marketing.limited/vendor/laravel/framework/src/Illuminate/Support/Traits/ForwardsCalls.php:23
/home/user/cmis.marketing.limited/vendor/laravel/framework/src/Illuminate/Database/Eloquent/Model.php:2540
/home/user/cmis.marketing.limited/vendor/laravel/framework/src/Illuminate/Database/Eloquent/Model.php:2556
/home/user/cmis.marketing.limited/tests/Unit/Models/OfferingTest.php:247</error>
        </testcase>
        <testcase name="it_validates_price_format" file="/home/user/cmis.marketing.limited/tests/Unit/Models/OfferingTest.php" line="152" class="Tests\Unit\Models\OfferingTest" classname="Tests.Unit.Models.OfferingTest" assertions="0" time="0.061723">
          <error type="Illuminate\Database\QueryException">Tests\Unit\Models\OfferingTest::it_validates_price_format
Illuminate\Database\QueryException: SQLSTATE[42P01]: Undefined table: 7 ERROR:  relation "cmis.offerings" does not exist
LINE 1: insert into "cmis"."offerings" ("org_id", "name", "offering_...
                    ^ (Connection: pgsql, SQL: insert into "cmis"."offerings" ("org_id", "name", "offering_id") values (e844e615-5977-43d6-a2e3-d14bbde06863, Price Test, 019a9bc7-cff0-7128-8b9a-ef26a3e2ea40))

/home/user/cmis.marketing.limited/vendor/laravel/framework/src/Illuminate/Database/Connection.php:824
/home/user/cmis.marketing.limited/vendor/laravel/framework/src/Illuminate/Database/Connection.php:778
/home/user/cmis.marketing.limited/vendor/laravel/framework/src/Illuminate/Database/Connection.php:559
/home/user/cmis.marketing.limited/vendor/laravel/framework/src/Illuminate/Database/Connection.php:523
/home/user/cmis.marketing.limited/vendor/laravel/framework/src/Illuminate/Database/Query/Builder.php:3804
/home/user/cmis.marketing.limited/vendor/laravel/framework/src/Illuminate/Database/Eloquent/Builder.php:2235
/home/user/cmis.marketing.limited/vendor/laravel/framework/src/Illuminate/Database/Eloquent/Model.php:1412
/home/user/cmis.marketing.limited/vendor/laravel/framework/src/Illuminate/Database/Eloquent/Model.php:1240
/home/user/cmis.marketing.limited/vendor/laravel/framework/src/Illuminate/Database/Eloquent/Builder.php:1219
/home/user/cmis.marketing.limited/vendor/laravel/framework/src/Illuminate/Support/helpers.php:390
/home/user/cmis.marketing.limited/vendor/laravel/framework/src/Illuminate/Database/Eloquent/Builder.php:1218
/home/user/cmis.marketing.limited/vendor/laravel/framework/src/Illuminate/Support/Traits/ForwardsCalls.php:23
/home/user/cmis.marketing.limited/vendor/laravel/framework/src/Illuminate/Database/Eloquent/Model.php:2540
/home/user/cmis.marketing.limited/vendor/laravel/framework/src/Illuminate/Database/Eloquent/Model.php:2556
/home/user/cmis.marketing.limited/tests/Unit/Models/OfferingTest.php:159</error>
        </testcase>
        <testcase name="it_belongs_to_an_organization" file="/home/user/cmis.marketing.limited/tests/Unit/Models/OfferingTest.php" line="73" class="Tests\Unit\Models\OfferingTest" classname="Tests.Unit.Models.OfferingTest" assertions="0" time="0.064303">
          <error type="Illuminate\Database\QueryException">Tests\Unit\Models\OfferingTest::it_belongs_to_an_organization
Illuminate\Database\QueryException: SQLSTATE[42P01]: Undefined table: 7 ERROR:  relation "cmis.offerings" does not exist
LINE 1: insert into "cmis"."offerings" ("org_id", "name", "offering_...
                    ^ (Connection: pgsql, SQL: insert into "cmis"."offerings" ("org_id", "name", "offering_id") values (c178661e-075b-48eb-8baf-039d6df53f5a, Test Product, 019a9bc7-d031-7322-8586-4a8ecdf14440))

/home/user/cmis.marketing.limited/vendor/laravel/framework/src/Illuminate/Database/Connection.php:824
/home/user/cmis.marketing.limited/vendor/laravel/framework/src/Illuminate/Database/Connection.php:778
/home/user/cmis.marketing.limited/vendor/laravel/framework/src/Illuminate/Database/Connection.php:559
/home/user/cmis.marketing.limited/vendor/laravel/framework/src/Illuminate/Database/Connection.php:523
/home/user/cmis.marketing.limited/vendor/laravel/framework/src/Illuminate/Database/Query/Builder.php:3804
/home/user/cmis.marketing.limited/vendor/laravel/framework/src/Illuminate/Database/Eloquent/Builder.php:2235
/home/user/cmis.marketing.limited/vendor/laravel/framework/src/Illuminate/Database/Eloquent/Model.php:1412
/home/user/cmis.marketing.limited/vendor/laravel/framework/src/Illuminate/Database/Eloquent/Model.php:1240
/home/user/cmis.marketing.limited/vendor/laravel/framework/src/Illuminate/Database/Eloquent/Builder.php:1219
/home/user/cmis.marketing.limited/vendor/laravel/framework/src/Illuminate/Support/helpers.php:390
/home/user/cmis.marketing.limited/vendor/laravel/framework/src/Illuminate/Database/Eloquent/Builder.php:1218
/home/user/cmis.marketing.limited/vendor/laravel/framework/src/Illuminate/Support/Traits/ForwardsCalls.php:23
/home/user/cmis.marketing.limited/vendor/laravel/framework/src/Illuminate/Database/Eloquent/Model.php:2540
/home/user/cmis.marketing.limited/vendor/laravel/framework/src/Illuminate/Database/Eloquent/Model.php:2556
/home/user/cmis.marketing.limited/tests/Unit/Models/OfferingTest.php:80</error>
        </testcase>
        <testcase name="it_stores_features_benefits_and_usps" file="/home/user/cmis.marketing.limited/tests/Unit/Models/OfferingTest.php" line="92" class="Tests\Unit\Models\OfferingTest" classname="Tests.Unit.Models.OfferingTest" assertions="0" time="0.072129">
          <error type="Illuminate\Database\QueryException">Tests\Unit\Models\OfferingTest::it_stores_features_benefits_and_usps
Illuminate\Database\QueryException: SQLSTATE[42P01]: Undefined table: 7 ERROR:  relation "cmis.offerings" does not exist
LINE 1: insert into "cmis"."offerings" ("org_id", "name", "offering_...
                    ^ (Connection: pgsql, SQL: insert into "cmis"."offerings" ("org_id", "name", "offering_id") values (02f330cd-8e8e-4109-9ac5-bf1a883415d2, Premium Product, 019a9bc7-d079-7369-8244-03228ecbfe5d))

/home/user/cmis.marketing.limited/vendor/laravel/framework/src/Illuminate/Database/Connection.php:824
/home/user/cmis.marketing.limited/vendor/laravel/framework/src/Illuminate/Database/Connection.php:778
/home/user/cmis.marketing.limited/vendor/laravel/framework/src/Illuminate/Database/Connection.php:559
/home/user/cmis.marketing.limited/vendor/laravel/framework/src/Illuminate/Database/Connection.php:523
/home/user/cmis.marketing.limited/vendor/laravel/framework/src/Illuminate/Database/Query/Builder.php:3804
/home/user/cmis.marketing.limited/vendor/laravel/framework/src/Illuminate/Database/Eloquent/Builder.php:2235
/home/user/cmis.marketing.limited/vendor/laravel/framework/src/Illuminate/Database/Eloquent/Model.php:1412
/home/user/cmis.marketing.limited/vendor/laravel/framework/src/Illuminate/Database/Eloquent/Model.php:1240
/home/user/cmis.marketing.limited/vendor/laravel/framework/src/Illuminate/Database/Eloquent/Builder.php:1219
/home/user/cmis.marketing.limited/vendor/laravel/framework/src/Illuminate/Support/helpers.php:390
/home/user/cmis.marketing.limited/vendor/laravel/framework/src/Illuminate/Database/Eloquent/Builder.php:1218
/home/user/cmis.marketing.limited/vendor/laravel/framework/src/Illuminate/Support/Traits/ForwardsCalls.php:23
/home/user/cmis.marketing.limited/vendor/laravel/framework/src/Illuminate/Database/Eloquent/Model.php:2540
/home/user/cmis.marketing.limited/vendor/laravel/framework/src/Illuminate/Database/Eloquent/Model.php:2556
/home/user/cmis.marketing.limited/tests/Unit/Models/OfferingTest.php:99</error>
        </testcase>
        <testcase name="it_can_be_soft_deleted" file="/home/user/cmis.marketing.limited/tests/Unit/Models/OfferingTest.php" line="192" class="Tests\Unit\Models\OfferingTest" classname="Tests.Unit.Models.OfferingTest" assertions="0" time="0.056304">
          <error type="Illuminate\Database\QueryException">Tests\Unit\Models\OfferingTest::it_can_be_soft_deleted
Illuminate\Database\QueryException: SQLSTATE[42P01]: Undefined table: 7 ERROR:  relation "cmis.offerings" does not exist
LINE 1: insert into "cmis"."offerings" ("org_id", "name", "offering_...
                    ^ (Connection: pgsql, SQL: insert into "cmis"."offerings" ("org_id", "name", "offering_id") values (50667ae6-7e32-4a3c-887b-63c8be7578ba, Soft Delete Test, 019a9bc7-d0b1-7163-a74d-ab23d6efecff))

/home/user/cmis.marketing.limited/vendor/laravel/framework/src/Illuminate/Database/Connection.php:824
/home/user/cmis.marketing.limited/vendor/laravel/framework/src/Illuminate/Database/Connection.php:778
/home/user/cmis.marketing.limited/vendor/laravel/framework/src/Illuminate/Database/Connection.php:559
/home/user/cmis.marketing.limited/vendor/laravel/framework/src/Illuminate/Database/Connection.php:523
/home/user/cmis.marketing.limited/vendor/laravel/framework/src/Illuminate/Database/Query/Builder.php:3804
/home/user/cmis.marketing.limited/vendor/laravel/framework/src/Illuminate/Database/Eloquent/Builder.php:2235
/home/user/cmis.marketing.limited/vendor/laravel/framework/src/Illuminate/Database/Eloquent/Model.php:1412
/home/user/cmis.marketing.limited/vendor/laravel/framework/src/Illuminate/Database/Eloquent/Model.php:1240
/home/user/cmis.marketing.limited/vendor/laravel/framework/src/Illuminate/Database/Eloquent/Builder.php:1219
/home/user/cmis.marketing.limited/vendor/laravel/framework/src/Illuminate/Support/helpers.php:390
/home/user/cmis.marketing.limited/vendor/laravel/framework/src/Illuminate/Database/Eloquent/Builder.php:1218
/home/user/cmis.marketing.limited/vendor/laravel/framework/src/Illuminate/Support/Traits/ForwardsCalls.php:23
/home/user/cmis.marketing.limited/vendor/laravel/framework/src/Illuminate/Database/Eloquent/Model.php:2540
/home/user/cmis.marketing.limited/vendor/laravel/framework/src/Illuminate/Database/Eloquent/Model.php:2556
/home/user/cmis.marketing.limited/tests/Unit/Models/OfferingTest.php:199</error>
        </testcase>
        <testcase name="it_can_create_a_product" file="/home/user/cmis.marketing.limited/tests/Unit/Models/OfferingTest.php" line="24" class="Tests\Unit\Models\OfferingTest" classname="Tests.Unit.Models.OfferingTest" assertions="0" time="0.061444">
          <error type="Illuminate\Database\QueryException">Tests\Unit\Models\OfferingTest::it_can_create_a_product
Illuminate\Database\QueryException: SQLSTATE[42P01]: Undefined table: 7 ERROR:  relation "cmis.offerings" does not exist
LINE 1: insert into "cmis"."offerings" ("org_id", "name", "descripti...
                    ^ (Connection: pgsql, SQL: insert into "cmis"."offerings" ("org_id", "name", "description", "offering_id") values (0bfa1ae8-7239-4016-b064-1cd754dc4f68, Summer T-Shirt, Premium cotton t-shirt, 019a9bc7-d0ee-72f1-8a50-eebfda3e6950))

/home/user/cmis.marketing.limited/vendor/laravel/framework/src/Illuminate/Database/Connection.php:824
/home/user/cmis.marketing.limited/vendor/laravel/framework/src/Illuminate/Database/Connection.php:778
/home/user/cmis.marketing.limited/vendor/laravel/framework/src/Illuminate/Database/Connection.php:559
/home/user/cmis.marketing.limited/vendor/laravel/framework/src/Illuminate/Database/Connection.php:523
/home/user/cmis.marketing.limited/vendor/laravel/framework/src/Illuminate/Database/Query/Builder.php:3804
/home/user/cmis.marketing.limited/vendor/laravel/framework/src/Illuminate/Database/Eloquent/Builder.php:2235
/home/user/cmis.marketing.limited/vendor/laravel/framework/src/Illuminate/Database/Eloquent/Model.php:1412
/home/user/cmis.marketing.limited/vendor/laravel/framework/src/Illuminate/Database/Eloquent/Model.php:1240
/home/user/cmis.marketing.limited/vendor/laravel/framework/src/Illuminate/Database/Eloquent/Builder.php:1219
/home/user/cmis.marketing.limited/vendor/laravel/framework/src/Illuminate/Support/helpers.php:390
/home/user/cmis.marketing.limited/vendor/laravel/framework/src/Illuminate/Database/Eloquent/Builder.php:1218
/home/user/cmis.marketing.limited/vendor/laravel/framework/src/Illuminate/Support/Traits/ForwardsCalls.php:23
/home/user/cmis.marketing.limited/vendor/laravel/framework/src/Illuminate/Database/Eloquent/Model.php:2540
/home/user/cmis.marketing.limited/vendor/laravel/framework/src/Illuminate/Database/Eloquent/Model.php:2556
/home/user/cmis.marketing.limited/tests/Unit/Models/OfferingTest.php:31</error>
        </testcase>
        <testcase name="it_has_timestamps" file="/home/user/cmis.marketing.limited/tests/Unit/Models/OfferingTest.php" line="215" class="Tests\Unit\Models\OfferingTest" classname="Tests.Unit.Models.OfferingTest" assertions="0" time="0.059312">
          <error type="Illuminate\Database\QueryException">Tests\Unit\Models\OfferingTest::it_has_timestamps
Illuminate\Database\QueryException: SQLSTATE[42P01]: Undefined table: 7 ERROR:  relation "cmis.offerings" does not exist
LINE 1: insert into "cmis"."offerings" ("org_id", "name", "offering_...
                    ^ (Connection: pgsql, SQL: insert into "cmis"."offerings" ("org_id", "name", "offering_id") values (79789700-1238-4eb1-9c52-c49087478402, Timestamp Test, 019a9bc7-d12a-7308-9e8e-04abd738778c))

/home/user/cmis.marketing.limited/vendor/laravel/framework/src/Illuminate/Database/Connection.php:824
/home/user/cmis.marketing.limited/vendor/laravel/framework/src/Illuminate/Database/Connection.php:778
/home/user/cmis.marketing.limited/vendor/laravel/framework/src/Illuminate/Database/Connection.php:559
/home/user/cmis.marketing.limited/vendor/laravel/framework/src/Illuminate/Database/Connection.php:523
/home/user/cmis.marketing.limited/vendor/laravel/framework/src/Illuminate/Database/Query/Builder.php:3804
/home/user/cmis.marketing.limited/vendor/laravel/framework/src/Illuminate/Database/Eloquent/Builder.php:2235
/home/user/cmis.marketing.limited/vendor/laravel/framework/src/Illuminate/Database/Eloquent/Model.php:1412
/home/user/cmis.marketing.limited/vendor/laravel/framework/src/Illuminate/Database/Eloquent/Model.php:1240
/home/user/cmis.marketing.limited/vendor/laravel/framework/src/Illuminate/Database/Eloquent/Builder.php:1219
/home/user/cmis.marketing.limited/vendor/laravel/framework/src/Illuminate/Support/helpers.php:390
/home/user/cmis.marketing.limited/vendor/laravel/framework/src/Illuminate/Database/Eloquent/Builder.php:1218
/home/user/cmis.marketing.limited/vendor/laravel/framework/src/Illuminate/Support/Traits/ForwardsCalls.php:23
/home/user/cmis.marketing.limited/vendor/laravel/framework/src/Illuminate/Database/Eloquent/Model.php:2540
/home/user/cmis.marketing.limited/vendor/laravel/framework/src/Illuminate/Database/Eloquent/Model.php:2556
/home/user/cmis.marketing.limited/tests/Unit/Models/OfferingTest.php:222</error>
        </testcase>
        <testcase name="it_validates_offering_type" file="/home/user/cmis.marketing.limited/tests/Unit/Models/OfferingTest.php" line="133" class="Tests\Unit\Models\OfferingTest" classname="Tests.Unit.Models.OfferingTest" assertions="0" time="0.060773">
          <error type="Illuminate\Database\QueryException">Tests\Unit\Models\OfferingTest::it_validates_offering_type
Illuminate\Database\QueryException: SQLSTATE[42P01]: Undefined table: 7 ERROR:  relation "cmis.offerings" does not exist
LINE 1: insert into "cmis"."offerings" ("org_id", "name", "offering_...
                    ^ (Connection: pgsql, SQL: insert into "cmis"."offerings" ("org_id", "name", "offering_id") values (41b75342-f9c8-4517-8b7d-26da3272a887, Type Test, 019a9bc7-d167-71cc-a698-cf491181a9e9))

/home/user/cmis.marketing.limited/vendor/laravel/framework/src/Illuminate/Database/Connection.php:824
/home/user/cmis.marketing.limited/vendor/laravel/framework/src/Illuminate/Database/Connection.php:778
/home/user/cmis.marketing.limited/vendor/laravel/framework/src/Illuminate/Database/Connection.php:559
/home/user/cmis.marketing.limited/vendor/laravel/framework/src/Illuminate/Database/Connection.php:523
/home/user/cmis.marketing.limited/vendor/laravel/framework/src/Illuminate/Database/Query/Builder.php:3804
/home/user/cmis.marketing.limited/vendor/laravel/framework/src/Illuminate/Database/Eloquent/Builder.php:2235
/home/user/cmis.marketing.limited/vendor/laravel/framework/src/Illuminate/Database/Eloquent/Model.php:1412
/home/user/cmis.marketing.limited/vendor/laravel/framework/src/Illuminate/Database/Eloquent/Model.php:1240
/home/user/cmis.marketing.limited/vendor/laravel/framework/src/Illuminate/Database/Eloquent/Builder.php:1219
/home/user/cmis.marketing.limited/vendor/laravel/framework/src/Illuminate/Support/helpers.php:390
/home/user/cmis.marketing.limited/vendor/laravel/framework/src/Illuminate/Database/Eloquent/Builder.php:1218
/home/user/cmis.marketing.limited/vendor/laravel/framework/src/Illuminate/Support/Traits/ForwardsCalls.php:23
/home/user/cmis.marketing.limited/vendor/laravel/framework/src/Illuminate/Database/Eloquent/Model.php:2540
/home/user/cmis.marketing.limited/vendor/laravel/framework/src/Illuminate/Database/Eloquent/Model.php:2556
/home/user/cmis.marketing.limited/tests/Unit/Models/OfferingTest.php:140</error>
        </testcase>
      </testsuite>
      <testsuite name="Tests\Unit\Models\Analytics\CampaignAnalyticsTest" file="/home/user/cmis.marketing.limited/tests/Unit/Models/Analytics/CampaignAnalyticsTest.php" tests="11" assertions="0" errors="11" failures="0" skipped="0" time="0.741928">
        <testcase name="it_can_calculate_cpm" file="/home/user/cmis.marketing.limited/tests/Unit/Models/Analytics/CampaignAnalyticsTest.php" line="205" class="Tests\Unit\Models\Analytics\CampaignAnalyticsTest" classname="Tests.Unit.Models.Analytics.CampaignAnalyticsTest" assertions="0" time="0.079461">
          <error type="Illuminate\Database\QueryException">Tests\Unit\Models\Analytics\CampaignAnalyticsTest::it_can_calculate_cpm
Illuminate\Database\QueryException: SQLSTATE[42P01]: Undefined table: 7 ERROR:  relation "cmis.campaign_analytics" does not exist
LINE 1: insert into "cmis"."campaign_analytics" ("campaign_id", "dat...
                    ^ (Connection: pgsql, SQL: insert into "cmis"."campaign_analytics" ("campaign_id", "date", "spend", "impressions", "analytics_id") values (af199ee2-3be7-4b96-8f96-ba796b6a52ea, 2025-11-19 00:00:00, 150, 100000, 019a9bc7-d1b8-7116-98f0-63fb230119cf))

/home/user/cmis.marketing.limited/vendor/laravel/framework/src/Illuminate/Database/Connection.php:824
/home/user/cmis.marketing.limited/vendor/laravel/framework/src/Illuminate/Database/Connection.php:778
/home/user/cmis.marketing.limited/vendor/laravel/framework/src/Illuminate/Database/Connection.php:559
/home/user/cmis.marketing.limited/vendor/laravel/framework/src/Illuminate/Database/Connection.php:523
/home/user/cmis.marketing.limited/vendor/laravel/framework/src/Illuminate/Database/Query/Builder.php:3804
/home/user/cmis.marketing.limited/vendor/laravel/framework/src/Illuminate/Database/Eloquent/Builder.php:2235
/home/user/cmis.marketing.limited/vendor/laravel/framework/src/Illuminate/Database/Eloquent/Model.php:1412
/home/user/cmis.marketing.limited/vendor/laravel/framework/src/Illuminate/Database/Eloquent/Model.php:1240
/home/user/cmis.marketing.limited/vendor/laravel/framework/src/Illuminate/Database/Eloquent/Builder.php:1219
/home/user/cmis.marketing.limited/vendor/laravel/framework/src/Illuminate/Support/helpers.php:390
/home/user/cmis.marketing.limited/vendor/laravel/framework/src/Illuminate/Database/Eloquent/Builder.php:1218
/home/user/cmis.marketing.limited/vendor/laravel/framework/src/Illuminate/Support/Traits/ForwardsCalls.php:23
/home/user/cmis.marketing.limited/vendor/laravel/framework/src/Illuminate/Database/Eloquent/Model.php:2540
/home/user/cmis.marketing.limited/vendor/laravel/framework/src/Illuminate/Database/Eloquent/Model.php:2556
/home/user/cmis.marketing.limited/tests/Unit/Models/Analytics/CampaignAnalyticsTest.php:219</error>
        </testcase>
        <testcase name="it_can_calculate_roi" file="/home/user/cmis.marketing.limited/tests/Unit/Models/Analytics/CampaignAnalyticsTest.php" line="145" class="Tests\Unit\Models\Analytics\CampaignAnalyticsTest" classname="Tests.Unit.Models.Analytics.CampaignAnalyticsTest" assertions="0" time="0.060809">
          <error type="Illuminate\Database\QueryException">Tests\Unit\Models\Analytics\CampaignAnalyticsTest::it_can_calculate_roi
Illuminate\Database\QueryException: SQLSTATE[42P01]: Undefined table: 7 ERROR:  relation "cmis.campaign_analytics" does not exist
LINE 1: insert into "cmis"."campaign_analytics" ("campaign_id", "dat...
                    ^ (Connection: pgsql, SQL: insert into "cmis"."campaign_analytics" ("campaign_id", "date", "spend", "revenue", "analytics_id") values (26516b7e-05f9-4e42-ac1e-006a0c1304ea, 2025-11-19 00:00:00, 100, 500, 019a9bc7-d1f6-7222-ac23-bcb3b2ae91eb))

/home/user/cmis.marketing.limited/vendor/laravel/framework/src/Illuminate/Database/Connection.php:824
/home/user/cmis.marketing.limited/vendor/laravel/framework/src/Illuminate/Database/Connection.php:778
/home/user/cmis.marketing.limited/vendor/laravel/framework/src/Illuminate/Database/Connection.php:559
/home/user/cmis.marketing.limited/vendor/laravel/framework/src/Illuminate/Database/Connection.php:523
/home/user/cmis.marketing.limited/vendor/laravel/framework/src/Illuminate/Database/Query/Builder.php:3804
/home/user/cmis.marketing.limited/vendor/laravel/framework/src/Illuminate/Database/Eloquent/Builder.php:2235
/home/user/cmis.marketing.limited/vendor/laravel/framework/src/Illuminate/Database/Eloquent/Model.php:1412
/home/user/cmis.marketing.limited/vendor/laravel/framework/src/Illuminate/Database/Eloquent/Model.php:1240
/home/user/cmis.marketing.limited/vendor/laravel/framework/src/Illuminate/Database/Eloquent/Builder.php:1219
/home/user/cmis.marketing.limited/vendor/laravel/framework/src/Illuminate/Support/helpers.php:390
/home/user/cmis.marketing.limited/vendor/laravel/framework/src/Illuminate/Database/Eloquent/Builder.php:1218
/home/user/cmis.marketing.limited/vendor/laravel/framework/src/Illuminate/Support/Traits/ForwardsCalls.php:23
/home/user/cmis.marketing.limited/vendor/laravel/framework/src/Illuminate/Database/Eloquent/Model.php:2540
/home/user/cmis.marketing.limited/vendor/laravel/framework/src/Illuminate/Database/Eloquent/Model.php:2556
/home/user/cmis.marketing.limited/tests/Unit/Models/Analytics/CampaignAnalyticsTest.php:159</error>
        </testcase>
        <testcase name="it_stores_detailed_metrics_as_json" file="/home/user/cmis.marketing.limited/tests/Unit/Models/Analytics/CampaignAnalyticsTest.php" line="235" class="Tests\Unit\Models\Analytics\CampaignAnalyticsTest" classname="Tests.Unit.Models.Analytics.CampaignAnalyticsTest" assertions="0" time="0.065019">
          <error type="Illuminate\Database\QueryException">Tests\Unit\Models\Analytics\CampaignAnalyticsTest::it_stores_detailed_metrics_as_json
Illuminate\Database\QueryException: SQLSTATE[42P01]: Undefined table: 7 ERROR:  relation "cmis.campaign_analytics" does not exist
LINE 1: insert into "cmis"."campaign_analytics" ("campaign_id", "dat...
                    ^ (Connection: pgsql, SQL: insert into "cmis"."campaign_analytics" ("campaign_id", "date", "impressions", "analytics_id") values (568a316d-8b7c-47b2-9b83-d55eb669e18d, 2025-11-19 00:00:00, 10000, 019a9bc7-d236-72c3-a81e-2dc4791dafa9))

/home/user/cmis.marketing.limited/vendor/laravel/framework/src/Illuminate/Database/Connection.php:824
/home/user/cmis.marketing.limited/vendor/laravel/framework/src/Illuminate/Database/Connection.php:778
/home/user/cmis.marketing.limited/vendor/laravel/framework/src/Illuminate/Database/Connection.php:559
/home/user/cmis.marketing.limited/vendor/laravel/framework/src/Illuminate/Database/Connection.php:523
/home/user/cmis.marketing.limited/vendor/laravel/framework/src/Illuminate/Database/Query/Builder.php:3804
/home/user/cmis.marketing.limited/vendor/laravel/framework/src/Illuminate/Database/Eloquent/Builder.php:2235
/home/user/cmis.marketing.limited/vendor/laravel/framework/src/Illuminate/Database/Eloquent/Model.php:1412
/home/user/cmis.marketing.limited/vendor/laravel/framework/src/Illuminate/Database/Eloquent/Model.php:1240
/home/user/cmis.marketing.limited/vendor/laravel/framework/src/Illuminate/Database/Eloquent/Builder.php:1219
/home/user/cmis.marketing.limited/vendor/laravel/framework/src/Illuminate/Support/helpers.php:390
/home/user/cmis.marketing.limited/vendor/laravel/framework/src/Illuminate/Database/Eloquent/Builder.php:1218
/home/user/cmis.marketing.limited/vendor/laravel/framework/src/Illuminate/Support/Traits/ForwardsCalls.php:23
/home/user/cmis.marketing.limited/vendor/laravel/framework/src/Illuminate/Database/Eloquent/Model.php:2540
/home/user/cmis.marketing.limited/vendor/laravel/framework/src/Illuminate/Database/Eloquent/Model.php:2556
/home/user/cmis.marketing.limited/tests/Unit/Models/Analytics/CampaignAnalyticsTest.php:267</error>
        </testcase>
        <testcase name="it_belongs_to_campaign_and_org" file="/home/user/cmis.marketing.limited/tests/Unit/Models/Analytics/CampaignAnalyticsTest.php" line="58" class="Tests\Unit\Models\Analytics\CampaignAnalyticsTest" classname="Tests.Unit.Models.Analytics.CampaignAnalyticsTest" assertions="0" time="0.064457">
          <error type="Illuminate\Database\QueryException">Tests\Unit\Models\Analytics\CampaignAnalyticsTest::it_belongs_to_campaign_and_org
Illuminate\Database\QueryException: SQLSTATE[42P01]: Undefined table: 7 ERROR:  relation "cmis.campaign_analytics" does not exist
LINE 1: insert into "cmis"."campaign_analytics" ("campaign_id", "dat...
                    ^ (Connection: pgsql, SQL: insert into "cmis"."campaign_analytics" ("campaign_id", "date", "impressions", "analytics_id") values (88725df4-451b-4fb4-a5ff-93ea4ee2e758, 2025-11-19 00:00:00, 5000, 019a9bc7-d277-7157-8692-c8ee3be4474d))

/home/user/cmis.marketing.limited/vendor/laravel/framework/src/Illuminate/Database/Connection.php:824
/home/user/cmis.marketing.limited/vendor/laravel/framework/src/Illuminate/Database/Connection.php:778
/home/user/cmis.marketing.limited/vendor/laravel/framework/src/Illuminate/Database/Connection.php:559
/home/user/cmis.marketing.limited/vendor/laravel/framework/src/Illuminate/Database/Connection.php:523
/home/user/cmis.marketing.limited/vendor/laravel/framework/src/Illuminate/Database/Query/Builder.php:3804
/home/user/cmis.marketing.limited/vendor/laravel/framework/src/Illuminate/Database/Eloquent/Builder.php:2235
/home/user/cmis.marketing.limited/vendor/laravel/framework/src/Illuminate/Database/Eloquent/Model.php:1412
/home/user/cmis.marketing.limited/vendor/laravel/framework/src/Illuminate/Database/Eloquent/Model.php:1240
/home/user/cmis.marketing.limited/vendor/laravel/framework/src/Illuminate/Database/Eloquent/Builder.php:1219
/home/user/cmis.marketing.limited/vendor/laravel/framework/src/Illuminate/Support/helpers.php:390
/home/user/cmis.marketing.limited/vendor/laravel/framework/src/Illuminate/Database/Eloquent/Builder.php:1218
/home/user/cmis.marketing.limited/vendor/laravel/framework/src/Illuminate/Support/Traits/ForwardsCalls.php:23
/home/user/cmis.marketing.limited/vendor/laravel/framework/src/Illuminate/Database/Eloquent/Model.php:2540
/home/user/cmis.marketing.limited/vendor/laravel/framework/src/Illuminate/Database/Eloquent/Model.php:2556
/home/user/cmis.marketing.limited/tests/Unit/Models/Analytics/CampaignAnalyticsTest.php:72</error>
        </testcase>
        <testcase name="it_can_calculate_cpc" file="/home/user/cmis.marketing.limited/tests/Unit/Models/Analytics/CampaignAnalyticsTest.php" line="175" class="Tests\Unit\Models\Analytics\CampaignAnalyticsTest" classname="Tests.Unit.Models.Analytics.CampaignAnalyticsTest" assertions="0" time="0.063949">
          <error type="Illuminate\Database\QueryException">Tests\Unit\Models\Analytics\CampaignAnalyticsTest::it_can_calculate_cpc
Illuminate\Database\QueryException: SQLSTATE[42P01]: Undefined table: 7 ERROR:  relation "cmis.campaign_analytics" does not exist
LINE 1: insert into "cmis"."campaign_analytics" ("campaign_id", "dat...
                    ^ (Connection: pgsql, SQL: insert into "cmis"."campaign_analytics" ("campaign_id", "date", "spend", "clicks", "analytics_id") values (776412fc-324c-46a4-882d-2954c93ef4fd, 2025-11-19 00:00:00, 150, 500, 019a9bc7-d2b7-7198-91be-a07fe47c1435))

/home/user/cmis.marketing.limited/vendor/laravel/framework/src/Illuminate/Database/Connection.php:824
/home/user/cmis.marketing.limited/vendor/laravel/framework/src/Illuminate/Database/Connection.php:778
/home/user/cmis.marketing.limited/vendor/laravel/framework/src/Illuminate/Database/Connection.php:559
/home/user/cmis.marketing.limited/vendor/laravel/framework/src/Illuminate/Database/Connection.php:523
/home/user/cmis.marketing.limited/vendor/laravel/framework/src/Illuminate/Database/Query/Builder.php:3804
/home/user/cmis.marketing.limited/vendor/laravel/framework/src/Illuminate/Database/Eloquent/Builder.php:2235
/home/user/cmis.marketing.limited/vendor/laravel/framework/src/Illuminate/Database/Eloquent/Model.php:1412
/home/user/cmis.marketing.limited/vendor/laravel/framework/src/Illuminate/Database/Eloquent/Model.php:1240
/home/user/cmis.marketing.limited/vendor/laravel/framework/src/Illuminate/Database/Eloquent/Builder.php:1219
/home/user/cmis.marketing.limited/vendor/laravel/framework/src/Illuminate/Support/helpers.php:390
/home/user/cmis.marketing.limited/vendor/laravel/framework/src/Illuminate/Database/Eloquent/Builder.php:1218
/home/user/cmis.marketing.limited/vendor/laravel/framework/src/Illuminate/Support/Traits/ForwardsCalls.php:23
/home/user/cmis.marketing.limited/vendor/laravel/framework/src/Illuminate/Database/Eloquent/Model.php:2540
/home/user/cmis.marketing.limited/vendor/laravel/framework/src/Illuminate/Database/Eloquent/Model.php:2556
/home/user/cmis.marketing.limited/tests/Unit/Models/Analytics/CampaignAnalyticsTest.php:189</error>
        </testcase>
        <testcase name="it_respects_rls_policies" file="/home/user/cmis.marketing.limited/tests/Unit/Models/Analytics/CampaignAnalyticsTest.php" line="334" class="Tests\Unit\Models\Analytics\CampaignAnalyticsTest" classname="Tests.Unit.Models.Analytics.CampaignAnalyticsTest" assertions="0" time="0.066261">
          <error type="Illuminate\Database\QueryException">Tests\Unit\Models\Analytics\CampaignAnalyticsTest::it_respects_rls_policies
Illuminate\Database\QueryException: SQLSTATE[42P01]: Undefined table: 7 ERROR:  relation "cmis.campaign_analytics" does not exist
LINE 1: insert into "cmis"."campaign_analytics" ("campaign_id", "dat...
                    ^ (Connection: pgsql, SQL: insert into "cmis"."campaign_analytics" ("campaign_id", "date", "impressions", "analytics_id") values (c4ddee14-3352-4985-a8ee-bdba66a56d62, 2025-11-19 00:00:00, 5000, 019a9bc7-d2f9-7181-b739-054f232d34ff))

/home/user/cmis.marketing.limited/vendor/laravel/framework/src/Illuminate/Database/Connection.php:824
/home/user/cmis.marketing.limited/vendor/laravel/framework/src/Illuminate/Database/Connection.php:778
/home/user/cmis.marketing.limited/vendor/laravel/framework/src/Illuminate/Database/Connection.php:559
/home/user/cmis.marketing.limited/vendor/laravel/framework/src/Illuminate/Database/Connection.php:523
/home/user/cmis.marketing.limited/vendor/laravel/framework/src/Illuminate/Database/Query/Builder.php:3804
/home/user/cmis.marketing.limited/vendor/laravel/framework/src/Illuminate/Database/Eloquent/Builder.php:2235
/home/user/cmis.marketing.limited/vendor/laravel/framework/src/Illuminate/Database/Eloquent/Model.php:1412
/home/user/cmis.marketing.limited/vendor/laravel/framework/src/Illuminate/Database/Eloquent/Model.php:1240
/home/user/cmis.marketing.limited/vendor/laravel/framework/src/Illuminate/Database/Eloquent/Builder.php:1219
/home/user/cmis.marketing.limited/vendor/laravel/framework/src/Illuminate/Support/helpers.php:390
/home/user/cmis.marketing.limited/vendor/laravel/framework/src/Illuminate/Database/Eloquent/Builder.php:1218
/home/user/cmis.marketing.limited/vendor/laravel/framework/src/Illuminate/Support/Traits/ForwardsCalls.php:23
/home/user/cmis.marketing.limited/vendor/laravel/framework/src/Illuminate/Database/Eloquent/Model.php:2540
/home/user/cmis.marketing.limited/vendor/laravel/framework/src/Illuminate/Database/Eloquent/Model.php:2556
/home/user/cmis.marketing.limited/tests/Unit/Models/Analytics/CampaignAnalyticsTest.php:360</error>
        </testcase>
        <testcase name="it_has_timestamps" file="/home/user/cmis.marketing.limited/tests/Unit/Models/Analytics/CampaignAnalyticsTest.php" line="307" class="Tests\Unit\Models\Analytics\CampaignAnalyticsTest" classname="Tests.Unit.Models.Analytics.CampaignAnalyticsTest" assertions="0" time="0.079067">
          <error type="Illuminate\Database\QueryException">Tests\Unit\Models\Analytics\CampaignAnalyticsTest::it_has_timestamps
Illuminate\Database\QueryException: SQLSTATE[42P01]: Undefined table: 7 ERROR:  relation "cmis.campaign_analytics" does not exist
LINE 1: insert into "cmis"."campaign_analytics" ("campaign_id", "dat...
                    ^ (Connection: pgsql, SQL: insert into "cmis"."campaign_analytics" ("campaign_id", "date", "impressions", "analytics_id") values (49559a84-f0ed-4340-a537-62469f47a807, 2025-11-19 00:00:00, 5000, 019a9bc7-d348-7126-8f21-1e4e96e61c84))

/home/user/cmis.marketing.limited/vendor/laravel/framework/src/Illuminate/Database/Connection.php:824
/home/user/cmis.marketing.limited/vendor/laravel/framework/src/Illuminate/Database/Connection.php:778
/home/user/cmis.marketing.limited/vendor/laravel/framework/src/Illuminate/Database/Connection.php:559
/home/user/cmis.marketing.limited/vendor/laravel/framework/src/Illuminate/Database/Connection.php:523
/home/user/cmis.marketing.limited/vendor/laravel/framework/src/Illuminate/Database/Query/Builder.php:3804
/home/user/cmis.marketing.limited/vendor/laravel/framework/src/Illuminate/Database/Eloquent/Builder.php:2235
/home/user/cmis.marketing.limited/vendor/laravel/framework/src/Illuminate/Database/Eloquent/Model.php:1412
/home/user/cmis.marketing.limited/vendor/laravel/framework/src/Illuminate/Database/Eloquent/Model.php:1240
/home/user/cmis.marketing.limited/vendor/laravel/framework/src/Illuminate/Database/Eloquent/Builder.php:1219
/home/user/cmis.marketing.limited/vendor/laravel/framework/src/Illuminate/Support/helpers.php:390
/home/user/cmis.marketing.limited/vendor/laravel/framework/src/Illuminate/Database/Eloquent/Builder.php:1218
/home/user/cmis.marketing.limited/vendor/laravel/framework/src/Illuminate/Support/Traits/ForwardsCalls.php:23
/home/user/cmis.marketing.limited/vendor/laravel/framework/src/Illuminate/Database/Eloquent/Model.php:2540
/home/user/cmis.marketing.limited/vendor/laravel/framework/src/Illuminate/Database/Eloquent/Model.php:2556
/home/user/cmis.marketing.limited/tests/Unit/Models/Analytics/CampaignAnalyticsTest.php:321</error>
        </testcase>
        <testcase name="it_can_calculate_ctr" file="/home/user/cmis.marketing.limited/tests/Unit/Models/Analytics/CampaignAnalyticsTest.php" line="85" class="Tests\Unit\Models\Analytics\CampaignAnalyticsTest" classname="Tests.Unit.Models.Analytics.CampaignAnalyticsTest" assertions="0" time="0.066779">
          <error type="Illuminate\Database\QueryException">Tests\Unit\Models\Analytics\CampaignAnalyticsTest::it_can_calculate_ctr
Illuminate\Database\QueryException: SQLSTATE[42P01]: Undefined table: 7 ERROR:  relation "cmis.campaign_analytics" does not exist
LINE 1: insert into "cmis"."campaign_analytics" ("campaign_id", "dat...
                    ^ (Connection: pgsql, SQL: insert into "cmis"."campaign_analytics" ("campaign_id", "date", "impressions", "clicks", "analytics_id") values (8ca32e3a-2f0b-4d8e-a82e-500cb0cff674, 2025-11-19 00:00:00, 10000, 500, 019a9bc7-d38b-71a8-9fd3-28ea720ab8f2))

/home/user/cmis.marketing.limited/vendor/laravel/framework/src/Illuminate/Database/Connection.php:824
/home/user/cmis.marketing.limited/vendor/laravel/framework/src/Illuminate/Database/Connection.php:778
/home/user/cmis.marketing.limited/vendor/laravel/framework/src/Illuminate/Database/Connection.php:559
/home/user/cmis.marketing.limited/vendor/laravel/framework/src/Illuminate/Database/Connection.php:523
/home/user/cmis.marketing.limited/vendor/laravel/framework/src/Illuminate/Database/Query/Builder.php:3804
/home/user/cmis.marketing.limited/vendor/laravel/framework/src/Illuminate/Database/Eloquent/Builder.php:2235
/home/user/cmis.marketing.limited/vendor/laravel/framework/src/Illuminate/Database/Eloquent/Model.php:1412
/home/user/cmis.marketing.limited/vendor/laravel/framework/src/Illuminate/Database/Eloquent/Model.php:1240
/home/user/cmis.marketing.limited/vendor/laravel/framework/src/Illuminate/Database/Eloquent/Builder.php:1219
/home/user/cmis.marketing.limited/vendor/laravel/framework/src/Illuminate/Support/helpers.php:390
/home/user/cmis.marketing.limited/vendor/laravel/framework/src/Illuminate/Database/Eloquent/Builder.php:1218
/home/user/cmis.marketing.limited/vendor/laravel/framework/src/Illuminate/Support/Traits/ForwardsCalls.php:23
/home/user/cmis.marketing.limited/vendor/laravel/framework/src/Illuminate/Database/Eloquent/Model.php:2540
/home/user/cmis.marketing.limited/vendor/laravel/framework/src/Illuminate/Database/Eloquent/Model.php:2556
/home/user/cmis.marketing.limited/tests/Unit/Models/Analytics/CampaignAnalyticsTest.php:99</error>
        </testcase>
        <testcase name="it_can_calculate_conversion_rate" file="/home/user/cmis.marketing.limited/tests/Unit/Models/Analytics/CampaignAnalyticsTest.php" line="115" class="Tests\Unit\Models\Analytics\CampaignAnalyticsTest" classname="Tests.Unit.Models.Analytics.CampaignAnalyticsTest" assertions="0" time="0.066536">
          <error type="Illuminate\Database\QueryException">Tests\Unit\Models\Analytics\CampaignAnalyticsTest::it_can_calculate_conversion_rate
Illuminate\Database\QueryException: SQLSTATE[42P01]: Undefined table: 7 ERROR:  relation "cmis.campaign_analytics" does not exist
LINE 1: insert into "cmis"."campaign_analytics" ("campaign_id", "dat...
                    ^ (Connection: pgsql, SQL: insert into "cmis"."campaign_analytics" ("campaign_id", "date", "clicks", "conversions", "analytics_id") values (98338357-4c06-4d5f-b927-4c33ce0e49ba, 2025-11-19 00:00:00, 500, 25, 019a9bc7-d3cd-7223-90e3-963163540451))

/home/user/cmis.marketing.limited/vendor/laravel/framework/src/Illuminate/Database/Connection.php:824
/home/user/cmis.marketing.limited/vendor/laravel/framework/src/Illuminate/Database/Connection.php:778
/home/user/cmis.marketing.limited/vendor/laravel/framework/src/Illuminate/Database/Connection.php:559
/home/user/cmis.marketing.limited/vendor/laravel/framework/src/Illuminate/Database/Connection.php:523
/home/user/cmis.marketing.limited/vendor/laravel/framework/src/Illuminate/Database/Query/Builder.php:3804
/home/user/cmis.marketing.limited/vendor/laravel/framework/src/Illuminate/Database/Eloquent/Builder.php:2235
/home/user/cmis.marketing.limited/vendor/laravel/framework/src/Illuminate/Database/Eloquent/Model.php:1412
/home/user/cmis.marketing.limited/vendor/laravel/framework/src/Illuminate/Database/Eloquent/Model.php:1240
/home/user/cmis.marketing.limited/vendor/laravel/framework/src/Illuminate/Database/Eloquent/Builder.php:1219
/home/user/cmis.marketing.limited/vendor/laravel/framework/src/Illuminate/Support/helpers.php:390
/home/user/cmis.marketing.limited/vendor/laravel/framework/src/Illuminate/Database/Eloquent/Builder.php:1218
/home/user/cmis.marketing.limited/vendor/laravel/framework/src/Illuminate/Support/Traits/ForwardsCalls.php:23
/home/user/cmis.marketing.limited/vendor/laravel/framework/src/Illuminate/Database/Eloquent/Model.php:2540
/home/user/cmis.marketing.limited/vendor/laravel/framework/src/Illuminate/Database/Eloquent/Model.php:2556
/home/user/cmis.marketing.limited/tests/Unit/Models/Analytics/CampaignAnalyticsTest.php:129</error>
        </testcase>
        <testcase name="it_can_create_campaign_analytics" file="/home/user/cmis.marketing.limited/tests/Unit/Models/Analytics/CampaignAnalyticsTest.php" line="25" class="Tests\Unit\Models\Analytics\CampaignAnalyticsTest" classname="Tests.Unit.Models.Analytics.CampaignAnalyticsTest" assertions="0" time="0.065032">
          <error type="Illuminate\Database\QueryException">Tests\Unit\Models\Analytics\CampaignAnalyticsTest::it_can_create_campaign_analytics
Illuminate\Database\QueryException: SQLSTATE[42P01]: Undefined table: 7 ERROR:  relation "cmis.campaign_analytics" does not exist
LINE 1: insert into "cmis"."campaign_analytics" ("campaign_id", "dat...
                    ^ (Connection: pgsql, SQL: insert into "cmis"."campaign_analytics" ("campaign_id", "date", "impressions", "clicks", "conversions", "spend", "revenue", "analytics_id") values (7860cf90-ab1a-4ffb-bd31-4802f61ee169, 2025-11-19 00:00:00, 10000, 500, 25, 150, 750, 019a9bc7-d40f-73a2-ab9c-a73a680009c8))

/home/user/cmis.marketing.limited/vendor/laravel/framework/src/Illuminate/Database/Connection.php:824
/home/user/cmis.marketing.limited/vendor/laravel/framework/src/Illuminate/Database/Connection.php:778
/home/user/cmis.marketing.limited/vendor/laravel/framework/src/Illuminate/Database/Connection.php:559
/home/user/cmis.marketing.limited/vendor/laravel/framework/src/Illuminate/Database/Connection.php:523
/home/user/cmis.marketing.limited/vendor/laravel/framework/src/Illuminate/Database/Query/Builder.php:3804
/home/user/cmis.marketing.limited/vendor/laravel/framework/src/Illuminate/Database/Eloquent/Builder.php:2235
/home/user/cmis.marketing.limited/vendor/laravel/framework/src/Illuminate/Database/Eloquent/Model.php:1412
/home/user/cmis.marketing.limited/vendor/laravel/framework/src/Illuminate/Database/Eloquent/Model.php:1240
/home/user/cmis.marketing.limited/vendor/laravel/framework/src/Illuminate/Database/Eloquent/Builder.php:1219
/home/user/cmis.marketing.limited/vendor/laravel/framework/src/Illuminate/Support/helpers.php:390
/home/user/cmis.marketing.limited/vendor/laravel/framework/src/Illuminate/Database/Eloquent/Builder.php:1218
/home/user/cmis.marketing.limited/vendor/laravel/framework/src/Illuminate/Support/Traits/ForwardsCalls.php:23
/home/user/cmis.marketing.limited/vendor/laravel/framework/src/Illuminate/Database/Eloquent/Model.php:2540
/home/user/cmis.marketing.limited/vendor/laravel/framework/src/Illuminate/Database/Eloquent/Model.php:2556
/home/user/cmis.marketing.limited/tests/Unit/Models/Analytics/CampaignAnalyticsTest.php:39</error>
        </testcase>
        <testcase name="it_uses_uuid_as_primary_key" file="/home/user/cmis.marketing.limited/tests/Unit/Models/Analytics/CampaignAnalyticsTest.php" line="281" class="Tests\Unit\Models\Analytics\CampaignAnalyticsTest" classname="Tests.Unit.Models.Analytics.CampaignAnalyticsTest" assertions="0" time="0.064557">
          <error type="Illuminate\Database\QueryException">Tests\Unit\Models\Analytics\CampaignAnalyticsTest::it_uses_uuid_as_primary_key
Illuminate\Database\QueryException: SQLSTATE[42P01]: Undefined table: 7 ERROR:  relation "cmis.campaign_analytics" does not exist
LINE 1: insert into "cmis"."campaign_analytics" ("campaign_id", "dat...
                    ^ (Connection: pgsql, SQL: insert into "cmis"."campaign_analytics" ("campaign_id", "date", "impressions", "analytics_id") values (b5e693cd-0e05-4738-a9fc-0e40e69775f4, 2025-11-19 00:00:00, 5000, 019a9bc7-d44f-7120-a54d-5d28ea0fc81e))

/home/user/cmis.marketing.limited/vendor/laravel/framework/src/Illuminate/Database/Connection.php:824
/home/user/cmis.marketing.limited/vendor/laravel/framework/src/Illuminate/Database/Connection.php:778
/home/user/cmis.marketing.limited/vendor/laravel/framework/src/Illuminate/Database/Connection.php:559
/home/user/cmis.marketing.limited/vendor/laravel/framework/src/Illuminate/Database/Connection.php:523
/home/user/cmis.marketing.limited/vendor/laravel/framework/src/Illuminate/Database/Query/Builder.php:3804
/home/user/cmis.marketing.limited/vendor/laravel/framework/src/Illuminate/Database/Eloquent/Builder.php:2235
/home/user/cmis.marketing.limited/vendor/laravel/framework/src/Illuminate/Database/Eloquent/Model.php:1412
/home/user/cmis.marketing.limited/vendor/laravel/framework/src/Illuminate/Database/Eloquent/Model.php:1240
/home/user/cmis.marketing.limited/vendor/laravel/framework/src/Illuminate/Database/Eloquent/Builder.php:1219
/home/user/cmis.marketing.limited/vendor/laravel/framework/src/Illuminate/Support/helpers.php:390
/home/user/cmis.marketing.limited/vendor/laravel/framework/src/Illuminate/Database/Eloquent/Builder.php:1218
/home/user/cmis.marketing.limited/vendor/laravel/framework/src/Illuminate/Support/Traits/ForwardsCalls.php:23
/home/user/cmis.marketing.limited/vendor/laravel/framework/src/Illuminate/Database/Eloquent/Model.php:2540
/home/user/cmis.marketing.limited/vendor/laravel/framework/src/Illuminate/Database/Eloquent/Model.php:2556
/home/user/cmis.marketing.limited/tests/Unit/Models/Analytics/CampaignAnalyticsTest.php:295</error>
        </testcase>
      </testsuite>
      <testsuite name="Tests\Unit\Models\Activity\ActivityLogTest" file="/home/user/cmis.marketing.limited/tests/Unit/Models/Activity/ActivityLogTest.php" tests="11" assertions="0" errors="11" failures="0" skipped="0" time="3.308251">
        <testcase name="it_uses_uuid_as_primary_key" file="/home/user/cmis.marketing.limited/tests/Unit/Models/Activity/ActivityLogTest.php" line="239" class="Tests\Unit\Models\Activity\ActivityLogTest" classname="Tests.Unit.Models.Activity.ActivityLogTest" assertions="0" time="0.316199">
          <error type="Error">Tests\Unit\Models\Activity\ActivityLogTest::it_uses_uuid_as_primary_key
Error: Class "App\Models\Activity\ActivityLog" not found

/home/user/cmis.marketing.limited/tests/Unit/Models/Activity/ActivityLogTest.php:253</error>
        </testcase>
        <testcase name="it_tracks_different_action_types" file="/home/user/cmis.marketing.limited/tests/Unit/Models/Activity/ActivityLogTest.php" line="82" class="Tests\Unit\Models\Activity\ActivityLogTest" classname="Tests.Unit.Models.Activity.ActivityLogTest" assertions="0" time="0.295887">
          <error type="Error">Tests\Unit\Models\Activity\ActivityLogTest::it_tracks_different_action_types
Error: Class "App\Models\Activity\ActivityLog" not found

/home/user/cmis.marketing.limited/tests/Unit/Models/Activity/ActivityLogTest.php:105</error>
        </testcase>
        <testcase name="it_can_filter_by_date_range" file="/home/user/cmis.marketing.limited/tests/Unit/Models/Activity/ActivityLogTest.php" line="292" class="Tests\Unit\Models\Activity\ActivityLogTest" classname="Tests.Unit.Models.Activity.ActivityLogTest" assertions="0" time="0.294135">
          <error type="Error">Tests\Unit\Models\Activity\ActivityLogTest::it_can_filter_by_date_range
Error: Class "App\Models\Activity\ActivityLog" not found

/home/user/cmis.marketing.limited/tests/Unit/Models/Activity/ActivityLogTest.php:306</error>
        </testcase>
        <testcase name="it_stores_user_agent" file="/home/user/cmis.marketing.limited/tests/Unit/Models/Activity/ActivityLogTest.php" line="183" class="Tests\Unit\Models\Activity\ActivityLogTest" classname="Tests.Unit.Models.Activity.ActivityLogTest" assertions="0" time="0.304716">
          <error type="Error">Tests\Unit\Models\Activity\ActivityLogTest::it_stores_user_agent
Error: Class "App\Models\Activity\ActivityLog" not found

/home/user/cmis.marketing.limited/tests/Unit/Models/Activity/ActivityLogTest.php:197</error>
        </testcase>
        <testcase name="it_stores_metadata_as_json" file="/home/user/cmis.marketing.limited/tests/Unit/Models/Activity/ActivityLogTest.php" line="119" class="Tests\Unit\Models\Activity\ActivityLogTest" classname="Tests.Unit.Models.Activity.ActivityLogTest" assertions="0" time="0.297224">
          <error type="Error">Tests\Unit\Models\Activity\ActivityLogTest::it_stores_metadata_as_json
Error: Class "App\Models\Activity\ActivityLog" not found

/home/user/cmis.marketing.limited/tests/Unit/Models/Activity/ActivityLogTest.php:141</error>
        </testcase>
        <testcase name="it_belongs_to_user_and_org" file="/home/user/cmis.marketing.limited/tests/Unit/Models/Activity/ActivityLogTest.php" line="55" class="Tests\Unit\Models\Activity\ActivityLogTest" classname="Tests.Unit.Models.Activity.ActivityLogTest" assertions="0" time="0.295057">
          <error type="Error">Tests\Unit\Models\Activity\ActivityLogTest::it_belongs_to_user_and_org
Error: Class "App\Models\Activity\ActivityLog" not found

/home/user/cmis.marketing.limited/tests/Unit/Models/Activity/ActivityLogTest.php:69</error>
        </testcase>
        <testcase name="it_stores_ip_address" file="/home/user/cmis.marketing.limited/tests/Unit/Models/Activity/ActivityLogTest.php" line="156" class="Tests\Unit\Models\Activity\ActivityLogTest" classname="Tests.Unit.Models.Activity.ActivityLogTest" assertions="0" time="0.311456">
          <error type="Error">Tests\Unit\Models\Activity\ActivityLogTest::it_stores_ip_address
Error: Class "App\Models\Activity\ActivityLog" not found

/home/user/cmis.marketing.limited/tests/Unit/Models/Activity/ActivityLogTest.php:170</error>
        </testcase>
        <testcase name="it_can_create_activity_log" file="/home/user/cmis.marketing.limited/tests/Unit/Models/Activity/ActivityLogTest.php" line="25" class="Tests\Unit\Models\Activity\ActivityLogTest" classname="Tests.Unit.Models.Activity.ActivityLogTest" assertions="0" time="0.298004">
          <error type="Error">Tests\Unit\Models\Activity\ActivityLogTest::it_can_create_activity_log
Error: Class "App\Models\Activity\ActivityLog" not found

/home/user/cmis.marketing.limited/tests/Unit/Models/Activity/ActivityLogTest.php:39</error>
        </testcase>
        <testcase name="it_has_timestamps" file="/home/user/cmis.marketing.limited/tests/Unit/Models/Activity/ActivityLogTest.php" line="265" class="Tests\Unit\Models\Activity\ActivityLogTest" classname="Tests.Unit.Models.Activity.ActivityLogTest" assertions="0" time="0.297259">
          <error type="Error">Tests\Unit\Models\Activity\ActivityLogTest::it_has_timestamps
Error: Class "App\Models\Activity\ActivityLog" not found

/home/user/cmis.marketing.limited/tests/Unit/Models/Activity/ActivityLogTest.php:279</error>
        </testcase>
        <testcase name="it_tracks_entity_type_and_id" file="/home/user/cmis.marketing.limited/tests/Unit/Models/Activity/ActivityLogTest.php" line="210" class="Tests\Unit\Models\Activity\ActivityLogTest" classname="Tests.Unit.Models.Activity.ActivityLogTest" assertions="0" time="0.297754">
          <error type="Error">Tests\Unit\Models\Activity\ActivityLogTest::it_tracks_entity_type_and_id
Error: Class "App\Models\Activity\ActivityLog" not found

/home/user/cmis.marketing.limited/tests/Unit/Models/Activity/ActivityLogTest.php:224</error>
        </testcase>
        <testcase name="it_respects_rls_policies" file="/home/user/cmis.marketing.limited/tests/Unit/Models/Activity/ActivityLogTest.php" line="332" class="Tests\Unit\Models\Activity\ActivityLogTest" classname="Tests.Unit.Models.Activity.ActivityLogTest" assertions="0" time="0.300560">
          <error type="Error">Tests\Unit\Models\Activity\ActivityLogTest::it_respects_rls_policies
Error: Class "App\Models\Activity\ActivityLog" not found

/home/user/cmis.marketing.limited/tests/Unit/Models/Activity/ActivityLogTest.php:351</error>
        </testcase>
      </testsuite>
      <testsuite name="Tests\Unit\Policies\ContentPolicyTest" file="/home/user/cmis.marketing.limited/tests/Unit/Policies/ContentPolicyTest.php" tests="9" assertions="0" errors="9" failures="0" skipped="0" time="2.699650">
        <testcase name="admin_can_delete_content" file="/home/user/cmis.marketing.limited/tests/Unit/Policies/ContentPolicyTest.php" line="264" class="Tests\Unit\Policies\ContentPolicyTest" classname="Tests.Unit.Policies.ContentPolicyTest" assertions="0" time="0.315427">
          <error type="Error">Tests\Unit\Policies\ContentPolicyTest::admin_can_delete_content
Error: Class "App\Models\Team\TeamMember" not found

/home/user/cmis.marketing.limited/tests/Unit/Policies/ContentPolicyTest.php:278</error>
        </testcase>
        <testcase name="user_from_different_org_cannot_view_content" file="/home/user/cmis.marketing.limited/tests/Unit/Policies/ContentPolicyTest.php" line="180" class="Tests\Unit\Policies\ContentPolicyTest" classname="Tests.Unit.Policies.ContentPolicyTest" assertions="0" time="0.296009">
          <error type="Error">Tests\Unit\Policies\ContentPolicyTest::user_from_different_org_cannot_view_content
Error: Class "App\Models\Team\TeamMember" not found

/home/user/cmis.marketing.limited/tests/Unit/Policies/ContentPolicyTest.php:199</error>
        </testcase>
        <testcase name="editor_can_update_draft_content" file="/home/user/cmis.marketing.limited/tests/Unit/Policies/ContentPolicyTest.php" line="304" class="Tests\Unit\Policies\ContentPolicyTest" classname="Tests.Unit.Policies.ContentPolicyTest" assertions="0" time="0.295259">
          <error type="Error">Tests\Unit\Policies\ContentPolicyTest::editor_can_update_draft_content
Error: Class "App\Models\Team\TeamMember" not found

/home/user/cmis.marketing.limited/tests/Unit/Policies/ContentPolicyTest.php:318</error>
        </testcase>
        <testcase name="editor_can_update_content" file="/home/user/cmis.marketing.limited/tests/Unit/Policies/ContentPolicyTest.php" line="99" class="Tests\Unit\Policies\ContentPolicyTest" classname="Tests.Unit.Policies.ContentPolicyTest" assertions="0" time="0.291180">
          <error type="Error">Tests\Unit\Policies\ContentPolicyTest::editor_can_update_content
Error: Class "App\Models\Team\TeamMember" not found

/home/user/cmis.marketing.limited/tests/Unit/Policies/ContentPolicyTest.php:113</error>
        </testcase>
        <testcase name="viewer_can_view_published_content" file="/home/user/cmis.marketing.limited/tests/Unit/Policies/ContentPolicyTest.php" line="344" class="Tests\Unit\Policies\ContentPolicyTest" classname="Tests.Unit.Policies.ContentPolicyTest" assertions="0" time="0.296474">
          <error type="Error">Tests\Unit\Policies\ContentPolicyTest::viewer_can_view_published_content
Error: Class "App\Models\Team\TeamMember" not found

/home/user/cmis.marketing.limited/tests/Unit/Policies/ContentPolicyTest.php:358</error>
        </testcase>
        <testcase name="owner_can_view_content" file="/home/user/cmis.marketing.limited/tests/Unit/Policies/ContentPolicyTest.php" line="27" class="Tests\Unit\Policies\ContentPolicyTest" classname="Tests.Unit.Policies.ContentPolicyTest" assertions="0" time="0.312241">
          <error type="Error">Tests\Unit\Policies\ContentPolicyTest::owner_can_view_content
Error: Class "App\Models\Team\TeamMember" not found

/home/user/cmis.marketing.limited/tests/Unit/Policies/ContentPolicyTest.php:41</error>
        </testcase>
        <testcase name="viewer_cannot_delete_content" file="/home/user/cmis.marketing.limited/tests/Unit/Policies/ContentPolicyTest.php" line="139" class="Tests\Unit\Policies\ContentPolicyTest" classname="Tests.Unit.Policies.ContentPolicyTest" assertions="0" time="0.295716">
          <error type="Error">Tests\Unit\Policies\ContentPolicyTest::viewer_cannot_delete_content
Error: Class "App\Models\Team\TeamMember" not found

/home/user/cmis.marketing.limited/tests/Unit/Policies/ContentPolicyTest.php:153</error>
        </testcase>
        <testcase name="owner_can_delete_content" file="/home/user/cmis.marketing.limited/tests/Unit/Policies/ContentPolicyTest.php" line="224" class="Tests\Unit\Policies\ContentPolicyTest" classname="Tests.Unit.Policies.ContentPolicyTest" assertions="0" time="0.298379">
          <error type="Error">Tests\Unit\Policies\ContentPolicyTest::owner_can_delete_content
Error: Class "App\Models\Team\TeamMember" not found

/home/user/cmis.marketing.limited/tests/Unit/Policies/ContentPolicyTest.php:238</error>
        </testcase>
        <testcase name="admin_can_create_content" file="/home/user/cmis.marketing.limited/tests/Unit/Policies/ContentPolicyTest.php" line="67" class="Tests\Unit\Policies\ContentPolicyTest" classname="Tests.Unit.Policies.ContentPolicyTest" assertions="0" time="0.298967">
          <error type="Error">Tests\Unit\Policies\ContentPolicyTest::admin_can_create_content
Error: Class "App\Models\Team\TeamMember" not found

/home/user/cmis.marketing.limited/tests/Unit/Policies/ContentPolicyTest.php:81</error>
        </testcase>
      </testsuite>
      <testsuite name="Tests\Unit\Models\Content\ContentApprovalTest" file="/home/user/cmis.marketing.limited/tests/Unit/Models/Content/ContentApprovalTest.php" tests="11" assertions="0" errors="11" failures="0" skipped="0" time="3.494132">
        <testcase name="it_tracks_approval_duration" file="/home/user/cmis.marketing.limited/tests/Unit/Models/Content/ContentApprovalTest.php" line="307" class="Tests\Unit\Models\Content\ContentApprovalTest" classname="Tests.Unit.Models.Content.ContentApprovalTest" assertions="0" time="0.304637">
          <error type="Error">Tests\Unit\Models\Content\ContentApprovalTest::it_tracks_approval_duration
Error: Class "App\Models\Content\ContentPlanItem" not found

/home/user/cmis.marketing.limited/tests/Unit/Models/Content/ContentApprovalTest.php:321</error>
        </testcase>
        <testcase name="it_respects_rls_policies" file="/home/user/cmis.marketing.limited/tests/Unit/Models/Content/ContentApprovalTest.php" line="413" class="Tests\Unit\Models\Content\ContentApprovalTest" classname="Tests.Unit.Models.Content.ContentApprovalTest" assertions="0" time="0.307999">
          <error type="Error">Tests\Unit\Models\Content\ContentApprovalTest::it_respects_rls_policies
Error: Class "App\Models\Content\ContentPlanItem" not found

/home/user/cmis.marketing.limited/tests/Unit/Models/Content/ContentApprovalTest.php:432</error>
        </testcase>
        <testcase name="it_stores_approval_comments" file="/home/user/cmis.marketing.limited/tests/Unit/Models/Content/ContentApprovalTest.php" line="147" class="Tests\Unit\Models\Content\ContentApprovalTest" classname="Tests.Unit.Models.Content.ContentApprovalTest" assertions="0" time="0.290264">
          <error type="Error">Tests\Unit\Models\Content\ContentApprovalTest::it_stores_approval_comments
Error: Class "App\Models\Content\ContentPlanItem" not found

/home/user/cmis.marketing.limited/tests/Unit/Models/Content/ContentApprovalTest.php:161</error>
        </testcase>
        <testcase name="it_has_different_approval_statuses" file="/home/user/cmis.marketing.limited/tests/Unit/Models/Content/ContentApprovalTest.php" line="96" class="Tests\Unit\Models\Content\ContentApprovalTest" classname="Tests.Unit.Models.Content.ContentApprovalTest" assertions="0" time="0.290124">
          <error type="Error">Tests\Unit\Models\Content\ContentApprovalTest::it_has_different_approval_statuses
Error: Class "App\Models\Content\ContentPlanItem" not found

/home/user/cmis.marketing.limited/tests/Unit/Models/Content/ContentApprovalTest.php:110</error>
        </testcase>
        <testcase name="it_has_timestamps" file="/home/user/cmis.marketing.limited/tests/Unit/Models/Content/ContentApprovalTest.php" line="379" class="Tests\Unit\Models\Content\ContentApprovalTest" classname="Tests.Unit.Models.Content.ContentApprovalTest" assertions="0" time="0.292221">
          <error type="Error">Tests\Unit\Models\Content\ContentApprovalTest::it_has_timestamps
Error: Class "App\Models\Content\ContentPlanItem" not found

/home/user/cmis.marketing.limited/tests/Unit/Models/Content/ContentApprovalTest.php:393</error>
        </testcase>
        <testcase name="it_supports_multi_level_approvals" file="/home/user/cmis.marketing.limited/tests/Unit/Models/Content/ContentApprovalTest.php" line="215" class="Tests\Unit\Models\Content\ContentApprovalTest" classname="Tests.Unit.Models.Content.ContentApprovalTest" assertions="0" time="0.532395">
          <error type="Error">Tests\Unit\Models\Content\ContentApprovalTest::it_supports_multi_level_approvals
Error: Class "App\Models\Content\ContentPlanItem" not found

/home/user/cmis.marketing.limited/tests/Unit/Models/Content/ContentApprovalTest.php:236</error>
        </testcase>
        <testcase name="it_tracks_approval_timestamp" file="/home/user/cmis.marketing.limited/tests/Unit/Models/Content/ContentApprovalTest.php" line="181" class="Tests\Unit\Models\Content\ContentApprovalTest" classname="Tests.Unit.Models.Content.ContentApprovalTest" assertions="0" time="0.290267">
          <error type="Error">Tests\Unit\Models\Content\ContentApprovalTest::it_tracks_approval_timestamp
Error: Class "App\Models\Content\ContentPlanItem" not found

/home/user/cmis.marketing.limited/tests/Unit/Models/Content/ContentApprovalTest.php:195</error>
        </testcase>
        <testcase name="it_uses_uuid_as_primary_key" file="/home/user/cmis.marketing.limited/tests/Unit/Models/Content/ContentApprovalTest.php" line="346" class="Tests\Unit\Models\Content\ContentApprovalTest" classname="Tests.Unit.Models.Content.ContentApprovalTest" assertions="0" time="0.311434">
          <error type="Error">Tests\Unit\Models\Content\ContentApprovalTest::it_uses_uuid_as_primary_key
Error: Class "App\Models\Content\ContentPlanItem" not found

/home/user/cmis.marketing.limited/tests/Unit/Models/Content/ContentApprovalTest.php:360</error>
        </testcase>
        <testcase name="it_belongs_to_content_item_and_org" file="/home/user/cmis.marketing.limited/tests/Unit/Models/Content/ContentApprovalTest.php" line="62" class="Tests\Unit\Models\Content\ContentApprovalTest" classname="Tests.Unit.Models.Content.ContentApprovalTest" assertions="0" time="0.287751">
          <error type="Error">Tests\Unit\Models\Content\ContentApprovalTest::it_belongs_to_content_item_and_org
Error: Class "App\Models\Content\ContentPlanItem" not found

/home/user/cmis.marketing.limited/tests/Unit/Models/Content/ContentApprovalTest.php:76</error>
        </testcase>
        <testcase name="it_stores_revision_requests" file="/home/user/cmis.marketing.limited/tests/Unit/Models/Content/ContentApprovalTest.php" line="266" class="Tests\Unit\Models\Content\ContentApprovalTest" classname="Tests.Unit.Models.Content.ContentApprovalTest" assertions="0" time="0.294016">
          <error type="Error">Tests\Unit\Models\Content\ContentApprovalTest::it_stores_revision_requests
Error: Class "App\Models\Content\ContentPlanItem" not found

/home/user/cmis.marketing.limited/tests/Unit/Models/Content/ContentApprovalTest.php:280</error>
        </testcase>
        <testcase name="it_can_create_content_approval" file="/home/user/cmis.marketing.limited/tests/Unit/Models/Content/ContentApprovalTest.php" line="26" class="Tests\Unit\Models\Content\ContentApprovalTest" classname="Tests.Unit.Models.Content.ContentApprovalTest" assertions="0" time="0.293024">
          <error type="Error">Tests\Unit\Models\Content\ContentApprovalTest::it_can_create_content_approval
Error: Class "App\Models\Content\ContentPlanItem" not found

/home/user/cmis.marketing.limited/tests/Unit/Models/Content/ContentApprovalTest.php:40</error>
        </testcase>
      </testsuite>
      <testsuite name="Tests\Unit\Models\Activity\ActivityTest" file="/home/user/cmis.marketing.limited/tests/Unit/Models/Activity/ActivityTest.php" tests="13" assertions="0" errors="13" failures="0" skipped="0" time="4.084548">
        <testcase name="it_belongs_to_user" file="/home/user/cmis.marketing.limited/tests/Unit/Models/Activity/ActivityTest.php" line="92" class="Tests\Unit\Models\Activity\ActivityTest" classname="Tests.Unit.Models.Activity.ActivityTest" assertions="0" time="0.297882">
          <error type="Error">Tests\Unit\Models\Activity\ActivityTest::it_belongs_to_user
Error: Class "App\Models\Activity\Activity" not found

/home/user/cmis.marketing.limited/tests/Unit/Models/Activity/ActivityTest.php:106</error>
        </testcase>
        <testcase name="it_respects_rls_policies" file="/home/user/cmis.marketing.limited/tests/Unit/Models/Activity/ActivityTest.php" line="402" class="Tests\Unit\Models\Activity\ActivityTest" classname="Tests.Unit.Models.Activity.ActivityTest" assertions="0" time="0.536548">
          <error type="Error">Tests\Unit\Models\Activity\ActivityTest::it_respects_rls_policies
Error: Class "App\Models\Activity\Activity" not found

/home/user/cmis.marketing.limited/tests/Unit/Models/Activity/ActivityTest.php:428</error>
        </testcase>
        <testcase name="it_tracks_different_actions" file="/home/user/cmis.marketing.limited/tests/Unit/Models/Activity/ActivityTest.php" line="124" class="Tests\Unit\Models\Activity\ActivityTest" classname="Tests.Unit.Models.Activity.ActivityTest" assertions="0" time="0.290040">
          <error type="Error">Tests\Unit\Models\Activity\ActivityTest::it_tracks_different_actions
Error: Class "App\Models\Activity\Activity" not found

/home/user/cmis.marketing.limited/tests/Unit/Models/Activity/ActivityTest.php:141</error>
        </testcase>
        <testcase name="it_is_polymorphic" file="/home/user/cmis.marketing.limited/tests/Unit/Models/Activity/ActivityTest.php" line="301" class="Tests\Unit\Models\Activity\ActivityTest" classname="Tests.Unit.Models.Activity.ActivityTest" assertions="0" time="0.291027">
          <error type="Error">Tests\Unit\Models\Activity\ActivityTest::it_is_polymorphic
Error: Class "App\Models\Activity\Activity" not found

/home/user/cmis.marketing.limited/tests/Unit/Models/Activity/ActivityTest.php:318</error>
        </testcase>
        <testcase name="it_can_be_filtered_by_date_range" file="/home/user/cmis.marketing.limited/tests/Unit/Models/Activity/ActivityTest.php" line="456" class="Tests\Unit\Models\Activity\ActivityTest" classname="Tests.Unit.Models.Activity.ActivityTest" assertions="0" time="0.290359">
          <error type="Error">Tests\Unit\Models\Activity\ActivityTest::it_can_be_filtered_by_date_range
Error: Class "App\Models\Activity\Activity" not found

/home/user/cmis.marketing.limited/tests/Unit/Models/Activity/ActivityTest.php:470</error>
        </testcase>
        <testcase name="it_uses_uuid_as_primary_key" file="/home/user/cmis.marketing.limited/tests/Unit/Models/Activity/ActivityTest.php" line="337" class="Tests\Unit\Models\Activity\ActivityTest" classname="Tests.Unit.Models.Activity.ActivityTest" assertions="0" time="0.288642">
          <error type="Error">Tests\Unit\Models\Activity\ActivityTest::it_uses_uuid_as_primary_key
Error: Class "App\Models\Activity\Activity" not found

/home/user/cmis.marketing.limited/tests/Unit/Models/Activity/ActivityTest.php:351</error>
        </testcase>
        <testcase name="it_has_timestamps" file="/home/user/cmis.marketing.limited/tests/Unit/Models/Activity/ActivityTest.php" line="369" class="Tests\Unit\Models\Activity\ActivityTest" classname="Tests.Unit.Models.Activity.ActivityTest" assertions="0" time="0.297580">
          <error type="Error">Tests\Unit\Models\Activity\ActivityTest::it_has_timestamps
Error: Class "App\Models\Activity\Activity" not found

/home/user/cmis.marketing.limited/tests/Unit/Models/Activity/ActivityTest.php:383</error>
        </testcase>
        <testcase name="it_tracks_ip_address" file="/home/user/cmis.marketing.limited/tests/Unit/Models/Activity/ActivityTest.php" line="200" class="Tests\Unit\Models\Activity\ActivityTest" classname="Tests.Unit.Models.Activity.ActivityTest" assertions="0" time="0.314742">
          <error type="Error">Tests\Unit\Models\Activity\ActivityTest::it_tracks_ip_address
Error: Class "App\Models\Activity\Activity" not found

/home/user/cmis.marketing.limited/tests/Unit/Models/Activity/ActivityTest.php:214</error>
        </testcase>
        <testcase name="it_can_create_activity" file="/home/user/cmis.marketing.limited/tests/Unit/Models/Activity/ActivityTest.php" line="25" class="Tests\Unit\Models\Activity\ActivityTest" classname="Tests.Unit.Models.Activity.ActivityTest" assertions="0" time="0.295907">
          <error type="Error">Tests\Unit\Models\Activity\ActivityTest::it_can_create_activity
Error: Class "App\Models\Activity\Activity" not found

/home/user/cmis.marketing.limited/tests/Unit/Models/Activity/ActivityTest.php:39</error>
        </testcase>
        <testcase name="it_has_description" file="/home/user/cmis.marketing.limited/tests/Unit/Models/Activity/ActivityTest.php" line="268" class="Tests\Unit\Models\Activity\ActivityTest" classname="Tests.Unit.Models.Activity.ActivityTest" assertions="0" time="0.294345">
          <error type="Error">Tests\Unit\Models\Activity\ActivityTest::it_has_description
Error: Class "App\Models\Activity\Activity" not found

/home/user/cmis.marketing.limited/tests/Unit/Models/Activity/ActivityTest.php:282</error>
        </testcase>
        <testcase name="it_tracks_user_agent" file="/home/user/cmis.marketing.limited/tests/Unit/Models/Activity/ActivityTest.php" line="233" class="Tests\Unit\Models\Activity\ActivityTest" classname="Tests.Unit.Models.Activity.ActivityTest" assertions="0" time="0.294889">
          <error type="Error">Tests\Unit\Models\Activity\ActivityTest::it_tracks_user_agent
Error: Class "App\Models\Activity\Activity" not found

/home/user/cmis.marketing.limited/tests/Unit/Models/Activity/ActivityTest.php:249</error>
        </testcase>
        <testcase name="it_stores_properties_as_json" file="/home/user/cmis.marketing.limited/tests/Unit/Models/Activity/ActivityTest.php" line="160" class="Tests\Unit\Models\Activity\ActivityTest" classname="Tests.Unit.Models.Activity.ActivityTest" assertions="0" time="0.296545">
          <error type="Error">Tests\Unit\Models\Activity\ActivityTest::it_stores_properties_as_json
Error: Class "App\Models\Activity\Activity" not found

/home/user/cmis.marketing.limited/tests/Unit/Models/Activity/ActivityTest.php:180</error>
        </testcase>
        <testcase name="it_belongs_to_org" file="/home/user/cmis.marketing.limited/tests/Unit/Models/Activity/ActivityTest.php" line="60" class="Tests\Unit\Models\Activity\ActivityTest" classname="Tests.Unit.Models.Activity.ActivityTest" assertions="0" time="0.296043">
          <error type="Error">Tests\Unit\Models\Activity\ActivityTest::it_belongs_to_org
Error: Class "App\Models\Activity\Activity" not found

/home/user/cmis.marketing.limited/tests/Unit/Models/Activity/ActivityTest.php:74</error>
        </testcase>
      </testsuite>
      <testsuite name="Tests\Unit\Jobs\SendSMSJobTest" file="/home/user/cmis.marketing.limited/tests/Unit/Jobs/SendSMSJobTest.php" tests="8" assertions="0" errors="8" failures="0" skipped="0" time="0.556300">
        <testcase name="it_supports_message_personalization" file="/home/user/cmis.marketing.limited/tests/Unit/Jobs/SendSMSJobTest.php" line="149" class="Tests\Unit\Jobs\SendSMSJobTest" classname="Tests.Unit.Jobs.SendSMSJobTest" assertions="0" time="0.084422">
          <error type="Error">Tests\Unit\Jobs\SendSMSJobTest::it_supports_message_personalization
Error: Class "App\Models\Contact\Contact" not found

/home/user/cmis.marketing.limited/tests/Unit/Jobs/SendSMSJobTest.php:156</error>
        </testcase>
        <testcase name="it_sends_sms_to_contact" file="/home/user/cmis.marketing.limited/tests/Unit/Jobs/SendSMSJobTest.php" line="28" class="Tests\Unit\Jobs\SendSMSJobTest" classname="Tests.Unit.Jobs.SendSMSJobTest" assertions="0" time="0.067166">
          <error type="Error">Tests\Unit\Jobs\SendSMSJobTest::it_sends_sms_to_contact
Error: Class "App\Models\Contact\Contact" not found

/home/user/cmis.marketing.limited/tests/Unit/Jobs/SendSMSJobTest.php:35</error>
        </testcase>
        <testcase name="it_sends_arabic_message" file="/home/user/cmis.marketing.limited/tests/Unit/Jobs/SendSMSJobTest.php" line="57" class="Tests\Unit\Jobs\SendSMSJobTest" classname="Tests.Unit.Jobs.SendSMSJobTest" assertions="0" time="0.069397">
          <error type="Error">Tests\Unit\Jobs\SendSMSJobTest::it_sends_arabic_message
Error: Class "App\Models\Contact\Contact" not found

/home/user/cmis.marketing.limited/tests/Unit/Jobs/SendSMSJobTest.php:64</error>
        </testcase>
        <testcase name="it_tracks_sms_delivery_status" file="/home/user/cmis.marketing.limited/tests/Unit/Jobs/SendSMSJobTest.php" line="180" class="Tests\Unit\Jobs\SendSMSJobTest" classname="Tests.Unit.Jobs.SendSMSJobTest" assertions="0" time="0.064902">
          <error type="Error">Tests\Unit\Jobs\SendSMSJobTest::it_tracks_sms_delivery_status
Error: Class "App\Models\Contact\Contact" not found

/home/user/cmis.marketing.limited/tests/Unit/Jobs/SendSMSJobTest.php:187</error>
        </testcase>
        <testcase name="it_handles_invalid_phone_number" file="/home/user/cmis.marketing.limited/tests/Unit/Jobs/SendSMSJobTest.php" line="116" class="Tests\Unit\Jobs\SendSMSJobTest" classname="Tests.Unit.Jobs.SendSMSJobTest" assertions="0" time="0.065970">
          <error type="Error">Tests\Unit\Jobs\SendSMSJobTest::it_handles_invalid_phone_number
Error: Class "App\Models\Contact\Contact" not found

/home/user/cmis.marketing.limited/tests/Unit/Jobs/SendSMSJobTest.php:123</error>
        </testcase>
        <testcase name="it_handles_rate_limiting" file="/home/user/cmis.marketing.limited/tests/Unit/Jobs/SendSMSJobTest.php" line="213" class="Tests\Unit\Jobs\SendSMSJobTest" classname="Tests.Unit.Jobs.SendSMSJobTest" assertions="0" time="0.082967">
          <error type="Error">Tests\Unit\Jobs\SendSMSJobTest::it_handles_rate_limiting
Error: Class "App\Models\Contact\Contact" not found

/home/user/cmis.marketing.limited/tests/Unit/Jobs/SendSMSJobTest.php:220</error>
        </testcase>
        <testcase name="it_splits_long_messages" file="/home/user/cmis.marketing.limited/tests/Unit/Jobs/SendSMSJobTest.php" line="247" class="Tests\Unit\Jobs\SendSMSJobTest" classname="Tests.Unit.Jobs.SendSMSJobTest" assertions="0" time="0.060822">
          <error type="Error">Tests\Unit\Jobs\SendSMSJobTest::it_splits_long_messages
Error: Class "App\Models\Contact\Contact" not found

/home/user/cmis.marketing.limited/tests/Unit/Jobs/SendSMSJobTest.php:254</error>
        </testcase>
        <testcase name="it_can_be_dispatched" file="/home/user/cmis.marketing.limited/tests/Unit/Jobs/SendSMSJobTest.php" line="88" class="Tests\Unit\Jobs\SendSMSJobTest" classname="Tests.Unit.Jobs.SendSMSJobTest" assertions="0" time="0.060654">
          <error type="Error">Tests\Unit\Jobs\SendSMSJobTest::it_can_be_dispatched
Error: Class "App\Models\Contact\Contact" not found

/home/user/cmis.marketing.limited/tests/Unit/Jobs/SendSMSJobTest.php:97</error>
        </testcase>
      </testsuite>
      <testsuite name="Tests\Unit\Services\WebhookHandlerTest" file="/home/user/cmis.marketing.limited/tests/Unit/Services/WebhookHandlerTest.php" tests="12" assertions="0" errors="12" failures="0" skipped="0" time="2.700077">
        <testcase name="it_tracks_webhook_processing_time" file="/home/user/cmis.marketing.limited/tests/Unit/Services/WebhookHandlerTest.php" line="304" class="Tests\Unit\Services\WebhookHandlerTest" classname="Tests.Unit.Services.WebhookHandlerTest" assertions="0" time="0.308777">
          <error type="Error">Tests\Unit\Services\WebhookHandlerTest::it_tracks_webhook_processing_time
Error: Call to undefined method App\Services\Integration\WebhookHandler::processFacebookWebhook()

/home/user/cmis.marketing.limited/tests/Unit/Services/WebhookHandlerTest.php:317</error>
        </testcase>
        <testcase name="it_validates_webhook_payload_structure" file="/home/user/cmis.marketing.limited/tests/Unit/Services/WebhookHandlerTest.php" line="262" class="Tests\Unit\Services\WebhookHandlerTest" classname="Tests.Unit.Services.WebhookHandlerTest" assertions="0" time="0.064221">
          <error type="Error">Tests\Unit\Services\WebhookHandlerTest::it_validates_webhook_payload_structure
Error: Call to undefined method App\Services\Integration\WebhookHandler::validatePayloadStructure()

/home/user/cmis.marketing.limited/tests/Unit/Services/WebhookHandlerTest.php:273</error>
        </testcase>
        <testcase name="it_can_verify_webhook_signature" file="/home/user/cmis.marketing.limited/tests/Unit/Services/WebhookHandlerTest.php" line="124" class="Tests\Unit\Services\WebhookHandlerTest" classname="Tests.Unit.Services.WebhookHandlerTest" assertions="0" time="0.088875">
          <error type="Error">Tests\Unit\Services\WebhookHandlerTest::it_can_verify_webhook_signature
Error: Call to undefined method App\Services\Integration\WebhookHandler::verifySignature()

/home/user/cmis.marketing.limited/tests/Unit/Services/WebhookHandlerTest.php:130</error>
        </testcase>
        <testcase name="it_stores_webhook_events" file="/home/user/cmis.marketing.limited/tests/Unit/Services/WebhookHandlerTest.php" line="158" class="Tests\Unit\Services\WebhookHandlerTest" classname="Tests.Unit.Services.WebhookHandlerTest" assertions="0" time="0.298618">
          <error type="Error">Tests\Unit\Services\WebhookHandlerTest::it_stores_webhook_events
Error: Call to undefined method App\Services\Integration\WebhookHandler::storeWebhookEvent()

/home/user/cmis.marketing.limited/tests/Unit/Services/WebhookHandlerTest.php:169</error>
        </testcase>
        <testcase name="it_rejects_invalid_signature" file="/home/user/cmis.marketing.limited/tests/Unit/Services/WebhookHandlerTest.php" line="141" class="Tests\Unit\Services\WebhookHandlerTest" classname="Tests.Unit.Services.WebhookHandlerTest" assertions="0" time="0.063895">
          <error type="Error">Tests\Unit\Services\WebhookHandlerTest::it_rejects_invalid_signature
Error: Call to undefined method App\Services\Integration\WebhookHandler::verifySignature()

/home/user/cmis.marketing.limited/tests/Unit/Services/WebhookHandlerTest.php:147</error>
        </testcase>
        <testcase name="it_can_process_instagram_webhook" file="/home/user/cmis.marketing.limited/tests/Unit/Services/WebhookHandlerTest.php" line="62" class="Tests\Unit\Services\WebhookHandlerTest" classname="Tests.Unit.Services.WebhookHandlerTest" assertions="0" time="0.300362">
          <error type="Error">Tests\Unit\Services\WebhookHandlerTest::it_can_process_instagram_webhook
Error: Call to undefined method App\Services\Integration\WebhookHandler::processInstagramWebhook()

/home/user/cmis.marketing.limited/tests/Unit/Services/WebhookHandlerTest.php:87</error>
        </testcase>
        <testcase name="it_handles_webhook_processing_errors" file="/home/user/cmis.marketing.limited/tests/Unit/Services/WebhookHandlerTest.php" line="283" class="Tests\Unit\Services\WebhookHandlerTest" classname="Tests.Unit.Services.WebhookHandlerTest" assertions="0" time="0.299337">
          <error type="Error">Tests\Unit\Services\WebhookHandlerTest::it_handles_webhook_processing_errors
Error: Call to undefined method App\Services\Integration\WebhookHandler::processFacebookWebhook()

/home/user/cmis.marketing.limited/tests/Unit/Services/WebhookHandlerTest.php:292</error>
        </testcase>
        <testcase name="it_processes_whatsapp_webhooks" file="/home/user/cmis.marketing.limited/tests/Unit/Services/WebhookHandlerTest.php" line="209" class="Tests\Unit\Services\WebhookHandlerTest" classname="Tests.Unit.Services.WebhookHandlerTest" assertions="0" time="0.301870">
          <error type="Error">Tests\Unit\Services\WebhookHandlerTest::it_processes_whatsapp_webhooks
Error: Call to undefined method App\Services\Integration\WebhookHandler::processWhatsAppWebhook()

/home/user/cmis.marketing.limited/tests/Unit/Services/WebhookHandlerTest.php:234</error>
        </testcase>
        <testcase name="it_can_process_facebook_webhook" file="/home/user/cmis.marketing.limited/tests/Unit/Services/WebhookHandlerTest.php" line="28" class="Tests\Unit\Services\WebhookHandlerTest" classname="Tests.Unit.Services.WebhookHandlerTest" assertions="0" time="0.319499">
          <error type="Error">Tests\Unit\Services\WebhookHandlerTest::it_can_process_facebook_webhook
Error: Call to undefined method App\Services\Integration\WebhookHandler::processFacebookWebhook()

/home/user/cmis.marketing.limited/tests/Unit/Services/WebhookHandlerTest.php:50</error>
        </testcase>
        <testcase name="it_can_process_twitter_webhook" file="/home/user/cmis.marketing.limited/tests/Unit/Services/WebhookHandlerTest.php" line="98" class="Tests\Unit\Services\WebhookHandlerTest" classname="Tests.Unit.Services.WebhookHandlerTest" assertions="0" time="0.299462">
          <error type="Error">Tests\Unit\Services\WebhookHandlerTest::it_can_process_twitter_webhook
Error: Call to undefined method App\Services\Integration\WebhookHandler::processTwitterWebhook()

/home/user/cmis.marketing.limited/tests/Unit/Services/WebhookHandlerTest.php:113</error>
        </testcase>
        <testcase name="it_handles_subscription_verification" file="/home/user/cmis.marketing.limited/tests/Unit/Services/WebhookHandlerTest.php" line="245" class="Tests\Unit\Services\WebhookHandlerTest" classname="Tests.Unit.Services.WebhookHandlerTest" assertions="0" time="0.056406">
          <error type="Error">Tests\Unit\Services\WebhookHandlerTest::it_handles_subscription_verification
Error: Call to undefined method App\Services\Integration\WebhookHandler::verifySubscription()

/home/user/cmis.marketing.limited/tests/Unit/Services/WebhookHandlerTest.php:250</error>
        </testcase>
        <testcase name="it_can_retry_failed_webhooks" file="/home/user/cmis.marketing.limited/tests/Unit/Services/WebhookHandlerTest.php" line="184" class="Tests\Unit\Services\WebhookHandlerTest" classname="Tests.Unit.Services.WebhookHandlerTest" assertions="0" time="0.298757">
          <error type="Error">Tests\Unit\Services\WebhookHandlerTest::it_can_retry_failed_webhooks
Error: Call to undefined method App\Services\Integration\WebhookHandler::retryFailedWebhook()

/home/user/cmis.marketing.limited/tests/Unit/Services/WebhookHandlerTest.php:198</error>
        </testcase>
      </testsuite>
      <testsuite name="Tests\Unit\Models\Analytics\AnalyticsReportTest" file="/home/user/cmis.marketing.limited/tests/Unit/Models/Analytics/AnalyticsReportTest.php" tests="13" assertions="0" errors="13" failures="0" skipped="0" time="0.907720">
        <testcase name="it_stores_report_data_as_json" file="/home/user/cmis.marketing.limited/tests/Unit/Models/Analytics/AnalyticsReportTest.php" line="95" class="Tests\Unit\Models\Analytics\AnalyticsReportTest" classname="Tests.Unit.Models.Analytics.AnalyticsReportTest" assertions="0" time="0.068015">
          <error type="Error">Tests\Unit\Models\Analytics\AnalyticsReportTest::it_stores_report_data_as_json
Error: Class "App\Models\Analytics\AnalyticsReport" not found

/home/user/cmis.marketing.limited/tests/Unit/Models/Analytics/AnalyticsReportTest.php:115</error>
        </testcase>
        <testcase name="it_can_create_analytics_report" file="/home/user/cmis.marketing.limited/tests/Unit/Models/Analytics/AnalyticsReportTest.php" line="25" class="Tests\Unit\Models\Analytics\AnalyticsReportTest" classname="Tests.Unit.Models.Analytics.AnalyticsReportTest" assertions="0" time="0.093287">
          <error type="Error">Tests\Unit\Models\Analytics\AnalyticsReportTest::it_can_create_analytics_report
Error: Class "App\Models\Analytics\AnalyticsReport" not found

/home/user/cmis.marketing.limited/tests/Unit/Models/Analytics/AnalyticsReportTest.php:32</error>
        </testcase>
        <testcase name="it_respects_rls_policies" file="/home/user/cmis.marketing.limited/tests/Unit/Models/Analytics/AnalyticsReportTest.php" line="332" class="Tests\Unit\Models\Analytics\AnalyticsReportTest" classname="Tests.Unit.Models.Analytics.AnalyticsReportTest" assertions="0" time="0.063823">
          <error type="Error">Tests\Unit\Models\Analytics\AnalyticsReportTest::it_respects_rls_policies
Error: Class "App\Models\Analytics\AnalyticsReport" not found

/home/user/cmis.marketing.limited/tests/Unit/Models/Analytics/AnalyticsReportTest.php:344</error>
        </testcase>
        <testcase name="it_stores_filters_as_json" file="/home/user/cmis.marketing.limited/tests/Unit/Models/Analytics/AnalyticsReportTest.php" line="265" class="Tests\Unit\Models\Analytics\AnalyticsReportTest" classname="Tests.Unit.Models.Analytics.AnalyticsReportTest" assertions="0" time="0.060409">
          <error type="Error">Tests\Unit\Models\Analytics\AnalyticsReportTest::it_stores_filters_as_json
Error: Class "App\Models\Analytics\AnalyticsReport" not found

/home/user/cmis.marketing.limited/tests/Unit/Models/Analytics/AnalyticsReportTest.php:279</error>
        </testcase>
        <testcase name="it_uses_uuid_as_primary_key" file="/home/user/cmis.marketing.limited/tests/Unit/Models/Analytics/AnalyticsReportTest.php" line="293" class="Tests\Unit\Models\Analytics\AnalyticsReportTest" classname="Tests.Unit.Models.Analytics.AnalyticsReportTest" assertions="0" time="0.064062">
          <error type="Error">Tests\Unit\Models\Analytics\AnalyticsReportTest::it_uses_uuid_as_primary_key
Error: Class "App\Models\Analytics\AnalyticsReport" not found

/home/user/cmis.marketing.limited/tests/Unit/Models/Analytics/AnalyticsReportTest.php:300</error>
        </testcase>
        <testcase name="it_belongs_to_org" file="/home/user/cmis.marketing.limited/tests/Unit/Models/Analytics/AnalyticsReportTest.php" line="49" class="Tests\Unit\Models\Analytics\AnalyticsReportTest" classname="Tests.Unit.Models.Analytics.AnalyticsReportTest" assertions="0" time="0.061011">
          <error type="Error">Tests\Unit\Models\Analytics\AnalyticsReportTest::it_belongs_to_org
Error: Class "App\Models\Analytics\AnalyticsReport" not found

/home/user/cmis.marketing.limited/tests/Unit/Models/Analytics/AnalyticsReportTest.php:56</error>
        </testcase>
        <testcase name="it_tracks_report_generation_status" file="/home/user/cmis.marketing.limited/tests/Unit/Models/Analytics/AnalyticsReportTest.php" line="166" class="Tests\Unit\Models\Analytics\AnalyticsReportTest" classname="Tests.Unit.Models.Analytics.AnalyticsReportTest" assertions="0" time="0.078360">
          <error type="Error">Tests\Unit\Models\Analytics\AnalyticsReportTest::it_tracks_report_generation_status
Error: Class "App\Models\Analytics\AnalyticsReport" not found

/home/user/cmis.marketing.limited/tests/Unit/Models/Analytics/AnalyticsReportTest.php:173</error>
        </testcase>
        <testcase name="it_stores_export_file_path" file="/home/user/cmis.marketing.limited/tests/Unit/Models/Analytics/AnalyticsReportTest.php" line="203" class="Tests\Unit\Models\Analytics\AnalyticsReportTest" classname="Tests.Unit.Models.Analytics.AnalyticsReportTest" assertions="0" time="0.070648">
          <error type="Error">Tests\Unit\Models\Analytics\AnalyticsReportTest::it_stores_export_file_path
Error: Class "App\Models\Analytics\AnalyticsReport" not found

/home/user/cmis.marketing.limited/tests/Unit/Models/Analytics/AnalyticsReportTest.php:210</error>
        </testcase>
        <testcase name="it_has_timestamps" file="/home/user/cmis.marketing.limited/tests/Unit/Models/Analytics/AnalyticsReportTest.php" line="312" class="Tests\Unit\Models\Analytics\AnalyticsReportTest" classname="Tests.Unit.Models.Analytics.AnalyticsReportTest" assertions="0" time="0.065955">
          <error type="Error">Tests\Unit\Models\Analytics\AnalyticsReportTest::it_has_timestamps
Error: Class "App\Models\Analytics\AnalyticsReport" not found

/home/user/cmis.marketing.limited/tests/Unit/Models/Analytics/AnalyticsReportTest.php:319</error>
        </testcase>
        <testcase name="it_has_different_report_types" file="/home/user/cmis.marketing.limited/tests/Unit/Models/Analytics/AnalyticsReportTest.php" line="129" class="Tests\Unit\Models\Analytics\AnalyticsReportTest" classname="Tests.Unit.Models.Analytics.AnalyticsReportTest" assertions="0" time="0.063102">
          <error type="Error">Tests\Unit\Models\Analytics\AnalyticsReportTest::it_has_different_report_types
Error: Class "App\Models\Analytics\AnalyticsReport" not found

/home/user/cmis.marketing.limited/tests/Unit/Models/Analytics/AnalyticsReportTest.php:136</error>
        </testcase>
        <testcase name="it_supports_scheduled_reports" file="/home/user/cmis.marketing.limited/tests/Unit/Models/Analytics/AnalyticsReportTest.php" line="243" class="Tests\Unit\Models\Analytics\AnalyticsReportTest" classname="Tests.Unit.Models.Analytics.AnalyticsReportTest" assertions="0" time="0.069687">
          <error type="Error">Tests\Unit\Models\Analytics\AnalyticsReportTest::it_supports_scheduled_reports
Error: Class "App\Models\Analytics\AnalyticsReport" not found

/home/user/cmis.marketing.limited/tests/Unit/Models/Analytics/AnalyticsReportTest.php:250</error>
        </testcase>
        <testcase name="it_can_belong_to_campaign" file="/home/user/cmis.marketing.limited/tests/Unit/Models/Analytics/AnalyticsReportTest.php" line="68" class="Tests\Unit\Models\Analytics\AnalyticsReportTest" classname="Tests.Unit.Models.Analytics.AnalyticsReportTest" assertions="0" time="0.062038">
          <error type="Error">Tests\Unit\Models\Analytics\AnalyticsReportTest::it_can_belong_to_campaign
Error: Class "App\Models\Analytics\AnalyticsReport" not found

/home/user/cmis.marketing.limited/tests/Unit/Models/Analytics/AnalyticsReportTest.php:82</error>
        </testcase>
        <testcase name="it_tracks_generated_at_timestamp" file="/home/user/cmis.marketing.limited/tests/Unit/Models/Analytics/AnalyticsReportTest.php" line="223" class="Tests\Unit\Models\Analytics\AnalyticsReportTest" classname="Tests.Unit.Models.Analytics.AnalyticsReportTest" assertions="0" time="0.087322">
          <error type="Error">Tests\Unit\Models\Analytics\AnalyticsReportTest::it_tracks_generated_at_timestamp
Error: Class "App\Models\Analytics\AnalyticsReport" not found

/home/user/cmis.marketing.limited/tests/Unit/Models/Analytics/AnalyticsReportTest.php:230</error>
        </testcase>
      </testsuite>
      <testsuite name="Tests\Unit\Services\CMIS\SemanticSearchServiceTest" file="/home/user/cmis.marketing.limited/tests/Unit/Services/CMIS/SemanticSearchServiceTest.php" tests="9" assertions="2" errors="8" failures="1" skipped="0" time="2.316671">
        <testcase name="it_can_generate_embeddings_for_text" file="/home/user/cmis.marketing.limited/tests/Unit/Services/CMIS/SemanticSearchServiceTest.php" line="62" class="Tests\Unit\Services\CMIS\SemanticSearchServiceTest" classname="Tests.Unit.Services.CMIS.SemanticSearchServiceTest" assertions="0" time="0.072631">
          <error type="Error">Tests\Unit\Services\CMIS\SemanticSearchServiceTest::it_can_generate_embeddings_for_text
Error: Call to undefined method App\Services\CMIS\SemanticSearchService::generateEmbedding()

/home/user/cmis.marketing.limited/tests/Unit/Services/CMIS/SemanticSearchServiceTest.php:68</error>
        </testcase>
        <testcase name="it_can_find_similar_content" file="/home/user/cmis.marketing.limited/tests/Unit/Services/CMIS/SemanticSearchServiceTest.php" line="91" class="Tests\Unit\Services\CMIS\SemanticSearchServiceTest" classname="Tests.Unit.Services.CMIS.SemanticSearchServiceTest" assertions="0" time="0.312287">
          <error type="Illuminate\Database\QueryException">Tests\Unit\Services\CMIS\SemanticSearchServiceTest::it_can_find_similar_content
Illuminate\Database\QueryException: SQLSTATE[42P01]: Undefined table: 7 ERROR:  relation "cmis.knowledge_index" does not exist
LINE 1: insert into "cmis"."knowledge_index" ("org_id", "content", "...
                    ^ (Connection: pgsql, SQL: insert into "cmis"."knowledge_index" ("org_id", "content", "embedding", "knowledge_id", "updated_at", "created_at") values (8bd3ce9e-ea77-40e5-8d0e-79adb09398f1, Content item 1, [0.1,0.1,0.1,0.1,0.1,0.1,0.1,0.1,0.1,0.1,0.1,0.1,0.1,0.1,0.1,0.1,0.1,0.1,0.1,0.1,0.1,0.1,0.1,0.1,0.1,0.1,0.1,0.1,0.1,0.1,0.1,0.1,0.1,0.1,0.1,0.1,0.1,0.1,0.1,0.1,0.1,0.1,0.1,0.1,0.1,0.1,0.1,0.1,0.1,0.1,0.1,0.1,0.1,0.1,0.1,0.1,0.1,0.1,0.1,0.1,0.1,0.1,0.1,0.1,0.1,0.1,0.1,0.1,0.1,0.1,0.1,0.1,0.1,0.1,0.1,0.1,0.1,0.1,0.1,0.1,0.1,0.1,0.1,0.1,0.1,0.1,0.1,0.1,0.1,0.1,0.1,0.1,0.1,0.1,0.1,0.1,0.1,0.1,0.1,0.1,0.1,0.1,0.1,0.1,0.1,0.1,0.1,0.1,0.1,0.1,0.1,0.1,0.1,0.1,0.1,0.1,0.1,0.1,0.1,0.1,0.1,0.1,0.1,0.1,0.1,0.1,0.1,0.1,0.1,0.1,0.1,0.1,0.1,0.1,0.1,0.1,0.1,0.1,0.1,0.1,0.1,0.1,0.1,0.1,0.1,0.1,0.1,0.1,0.1,0.1,0.1,0.1,0.1,0.1,0.1,0.1,0.1,0.1,0.1,0.1,0.1,0.1,0.1,0.1,0.1,0.1,0.1,0.1,0.1,0.1,0.1,0.1,0.1,0.1,0.1,0.1,0.1,0.1,0.1,0.1,0.1,0.1,0.1,0.1,0.1,0.1,0.1,0.1,0.1,0.1,0.1,0.1,0.1,0.1,0.1,0.1,0.1,0.1,0.1,0.1,0.1,0.1,0.1,0.1,0.1,0.1,0.1,0.1,0.1,0.1,0.1,0.1,0.1,0.1,0.1,0.1,0.1,0.1,0.1,0.1,0.1,0.1,0.1,0.1,0.1,0.1,0.1,0.1,0.1,0.1,0.1,0.1,0.1,0.1,0.1,0.1,0.1,0.1,0.1,0.1,0.1,0.1,0.1,0.1,0.1,0.1,0.1,0.1,0.1,0.1,0.1,0.1,0.1,0.1,0.1,0.1,0.1,0.1,0.1,0.1,0.1,0.1,0.1,0.1,0.1,0.1,0.1,0.1,0.1,0.1,0.1,0.1,0.1,0.1,0.1,0.1,0.1,0.1,0.1,0.1,0.1,0.1,0.1,0.1,0.1,0.1,0.1,0.1,0.1,0.1,0.1,0.1,0.1,0.1,0.1,0.1,0.1,0.1,0.1,0.1,0.1,0.1,0.1,0.1,0.1,0.1,0.1,0.1,0.1,0.1,0.1,0.1,0.1,0.1,0.1,0.1,0.1,0.1,0.1,0.1,0.1,0.1,0.1,0.1,0.1,0.1,0.1,0.1,0.1,0.1,0.1,0.1,0.1,0.1,0.1,0.1,0.1,0.1,0.1,0.1,0.1,0.1,0.1,0.1,0.1,0.1,0.1,0.1,0.1,0.1,0.1,0.1,0.1,0.1,0.1,0.1,0.1,0.1,0.1,0.1,0.1,0.1,0.1,0.1,0.1,0.1,0.1,0.1,0.1,0.1,0.1,0.1,0.1,0.1,0.1,0.1,0.1,0.1,0.1,0.1,0.1,0.1,0.1,0.1,0.1,0.1,0.1,0.1,0.1,0.1,0.1,0.1,0.1,0.1,0.1,0.1,0.1,0.1,0.1,0.1,0.1,0.1,0.1,0.1,0.1,0.1,0.1,0.1,0.1,0.1,0.1,0.1,0.1,0.1,0.1,0.1,0.1,0.1,0.1,0.1,0.1,0.1,0.1,0.1,0.1,0.1,0.1,0.1,0.1,0.1,0.1,0.1,0.1,0.1,0.1,0.1,0.1,0.1,0.1,0.1,0.1,0.1,0.1,0.1,0.1,0.1,0.1,0.1,0.1,0.1,0.1,0.1,0.1,0.1,0.1,0.1,0.1,0.1,0.1,0.1,0.1,0.1,0.1,0.1,0.1,0.1,0.1,0.1,0.1,0.1,0.1,0.1,0.1,0.1,0.1,0.1,0.1,0.1,0.1,0.1,0.1,0.1,0.1,0.1,0.1,0.1,0.1,0.1,0.1,0.1,0.1,0.1,0.1,0.1,0.1,0.1,0.1,0.1,0.1,0.1,0.1,0.1,0.1,0.1,0.1,0.1,0.1,0.1,0.1,0.1,0.1,0.1,0.1,0.1,0.1,0.1,0.1,0.1,0.1,0.1,0.1,0.1,0.1,0.1,0.1,0.1,0.1,0.1,0.1,0.1,0.1,0.1,0.1,0.1,0.1,0.1,0.1,0.1,0.1,0.1,0.1,0.1,0.1,0.1,0.1,0.1,0.1,0.1,0.1,0.1,0.1,0.1,0.1,0.1,0.1,0.1,0.1,0.1,0.1,0.1,0.1,0.1,0.1,0.1,0.1,0.1,0.1,0.1,0.1,0.1,0.1,0.1,0.1,0.1,0.1,0.1,0.1,0.1,0.1,0.1,0.1,0.1,0.1,0.1,0.1,0.1,0.1,0.1,0.1,0.1,0.1,0.1,0.1,0.1,0.1,0.1,0.1,0.1,0.1,0.1,0.1,0.1,0.1,0.1,0.1,0.1,0.1,0.1,0.1,0.1,0.1,0.1,0.1,0.1,0.1,0.1,0.1,0.1,0.1,0.1,0.1,0.1,0.1,0.1,0.1,0.1,0.1,0.1,0.1,0.1,0.1,0.1,0.1,0.1,0.1,0.1,0.1,0.1,0.1,0.1,0.1,0.1,0.1,0.1,0.1,0.1,0.1,0.1,0.1,0.1,0.1,0.1,0.1,0.1,0.1,0.1,0.1,0.1,0.1,0.1,0.1,0.1,0.1,0.1,0.1,0.1,0.1,0.1,0.1,0.1,0.1,0.1,0.1,0.1,0.1,0.1,0.1,0.1,0.1,0.1,0.1,0.1,0.1,0.1,0.1,0.1,0.1,0.1,0.1,0.1,0.1,0.1,0.1,0.1,0.1,0.1,0.1,0.1,0.1,0.1,0.1,0.1,0.1,0.1,0.1,0.1,0.1,0.1,0.1,0.1,0.1,0.1,0.1,0.1,0.1,0.1,0.1,0.1,0.1,0.1,0.1,0.1,0.1,0.1,0.1,0.1,0.1,0.1,0.1,0.1,0.1,0.1,0.1,0.1,0.1,0.1,0.1,0.1,0.1,0.1,0.1,0.1,0.1,0.1,0.1,0.1,0.1,0.1,0.1,0.1,0.1,0.1,0.1,0.1,0.1,0.1,0.1,0.1,0.1,0.1,0.1,0.1,0.1,0.1,0.1,0.1,0.1,0.1], 019a9bc8-1b47-71cf-ad98-b5fe4f0285f5, 2025-11-19 11:02:54, 2025-11-19 11:02:54))

/home/user/cmis.marketing.limited/vendor/laravel/framework/src/Illuminate/Database/Connection.php:824
/home/user/cmis.marketing.limited/vendor/laravel/framework/src/Illuminate/Database/Connection.php:778
/home/user/cmis.marketing.limited/vendor/laravel/framework/src/Illuminate/Database/Connection.php:559
/home/user/cmis.marketing.limited/vendor/laravel/framework/src/Illuminate/Database/Connection.php:523
/home/user/cmis.marketing.limited/vendor/laravel/framework/src/Illuminate/Database/Query/Builder.php:3804
/home/user/cmis.marketing.limited/vendor/laravel/framework/src/Illuminate/Database/Eloquent/Builder.php:2235
/home/user/cmis.marketing.limited/vendor/laravel/framework/src/Illuminate/Database/Eloquent/Model.php:1412
/home/user/cmis.marketing.limited/vendor/laravel/framework/src/Illuminate/Database/Eloquent/Model.php:1240
/home/user/cmis.marketing.limited/vendor/laravel/framework/src/Illuminate/Database/Eloquent/Builder.php:1219
/home/user/cmis.marketing.limited/vendor/laravel/framework/src/Illuminate/Support/helpers.php:390
/home/user/cmis.marketing.limited/vendor/laravel/framework/src/Illuminate/Database/Eloquent/Builder.php:1218
/home/user/cmis.marketing.limited/vendor/laravel/framework/src/Illuminate/Support/Traits/ForwardsCalls.php:23
/home/user/cmis.marketing.limited/vendor/laravel/framework/src/Illuminate/Database/Eloquent/Model.php:2540
/home/user/cmis.marketing.limited/vendor/laravel/framework/src/Illuminate/Database/Eloquent/Model.php:2556
/home/user/cmis.marketing.limited/tests/Unit/Services/CMIS/SemanticSearchServiceTest.php:102</error>
        </testcase>
        <testcase name="it_can_index_new_content" file="/home/user/cmis.marketing.limited/tests/Unit/Services/CMIS/SemanticSearchServiceTest.php" line="211" class="Tests\Unit\Services\CMIS\SemanticSearchServiceTest" classname="Tests.Unit.Services.CMIS.SemanticSearchServiceTest" assertions="0" time="0.306239">
          <error type="Error">Tests\Unit\Services\CMIS\SemanticSearchServiceTest::it_can_index_new_content
Error: Call to undefined method App\Services\CMIS\SemanticSearchService::indexContent()

/home/user/cmis.marketing.limited/tests/Unit/Services/CMIS/SemanticSearchServiceTest.php:229</error>
        </testcase>
        <testcase name="it_handles_empty_search_results" file="/home/user/cmis.marketing.limited/tests/Unit/Services/CMIS/SemanticSearchServiceTest.php" line="194" class="Tests\Unit\Services\CMIS\SemanticSearchServiceTest" classname="Tests.Unit.Services.CMIS.SemanticSearchServiceTest" assertions="2" time="0.317044">
          <failure type="PHPUnit\Framework\ExpectationFailedException">Tests\Unit\Services\CMIS\SemanticSearchServiceTest::it_handles_empty_search_results
Failed asserting that an array has the key 'results'.

/home/user/cmis.marketing.limited/tests/Unit/Services/CMIS/SemanticSearchServiceTest.php:206</failure>
        </testcase>
        <testcase name="it_filters_search_by_content_type" file="/home/user/cmis.marketing.limited/tests/Unit/Services/CMIS/SemanticSearchServiceTest.php" line="120" class="Tests\Unit\Services\CMIS\SemanticSearchServiceTest" classname="Tests.Unit.Services.CMIS.SemanticSearchServiceTest" assertions="0" time="0.326073">
          <error type="Illuminate\Database\QueryException">Tests\Unit\Services\CMIS\SemanticSearchServiceTest::it_filters_search_by_content_type
Illuminate\Database\QueryException: SQLSTATE[42P01]: Undefined table: 7 ERROR:  relation "cmis.knowledge_index" does not exist
LINE 1: insert into "cmis"."knowledge_index" ("org_id", "content", "...
                    ^ (Connection: pgsql, SQL: insert into "cmis"."knowledge_index" ("org_id", "content", "embedding", "knowledge_id", "updated_at", "created_at") values (71565f50-3c6c-4f52-8096-612d30df93ba, Campaign content, [0.1,0.1,0.1,0.1,0.1,0.1,0.1,0.1,0.1,0.1,0.1,0.1,0.1,0.1,0.1,0.1,0.1,0.1,0.1,0.1,0.1,0.1,0.1,0.1,0.1,0.1,0.1,0.1,0.1,0.1,0.1,0.1,0.1,0.1,0.1,0.1,0.1,0.1,0.1,0.1,0.1,0.1,0.1,0.1,0.1,0.1,0.1,0.1,0.1,0.1,0.1,0.1,0.1,0.1,0.1,0.1,0.1,0.1,0.1,0.1,0.1,0.1,0.1,0.1,0.1,0.1,0.1,0.1,0.1,0.1,0.1,0.1,0.1,0.1,0.1,0.1,0.1,0.1,0.1,0.1,0.1,0.1,0.1,0.1,0.1,0.1,0.1,0.1,0.1,0.1,0.1,0.1,0.1,0.1,0.1,0.1,0.1,0.1,0.1,0.1,0.1,0.1,0.1,0.1,0.1,0.1,0.1,0.1,0.1,0.1,0.1,0.1,0.1,0.1,0.1,0.1,0.1,0.1,0.1,0.1,0.1,0.1,0.1,0.1,0.1,0.1,0.1,0.1,0.1,0.1,0.1,0.1,0.1,0.1,0.1,0.1,0.1,0.1,0.1,0.1,0.1,0.1,0.1,0.1,0.1,0.1,0.1,0.1,0.1,0.1,0.1,0.1,0.1,0.1,0.1,0.1,0.1,0.1,0.1,0.1,0.1,0.1,0.1,0.1,0.1,0.1,0.1,0.1,0.1,0.1,0.1,0.1,0.1,0.1,0.1,0.1,0.1,0.1,0.1,0.1,0.1,0.1,0.1,0.1,0.1,0.1,0.1,0.1,0.1,0.1,0.1,0.1,0.1,0.1,0.1,0.1,0.1,0.1,0.1,0.1,0.1,0.1,0.1,0.1,0.1,0.1,0.1,0.1,0.1,0.1,0.1,0.1,0.1,0.1,0.1,0.1,0.1,0.1,0.1,0.1,0.1,0.1,0.1,0.1,0.1,0.1,0.1,0.1,0.1,0.1,0.1,0.1,0.1,0.1,0.1,0.1,0.1,0.1,0.1,0.1,0.1,0.1,0.1,0.1,0.1,0.1,0.1,0.1,0.1,0.1,0.1,0.1,0.1,0.1,0.1,0.1,0.1,0.1,0.1,0.1,0.1,0.1,0.1,0.1,0.1,0.1,0.1,0.1,0.1,0.1,0.1,0.1,0.1,0.1,0.1,0.1,0.1,0.1,0.1,0.1,0.1,0.1,0.1,0.1,0.1,0.1,0.1,0.1,0.1,0.1,0.1,0.1,0.1,0.1,0.1,0.1,0.1,0.1,0.1,0.1,0.1,0.1,0.1,0.1,0.1,0.1,0.1,0.1,0.1,0.1,0.1,0.1,0.1,0.1,0.1,0.1,0.1,0.1,0.1,0.1,0.1,0.1,0.1,0.1,0.1,0.1,0.1,0.1,0.1,0.1,0.1,0.1,0.1,0.1,0.1,0.1,0.1,0.1,0.1,0.1,0.1,0.1,0.1,0.1,0.1,0.1,0.1,0.1,0.1,0.1,0.1,0.1,0.1,0.1,0.1,0.1,0.1,0.1,0.1,0.1,0.1,0.1,0.1,0.1,0.1,0.1,0.1,0.1,0.1,0.1,0.1,0.1,0.1,0.1,0.1,0.1,0.1,0.1,0.1,0.1,0.1,0.1,0.1,0.1,0.1,0.1,0.1,0.1,0.1,0.1,0.1,0.1,0.1,0.1,0.1,0.1,0.1,0.1,0.1,0.1,0.1,0.1,0.1,0.1,0.1,0.1,0.1,0.1,0.1,0.1,0.1,0.1,0.1,0.1,0.1,0.1,0.1,0.1,0.1,0.1,0.1,0.1,0.1,0.1,0.1,0.1,0.1,0.1,0.1,0.1,0.1,0.1,0.1,0.1,0.1,0.1,0.1,0.1,0.1,0.1,0.1,0.1,0.1,0.1,0.1,0.1,0.1,0.1,0.1,0.1,0.1,0.1,0.1,0.1,0.1,0.1,0.1,0.1,0.1,0.1,0.1,0.1,0.1,0.1,0.1,0.1,0.1,0.1,0.1,0.1,0.1,0.1,0.1,0.1,0.1,0.1,0.1,0.1,0.1,0.1,0.1,0.1,0.1,0.1,0.1,0.1,0.1,0.1,0.1,0.1,0.1,0.1,0.1,0.1,0.1,0.1,0.1,0.1,0.1,0.1,0.1,0.1,0.1,0.1,0.1,0.1,0.1,0.1,0.1,0.1,0.1,0.1,0.1,0.1,0.1,0.1,0.1,0.1,0.1,0.1,0.1,0.1,0.1,0.1,0.1,0.1,0.1,0.1,0.1,0.1,0.1,0.1,0.1,0.1,0.1,0.1,0.1,0.1,0.1,0.1,0.1,0.1,0.1,0.1,0.1,0.1,0.1,0.1,0.1,0.1,0.1,0.1,0.1,0.1,0.1,0.1,0.1,0.1,0.1,0.1,0.1,0.1,0.1,0.1,0.1,0.1,0.1,0.1,0.1,0.1,0.1,0.1,0.1,0.1,0.1,0.1,0.1,0.1,0.1,0.1,0.1,0.1,0.1,0.1,0.1,0.1,0.1,0.1,0.1,0.1,0.1,0.1,0.1,0.1,0.1,0.1,0.1,0.1,0.1,0.1,0.1,0.1,0.1,0.1,0.1,0.1,0.1,0.1,0.1,0.1,0.1,0.1,0.1,0.1,0.1,0.1,0.1,0.1,0.1,0.1,0.1,0.1,0.1,0.1,0.1,0.1,0.1,0.1,0.1,0.1,0.1,0.1,0.1,0.1,0.1,0.1,0.1,0.1,0.1,0.1,0.1,0.1,0.1,0.1,0.1,0.1,0.1,0.1,0.1,0.1,0.1,0.1,0.1,0.1,0.1,0.1,0.1,0.1,0.1,0.1,0.1,0.1,0.1,0.1,0.1,0.1,0.1,0.1,0.1,0.1,0.1,0.1,0.1,0.1,0.1,0.1,0.1,0.1,0.1,0.1,0.1,0.1,0.1,0.1,0.1,0.1,0.1,0.1,0.1,0.1,0.1,0.1,0.1,0.1,0.1,0.1,0.1,0.1,0.1,0.1,0.1,0.1,0.1,0.1,0.1,0.1,0.1,0.1,0.1,0.1,0.1,0.1,0.1,0.1,0.1,0.1,0.1,0.1,0.1,0.1,0.1,0.1,0.1,0.1,0.1,0.1,0.1,0.1,0.1,0.1,0.1,0.1,0.1,0.1,0.1,0.1,0.1,0.1,0.1,0.1,0.1,0.1,0.1,0.1,0.1,0.1,0.1,0.1,0.1,0.1,0.1,0.1,0.1,0.1,0.1,0.1,0.1,0.1,0.1,0.1,0.1,0.1,0.1,0.1,0.1,0.1,0.1,0.1], 019a9bc8-1efc-7053-81ed-ef46465b6558, 2025-11-19 11:02:54, 2025-11-19 11:02:54))

/home/user/cmis.marketing.limited/vendor/laravel/framework/src/Illuminate/Database/Connection.php:824
/home/user/cmis.marketing.limited/vendor/laravel/framework/src/Illuminate/Database/Connection.php:778
/home/user/cmis.marketing.limited/vendor/laravel/framework/src/Illuminate/Database/Connection.php:559
/home/user/cmis.marketing.limited/vendor/laravel/framework/src/Illuminate/Database/Connection.php:523
/home/user/cmis.marketing.limited/vendor/laravel/framework/src/Illuminate/Database/Query/Builder.php:3804
/home/user/cmis.marketing.limited/vendor/laravel/framework/src/Illuminate/Database/Eloquent/Builder.php:2235
/home/user/cmis.marketing.limited/vendor/laravel/framework/src/Illuminate/Database/Eloquent/Model.php:1412
/home/user/cmis.marketing.limited/vendor/laravel/framework/src/Illuminate/Database/Eloquent/Model.php:1240
/home/user/cmis.marketing.limited/vendor/laravel/framework/src/Illuminate/Database/Eloquent/Builder.php:1219
/home/user/cmis.marketing.limited/vendor/laravel/framework/src/Illuminate/Support/helpers.php:390
/home/user/cmis.marketing.limited/vendor/laravel/framework/src/Illuminate/Database/Eloquent/Builder.php:1218
/home/user/cmis.marketing.limited/vendor/laravel/framework/src/Illuminate/Support/Traits/ForwardsCalls.php:23
/home/user/cmis.marketing.limited/vendor/laravel/framework/src/Illuminate/Database/Eloquent/Model.php:2540
/home/user/cmis.marketing.limited/vendor/laravel/framework/src/Illuminate/Database/Eloquent/Model.php:2556
/home/user/cmis.marketing.limited/tests/Unit/Services/CMIS/SemanticSearchServiceTest.php:129</error>
        </testcase>
        <testcase name="it_handles_api_errors_gracefully" file="/home/user/cmis.marketing.limited/tests/Unit/Services/CMIS/SemanticSearchServiceTest.php" line="241" class="Tests\Unit\Services\CMIS\SemanticSearchServiceTest" classname="Tests.Unit.Services.CMIS.SemanticSearchServiceTest" assertions="0" time="0.063400">
          <error type="Error">Tests\Unit\Services\CMIS\SemanticSearchServiceTest::it_handles_api_errors_gracefully
Error: Call to undefined method App\Services\CMIS\SemanticSearchService::generateEmbedding()

/home/user/cmis.marketing.limited/tests/Unit/Services/CMIS/SemanticSearchServiceTest.php:245</error>
        </testcase>
        <testcase name="it_respects_org_isolation" file="/home/user/cmis.marketing.limited/tests/Unit/Services/CMIS/SemanticSearchServiceTest.php" line="157" class="Tests\Unit\Services\CMIS\SemanticSearchServiceTest" classname="Tests.Unit.Services.CMIS.SemanticSearchServiceTest" assertions="0" time="0.544262">
          <error type="Illuminate\Database\QueryException">Tests\Unit\Services\CMIS\SemanticSearchServiceTest::it_respects_org_isolation
Illuminate\Database\QueryException: SQLSTATE[42P01]: Undefined table: 7 ERROR:  relation "cmis.knowledge_index" does not exist
LINE 1: insert into "cmis"."knowledge_index" ("org_id", "content", "...
                    ^ (Connection: pgsql, SQL: insert into "cmis"."knowledge_index" ("org_id", "content", "embedding", "knowledge_id", "updated_at", "created_at") values (bb3d2878-726b-4926-8f45-05b2ed36a1c5, Org 1 content, [0.1,0.1,0.1,0.1,0.1,0.1,0.1,0.1,0.1,0.1,0.1,0.1,0.1,0.1,0.1,0.1,0.1,0.1,0.1,0.1,0.1,0.1,0.1,0.1,0.1,0.1,0.1,0.1,0.1,0.1,0.1,0.1,0.1,0.1,0.1,0.1,0.1,0.1,0.1,0.1,0.1,0.1,0.1,0.1,0.1,0.1,0.1,0.1,0.1,0.1,0.1,0.1,0.1,0.1,0.1,0.1,0.1,0.1,0.1,0.1,0.1,0.1,0.1,0.1,0.1,0.1,0.1,0.1,0.1,0.1,0.1,0.1,0.1,0.1,0.1,0.1,0.1,0.1,0.1,0.1,0.1,0.1,0.1,0.1,0.1,0.1,0.1,0.1,0.1,0.1,0.1,0.1,0.1,0.1,0.1,0.1,0.1,0.1,0.1,0.1,0.1,0.1,0.1,0.1,0.1,0.1,0.1,0.1,0.1,0.1,0.1,0.1,0.1,0.1,0.1,0.1,0.1,0.1,0.1,0.1,0.1,0.1,0.1,0.1,0.1,0.1,0.1,0.1,0.1,0.1,0.1,0.1,0.1,0.1,0.1,0.1,0.1,0.1,0.1,0.1,0.1,0.1,0.1,0.1,0.1,0.1,0.1,0.1,0.1,0.1,0.1,0.1,0.1,0.1,0.1,0.1,0.1,0.1,0.1,0.1,0.1,0.1,0.1,0.1,0.1,0.1,0.1,0.1,0.1,0.1,0.1,0.1,0.1,0.1,0.1,0.1,0.1,0.1,0.1,0.1,0.1,0.1,0.1,0.1,0.1,0.1,0.1,0.1,0.1,0.1,0.1,0.1,0.1,0.1,0.1,0.1,0.1,0.1,0.1,0.1,0.1,0.1,0.1,0.1,0.1,0.1,0.1,0.1,0.1,0.1,0.1,0.1,0.1,0.1,0.1,0.1,0.1,0.1,0.1,0.1,0.1,0.1,0.1,0.1,0.1,0.1,0.1,0.1,0.1,0.1,0.1,0.1,0.1,0.1,0.1,0.1,0.1,0.1,0.1,0.1,0.1,0.1,0.1,0.1,0.1,0.1,0.1,0.1,0.1,0.1,0.1,0.1,0.1,0.1,0.1,0.1,0.1,0.1,0.1,0.1,0.1,0.1,0.1,0.1,0.1,0.1,0.1,0.1,0.1,0.1,0.1,0.1,0.1,0.1,0.1,0.1,0.1,0.1,0.1,0.1,0.1,0.1,0.1,0.1,0.1,0.1,0.1,0.1,0.1,0.1,0.1,0.1,0.1,0.1,0.1,0.1,0.1,0.1,0.1,0.1,0.1,0.1,0.1,0.1,0.1,0.1,0.1,0.1,0.1,0.1,0.1,0.1,0.1,0.1,0.1,0.1,0.1,0.1,0.1,0.1,0.1,0.1,0.1,0.1,0.1,0.1,0.1,0.1,0.1,0.1,0.1,0.1,0.1,0.1,0.1,0.1,0.1,0.1,0.1,0.1,0.1,0.1,0.1,0.1,0.1,0.1,0.1,0.1,0.1,0.1,0.1,0.1,0.1,0.1,0.1,0.1,0.1,0.1,0.1,0.1,0.1,0.1,0.1,0.1,0.1,0.1,0.1,0.1,0.1,0.1,0.1,0.1,0.1,0.1,0.1,0.1,0.1,0.1,0.1,0.1,0.1,0.1,0.1,0.1,0.1,0.1,0.1,0.1,0.1,0.1,0.1,0.1,0.1,0.1,0.1,0.1,0.1,0.1,0.1,0.1,0.1,0.1,0.1,0.1,0.1,0.1,0.1,0.1,0.1,0.1,0.1,0.1,0.1,0.1,0.1,0.1,0.1,0.1,0.1,0.1,0.1,0.1,0.1,0.1,0.1,0.1,0.1,0.1,0.1,0.1,0.1,0.1,0.1,0.1,0.1,0.1,0.1,0.1,0.1,0.1,0.1,0.1,0.1,0.1,0.1,0.1,0.1,0.1,0.1,0.1,0.1,0.1,0.1,0.1,0.1,0.1,0.1,0.1,0.1,0.1,0.1,0.1,0.1,0.1,0.1,0.1,0.1,0.1,0.1,0.1,0.1,0.1,0.1,0.1,0.1,0.1,0.1,0.1,0.1,0.1,0.1,0.1,0.1,0.1,0.1,0.1,0.1,0.1,0.1,0.1,0.1,0.1,0.1,0.1,0.1,0.1,0.1,0.1,0.1,0.1,0.1,0.1,0.1,0.1,0.1,0.1,0.1,0.1,0.1,0.1,0.1,0.1,0.1,0.1,0.1,0.1,0.1,0.1,0.1,0.1,0.1,0.1,0.1,0.1,0.1,0.1,0.1,0.1,0.1,0.1,0.1,0.1,0.1,0.1,0.1,0.1,0.1,0.1,0.1,0.1,0.1,0.1,0.1,0.1,0.1,0.1,0.1,0.1,0.1,0.1,0.1,0.1,0.1,0.1,0.1,0.1,0.1,0.1,0.1,0.1,0.1,0.1,0.1,0.1,0.1,0.1,0.1,0.1,0.1,0.1,0.1,0.1,0.1,0.1,0.1,0.1,0.1,0.1,0.1,0.1,0.1,0.1,0.1,0.1,0.1,0.1,0.1,0.1,0.1,0.1,0.1,0.1,0.1,0.1,0.1,0.1,0.1,0.1,0.1,0.1,0.1,0.1,0.1,0.1,0.1,0.1,0.1,0.1,0.1,0.1,0.1,0.1,0.1,0.1,0.1,0.1,0.1,0.1,0.1,0.1,0.1,0.1,0.1,0.1,0.1,0.1,0.1,0.1,0.1,0.1,0.1,0.1,0.1,0.1,0.1,0.1,0.1,0.1,0.1,0.1,0.1,0.1,0.1,0.1,0.1,0.1,0.1,0.1,0.1,0.1,0.1,0.1,0.1,0.1,0.1,0.1,0.1,0.1,0.1,0.1,0.1,0.1,0.1,0.1,0.1,0.1,0.1,0.1,0.1,0.1,0.1,0.1,0.1,0.1,0.1,0.1,0.1,0.1,0.1,0.1,0.1,0.1,0.1,0.1,0.1,0.1,0.1,0.1,0.1,0.1,0.1,0.1,0.1,0.1,0.1,0.1,0.1,0.1,0.1,0.1,0.1,0.1,0.1,0.1,0.1,0.1,0.1,0.1,0.1,0.1,0.1,0.1,0.1,0.1,0.1,0.1,0.1,0.1,0.1,0.1,0.1,0.1,0.1,0.1,0.1,0.1,0.1,0.1,0.1,0.1,0.1,0.1,0.1,0.1,0.1,0.1,0.1,0.1,0.1,0.1,0.1,0.1,0.1,0.1,0.1,0.1,0.1,0.1,0.1,0.1,0.1,0.1,0.1,0.1,0.1,0.1,0.1,0.1,0.1,0.1,0.1,0.1,0.1,0.1,0.1,0.1,0.1,0.1], 019a9bc8-215b-72bf-8d18-e8786b73b42a, 2025-11-19 11:02:55, 2025-11-19 11:02:55))

/home/user/cmis.marketing.limited/vendor/laravel/framework/src/Illuminate/Database/Connection.php:824
/home/user/cmis.marketing.limited/vendor/laravel/framework/src/Illuminate/Database/Connection.php:778
/home/user/cmis.marketing.limited/vendor/laravel/framework/src/Illuminate/Database/Connection.php:559
/home/user/cmis.marketing.limited/vendor/laravel/framework/src/Illuminate/Database/Connection.php:523
/home/user/cmis.marketing.limited/vendor/laravel/framework/src/Illuminate/Database/Query/Builder.php:3804
/home/user/cmis.marketing.limited/vendor/laravel/framework/src/Illuminate/Database/Eloquent/Builder.php:2235
/home/user/cmis.marketing.limited/vendor/laravel/framework/src/Illuminate/Database/Eloquent/Model.php:1412
/home/user/cmis.marketing.limited/vendor/laravel/framework/src/Illuminate/Database/Eloquent/Model.php:1240
/home/user/cmis.marketing.limited/vendor/laravel/framework/src/Illuminate/Database/Eloquent/Builder.php:1219
/home/user/cmis.marketing.limited/vendor/laravel/framework/src/Illuminate/Support/helpers.php:390
/home/user/cmis.marketing.limited/vendor/laravel/framework/src/Illuminate/Database/Eloquent/Builder.php:1218
/home/user/cmis.marketing.limited/vendor/laravel/framework/src/Illuminate/Support/Traits/ForwardsCalls.php:23
/home/user/cmis.marketing.limited/vendor/laravel/framework/src/Illuminate/Database/Eloquent/Model.php:2540
/home/user/cmis.marketing.limited/vendor/laravel/framework/src/Illuminate/Database/Eloquent/Model.php:2556
/home/user/cmis.marketing.limited/tests/Unit/Services/CMIS/SemanticSearchServiceTest.php:168</error>
        </testcase>
        <testcase name="it_caches_embeddings_for_same_text" file="/home/user/cmis.marketing.limited/tests/Unit/Services/CMIS/SemanticSearchServiceTest.php" line="75" class="Tests\Unit\Services\CMIS\SemanticSearchServiceTest" classname="Tests.Unit.Services.CMIS.SemanticSearchServiceTest" assertions="0" time="0.064504">
          <error type="Error">Tests\Unit\Services\CMIS\SemanticSearchServiceTest::it_caches_embeddings_for_same_text
Error: Call to undefined method App\Services\CMIS\SemanticSearchService::generateEmbedding()

/home/user/cmis.marketing.limited/tests/Unit/Services/CMIS/SemanticSearchServiceTest.php:82</error>
        </testcase>
        <testcase name="it_can_perform_semantic_search" file="/home/user/cmis.marketing.limited/tests/Unit/Services/CMIS/SemanticSearchServiceTest.php" line="29" class="Tests\Unit\Services\CMIS\SemanticSearchServiceTest" classname="Tests.Unit.Services.CMIS.SemanticSearchServiceTest" assertions="0" time="0.310231">
          <error type="Illuminate\Database\QueryException">Tests\Unit\Services\CMIS\SemanticSearchServiceTest::it_can_perform_semantic_search
Illuminate\Database\QueryException: SQLSTATE[42P01]: Undefined table: 7 ERROR:  relation "cmis.knowledge_index" does not exist
LINE 1: insert into "cmis"."knowledge_index" ("org_id", "content", "...
                    ^ (Connection: pgsql, SQL: insert into "cmis"."knowledge_index" ("org_id", "content", "embedding", "knowledge_id", "updated_at", "created_at") values (bca13f96-7f35-4998-87be-54959d3bdb69, Summer campaign for fashion products, [0.1,0.1,0.1,0.1,0.1,0.1,0.1,0.1,0.1,0.1,0.1,0.1,0.1,0.1,0.1,0.1,0.1,0.1,0.1,0.1,0.1,0.1,0.1,0.1,0.1,0.1,0.1,0.1,0.1,0.1,0.1,0.1,0.1,0.1,0.1,0.1,0.1,0.1,0.1,0.1,0.1,0.1,0.1,0.1,0.1,0.1,0.1,0.1,0.1,0.1,0.1,0.1,0.1,0.1,0.1,0.1,0.1,0.1,0.1,0.1,0.1,0.1,0.1,0.1,0.1,0.1,0.1,0.1,0.1,0.1,0.1,0.1,0.1,0.1,0.1,0.1,0.1,0.1,0.1,0.1,0.1,0.1,0.1,0.1,0.1,0.1,0.1,0.1,0.1,0.1,0.1,0.1,0.1,0.1,0.1,0.1,0.1,0.1,0.1,0.1,0.1,0.1,0.1,0.1,0.1,0.1,0.1,0.1,0.1,0.1,0.1,0.1,0.1,0.1,0.1,0.1,0.1,0.1,0.1,0.1,0.1,0.1,0.1,0.1,0.1,0.1,0.1,0.1,0.1,0.1,0.1,0.1,0.1,0.1,0.1,0.1,0.1,0.1,0.1,0.1,0.1,0.1,0.1,0.1,0.1,0.1,0.1,0.1,0.1,0.1,0.1,0.1,0.1,0.1,0.1,0.1,0.1,0.1,0.1,0.1,0.1,0.1,0.1,0.1,0.1,0.1,0.1,0.1,0.1,0.1,0.1,0.1,0.1,0.1,0.1,0.1,0.1,0.1,0.1,0.1,0.1,0.1,0.1,0.1,0.1,0.1,0.1,0.1,0.1,0.1,0.1,0.1,0.1,0.1,0.1,0.1,0.1,0.1,0.1,0.1,0.1,0.1,0.1,0.1,0.1,0.1,0.1,0.1,0.1,0.1,0.1,0.1,0.1,0.1,0.1,0.1,0.1,0.1,0.1,0.1,0.1,0.1,0.1,0.1,0.1,0.1,0.1,0.1,0.1,0.1,0.1,0.1,0.1,0.1,0.1,0.1,0.1,0.1,0.1,0.1,0.1,0.1,0.1,0.1,0.1,0.1,0.1,0.1,0.1,0.1,0.1,0.1,0.1,0.1,0.1,0.1,0.1,0.1,0.1,0.1,0.1,0.1,0.1,0.1,0.1,0.1,0.1,0.1,0.1,0.1,0.1,0.1,0.1,0.1,0.1,0.1,0.1,0.1,0.1,0.1,0.1,0.1,0.1,0.1,0.1,0.1,0.1,0.1,0.1,0.1,0.1,0.1,0.1,0.1,0.1,0.1,0.1,0.1,0.1,0.1,0.1,0.1,0.1,0.1,0.1,0.1,0.1,0.1,0.1,0.1,0.1,0.1,0.1,0.1,0.1,0.1,0.1,0.1,0.1,0.1,0.1,0.1,0.1,0.1,0.1,0.1,0.1,0.1,0.1,0.1,0.1,0.1,0.1,0.1,0.1,0.1,0.1,0.1,0.1,0.1,0.1,0.1,0.1,0.1,0.1,0.1,0.1,0.1,0.1,0.1,0.1,0.1,0.1,0.1,0.1,0.1,0.1,0.1,0.1,0.1,0.1,0.1,0.1,0.1,0.1,0.1,0.1,0.1,0.1,0.1,0.1,0.1,0.1,0.1,0.1,0.1,0.1,0.1,0.1,0.1,0.1,0.1,0.1,0.1,0.1,0.1,0.1,0.1,0.1,0.1,0.1,0.1,0.1,0.1,0.1,0.1,0.1,0.1,0.1,0.1,0.1,0.1,0.1,0.1,0.1,0.1,0.1,0.1,0.1,0.1,0.1,0.1,0.1,0.1,0.1,0.1,0.1,0.1,0.1,0.1,0.1,0.1,0.1,0.1,0.1,0.1,0.1,0.1,0.1,0.1,0.1,0.1,0.1,0.1,0.1,0.1,0.1,0.1,0.1,0.1,0.1,0.1,0.1,0.1,0.1,0.1,0.1,0.1,0.1,0.1,0.1,0.1,0.1,0.1,0.1,0.1,0.1,0.1,0.1,0.1,0.1,0.1,0.1,0.1,0.1,0.1,0.1,0.1,0.1,0.1,0.1,0.1,0.1,0.1,0.1,0.1,0.1,0.1,0.1,0.1,0.1,0.1,0.1,0.1,0.1,0.1,0.1,0.1,0.1,0.1,0.1,0.1,0.1,0.1,0.1,0.1,0.1,0.1,0.1,0.1,0.1,0.1,0.1,0.1,0.1,0.1,0.1,0.1,0.1,0.1,0.1,0.1,0.1,0.1,0.1,0.1,0.1,0.1,0.1,0.1,0.1,0.1,0.1,0.1,0.1,0.1,0.1,0.1,0.1,0.1,0.1,0.1,0.1,0.1,0.1,0.1,0.1,0.1,0.1,0.1,0.1,0.1,0.1,0.1,0.1,0.1,0.1,0.1,0.1,0.1,0.1,0.1,0.1,0.1,0.1,0.1,0.1,0.1,0.1,0.1,0.1,0.1,0.1,0.1,0.1,0.1,0.1,0.1,0.1,0.1,0.1,0.1,0.1,0.1,0.1,0.1,0.1,0.1,0.1,0.1,0.1,0.1,0.1,0.1,0.1,0.1,0.1,0.1,0.1,0.1,0.1,0.1,0.1,0.1,0.1,0.1,0.1,0.1,0.1,0.1,0.1,0.1,0.1,0.1,0.1,0.1,0.1,0.1,0.1,0.1,0.1,0.1,0.1,0.1,0.1,0.1,0.1,0.1,0.1,0.1,0.1,0.1,0.1,0.1,0.1,0.1,0.1,0.1,0.1,0.1,0.1,0.1,0.1,0.1,0.1,0.1,0.1,0.1,0.1,0.1,0.1,0.1,0.1,0.1,0.1,0.1,0.1,0.1,0.1,0.1,0.1,0.1,0.1,0.1,0.1,0.1,0.1,0.1,0.1,0.1,0.1,0.1,0.1,0.1,0.1,0.1,0.1,0.1,0.1,0.1,0.1,0.1,0.1,0.1,0.1,0.1,0.1,0.1,0.1,0.1,0.1,0.1,0.1,0.1,0.1,0.1,0.1,0.1,0.1,0.1,0.1,0.1,0.1,0.1,0.1,0.1,0.1,0.1,0.1,0.1,0.1,0.1,0.1,0.1,0.1,0.1,0.1,0.1,0.1,0.1,0.1,0.1,0.1,0.1,0.1,0.1,0.1,0.1,0.1,0.1,0.1,0.1,0.1,0.1,0.1,0.1,0.1,0.1,0.1,0.1,0.1,0.1,0.1,0.1,0.1,0.1,0.1,0.1,0.1,0.1,0.1,0.1,0.1,0.1,0.1,0.1,0.1,0.1,0.1,0.1,0.1,0.1,0.1,0.1,0.1,0.1,0.1,0.1,0.1,0.1,0.1,0.1,0.1,0.1,0.1,0.1,0.1,0.1], 019a9bc8-22d3-7050-b5c7-2c4c792d68bc, 2025-11-19 11:02:55, 2025-11-19 11:02:55))

/home/user/cmis.marketing.limited/vendor/laravel/framework/src/Illuminate/Database/Connection.php:824
/home/user/cmis.marketing.limited/vendor/laravel/framework/src/Illuminate/Database/Connection.php:778
/home/user/cmis.marketing.limited/vendor/laravel/framework/src/Illuminate/Database/Connection.php:559
/home/user/cmis.marketing.limited/vendor/laravel/framework/src/Illuminate/Database/Connection.php:523
/home/user/cmis.marketing.limited/vendor/laravel/framework/src/Illuminate/Database/Query/Builder.php:3804
/home/user/cmis.marketing.limited/vendor/laravel/framework/src/Illuminate/Database/Eloquent/Builder.php:2235
/home/user/cmis.marketing.limited/vendor/laravel/framework/src/Illuminate/Database/Eloquent/Model.php:1412
/home/user/cmis.marketing.limited/vendor/laravel/framework/src/Illuminate/Database/Eloquent/Model.php:1240
/home/user/cmis.marketing.limited/vendor/laravel/framework/src/Illuminate/Database/Eloquent/Builder.php:1219
/home/user/cmis.marketing.limited/vendor/laravel/framework/src/Illuminate/Support/helpers.php:390
/home/user/cmis.marketing.limited/vendor/laravel/framework/src/Illuminate/Database/Eloquent/Builder.php:1218
/home/user/cmis.marketing.limited/vendor/laravel/framework/src/Illuminate/Support/Traits/ForwardsCalls.php:23
/home/user/cmis.marketing.limited/vendor/laravel/framework/src/Illuminate/Database/Eloquent/Model.php:2540
/home/user/cmis.marketing.limited/vendor/laravel/framework/src/Illuminate/Database/Eloquent/Model.php:2556
/home/user/cmis.marketing.limited/tests/Unit/Services/CMIS/SemanticSearchServiceTest.php:39</error>
        </testcase>
      </testsuite>
      <testsuite name="Tests\Unit\Models\Content\ContentMediaTest" file="/home/user/cmis.marketing.limited/tests/Unit/Models/Content/ContentMediaTest.php" tests="12" assertions="0" errors="12" failures="0" skipped="0" time="0.868332">
        <testcase name="it_stores_metadata_as_json" file="/home/user/cmis.marketing.limited/tests/Unit/Models/Content/ContentMediaTest.php" line="112" class="Tests\Unit\Models\Content\ContentMediaTest" classname="Tests.Unit.Models.Content.ContentMediaTest" assertions="0" time="0.086700">
          <error type="Error">Tests\Unit\Models\Content\ContentMediaTest::it_stores_metadata_as_json
Error: Class "App\Models\Content\ContentMedia" not found

/home/user/cmis.marketing.limited/tests/Unit/Models/Content/ContentMediaTest.php:126</error>
        </testcase>
        <testcase name="it_can_create_content_media" file="/home/user/cmis.marketing.limited/tests/Unit/Models/Content/ContentMediaTest.php" line="24" class="Tests\Unit\Models\Content\ContentMediaTest" classname="Tests.Unit.Models.Content.ContentMediaTest" assertions="0" time="0.065368">
          <error type="Error">Tests\Unit\Models\Content\ContentMediaTest::it_can_create_content_media
Error: Class "App\Models\Content\ContentMedia" not found

/home/user/cmis.marketing.limited/tests/Unit/Models/Content/ContentMediaTest.php:31</error>
        </testcase>
        <testcase name="it_has_file_type_categories" file="/home/user/cmis.marketing.limited/tests/Unit/Models/Content/ContentMediaTest.php" line="187" class="Tests\Unit\Models\Content\ContentMediaTest" classname="Tests.Unit.Models.Content.ContentMediaTest" assertions="0" time="0.064152">
          <error type="Error">Tests\Unit\Models\Content\ContentMediaTest::it_has_file_type_categories
Error: Class "App\Models\Content\ContentMedia" not found

/home/user/cmis.marketing.limited/tests/Unit/Models/Content/ContentMediaTest.php:194</error>
        </testcase>
        <testcase name="it_tracks_usage_count" file="/home/user/cmis.marketing.limited/tests/Unit/Models/Content/ContentMediaTest.php" line="141" class="Tests\Unit\Models\Content\ContentMediaTest" classname="Tests.Unit.Models.Content.ContentMediaTest" assertions="0" time="0.070540">
          <error type="Error">Tests\Unit\Models\Content\ContentMediaTest::it_tracks_usage_count
Error: Class "App\Models\Content\ContentMedia" not found

/home/user/cmis.marketing.limited/tests/Unit/Models/Content/ContentMediaTest.php:148</error>
        </testcase>
        <testcase name="it_stores_video_duration" file="/home/user/cmis.marketing.limited/tests/Unit/Models/Content/ContentMediaTest.php" line="91" class="Tests\Unit\Models\Content\ContentMediaTest" classname="Tests.Unit.Models.Content.ContentMediaTest" assertions="0" time="0.068981">
          <error type="Error">Tests\Unit\Models\Content\ContentMediaTest::it_stores_video_duration
Error: Class "App\Models\Content\ContentMedia" not found

/home/user/cmis.marketing.limited/tests/Unit/Models/Content/ContentMediaTest.php:98</error>
        </testcase>
        <testcase name="it_stores_image_dimensions" file="/home/user/cmis.marketing.limited/tests/Unit/Models/Content/ContentMediaTest.php" line="68" class="Tests\Unit\Models\Content\ContentMediaTest" classname="Tests.Unit.Models.Content.ContentMediaTest" assertions="0" time="0.088247">
          <error type="Error">Tests\Unit\Models\Content\ContentMediaTest::it_stores_image_dimensions
Error: Class "App\Models\Content\ContentMedia" not found

/home/user/cmis.marketing.limited/tests/Unit/Models/Content/ContentMediaTest.php:75</error>
        </testcase>
        <testcase name="it_uses_uuid_as_primary_key" file="/home/user/cmis.marketing.limited/tests/Unit/Models/Content/ContentMediaTest.php" line="227" class="Tests\Unit\Models\Content\ContentMediaTest" classname="Tests.Unit.Models.Content.ContentMediaTest" assertions="0" time="0.065996">
          <error type="Error">Tests\Unit\Models\Content\ContentMediaTest::it_uses_uuid_as_primary_key
Error: Class "App\Models\Content\ContentMedia" not found

/home/user/cmis.marketing.limited/tests/Unit/Models/Content/ContentMediaTest.php:234</error>
        </testcase>
        <testcase name="it_can_be_soft_deleted" file="/home/user/cmis.marketing.limited/tests/Unit/Models/Content/ContentMediaTest.php" line="268" class="Tests\Unit\Models\Content\ContentMediaTest" classname="Tests.Unit.Models.Content.ContentMediaTest" assertions="0" time="0.068788">
          <error type="Error">Tests\Unit\Models\Content\ContentMediaTest::it_can_be_soft_deleted
Error: Class "App\Models\Content\ContentMedia" not found

/home/user/cmis.marketing.limited/tests/Unit/Models/Content/ContentMediaTest.php:275</error>
        </testcase>
        <testcase name="it_stores_thumbnail_path" file="/home/user/cmis.marketing.limited/tests/Unit/Models/Content/ContentMediaTest.php" line="166" class="Tests\Unit\Models\Content\ContentMediaTest" classname="Tests.Unit.Models.Content.ContentMediaTest" assertions="0" time="0.064807">
          <error type="Error">Tests\Unit\Models\Content\ContentMediaTest::it_stores_thumbnail_path
Error: Class "App\Models\Content\ContentMedia" not found

/home/user/cmis.marketing.limited/tests/Unit/Models/Content/ContentMediaTest.php:173</error>
        </testcase>
        <testcase name="it_respects_rls_policies" file="/home/user/cmis.marketing.limited/tests/Unit/Models/Content/ContentMediaTest.php" line="294" class="Tests\Unit\Models\Content\ContentMediaTest" classname="Tests.Unit.Models.Content.ContentMediaTest" assertions="0" time="0.074275">
          <error type="Error">Tests\Unit\Models\Content\ContentMediaTest::it_respects_rls_policies
Error: Class "App\Models\Content\ContentMedia" not found

/home/user/cmis.marketing.limited/tests/Unit/Models/Content/ContentMediaTest.php:306</error>
        </testcase>
        <testcase name="it_has_timestamps" file="/home/user/cmis.marketing.limited/tests/Unit/Models/Content/ContentMediaTest.php" line="247" class="Tests\Unit\Models\Content\ContentMediaTest" classname="Tests.Unit.Models.Content.ContentMediaTest" assertions="0" time="0.068109">
          <error type="Error">Tests\Unit\Models\Content\ContentMediaTest::it_has_timestamps
Error: Class "App\Models\Content\ContentMedia" not found

/home/user/cmis.marketing.limited/tests/Unit/Models/Content/ContentMediaTest.php:254</error>
        </testcase>
        <testcase name="it_belongs_to_org" file="/home/user/cmis.marketing.limited/tests/Unit/Models/Content/ContentMediaTest.php" line="48" class="Tests\Unit\Models\Content\ContentMediaTest" classname="Tests.Unit.Models.Content.ContentMediaTest" assertions="0" time="0.082368">
          <error type="Error">Tests\Unit\Models\Content\ContentMediaTest::it_belongs_to_org
Error: Class "App\Models\Content\ContentMedia" not found

/home/user/cmis.marketing.limited/tests/Unit/Models/Content/ContentMediaTest.php:55</error>
        </testcase>
      </testsuite>
      <testsuite name="Tests\Unit\Models\Comment\CommentTest" file="/home/user/cmis.marketing.limited/tests/Unit/Models/Comment/CommentTest.php" tests="13" assertions="0" errors="13" failures="0" skipped="0" time="3.906974">
        <testcase name="it_stores_attachments" file="/home/user/cmis.marketing.limited/tests/Unit/Models/Comment/CommentTest.php" line="309" class="Tests\Unit\Models\Comment\CommentTest" classname="Tests.Unit.Models.Comment.CommentTest" assertions="0" time="0.304786">
          <error type="Error">Tests\Unit\Models\Comment\CommentTest::it_stores_attachments
Error: Class "App\Models\Comment\Comment" not found

/home/user/cmis.marketing.limited/tests/Unit/Models/Comment/CommentTest.php:328</error>
        </testcase>
        <testcase name="it_can_be_edited" file="/home/user/cmis.marketing.limited/tests/Unit/Models/Comment/CommentTest.php" line="182" class="Tests\Unit\Models\Comment\CommentTest" classname="Tests.Unit.Models.Comment.CommentTest" assertions="0" time="0.298434">
          <error type="Error">Tests\Unit\Models\Comment\CommentTest::it_can_be_edited
Error: Class "App\Models\Comment\Comment" not found

/home/user/cmis.marketing.limited/tests/Unit/Models/Comment/CommentTest.php:196</error>
        </testcase>
        <testcase name="it_belongs_to_org" file="/home/user/cmis.marketing.limited/tests/Unit/Models/Comment/CommentTest.php" line="56" class="Tests\Unit\Models\Comment\CommentTest" classname="Tests.Unit.Models.Comment.CommentTest" assertions="0" time="0.298219">
          <error type="Error">Tests\Unit\Models\Comment\CommentTest::it_belongs_to_org
Error: Class "App\Models\Comment\Comment" not found

/home/user/cmis.marketing.limited/tests/Unit/Models/Comment/CommentTest.php:70</error>
        </testcase>
        <testcase name="it_uses_uuid_as_primary_key" file="/home/user/cmis.marketing.limited/tests/Unit/Models/Comment/CommentTest.php" line="342" class="Tests\Unit\Models\Comment\CommentTest" classname="Tests.Unit.Models.Comment.CommentTest" assertions="0" time="0.298116">
          <error type="Error">Tests\Unit\Models\Comment\CommentTest::it_uses_uuid_as_primary_key
Error: Class "App\Models\Comment\Comment" not found

/home/user/cmis.marketing.limited/tests/Unit/Models/Comment/CommentTest.php:356</error>
        </testcase>
        <testcase name="it_belongs_to_user" file="/home/user/cmis.marketing.limited/tests/Unit/Models/Comment/CommentTest.php" line="83" class="Tests\Unit\Models\Comment\CommentTest" classname="Tests.Unit.Models.Comment.CommentTest" assertions="0" time="0.313566">
          <error type="Error">Tests\Unit\Models\Comment\CommentTest::it_belongs_to_user
Error: Class "App\Models\Comment\Comment" not found

/home/user/cmis.marketing.limited/tests/Unit/Models/Comment/CommentTest.php:97</error>
        </testcase>
        <testcase name="it_respects_rls_policies" file="/home/user/cmis.marketing.limited/tests/Unit/Models/Comment/CommentTest.php" line="397" class="Tests\Unit\Models\Comment\CommentTest" classname="Tests.Unit.Models.Comment.CommentTest" assertions="0" time="0.304616">
          <error type="Error">Tests\Unit\Models\Comment\CommentTest::it_respects_rls_policies
Error: Class "App\Models\Comment\Comment" not found

/home/user/cmis.marketing.limited/tests/Unit/Models/Comment/CommentTest.php:416</error>
        </testcase>
        <testcase name="it_is_polymorphic" file="/home/user/cmis.marketing.limited/tests/Unit/Models/Comment/CommentTest.php" line="110" class="Tests\Unit\Models\Comment\CommentTest" classname="Tests.Unit.Models.Comment.CommentTest" assertions="0" time="0.304583">
          <error type="Error">Tests\Unit\Models\Comment\CommentTest::it_is_polymorphic
Error: Class "App\Models\Comment\Comment" not found

/home/user/cmis.marketing.limited/tests/Unit/Models/Comment/CommentTest.php:131</error>
        </testcase>
        <testcase name="it_supports_soft_deletes" file="/home/user/cmis.marketing.limited/tests/Unit/Models/Comment/CommentTest.php" line="278" class="Tests\Unit\Models\Comment\CommentTest" classname="Tests.Unit.Models.Comment.CommentTest" assertions="0" time="0.301062">
          <error type="Error">Tests\Unit\Models\Comment\CommentTest::it_supports_soft_deletes
Error: Class "App\Models\Comment\Comment" not found

/home/user/cmis.marketing.limited/tests/Unit/Models/Comment/CommentTest.php:292</error>
        </testcase>
        <testcase name="it_can_be_marked_as_resolved" file="/home/user/cmis.marketing.limited/tests/Unit/Models/Comment/CommentTest.php" line="248" class="Tests\Unit\Models\Comment\CommentTest" classname="Tests.Unit.Models.Comment.CommentTest" assertions="0" time="0.297756">
          <error type="Error">Tests\Unit\Models\Comment\CommentTest::it_can_be_marked_as_resolved
Error: Class "App\Models\Comment\Comment" not found

/home/user/cmis.marketing.limited/tests/Unit/Models/Comment/CommentTest.php:262</error>
        </testcase>
        <testcase name="it_can_create_comment" file="/home/user/cmis.marketing.limited/tests/Unit/Models/Comment/CommentTest.php" line="26" class="Tests\Unit\Models\Comment\CommentTest" classname="Tests.Unit.Models.Comment.CommentTest" assertions="0" time="0.311787">
          <error type="Error">Tests\Unit\Models\Comment\CommentTest::it_can_create_comment
Error: Class "App\Models\Comment\Comment" not found

/home/user/cmis.marketing.limited/tests/Unit/Models/Comment/CommentTest.php:40</error>
        </testcase>
        <testcase name="it_has_timestamps" file="/home/user/cmis.marketing.limited/tests/Unit/Models/Comment/CommentTest.php" line="369" class="Tests\Unit\Models\Comment\CommentTest" classname="Tests.Unit.Models.Comment.CommentTest" assertions="0" time="0.288745">
          <error type="Error">Tests\Unit\Models\Comment\CommentTest::it_has_timestamps
Error: Class "App\Models\Comment\Comment" not found

/home/user/cmis.marketing.limited/tests/Unit/Models/Comment/CommentTest.php:383</error>
        </testcase>
        <testcase name="it_can_have_parent_comment" file="/home/user/cmis.marketing.limited/tests/Unit/Models/Comment/CommentTest.php" line="145" class="Tests\Unit\Models\Comment\CommentTest" classname="Tests.Unit.Models.Comment.CommentTest" assertions="0" time="0.291594">
          <error type="Error">Tests\Unit\Models\Comment\CommentTest::it_can_have_parent_comment
Error: Class "App\Models\Comment\Comment" not found

/home/user/cmis.marketing.limited/tests/Unit/Models/Comment/CommentTest.php:159</error>
        </testcase>
        <testcase name="it_tracks_mentions" file="/home/user/cmis.marketing.limited/tests/Unit/Models/Comment/CommentTest.php" line="215" class="Tests\Unit\Models\Comment\CommentTest" classname="Tests.Unit.Models.Comment.CommentTest" assertions="0" time="0.293710">
          <error type="Error">Tests\Unit\Models\Comment\CommentTest::it_tracks_mentions
Error: Class "App\Models\Comment\Comment" not found

/home/user/cmis.marketing.limited/tests/Unit/Models/Comment/CommentTest.php:234</error>
        </testcase>
      </testsuite>
      <testsuite name="Tests\Unit\Models\Notification\NotificationPreferenceTest" file="/home/user/cmis.marketing.limited/tests/Unit/Models/Notification/NotificationPreferenceTest.php" tests="12" assertions="0" errors="12" failures="0" skipped="0" time="3.779813">
        <testcase name="it_has_timestamps" file="/home/user/cmis.marketing.limited/tests/Unit/Models/Notification/NotificationPreferenceTest.php" line="307" class="Tests\Unit\Models\Notification\NotificationPreferenceTest" classname="Tests.Unit.Models.Notification.NotificationPreferenceTest" assertions="0" time="0.301986">
          <error type="Error">Tests\Unit\Models\Notification\NotificationPreferenceTest::it_has_timestamps
Error: Class "App\Models\Notification\NotificationPreference" not found

/home/user/cmis.marketing.limited/tests/Unit/Models/Notification/NotificationPreferenceTest.php:321</error>
        </testcase>
        <testcase name="it_belongs_to_org" file="/home/user/cmis.marketing.limited/tests/Unit/Models/Notification/NotificationPreferenceTest.php" line="81" class="Tests\Unit\Models\Notification\NotificationPreferenceTest" classname="Tests.Unit.Models.Notification.NotificationPreferenceTest" assertions="0" time="0.315382">
          <error type="Error">Tests\Unit\Models\Notification\NotificationPreferenceTest::it_belongs_to_org
Error: Class "App\Models\Notification\NotificationPreference" not found

/home/user/cmis.marketing.limited/tests/Unit/Models/Notification/NotificationPreferenceTest.php:95</error>
        </testcase>
        <testcase name="it_uses_uuid_as_primary_key" file="/home/user/cmis.marketing.limited/tests/Unit/Models/Notification/NotificationPreferenceTest.php" line="281" class="Tests\Unit\Models\Notification\NotificationPreferenceTest" classname="Tests.Unit.Models.Notification.NotificationPreferenceTest" assertions="0" time="0.293691">
          <error type="Error">Tests\Unit\Models\Notification\NotificationPreferenceTest::it_uses_uuid_as_primary_key
Error: Class "App\Models\Notification\NotificationPreference" not found

/home/user/cmis.marketing.limited/tests/Unit/Models/Notification/NotificationPreferenceTest.php:295</error>
        </testcase>
        <testcase name="it_can_enable_email_notifications" file="/home/user/cmis.marketing.limited/tests/Unit/Models/Notification/NotificationPreferenceTest.php" line="145" class="Tests\Unit\Models\Notification\NotificationPreferenceTest" classname="Tests.Unit.Models.Notification.NotificationPreferenceTest" assertions="0" time="0.295889">
          <error type="Error">Tests\Unit\Models\Notification\NotificationPreferenceTest::it_can_enable_email_notifications
Error: Class "App\Models\Notification\NotificationPreference" not found

/home/user/cmis.marketing.limited/tests/Unit/Models/Notification/NotificationPreferenceTest.php:159</error>
        </testcase>
        <testcase name="it_respects_rls_policies" file="/home/user/cmis.marketing.limited/tests/Unit/Models/Notification/NotificationPreferenceTest.php" line="334" class="Tests\Unit\Models\Notification\NotificationPreferenceTest" classname="Tests.Unit.Models.Notification.NotificationPreferenceTest" assertions="0" time="0.519182">
          <error type="Error">Tests\Unit\Models\Notification\NotificationPreferenceTest::it_respects_rls_policies
Error: Class "App\Models\Notification\NotificationPreference" not found

/home/user/cmis.marketing.limited/tests/Unit/Models/Notification/NotificationPreferenceTest.php:360</error>
        </testcase>
        <testcase name="it_has_different_notification_types" file="/home/user/cmis.marketing.limited/tests/Unit/Models/Notification/NotificationPreferenceTest.php" line="107" class="Tests\Unit\Models\Notification\NotificationPreferenceTest" classname="Tests.Unit.Models.Notification.NotificationPreferenceTest" assertions="0" time="0.287658">
          <error type="Error">Tests\Unit\Models\Notification\NotificationPreferenceTest::it_has_different_notification_types
Error: Class "App\Models\Notification\NotificationPreference" not found

/home/user/cmis.marketing.limited/tests/Unit/Models/Notification/NotificationPreferenceTest.php:131</error>
        </testcase>
        <testcase name="it_can_create_notification_preference" file="/home/user/cmis.marketing.limited/tests/Unit/Models/Notification/NotificationPreferenceTest.php" line="25" class="Tests\Unit\Models\Notification\NotificationPreferenceTest" classname="Tests.Unit.Models.Notification.NotificationPreferenceTest" assertions="0" time="0.305167">
          <error type="Error">Tests\Unit\Models\Notification\NotificationPreferenceTest::it_can_create_notification_preference
Error: Class "App\Models\Notification\NotificationPreference" not found

/home/user/cmis.marketing.limited/tests/Unit/Models/Notification/NotificationPreferenceTest.php:39</error>
        </testcase>
        <testcase name="it_can_disable_all_channels" file="/home/user/cmis.marketing.limited/tests/Unit/Models/Notification/NotificationPreferenceTest.php" line="249" class="Tests\Unit\Models\Notification\NotificationPreferenceTest" classname="Tests.Unit.Models.Notification.NotificationPreferenceTest" assertions="0" time="0.291644">
          <error type="Error">Tests\Unit\Models\Notification\NotificationPreferenceTest::it_can_disable_all_channels
Error: Class "App\Models\Notification\NotificationPreference" not found

/home/user/cmis.marketing.limited/tests/Unit/Models/Notification/NotificationPreferenceTest.php:263</error>
        </testcase>
        <testcase name="it_can_enable_sms_notifications" file="/home/user/cmis.marketing.limited/tests/Unit/Models/Notification/NotificationPreferenceTest.php" line="171" class="Tests\Unit\Models\Notification\NotificationPreferenceTest" classname="Tests.Unit.Models.Notification.NotificationPreferenceTest" assertions="0" time="0.290420">
          <error type="Error">Tests\Unit\Models\Notification\NotificationPreferenceTest::it_can_enable_sms_notifications
Error: Class "App\Models\Notification\NotificationPreference" not found

/home/user/cmis.marketing.limited/tests/Unit/Models/Notification/NotificationPreferenceTest.php:185</error>
        </testcase>
        <testcase name="it_can_enable_push_notifications" file="/home/user/cmis.marketing.limited/tests/Unit/Models/Notification/NotificationPreferenceTest.php" line="197" class="Tests\Unit\Models\Notification\NotificationPreferenceTest" classname="Tests.Unit.Models.Notification.NotificationPreferenceTest" assertions="0" time="0.291838">
          <error type="Error">Tests\Unit\Models\Notification\NotificationPreferenceTest::it_can_enable_push_notifications
Error: Class "App\Models\Notification\NotificationPreference" not found

/home/user/cmis.marketing.limited/tests/Unit/Models/Notification/NotificationPreferenceTest.php:211</error>
        </testcase>
        <testcase name="it_belongs_to_user" file="/home/user/cmis.marketing.limited/tests/Unit/Models/Notification/NotificationPreferenceTest.php" line="55" class="Tests\Unit\Models\Notification\NotificationPreferenceTest" classname="Tests.Unit.Models.Notification.NotificationPreferenceTest" assertions="0" time="0.293186">
          <error type="Error">Tests\Unit\Models\Notification\NotificationPreferenceTest::it_belongs_to_user
Error: Class "App\Models\Notification\NotificationPreference" not found

/home/user/cmis.marketing.limited/tests/Unit/Models/Notification/NotificationPreferenceTest.php:69</error>
        </testcase>
        <testcase name="it_can_enable_in_app_notifications" file="/home/user/cmis.marketing.limited/tests/Unit/Models/Notification/NotificationPreferenceTest.php" line="223" class="Tests\Unit\Models\Notification\NotificationPreferenceTest" classname="Tests.Unit.Models.Notification.NotificationPreferenceTest" assertions="0" time="0.293769">
          <error type="Error">Tests\Unit\Models\Notification\NotificationPreferenceTest::it_can_enable_in_app_notifications
Error: Class "App\Models\Notification\NotificationPreference" not found

/home/user/cmis.marketing.limited/tests/Unit/Models/Notification/NotificationPreferenceTest.php:237</error>
        </testcase>
      </testsuite>
      <testsuite name="Tests\Unit\Jobs\SyncFacebookDataJobTest" file="/home/user/cmis.marketing.limited/tests/Unit/Jobs/SyncFacebookDataJobTest.php" tests="7" assertions="0" errors="7" failures="0" skipped="0" time="0.000000">
        <testcase name="test_job_serialization" file="/home/user/cmis.marketing.limited/tests/Unit/Jobs/SyncFacebookDataJobTest.php" line="121" class="Tests\Unit\Jobs\SyncFacebookDataJobTest" classname="Tests.Unit.Jobs.SyncFacebookDataJobTest" assertions="0" time="0.000000">
          <error type="Error">Tests\Unit\Jobs\SyncFacebookDataJobTest::test_job_serialization
Error: Class "App\Models\Integration" not found

/home/user/cmis.marketing.limited/tests/Unit/Jobs/SyncFacebookDataJobTest.php:23</error>
        </testcase>
        <testcase name="test_job_logs_success_on_completion" file="/home/user/cmis.marketing.limited/tests/Unit/Jobs/SyncFacebookDataJobTest.php" line="57" class="Tests\Unit\Jobs\SyncFacebookDataJobTest" classname="Tests.Unit.Jobs.SyncFacebookDataJobTest" assertions="0" time="0.000000">
          <error type="Error">Tests\Unit\Jobs\SyncFacebookDataJobTest::test_job_logs_success_on_completion
Error: Class "App\Models\Integration" not found

/home/user/cmis.marketing.limited/tests/Unit/Jobs/SyncFacebookDataJobTest.php:23</error>
        </testcase>
        <testcase name="test_job_can_be_dispatched" file="/home/user/cmis.marketing.limited/tests/Unit/Jobs/SyncFacebookDataJobTest.php" line="30" class="Tests\Unit\Jobs\SyncFacebookDataJobTest" classname="Tests.Unit.Jobs.SyncFacebookDataJobTest" assertions="0" time="0.000000">
          <error type="Error">Tests\Unit\Jobs\SyncFacebookDataJobTest::test_job_can_be_dispatched
Error: Class "App\Models\Integration" not found

/home/user/cmis.marketing.limited/tests/Unit/Jobs/SyncFacebookDataJobTest.php:23</error>
        </testcase>
        <testcase name="test_job_creates_sync_log_on_success" file="/home/user/cmis.marketing.limited/tests/Unit/Jobs/SyncFacebookDataJobTest.php" line="85" class="Tests\Unit\Jobs\SyncFacebookDataJobTest" classname="Tests.Unit.Jobs.SyncFacebookDataJobTest" assertions="0" time="0.000000">
          <error type="Error">Tests\Unit\Jobs\SyncFacebookDataJobTest::test_job_creates_sync_log_on_success
Error: Class "App\Models\Integration" not found

/home/user/cmis.marketing.limited/tests/Unit/Jobs/SyncFacebookDataJobTest.php:23</error>
        </testcase>
        <testcase name="test_job_has_correct_configuration" file="/home/user/cmis.marketing.limited/tests/Unit/Jobs/SyncFacebookDataJobTest.php" line="39" class="Tests\Unit\Jobs\SyncFacebookDataJobTest" classname="Tests.Unit.Jobs.SyncFacebookDataJobTest" assertions="0" time="0.000000">
          <error type="Error">Tests\Unit\Jobs\SyncFacebookDataJobTest::test_job_has_correct_configuration
Error: Class "App\Models\Integration" not found

/home/user/cmis.marketing.limited/tests/Unit/Jobs/SyncFacebookDataJobTest.php:23</error>
        </testcase>
        <testcase name="test_job_is_pushed_to_correct_queue" file="/home/user/cmis.marketing.limited/tests/Unit/Jobs/SyncFacebookDataJobTest.php" line="48" class="Tests\Unit\Jobs\SyncFacebookDataJobTest" classname="Tests.Unit.Jobs.SyncFacebookDataJobTest" assertions="0" time="0.000000">
          <error type="Error">Tests\Unit\Jobs\SyncFacebookDataJobTest::test_job_is_pushed_to_correct_queue
Error: Class "App\Models\Integration" not found

/home/user/cmis.marketing.limited/tests/Unit/Jobs/SyncFacebookDataJobTest.php:23</error>
        </testcase>
        <testcase name="test_job_updates_integration_on_failure" file="/home/user/cmis.marketing.limited/tests/Unit/Jobs/SyncFacebookDataJobTest.php" line="109" class="Tests\Unit\Jobs\SyncFacebookDataJobTest" classname="Tests.Unit.Jobs.SyncFacebookDataJobTest" assertions="0" time="0.000000">
          <error type="Error">Tests\Unit\Jobs\SyncFacebookDataJobTest::test_job_updates_integration_on_failure
Error: Class "App\Models\Integration" not found

/home/user/cmis.marketing.limited/tests/Unit/Jobs/SyncFacebookDataJobTest.php:23</error>
        </testcase>
      </testsuite>
      <testsuite name="Tests\Unit\Jobs\SyncAnalyticsJobTest" file="/home/user/cmis.marketing.limited/tests/Unit/Jobs/SyncAnalyticsJobTest.php" tests="11" assertions="1" errors="10" failures="0" skipped="0" time="0.715849">
        <testcase name="it_updates_existing_analytics" file="/home/user/cmis.marketing.limited/tests/Unit/Jobs/SyncAnalyticsJobTest.php" line="101" class="Tests\Unit\Jobs\SyncAnalyticsJobTest" classname="Tests.Unit.Jobs.SyncAnalyticsJobTest" assertions="0" time="0.063637">
          <error type="Error">Tests\Unit\Jobs\SyncAnalyticsJobTest::it_updates_existing_analytics
Error: Class "App\Jobs\Analytics\SyncAnalyticsJob" not found

/home/user/cmis.marketing.limited/tests/Unit/Jobs/SyncAnalyticsJobTest.php:119</error>
        </testcase>
        <testcase name="it_syncs_platform_specific_metrics" file="/home/user/cmis.marketing.limited/tests/Unit/Jobs/SyncAnalyticsJobTest.php" line="65" class="Tests\Unit\Jobs\SyncAnalyticsJobTest" classname="Tests.Unit.Jobs.SyncAnalyticsJobTest" assertions="0" time="0.059391">
          <error type="Error">Tests\Unit\Jobs\SyncAnalyticsJobTest::it_syncs_platform_specific_metrics
Error: Class "App\Models\Platform\PlatformConnection" not found

/home/user/cmis.marketing.limited/tests/Unit/Jobs/SyncAnalyticsJobTest.php:81</error>
        </testcase>
        <testcase name="it_handles_api_errors_gracefully" file="/home/user/cmis.marketing.limited/tests/Unit/Jobs/SyncAnalyticsJobTest.php" line="191" class="Tests\Unit\Jobs\SyncAnalyticsJobTest" classname="Tests.Unit.Jobs.SyncAnalyticsJobTest" assertions="0" time="0.056846">
          <error type="Error">Tests\Unit\Jobs\SyncAnalyticsJobTest::it_handles_api_errors_gracefully
Error: Class "App\Jobs\Analytics\SyncAnalyticsJob" not found

/home/user/cmis.marketing.limited/tests/Unit/Jobs/SyncAnalyticsJobTest.php:209</error>
        </testcase>
        <testcase name="it_stores_historical_data" file="/home/user/cmis.marketing.limited/tests/Unit/Jobs/SyncAnalyticsJobTest.php" line="294" class="Tests\Unit\Jobs\SyncAnalyticsJobTest" classname="Tests.Unit.Jobs.SyncAnalyticsJobTest" assertions="0" time="0.071623">
          <error type="Error">Tests\Unit\Jobs\SyncAnalyticsJobTest::it_stores_historical_data
Error: Class "App\Jobs\Analytics\SyncAnalyticsJob" not found

/home/user/cmis.marketing.limited/tests/Unit/Jobs/SyncAnalyticsJobTest.php:312</error>
        </testcase>
        <testcase name="it_syncs_cost_metrics" file="/home/user/cmis.marketing.limited/tests/Unit/Jobs/SyncAnalyticsJobTest.php" line="257" class="Tests\Unit\Jobs\SyncAnalyticsJobTest" classname="Tests.Unit.Jobs.SyncAnalyticsJobTest" assertions="0" time="0.061505">
          <error type="Error">Tests\Unit\Jobs\SyncAnalyticsJobTest::it_syncs_cost_metrics
Error: Class "App\Jobs\Analytics\SyncAnalyticsJob" not found

/home/user/cmis.marketing.limited/tests/Unit/Jobs/SyncAnalyticsJobTest.php:281</error>
        </testcase>
        <testcase name="it_calculates_engagement_rate" file="/home/user/cmis.marketing.limited/tests/Unit/Jobs/SyncAnalyticsJobTest.php" line="221" class="Tests\Unit\Jobs\SyncAnalyticsJobTest" classname="Tests.Unit.Jobs.SyncAnalyticsJobTest" assertions="0" time="0.062131">
          <error type="Error">Tests\Unit\Jobs\SyncAnalyticsJobTest::it_calculates_engagement_rate
Error: Class "App\Jobs\Analytics\SyncAnalyticsJob" not found

/home/user/cmis.marketing.limited/tests/Unit/Jobs/SyncAnalyticsJobTest.php:244</error>
        </testcase>
        <testcase name="it_syncs_campaign_analytics" file="/home/user/cmis.marketing.limited/tests/Unit/Jobs/SyncAnalyticsJobTest.php" line="29" class="Tests\Unit\Jobs\SyncAnalyticsJobTest" classname="Tests.Unit.Jobs.SyncAnalyticsJobTest" assertions="0" time="0.064431">
          <error type="Error">Tests\Unit\Jobs\SyncAnalyticsJobTest::it_syncs_campaign_analytics
Error: Class "App\Jobs\Analytics\SyncAnalyticsJob" not found

/home/user/cmis.marketing.limited/tests/Unit/Jobs/SyncAnalyticsJobTest.php:53</error>
        </testcase>
        <testcase name="it_can_sync_for_date_range" file="/home/user/cmis.marketing.limited/tests/Unit/Jobs/SyncAnalyticsJobTest.php" line="131" class="Tests\Unit\Jobs\SyncAnalyticsJobTest" classname="Tests.Unit.Jobs.SyncAnalyticsJobTest" assertions="0" time="0.063068">
          <error type="Error">Tests\Unit\Jobs\SyncAnalyticsJobTest::it_can_sync_for_date_range
Error: Class "App\Jobs\Analytics\SyncAnalyticsJob" not found

/home/user/cmis.marketing.limited/tests/Unit/Jobs/SyncAnalyticsJobTest.php:149</error>
        </testcase>
        <testcase name="it_respects_org_isolation" file="/home/user/cmis.marketing.limited/tests/Unit/Jobs/SyncAnalyticsJobTest.php" line="358" class="Tests\Unit\Jobs\SyncAnalyticsJobTest" classname="Tests.Unit.Jobs.SyncAnalyticsJobTest" assertions="1" time="0.063172"/>
        <testcase name="it_supports_batch_syncing" file="/home/user/cmis.marketing.limited/tests/Unit/Jobs/SyncAnalyticsJobTest.php" line="324" class="Tests\Unit\Jobs\SyncAnalyticsJobTest" classname="Tests.Unit.Jobs.SyncAnalyticsJobTest" assertions="0" time="0.086547">
          <error type="Error">Tests\Unit\Jobs\SyncAnalyticsJobTest::it_supports_batch_syncing
Error: Class "App\Jobs\Analytics\SyncAnalyticsJob" not found

/home/user/cmis.marketing.limited/tests/Unit/Jobs/SyncAnalyticsJobTest.php:345</error>
        </testcase>
        <testcase name="it_can_be_dispatched" file="/home/user/cmis.marketing.limited/tests/Unit/Jobs/SyncAnalyticsJobTest.php" line="164" class="Tests\Unit\Jobs\SyncAnalyticsJobTest" classname="Tests.Unit.Jobs.SyncAnalyticsJobTest" assertions="0" time="0.063499">
          <error type="Error">Tests\Unit\Jobs\SyncAnalyticsJobTest::it_can_be_dispatched
Error: Class "App\Jobs\Analytics\SyncAnalyticsJob" not found

/home/user/cmis.marketing.limited/tests/Unit/Jobs/SyncAnalyticsJobTest.php:180</error>
        </testcase>
      </testsuite>
      <testsuite name="Tests\Unit\Services\PinterestServiceTest" file="/home/user/cmis.marketing.limited/tests/Unit/Services/PinterestServiceTest.php" tests="12" assertions="0" errors="12" failures="0" skipped="0" time="3.692307">
        <testcase name="it_validates_required_fields" file="/home/user/cmis.marketing.limited/tests/Unit/Services/PinterestServiceTest.php" line="295" class="Tests\Unit\Services\PinterestServiceTest" classname="Tests.Unit.Services.PinterestServiceTest" assertions="0" time="0.309808">
          <error type="Illuminate\Database\Eloquent\InvalidCastException">Tests\Unit\Services\PinterestServiceTest::it_validates_required_fields
Illuminate\Database\Eloquent\InvalidCastException: Call to undefined cast [Illuminate\Database\Eloquent\Casts\Encrypted] on column [access_token] in model [App\Models\Core\Integration].

/home/user/cmis.marketing.limited/vendor/laravel/framework/src/Illuminate/Database/Eloquent/Concerns/HasAttributes.php:1768
/home/user/cmis.marketing.limited/vendor/laravel/framework/src/Illuminate/Database/Eloquent/Concerns/HasAttributes.php:1084
/home/user/cmis.marketing.limited/vendor/laravel/framework/src/Illuminate/Database/Eloquent/Model.php:619
/home/user/cmis.marketing.limited/vendor/laravel/framework/src/Illuminate/Database/Eloquent/Model.php:713
/home/user/cmis.marketing.limited/vendor/laravel/framework/src/Illuminate/Database/Eloquent/Builder.php:1747
/home/user/cmis.marketing.limited/vendor/laravel/framework/src/Illuminate/Database/Eloquent/Builder.php:1218
/home/user/cmis.marketing.limited/vendor/laravel/framework/src/Illuminate/Support/Traits/ForwardsCalls.php:23
/home/user/cmis.marketing.limited/vendor/laravel/framework/src/Illuminate/Database/Eloquent/Model.php:2540
/home/user/cmis.marketing.limited/vendor/laravel/framework/src/Illuminate/Database/Eloquent/Model.php:2556
/home/user/cmis.marketing.limited/tests/Traits/CreatesTestData.php:105
/home/user/cmis.marketing.limited/tests/Unit/Services/PinterestServiceTest.php:300</error>
        </testcase>
        <testcase name="it_can_get_board_pins" file="/home/user/cmis.marketing.limited/tests/Unit/Services/PinterestServiceTest.php" line="120" class="Tests\Unit\Services\PinterestServiceTest" classname="Tests.Unit.Services.PinterestServiceTest" assertions="0" time="0.304513">
          <error type="Illuminate\Database\Eloquent\InvalidCastException">Tests\Unit\Services\PinterestServiceTest::it_can_get_board_pins
Illuminate\Database\Eloquent\InvalidCastException: Call to undefined cast [Illuminate\Database\Eloquent\Casts\Encrypted] on column [access_token] in model [App\Models\Core\Integration].

/home/user/cmis.marketing.limited/vendor/laravel/framework/src/Illuminate/Database/Eloquent/Concerns/HasAttributes.php:1768
/home/user/cmis.marketing.limited/vendor/laravel/framework/src/Illuminate/Database/Eloquent/Concerns/HasAttributes.php:1084
/home/user/cmis.marketing.limited/vendor/laravel/framework/src/Illuminate/Database/Eloquent/Model.php:619
/home/user/cmis.marketing.limited/vendor/laravel/framework/src/Illuminate/Database/Eloquent/Model.php:713
/home/user/cmis.marketing.limited/vendor/laravel/framework/src/Illuminate/Database/Eloquent/Builder.php:1747
/home/user/cmis.marketing.limited/vendor/laravel/framework/src/Illuminate/Database/Eloquent/Builder.php:1218
/home/user/cmis.marketing.limited/vendor/laravel/framework/src/Illuminate/Support/Traits/ForwardsCalls.php:23
/home/user/cmis.marketing.limited/vendor/laravel/framework/src/Illuminate/Database/Eloquent/Model.php:2540
/home/user/cmis.marketing.limited/vendor/laravel/framework/src/Illuminate/Database/Eloquent/Model.php:2556
/home/user/cmis.marketing.limited/tests/Traits/CreatesTestData.php:105
/home/user/cmis.marketing.limited/tests/Unit/Services/PinterestServiceTest.php:125</error>
        </testcase>
        <testcase name="it_can_update_board" file="/home/user/cmis.marketing.limited/tests/Unit/Services/PinterestServiceTest.php" line="269" class="Tests\Unit\Services\PinterestServiceTest" classname="Tests.Unit.Services.PinterestServiceTest" assertions="0" time="0.304600">
          <error type="Illuminate\Database\Eloquent\InvalidCastException">Tests\Unit\Services\PinterestServiceTest::it_can_update_board
Illuminate\Database\Eloquent\InvalidCastException: Call to undefined cast [Illuminate\Database\Eloquent\Casts\Encrypted] on column [access_token] in model [App\Models\Core\Integration].

/home/user/cmis.marketing.limited/vendor/laravel/framework/src/Illuminate/Database/Eloquent/Concerns/HasAttributes.php:1768
/home/user/cmis.marketing.limited/vendor/laravel/framework/src/Illuminate/Database/Eloquent/Concerns/HasAttributes.php:1084
/home/user/cmis.marketing.limited/vendor/laravel/framework/src/Illuminate/Database/Eloquent/Model.php:619
/home/user/cmis.marketing.limited/vendor/laravel/framework/src/Illuminate/Database/Eloquent/Model.php:713
/home/user/cmis.marketing.limited/vendor/laravel/framework/src/Illuminate/Database/Eloquent/Builder.php:1747
/home/user/cmis.marketing.limited/vendor/laravel/framework/src/Illuminate/Database/Eloquent/Builder.php:1218
/home/user/cmis.marketing.limited/vendor/laravel/framework/src/Illuminate/Support/Traits/ForwardsCalls.php:23
/home/user/cmis.marketing.limited/vendor/laravel/framework/src/Illuminate/Database/Eloquent/Model.php:2540
/home/user/cmis.marketing.limited/vendor/laravel/framework/src/Illuminate/Database/Eloquent/Model.php:2556
/home/user/cmis.marketing.limited/tests/Traits/CreatesTestData.php:105
/home/user/cmis.marketing.limited/tests/Unit/Services/PinterestServiceTest.php:274</error>
        </testcase>
        <testcase name="it_can_delete_pin" file="/home/user/cmis.marketing.limited/tests/Unit/Services/PinterestServiceTest.php" line="249" class="Tests\Unit\Services\PinterestServiceTest" classname="Tests.Unit.Services.PinterestServiceTest" assertions="0" time="0.321246">
          <error type="Illuminate\Database\Eloquent\InvalidCastException">Tests\Unit\Services\PinterestServiceTest::it_can_delete_pin
Illuminate\Database\Eloquent\InvalidCastException: Call to undefined cast [Illuminate\Database\Eloquent\Casts\Encrypted] on column [access_token] in model [App\Models\Core\Integration].

/home/user/cmis.marketing.limited/vendor/laravel/framework/src/Illuminate/Database/Eloquent/Concerns/HasAttributes.php:1768
/home/user/cmis.marketing.limited/vendor/laravel/framework/src/Illuminate/Database/Eloquent/Concerns/HasAttributes.php:1084
/home/user/cmis.marketing.limited/vendor/laravel/framework/src/Illuminate/Database/Eloquent/Model.php:619
/home/user/cmis.marketing.limited/vendor/laravel/framework/src/Illuminate/Database/Eloquent/Model.php:713
/home/user/cmis.marketing.limited/vendor/laravel/framework/src/Illuminate/Database/Eloquent/Builder.php:1747
/home/user/cmis.marketing.limited/vendor/laravel/framework/src/Illuminate/Database/Eloquent/Builder.php:1218
/home/user/cmis.marketing.limited/vendor/laravel/framework/src/Illuminate/Support/Traits/ForwardsCalls.php:23
/home/user/cmis.marketing.limited/vendor/laravel/framework/src/Illuminate/Database/Eloquent/Model.php:2540
/home/user/cmis.marketing.limited/vendor/laravel/framework/src/Illuminate/Database/Eloquent/Model.php:2556
/home/user/cmis.marketing.limited/tests/Traits/CreatesTestData.php:105
/home/user/cmis.marketing.limited/tests/Unit/Services/PinterestServiceTest.php:254</error>
        </testcase>
        <testcase name="it_can_get_pin_analytics" file="/home/user/cmis.marketing.limited/tests/Unit/Services/PinterestServiceTest.php" line="147" class="Tests\Unit\Services\PinterestServiceTest" classname="Tests.Unit.Services.PinterestServiceTest" assertions="0" time="0.306179">
          <error type="Illuminate\Database\Eloquent\InvalidCastException">Tests\Unit\Services\PinterestServiceTest::it_can_get_pin_analytics
Illuminate\Database\Eloquent\InvalidCastException: Call to undefined cast [Illuminate\Database\Eloquent\Casts\Encrypted] on column [access_token] in model [App\Models\Core\Integration].

/home/user/cmis.marketing.limited/vendor/laravel/framework/src/Illuminate/Database/Eloquent/Concerns/HasAttributes.php:1768
/home/user/cmis.marketing.limited/vendor/laravel/framework/src/Illuminate/Database/Eloquent/Concerns/HasAttributes.php:1084
/home/user/cmis.marketing.limited/vendor/laravel/framework/src/Illuminate/Database/Eloquent/Model.php:619
/home/user/cmis.marketing.limited/vendor/laravel/framework/src/Illuminate/Database/Eloquent/Model.php:713
/home/user/cmis.marketing.limited/vendor/laravel/framework/src/Illuminate/Database/Eloquent/Builder.php:1747
/home/user/cmis.marketing.limited/vendor/laravel/framework/src/Illuminate/Database/Eloquent/Builder.php:1218
/home/user/cmis.marketing.limited/vendor/laravel/framework/src/Illuminate/Support/Traits/ForwardsCalls.php:23
/home/user/cmis.marketing.limited/vendor/laravel/framework/src/Illuminate/Database/Eloquent/Model.php:2540
/home/user/cmis.marketing.limited/vendor/laravel/framework/src/Illuminate/Database/Eloquent/Model.php:2556
/home/user/cmis.marketing.limited/tests/Traits/CreatesTestData.php:105
/home/user/cmis.marketing.limited/tests/Unit/Services/PinterestServiceTest.php:152</error>
        </testcase>
        <testcase name="it_can_create_pin" file="/home/user/cmis.marketing.limited/tests/Unit/Services/PinterestServiceTest.php" line="27" class="Tests\Unit\Services\PinterestServiceTest" classname="Tests.Unit.Services.PinterestServiceTest" assertions="0" time="0.304657">
          <error type="Illuminate\Database\Eloquent\InvalidCastException">Tests\Unit\Services\PinterestServiceTest::it_can_create_pin
Illuminate\Database\Eloquent\InvalidCastException: Call to undefined cast [Illuminate\Database\Eloquent\Casts\Encrypted] on column [access_token] in model [App\Models\Core\Integration].

/home/user/cmis.marketing.limited/vendor/laravel/framework/src/Illuminate/Database/Eloquent/Concerns/HasAttributes.php:1768
/home/user/cmis.marketing.limited/vendor/laravel/framework/src/Illuminate/Database/Eloquent/Concerns/HasAttributes.php:1084
/home/user/cmis.marketing.limited/vendor/laravel/framework/src/Illuminate/Database/Eloquent/Model.php:619
/home/user/cmis.marketing.limited/vendor/laravel/framework/src/Illuminate/Database/Eloquent/Model.php:713
/home/user/cmis.marketing.limited/vendor/laravel/framework/src/Illuminate/Database/Eloquent/Builder.php:1747
/home/user/cmis.marketing.limited/vendor/laravel/framework/src/Illuminate/Database/Eloquent/Builder.php:1218
/home/user/cmis.marketing.limited/vendor/laravel/framework/src/Illuminate/Support/Traits/ForwardsCalls.php:23
/home/user/cmis.marketing.limited/vendor/laravel/framework/src/Illuminate/Database/Eloquent/Model.php:2540
/home/user/cmis.marketing.limited/vendor/laravel/framework/src/Illuminate/Database/Eloquent/Model.php:2556
/home/user/cmis.marketing.limited/tests/Traits/CreatesTestData.php:105
/home/user/cmis.marketing.limited/tests/Unit/Services/PinterestServiceTest.php:32</error>
        </testcase>
        <testcase name="it_can_search_pins" file="/home/user/cmis.marketing.limited/tests/Unit/Services/PinterestServiceTest.php" line="220" class="Tests\Unit\Services\PinterestServiceTest" classname="Tests.Unit.Services.PinterestServiceTest" assertions="0" time="0.305570">
          <error type="Illuminate\Database\Eloquent\InvalidCastException">Tests\Unit\Services\PinterestServiceTest::it_can_search_pins
Illuminate\Database\Eloquent\InvalidCastException: Call to undefined cast [Illuminate\Database\Eloquent\Casts\Encrypted] on column [access_token] in model [App\Models\Core\Integration].

/home/user/cmis.marketing.limited/vendor/laravel/framework/src/Illuminate/Database/Eloquent/Concerns/HasAttributes.php:1768
/home/user/cmis.marketing.limited/vendor/laravel/framework/src/Illuminate/Database/Eloquent/Concerns/HasAttributes.php:1084
/home/user/cmis.marketing.limited/vendor/laravel/framework/src/Illuminate/Database/Eloquent/Model.php:619
/home/user/cmis.marketing.limited/vendor/laravel/framework/src/Illuminate/Database/Eloquent/Model.php:713
/home/user/cmis.marketing.limited/vendor/laravel/framework/src/Illuminate/Database/Eloquent/Builder.php:1747
/home/user/cmis.marketing.limited/vendor/laravel/framework/src/Illuminate/Database/Eloquent/Builder.php:1218
/home/user/cmis.marketing.limited/vendor/laravel/framework/src/Illuminate/Support/Traits/ForwardsCalls.php:23
/home/user/cmis.marketing.limited/vendor/laravel/framework/src/Illuminate/Database/Eloquent/Model.php:2540
/home/user/cmis.marketing.limited/vendor/laravel/framework/src/Illuminate/Database/Eloquent/Model.php:2556
/home/user/cmis.marketing.limited/tests/Traits/CreatesTestData.php:105
/home/user/cmis.marketing.limited/tests/Unit/Services/PinterestServiceTest.php:225</error>
        </testcase>
        <testcase name="it_can_create_board" file="/home/user/cmis.marketing.limited/tests/Unit/Services/PinterestServiceTest.php" line="92" class="Tests\Unit\Services\PinterestServiceTest" classname="Tests.Unit.Services.PinterestServiceTest" assertions="0" time="0.302756">
          <error type="Illuminate\Database\Eloquent\InvalidCastException">Tests\Unit\Services\PinterestServiceTest::it_can_create_board
Illuminate\Database\Eloquent\InvalidCastException: Call to undefined cast [Illuminate\Database\Eloquent\Casts\Encrypted] on column [access_token] in model [App\Models\Core\Integration].

/home/user/cmis.marketing.limited/vendor/laravel/framework/src/Illuminate/Database/Eloquent/Concerns/HasAttributes.php:1768
/home/user/cmis.marketing.limited/vendor/laravel/framework/src/Illuminate/Database/Eloquent/Concerns/HasAttributes.php:1084
/home/user/cmis.marketing.limited/vendor/laravel/framework/src/Illuminate/Database/Eloquent/Model.php:619
/home/user/cmis.marketing.limited/vendor/laravel/framework/src/Illuminate/Database/Eloquent/Model.php:713
/home/user/cmis.marketing.limited/vendor/laravel/framework/src/Illuminate/Database/Eloquent/Builder.php:1747
/home/user/cmis.marketing.limited/vendor/laravel/framework/src/Illuminate/Database/Eloquent/Builder.php:1218
/home/user/cmis.marketing.limited/vendor/laravel/framework/src/Illuminate/Support/Traits/ForwardsCalls.php:23
/home/user/cmis.marketing.limited/vendor/laravel/framework/src/Illuminate/Database/Eloquent/Model.php:2540
/home/user/cmis.marketing.limited/vendor/laravel/framework/src/Illuminate/Database/Eloquent/Model.php:2556
/home/user/cmis.marketing.limited/tests/Traits/CreatesTestData.php:105
/home/user/cmis.marketing.limited/tests/Unit/Services/PinterestServiceTest.php:97</error>
        </testcase>
        <testcase name="it_can_create_story_pin" file="/home/user/cmis.marketing.limited/tests/Unit/Services/PinterestServiceTest.php" line="57" class="Tests\Unit\Services\PinterestServiceTest" classname="Tests.Unit.Services.PinterestServiceTest" assertions="0" time="0.326003">
          <error type="Illuminate\Database\Eloquent\InvalidCastException">Tests\Unit\Services\PinterestServiceTest::it_can_create_story_pin
Illuminate\Database\Eloquent\InvalidCastException: Call to undefined cast [Illuminate\Database\Eloquent\Casts\Encrypted] on column [access_token] in model [App\Models\Core\Integration].

/home/user/cmis.marketing.limited/vendor/laravel/framework/src/Illuminate/Database/Eloquent/Concerns/HasAttributes.php:1768
/home/user/cmis.marketing.limited/vendor/laravel/framework/src/Illuminate/Database/Eloquent/Concerns/HasAttributes.php:1084
/home/user/cmis.marketing.limited/vendor/laravel/framework/src/Illuminate/Database/Eloquent/Model.php:619
/home/user/cmis.marketing.limited/vendor/laravel/framework/src/Illuminate/Database/Eloquent/Model.php:713
/home/user/cmis.marketing.limited/vendor/laravel/framework/src/Illuminate/Database/Eloquent/Builder.php:1747
/home/user/cmis.marketing.limited/vendor/laravel/framework/src/Illuminate/Database/Eloquent/Builder.php:1218
/home/user/cmis.marketing.limited/vendor/laravel/framework/src/Illuminate/Support/Traits/ForwardsCalls.php:23
/home/user/cmis.marketing.limited/vendor/laravel/framework/src/Illuminate/Database/Eloquent/Model.php:2540
/home/user/cmis.marketing.limited/vendor/laravel/framework/src/Illuminate/Database/Eloquent/Model.php:2556
/home/user/cmis.marketing.limited/tests/Traits/CreatesTestData.php:105
/home/user/cmis.marketing.limited/tests/Unit/Services/PinterestServiceTest.php:62</error>
        </testcase>
        <testcase name="it_handles_api_errors" file="/home/user/cmis.marketing.limited/tests/Unit/Services/PinterestServiceTest.php" line="316" class="Tests\Unit\Services\PinterestServiceTest" classname="Tests.Unit.Services.PinterestServiceTest" assertions="0" time="0.300421">
          <error type="Illuminate\Database\Eloquent\InvalidCastException">Tests\Unit\Services\PinterestServiceTest::it_handles_api_errors
Illuminate\Database\Eloquent\InvalidCastException: Call to undefined cast [Illuminate\Database\Eloquent\Casts\Encrypted] on column [access_token] in model [App\Models\Core\Integration].

/home/user/cmis.marketing.limited/vendor/laravel/framework/src/Illuminate/Database/Eloquent/Concerns/HasAttributes.php:1768
/home/user/cmis.marketing.limited/vendor/laravel/framework/src/Illuminate/Database/Eloquent/Concerns/HasAttributes.php:1084
/home/user/cmis.marketing.limited/vendor/laravel/framework/src/Illuminate/Database/Eloquent/Model.php:619
/home/user/cmis.marketing.limited/vendor/laravel/framework/src/Illuminate/Database/Eloquent/Model.php:713
/home/user/cmis.marketing.limited/vendor/laravel/framework/src/Illuminate/Database/Eloquent/Builder.php:1747
/home/user/cmis.marketing.limited/vendor/laravel/framework/src/Illuminate/Database/Eloquent/Builder.php:1218
/home/user/cmis.marketing.limited/vendor/laravel/framework/src/Illuminate/Support/Traits/ForwardsCalls.php:23
/home/user/cmis.marketing.limited/vendor/laravel/framework/src/Illuminate/Database/Eloquent/Model.php:2540
/home/user/cmis.marketing.limited/vendor/laravel/framework/src/Illuminate/Database/Eloquent/Model.php:2556
/home/user/cmis.marketing.limited/tests/Traits/CreatesTestData.php:105
/home/user/cmis.marketing.limited/tests/Unit/Services/PinterestServiceTest.php:321</error>
        </testcase>
        <testcase name="it_can_get_user_analytics" file="/home/user/cmis.marketing.limited/tests/Unit/Services/PinterestServiceTest.php" line="184" class="Tests\Unit\Services\PinterestServiceTest" classname="Tests.Unit.Services.PinterestServiceTest" assertions="0" time="0.301239">
          <error type="Illuminate\Database\Eloquent\InvalidCastException">Tests\Unit\Services\PinterestServiceTest::it_can_get_user_analytics
Illuminate\Database\Eloquent\InvalidCastException: Call to undefined cast [Illuminate\Database\Eloquent\Casts\Encrypted] on column [access_token] in model [App\Models\Core\Integration].

/home/user/cmis.marketing.limited/vendor/laravel/framework/src/Illuminate/Database/Eloquent/Concerns/HasAttributes.php:1768
/home/user/cmis.marketing.limited/vendor/laravel/framework/src/Illuminate/Database/Eloquent/Concerns/HasAttributes.php:1084
/home/user/cmis.marketing.limited/vendor/laravel/framework/src/Illuminate/Database/Eloquent/Model.php:619
/home/user/cmis.marketing.limited/vendor/laravel/framework/src/Illuminate/Database/Eloquent/Model.php:713
/home/user/cmis.marketing.limited/vendor/laravel/framework/src/Illuminate/Database/Eloquent/Builder.php:1747
/home/user/cmis.marketing.limited/vendor/laravel/framework/src/Illuminate/Database/Eloquent/Builder.php:1218
/home/user/cmis.marketing.limited/vendor/laravel/framework/src/Illuminate/Support/Traits/ForwardsCalls.php:23
/home/user/cmis.marketing.limited/vendor/laravel/framework/src/Illuminate/Database/Eloquent/Model.php:2540
/home/user/cmis.marketing.limited/vendor/laravel/framework/src/Illuminate/Database/Eloquent/Model.php:2556
/home/user/cmis.marketing.limited/tests/Traits/CreatesTestData.php:105
/home/user/cmis.marketing.limited/tests/Unit/Services/PinterestServiceTest.php:189</error>
        </testcase>
        <testcase name="it_handles_rate_limiting" file="/home/user/cmis.marketing.limited/tests/Unit/Services/PinterestServiceTest.php" line="341" class="Tests\Unit\Services\PinterestServiceTest" classname="Tests.Unit.Services.PinterestServiceTest" assertions="0" time="0.305313">
          <error type="Illuminate\Database\Eloquent\InvalidCastException">Tests\Unit\Services\PinterestServiceTest::it_handles_rate_limiting
Illuminate\Database\Eloquent\InvalidCastException: Call to undefined cast [Illuminate\Database\Eloquent\Casts\Encrypted] on column [access_token] in model [App\Models\Core\Integration].

/home/user/cmis.marketing.limited/vendor/laravel/framework/src/Illuminate/Database/Eloquent/Concerns/HasAttributes.php:1768
/home/user/cmis.marketing.limited/vendor/laravel/framework/src/Illuminate/Database/Eloquent/Concerns/HasAttributes.php:1084
/home/user/cmis.marketing.limited/vendor/laravel/framework/src/Illuminate/Database/Eloquent/Model.php:619
/home/user/cmis.marketing.limited/vendor/laravel/framework/src/Illuminate/Database/Eloquent/Model.php:713
/home/user/cmis.marketing.limited/vendor/laravel/framework/src/Illuminate/Database/Eloquent/Builder.php:1747
/home/user/cmis.marketing.limited/vendor/laravel/framework/src/Illuminate/Database/Eloquent/Builder.php:1218
/home/user/cmis.marketing.limited/vendor/laravel/framework/src/Illuminate/Support/Traits/ForwardsCalls.php:23
/home/user/cmis.marketing.limited/vendor/laravel/framework/src/Illuminate/Database/Eloquent/Model.php:2540
/home/user/cmis.marketing.limited/vendor/laravel/framework/src/Illuminate/Database/Eloquent/Model.php:2556
/home/user/cmis.marketing.limited/tests/Traits/CreatesTestData.php:105
/home/user/cmis.marketing.limited/tests/Unit/Services/PinterestServiceTest.php:346</error>
        </testcase>
      </testsuite>
      <testsuite name="Tests\Unit\Models\Webhook\WebhookTest" file="/home/user/cmis.marketing.limited/tests/Unit/Models/Webhook/WebhookTest.php" tests="12" assertions="0" errors="12" failures="0" skipped="0" time="0.815626">
        <testcase name="it_has_different_event_types" file="/home/user/cmis.marketing.limited/tests/Unit/Models/Webhook/WebhookTest.php" line="66" class="Tests\Unit\Models\Webhook\WebhookTest" classname="Tests.Unit.Models.Webhook.WebhookTest" assertions="0" time="0.068141">
          <error type="Error">Tests\Unit\Models\Webhook\WebhookTest::it_has_different_event_types
Error: Class "App\Models\Webhook\Webhook" not found

/home/user/cmis.marketing.limited/tests/Unit/Models/Webhook/WebhookTest.php:82</error>
        </testcase>
        <testcase name="it_stores_headers_as_json" file="/home/user/cmis.marketing.limited/tests/Unit/Models/Webhook/WebhookTest.php" line="96" class="Tests\Unit\Models\Webhook\WebhookTest" classname="Tests.Unit.Models.Webhook.WebhookTest" assertions="0" time="0.082689">
          <error type="Error">Tests\Unit\Models\Webhook\WebhookTest::it_stores_headers_as_json
Error: Class "App\Models\Webhook\Webhook" not found

/home/user/cmis.marketing.limited/tests/Unit/Models/Webhook/WebhookTest.php:109</error>
        </testcase>
        <testcase name="it_has_timestamps" file="/home/user/cmis.marketing.limited/tests/Unit/Models/Webhook/WebhookTest.php" line="260" class="Tests\Unit\Models\Webhook\WebhookTest" classname="Tests.Unit.Models.Webhook.WebhookTest" assertions="0" time="0.063016">
          <error type="Error">Tests\Unit\Models\Webhook\WebhookTest::it_has_timestamps
Error: Class "App\Models\Webhook\Webhook" not found

/home/user/cmis.marketing.limited/tests/Unit/Models/Webhook/WebhookTest.php:267</error>
        </testcase>
        <testcase name="it_tracks_last_delivery_time" file="/home/user/cmis.marketing.limited/tests/Unit/Models/Webhook/WebhookTest.php" line="199" class="Tests\Unit\Models\Webhook\WebhookTest" classname="Tests.Unit.Models.Webhook.WebhookTest" assertions="0" time="0.065058">
          <error type="Error">Tests\Unit\Models\Webhook\WebhookTest::it_tracks_last_delivery_time
Error: Class "App\Models\Webhook\Webhook" not found

/home/user/cmis.marketing.limited/tests/Unit/Models/Webhook/WebhookTest.php:206</error>
        </testcase>
        <testcase name="it_can_create_webhook" file="/home/user/cmis.marketing.limited/tests/Unit/Models/Webhook/WebhookTest.php" line="24" class="Tests\Unit\Models\Webhook\WebhookTest" classname="Tests.Unit.Models.Webhook.WebhookTest" assertions="0" time="0.074132">
          <error type="Error">Tests\Unit\Models\Webhook\WebhookTest::it_can_create_webhook
Error: Class "App\Models\Webhook\Webhook" not found

/home/user/cmis.marketing.limited/tests/Unit/Models/Webhook/WebhookTest.php:31</error>
        </testcase>
        <testcase name="it_uses_uuid_as_primary_key" file="/home/user/cmis.marketing.limited/tests/Unit/Models/Webhook/WebhookTest.php" line="241" class="Tests\Unit\Models\Webhook\WebhookTest" classname="Tests.Unit.Models.Webhook.WebhookTest" assertions="0" time="0.075690">
          <error type="Error">Tests\Unit\Models\Webhook\WebhookTest::it_uses_uuid_as_primary_key
Error: Class "App\Models\Webhook\Webhook" not found

/home/user/cmis.marketing.limited/tests/Unit/Models/Webhook/WebhookTest.php:248</error>
        </testcase>
        <testcase name="it_tracks_delivery_attempts" file="/home/user/cmis.marketing.limited/tests/Unit/Models/Webhook/WebhookTest.php" line="173" class="Tests\Unit\Models\Webhook\WebhookTest" classname="Tests.Unit.Models.Webhook.WebhookTest" assertions="0" time="0.082440">
          <error type="Error">Tests\Unit\Models\Webhook\WebhookTest::it_tracks_delivery_attempts
Error: Class "App\Models\Webhook\Webhook" not found

/home/user/cmis.marketing.limited/tests/Unit/Models/Webhook/WebhookTest.php:180</error>
        </testcase>
        <testcase name="it_stores_retry_configuration" file="/home/user/cmis.marketing.limited/tests/Unit/Models/Webhook/WebhookTest.php" line="219" class="Tests\Unit\Models\Webhook\WebhookTest" classname="Tests.Unit.Models.Webhook.WebhookTest" assertions="0" time="0.061913">
          <error type="Error">Tests\Unit\Models\Webhook\WebhookTest::it_stores_retry_configuration
Error: Class "App\Models\Webhook\Webhook" not found

/home/user/cmis.marketing.limited/tests/Unit/Models/Webhook/WebhookTest.php:226</error>
        </testcase>
        <testcase name="it_respects_rls_policies" file="/home/user/cmis.marketing.limited/tests/Unit/Models/Webhook/WebhookTest.php" line="280" class="Tests\Unit\Models\Webhook\WebhookTest" classname="Tests.Unit.Models.Webhook.WebhookTest" assertions="0" time="0.059173">
          <error type="Error">Tests\Unit\Models\Webhook\WebhookTest::it_respects_rls_policies
Error: Class "App\Models\Webhook\Webhook" not found

/home/user/cmis.marketing.limited/tests/Unit/Models/Webhook/WebhookTest.php:292</error>
        </testcase>
        <testcase name="it_has_secret_for_signature_verification" file="/home/user/cmis.marketing.limited/tests/Unit/Models/Webhook/WebhookTest.php" line="153" class="Tests\Unit\Models\Webhook\WebhookTest" classname="Tests.Unit.Models.Webhook.WebhookTest" assertions="0" time="0.059510">
          <error type="Error">Tests\Unit\Models\Webhook\WebhookTest::it_has_secret_for_signature_verification
Error: Class "App\Models\Webhook\Webhook" not found

/home/user/cmis.marketing.limited/tests/Unit/Models/Webhook/WebhookTest.php:160</error>
        </testcase>
        <testcase name="it_belongs_to_org" file="/home/user/cmis.marketing.limited/tests/Unit/Models/Webhook/WebhookTest.php" line="47" class="Tests\Unit\Models\Webhook\WebhookTest" classname="Tests.Unit.Models.Webhook.WebhookTest" assertions="0" time="0.062789">
          <error type="Error">Tests\Unit\Models\Webhook\WebhookTest::it_belongs_to_org
Error: Class "App\Models\Webhook\Webhook" not found

/home/user/cmis.marketing.limited/tests/Unit/Models/Webhook/WebhookTest.php:54</error>
        </testcase>
        <testcase name="it_can_be_active_or_inactive" file="/home/user/cmis.marketing.limited/tests/Unit/Models/Webhook/WebhookTest.php" line="123" class="Tests\Unit\Models\Webhook\WebhookTest" classname="Tests.Unit.Models.Webhook.WebhookTest" assertions="0" time="0.061075">
          <error type="Error">Tests\Unit\Models\Webhook\WebhookTest::it_can_be_active_or_inactive
Error: Class "App\Models\Webhook\Webhook" not found

/home/user/cmis.marketing.limited/tests/Unit/Models/Webhook/WebhookTest.php:130</error>
        </testcase>
      </testsuite>
      <testsuite name="Tests\Unit\Models\Contact\ContactTest" file="/home/user/cmis.marketing.limited/tests/Unit/Models/Contact/ContactTest.php" tests="13" assertions="0" errors="13" failures="0" skipped="0" time="0.873545">
        <testcase name="it_uses_uuid_as_primary_key" file="/home/user/cmis.marketing.limited/tests/Unit/Models/Contact/ContactTest.php" line="235" class="Tests\Unit\Models\Contact\ContactTest" classname="Tests.Unit.Models.Contact.ContactTest" assertions="0" time="0.088675">
          <error type="Error">Tests\Unit\Models\Contact\ContactTest::it_uses_uuid_as_primary_key
Error: Class "App\Models\Contact\Contact" not found

/home/user/cmis.marketing.limited/tests/Unit/Models/Contact/ContactTest.php:242</error>
        </testcase>
        <testcase name="it_stores_social_profiles" file="/home/user/cmis.marketing.limited/tests/Unit/Models/Contact/ContactTest.php" line="187" class="Tests\Unit\Models\Contact\ContactTest" classname="Tests.Unit.Models.Contact.ContactTest" assertions="0" time="0.060626">
          <error type="Error">Tests\Unit\Models\Contact\ContactTest::it_stores_social_profiles
Error: Class "App\Models\Contact\Contact" not found

/home/user/cmis.marketing.limited/tests/Unit/Models/Contact/ContactTest.php:201</error>
        </testcase>
        <testcase name="it_has_full_name_accessor" file="/home/user/cmis.marketing.limited/tests/Unit/Models/Contact/ContactTest.php" line="66" class="Tests\Unit\Models\Contact\ContactTest" classname="Tests.Unit.Models.Contact.ContactTest" assertions="0" time="0.061027">
          <error type="Error">Tests\Unit\Models\Contact\ContactTest::it_has_full_name_accessor
Error: Class "App\Models\Contact\Contact" not found

/home/user/cmis.marketing.limited/tests/Unit/Models/Contact/ContactTest.php:73</error>
        </testcase>
        <testcase name="it_stores_contact_segments" file="/home/user/cmis.marketing.limited/tests/Unit/Models/Contact/ContactTest.php" line="86" class="Tests\Unit\Models\Contact\ContactTest" classname="Tests.Unit.Models.Contact.ContactTest" assertions="0" time="0.067736">
          <error type="Error">Tests\Unit\Models\Contact\ContactTest::it_stores_contact_segments
Error: Class "App\Models\Contact\Contact" not found

/home/user/cmis.marketing.limited/tests/Unit/Models/Contact/ContactTest.php:95</error>
        </testcase>
        <testcase name="it_has_timestamps" file="/home/user/cmis.marketing.limited/tests/Unit/Models/Contact/ContactTest.php" line="254" class="Tests\Unit\Models\Contact\ContactTest" classname="Tests.Unit.Models.Contact.ContactTest" assertions="0" time="0.067847">
          <error type="Error">Tests\Unit\Models\Contact\ContactTest::it_has_timestamps
Error: Class "App\Models\Contact\Contact" not found

/home/user/cmis.marketing.limited/tests/Unit/Models/Contact/ContactTest.php:261</error>
        </testcase>
        <testcase name="it_tracks_last_engagement_date" file="/home/user/cmis.marketing.limited/tests/Unit/Models/Contact/ContactTest.php" line="167" class="Tests\Unit\Models\Contact\ContactTest" classname="Tests.Unit.Models.Contact.ContactTest" assertions="0" time="0.082668">
          <error type="Error">Tests\Unit\Models\Contact\ContactTest::it_tracks_last_engagement_date
Error: Class "App\Models\Contact\Contact" not found

/home/user/cmis.marketing.limited/tests/Unit/Models/Contact/ContactTest.php:174</error>
        </testcase>
        <testcase name="it_respects_rls_policies" file="/home/user/cmis.marketing.limited/tests/Unit/Models/Contact/ContactTest.php" line="299" class="Tests\Unit\Models\Contact\ContactTest" classname="Tests.Unit.Models.Contact.ContactTest" assertions="0" time="0.059331">
          <error type="Error">Tests\Unit\Models\Contact\ContactTest::it_respects_rls_policies
Error: Class "App\Models\Contact\Contact" not found

/home/user/cmis.marketing.limited/tests/Unit/Models/Contact/ContactTest.php:311</error>
        </testcase>
        <testcase name="it_can_create_contact" file="/home/user/cmis.marketing.limited/tests/Unit/Models/Contact/ContactTest.php" line="24" class="Tests\Unit\Models\Contact\ContactTest" classname="Tests.Unit.Models.Contact.ContactTest" assertions="0" time="0.061350">
          <error type="Error">Tests\Unit\Models\Contact\ContactTest::it_can_create_contact
Error: Class "App\Models\Contact\Contact" not found

/home/user/cmis.marketing.limited/tests/Unit/Models/Contact/ContactTest.php:31</error>
        </testcase>
        <testcase name="it_belongs_to_org" file="/home/user/cmis.marketing.limited/tests/Unit/Models/Contact/ContactTest.php" line="47" class="Tests\Unit\Models\Contact\ContactTest" classname="Tests.Unit.Models.Contact.ContactTest" assertions="0" time="0.062011">
          <error type="Error">Tests\Unit\Models\Contact\ContactTest::it_belongs_to_org
Error: Class "App\Models\Contact\Contact" not found

/home/user/cmis.marketing.limited/tests/Unit/Models/Contact/ContactTest.php:54</error>
        </testcase>
        <testcase name="it_can_be_soft_deleted" file="/home/user/cmis.marketing.limited/tests/Unit/Models/Contact/ContactTest.php" line="274" class="Tests\Unit\Models\Contact\ContactTest" classname="Tests.Unit.Models.Contact.ContactTest" assertions="0" time="0.060895">
          <error type="Error">Tests\Unit\Models\Contact\ContactTest::it_can_be_soft_deleted
Error: Class "App\Models\Contact\Contact" not found

/home/user/cmis.marketing.limited/tests/Unit/Models/Contact/ContactTest.php:281</error>
        </testcase>
        <testcase name="it_stores_custom_fields" file="/home/user/cmis.marketing.limited/tests/Unit/Models/Contact/ContactTest.php" line="109" class="Tests\Unit\Models\Contact\ContactTest" classname="Tests.Unit.Models.Contact.ContactTest" assertions="0" time="0.057142">
          <error type="Error">Tests\Unit\Models\Contact\ContactTest::it_stores_custom_fields
Error: Class "App\Models\Contact\Contact" not found

/home/user/cmis.marketing.limited/tests/Unit/Models/Contact/ContactTest.php:123</error>
        </testcase>
        <testcase name="it_stores_contact_source" file="/home/user/cmis.marketing.limited/tests/Unit/Models/Contact/ContactTest.php" line="215" class="Tests\Unit\Models\Contact\ContactTest" classname="Tests.Unit.Models.Contact.ContactTest" assertions="0" time="0.080646">
          <error type="Error">Tests\Unit\Models\Contact\ContactTest::it_stores_contact_source
Error: Class "App\Models\Contact\Contact" not found

/home/user/cmis.marketing.limited/tests/Unit/Models/Contact/ContactTest.php:222</error>
        </testcase>
        <testcase name="it_tracks_subscription_status" file="/home/user/cmis.marketing.limited/tests/Unit/Models/Contact/ContactTest.php" line="137" class="Tests\Unit\Models\Contact\ContactTest" classname="Tests.Unit.Models.Contact.ContactTest" assertions="0" time="0.063591">
          <error type="Error">Tests\Unit\Models\Contact\ContactTest::it_tracks_subscription_status
Error: Class "App\Models\Contact\Contact" not found

/home/user/cmis.marketing.limited/tests/Unit/Models/Contact/ContactTest.php:144</error>
        </testcase>
      </testsuite>
      <testsuite name="Tests\Unit\Commands\ProcessScheduledPostsCommandTest" file="/home/user/cmis.marketing.limited/tests/Unit/Commands/ProcessScheduledPostsCommandTest.php" tests="7" assertions="10" errors="0" failures="0" skipped="0" time="0.538793">
        <testcase name="it_displays_processing_count" file="/home/user/cmis.marketing.limited/tests/Unit/Commands/ProcessScheduledPostsCommandTest.php" line="125" class="Tests\Unit\Commands\ProcessScheduledPostsCommandTest" classname="Tests.Unit.Commands.ProcessScheduledPostsCommandTest" assertions="2" time="0.083108"/>
        <testcase name="it_skips_future_posts" file="/home/user/cmis.marketing.limited/tests/Unit/Commands/ProcessScheduledPostsCommandTest.php" line="54" class="Tests\Unit\Commands\ProcessScheduledPostsCommandTest" classname="Tests.Unit.Commands.ProcessScheduledPostsCommandTest" assertions="1" time="0.070749"/>
        <testcase name="it_accepts_limit_option" file="/home/user/cmis.marketing.limited/tests/Unit/Commands/ProcessScheduledPostsCommandTest.php" line="80" class="Tests\Unit\Commands\ProcessScheduledPostsCommandTest" classname="Tests.Unit.Commands.ProcessScheduledPostsCommandTest" assertions="1" time="0.092274"/>
        <testcase name="it_handles_empty_queue" file="/home/user/cmis.marketing.limited/tests/Unit/Commands/ProcessScheduledPostsCommandTest.php" line="152" class="Tests\Unit\Commands\ProcessScheduledPostsCommandTest" classname="Tests.Unit.Commands.ProcessScheduledPostsCommandTest" assertions="2" time="0.067925"/>
        <testcase name="it_logs_processed_posts" file="/home/user/cmis.marketing.limited/tests/Unit/Commands/ProcessScheduledPostsCommandTest.php" line="165" class="Tests\Unit\Commands\ProcessScheduledPostsCommandTest" classname="Tests.Unit.Commands.ProcessScheduledPostsCommandTest" assertions="1" time="0.075278"/>
        <testcase name="it_accepts_dry_run_option" file="/home/user/cmis.marketing.limited/tests/Unit/Commands/ProcessScheduledPostsCommandTest.php" line="93" class="Tests\Unit\Commands\ProcessScheduledPostsCommandTest" classname="Tests.Unit.Commands.ProcessScheduledPostsCommandTest" assertions="2" time="0.075996"/>
        <testcase name="it_processes_due_scheduled_posts" file="/home/user/cmis.marketing.limited/tests/Unit/Commands/ProcessScheduledPostsCommandTest.php" line="26" class="Tests\Unit\Commands\ProcessScheduledPostsCommandTest" classname="Tests.Unit.Commands.ProcessScheduledPostsCommandTest" assertions="1" time="0.073461"/>
      </testsuite>
      <testsuite name="Tests\Unit\Services\Ads\MetaAdsServiceTest" file="/home/user/cmis.marketing.limited/tests/Unit/Services/Ads/MetaAdsServiceTest.php" tests="7" assertions="0" errors="7" failures="0" skipped="0" time="0.000000">
        <testcase name="test_sync_account_successfully" file="/home/user/cmis.marketing.limited/tests/Unit/Services/Ads/MetaAdsServiceTest.php" line="58" class="Tests\Unit\Services\Ads\MetaAdsServiceTest" classname="Tests.Unit.Services.Ads.MetaAdsServiceTest" assertions="0" time="0.000000">
          <error type="Error">Tests\Unit\Services\Ads\MetaAdsServiceTest::test_sync_account_successfully
Error: Class "App\Models\Integration" not found

/home/user/cmis.marketing.limited/tests/Unit/Services/Ads/MetaAdsServiceTest.php:22</error>
        </testcase>
        <testcase name="test_sync_campaigns_with_empty_ad_account" file="/home/user/cmis.marketing.limited/tests/Unit/Services/Ads/MetaAdsServiceTest.php" line="113" class="Tests\Unit\Services\Ads\MetaAdsServiceTest" classname="Tests.Unit.Services.Ads.MetaAdsServiceTest" assertions="0" time="0.000000">
          <error type="Error">Tests\Unit\Services\Ads\MetaAdsServiceTest::test_sync_campaigns_with_empty_ad_account
Error: Class "App\Models\Integration" not found

/home/user/cmis.marketing.limited/tests/Unit/Services/Ads/MetaAdsServiceTest.php:22</error>
        </testcase>
        <testcase name="test_get_configuration_returns_correct_structure" file="/home/user/cmis.marketing.limited/tests/Unit/Services/Ads/MetaAdsServiceTest.php" line="32" class="Tests\Unit\Services\Ads\MetaAdsServiceTest" classname="Tests.Unit.Services.Ads.MetaAdsServiceTest" assertions="0" time="0.000000">
          <error type="Error">Tests\Unit\Services\Ads\MetaAdsServiceTest::test_get_configuration_returns_correct_structure
Error: Class "App\Models\Integration" not found

/home/user/cmis.marketing.limited/tests/Unit/Services/Ads/MetaAdsServiceTest.php:22</error>
        </testcase>
        <testcase name="test_sync_metrics_for_campaigns" file="/home/user/cmis.marketing.limited/tests/Unit/Services/Ads/MetaAdsServiceTest.php" line="123" class="Tests\Unit\Services\Ads\MetaAdsServiceTest" classname="Tests.Unit.Services.Ads.MetaAdsServiceTest" assertions="0" time="0.000000">
          <error type="Error">Tests\Unit\Services\Ads\MetaAdsServiceTest::test_sync_metrics_for_campaigns
Error: Class "App\Models\Integration" not found

/home/user/cmis.marketing.limited/tests/Unit/Services/Ads/MetaAdsServiceTest.php:22</error>
        </testcase>
        <testcase name="test_sync_campaigns_successfully" file="/home/user/cmis.marketing.limited/tests/Unit/Services/Ads/MetaAdsServiceTest.php" line="81" class="Tests\Unit\Services\Ads\MetaAdsServiceTest" classname="Tests.Unit.Services.Ads.MetaAdsServiceTest" assertions="0" time="0.000000">
          <error type="Error">Tests\Unit\Services\Ads\MetaAdsServiceTest::test_sync_campaigns_successfully
Error: Class "App\Models\Integration" not found

/home/user/cmis.marketing.limited/tests/Unit/Services/Ads/MetaAdsServiceTest.php:22</error>
        </testcase>
        <testcase name="test_sync_account_without_ad_account_id" file="/home/user/cmis.marketing.limited/tests/Unit/Services/Ads/MetaAdsServiceTest.php" line="48" class="Tests\Unit\Services\Ads\MetaAdsServiceTest" classname="Tests.Unit.Services.Ads.MetaAdsServiceTest" assertions="0" time="0.000000">
          <error type="Error">Tests\Unit\Services\Ads\MetaAdsServiceTest::test_sync_account_without_ad_account_id
Error: Class "App\Models\Integration" not found

/home/user/cmis.marketing.limited/tests/Unit/Services/Ads/MetaAdsServiceTest.php:22</error>
        </testcase>
        <testcase name="test_validate_token_with_expired_integration" file="/home/user/cmis.marketing.limited/tests/Unit/Services/Ads/MetaAdsServiceTest.php" line="155" class="Tests\Unit\Services\Ads\MetaAdsServiceTest" classname="Tests.Unit.Services.Ads.MetaAdsServiceTest" assertions="0" time="0.000000">
          <error type="Error">Tests\Unit\Services\Ads\MetaAdsServiceTest::test_validate_token_with_expired_integration
Error: Class "App\Models\Integration" not found

/home/user/cmis.marketing.limited/tests/Unit/Services/Ads/MetaAdsServiceTest.php:22</error>
        </testcase>
      </testsuite>
      <testsuite name="Tests\Unit\Observers\CampaignObserverTest" file="/home/user/cmis.marketing.limited/tests/Unit/Observers/CampaignObserverTest.php" tests="7" assertions="8" errors="0" failures="1" skipped="0" time="0.519607">
        <testcase name="it_fires_deleted_event" file="/home/user/cmis.marketing.limited/tests/Unit/Observers/CampaignObserverTest.php" line="156" class="Tests\Unit\Observers\CampaignObserverTest" classname="Tests.Unit.Observers.CampaignObserverTest" assertions="1" time="0.081407"/>
        <testcase name="it_fires_updated_event" file="/home/user/cmis.marketing.limited/tests/Unit/Observers/CampaignObserverTest.php" line="101" class="Tests\Unit\Observers\CampaignObserverTest" classname="Tests.Unit.Observers.CampaignObserverTest" assertions="1" time="0.076456"/>
        <testcase name="it_fires_updating_event" file="/home/user/cmis.marketing.limited/tests/Unit/Observers/CampaignObserverTest.php" line="76" class="Tests\Unit\Observers\CampaignObserverTest" classname="Tests.Unit.Observers.CampaignObserverTest" assertions="1" time="0.074617"/>
        <testcase name="it_fires_creating_event" file="/home/user/cmis.marketing.limited/tests/Unit/Observers/CampaignObserverTest.php" line="25" class="Tests\Unit\Observers\CampaignObserverTest" classname="Tests.Unit.Observers.CampaignObserverTest" assertions="1" time="0.090149"/>
        <testcase name="it_sets_defaults_on_creation" file="/home/user/cmis.marketing.limited/tests/Unit/Observers/CampaignObserverTest.php" line="182" class="Tests\Unit\Observers\CampaignObserverTest" classname="Tests.Unit.Observers.CampaignObserverTest" assertions="1" time="0.064346">
          <failure type="PHPUnit\Framework\ExpectationFailedException">Tests\Unit\Observers\CampaignObserverTest::it_sets_defaults_on_creation
Failed asserting that null is not null.

/home/user/cmis.marketing.limited/tests/Unit/Observers/CampaignObserverTest.php:197</failure>
        </testcase>
        <testcase name="it_fires_deleting_event" file="/home/user/cmis.marketing.limited/tests/Unit/Observers/CampaignObserverTest.php" line="129" class="Tests\Unit\Observers\CampaignObserverTest" classname="Tests.Unit.Observers.CampaignObserverTest" assertions="2" time="0.066387"/>
        <testcase name="it_fires_created_event" file="/home/user/cmis.marketing.limited/tests/Unit/Observers/CampaignObserverTest.php" line="51" class="Tests\Unit\Observers\CampaignObserverTest" classname="Tests.Unit.Observers.CampaignObserverTest" assertions="1" time="0.066245"/>
      </testsuite>
      <testsuite name="Tests\Unit\Policies\UserPolicyTest" file="/home/user/cmis.marketing.limited/tests/Unit/Policies/UserPolicyTest.php" tests="12" assertions="0" errors="12" failures="0" skipped="0" time="4.731302">
        <testcase name="admin_can_assign_roles" file="/home/user/cmis.marketing.limited/tests/Unit/Policies/UserPolicyTest.php" line="356" class="Tests\Unit\Policies\UserPolicyTest" classname="Tests.Unit.Policies.UserPolicyTest" assertions="0" time="0.524067">
          <error type="Error">Tests\Unit\Policies\UserPolicyTest::admin_can_assign_roles
Error: Class "App\Models\Team\TeamMember" not found

/home/user/cmis.marketing.limited/tests/Unit/Policies/UserPolicyTest.php:377</error>
        </testcase>
        <testcase name="admin_can_invite_users" file="/home/user/cmis.marketing.limited/tests/Unit/Policies/UserPolicyTest.php" line="324" class="Tests\Unit\Policies\UserPolicyTest" classname="Tests.Unit.Policies.UserPolicyTest" assertions="0" time="0.330293">
          <error type="Error">Tests\Unit\Policies\UserPolicyTest::admin_can_invite_users
Error: Class "App\Models\Team\TeamMember" not found

/home/user/cmis.marketing.limited/tests/Unit/Policies/UserPolicyTest.php:338</error>
        </testcase>
        <testcase name="viewer_cannot_create_users" file="/home/user/cmis.marketing.limited/tests/Unit/Policies/UserPolicyTest.php" line="402" class="Tests\Unit\Policies\UserPolicyTest" classname="Tests.Unit.Policies.UserPolicyTest" assertions="0" time="0.293211">
          <error type="Error">Tests\Unit\Policies\UserPolicyTest::viewer_cannot_create_users
Error: Class "App\Models\Team\TeamMember" not found

/home/user/cmis.marketing.limited/tests/Unit/Policies/UserPolicyTest.php:416</error>
        </testcase>
        <testcase name="user_cannot_assign_own_role" file="/home/user/cmis.marketing.limited/tests/Unit/Policies/UserPolicyTest.php" line="122" class="Tests\Unit\Policies\UserPolicyTest" classname="Tests.Unit.Policies.UserPolicyTest" assertions="0" time="0.295857">
          <error type="Error">Tests\Unit\Policies\UserPolicyTest::user_cannot_assign_own_role
Error: Class "App\Models\Team\TeamMember" not found

/home/user/cmis.marketing.limited/tests/Unit/Policies/UserPolicyTest.php:136</error>
        </testcase>
        <testcase name="user_can_update_own_profile" file="/home/user/cmis.marketing.limited/tests/Unit/Policies/UserPolicyTest.php" line="58" class="Tests\Unit\Policies\UserPolicyTest" classname="Tests.Unit.Policies.UserPolicyTest" assertions="0" time="0.295367">
          <error type="Error">Tests\Unit\Policies\UserPolicyTest::user_can_update_own_profile
Error: Class "App\Models\Team\TeamMember" not found

/home/user/cmis.marketing.limited/tests/Unit/Policies/UserPolicyTest.php:72</error>
        </testcase>
        <testcase name="admin_can_view_other_users" file="/home/user/cmis.marketing.limited/tests/Unit/Policies/UserPolicyTest.php" line="154" class="Tests\Unit\Policies\UserPolicyTest" classname="Tests.Unit.Policies.UserPolicyTest" assertions="0" time="0.521920">
          <error type="Error">Tests\Unit\Policies\UserPolicyTest::admin_can_view_other_users
Error: Class "App\Models\Team\TeamMember" not found

/home/user/cmis.marketing.limited/tests/Unit/Policies/UserPolicyTest.php:175</error>
        </testcase>
        <testcase name="user_can_view_own_profile" file="/home/user/cmis.marketing.limited/tests/Unit/Policies/UserPolicyTest.php" line="26" class="Tests\Unit\Policies\UserPolicyTest" classname="Tests.Unit.Policies.UserPolicyTest" assertions="0" time="0.292312">
          <error type="Error">Tests\Unit\Policies\UserPolicyTest::user_can_view_own_profile
Error: Class "App\Models\Team\TeamMember" not found

/home/user/cmis.marketing.limited/tests/Unit/Policies/UserPolicyTest.php:40</error>
        </testcase>
        <testcase name="user_cannot_delete_own_account" file="/home/user/cmis.marketing.limited/tests/Unit/Policies/UserPolicyTest.php" line="90" class="Tests\Unit\Policies\UserPolicyTest" classname="Tests.Unit.Policies.UserPolicyTest" assertions="0" time="0.310756">
          <error type="Error">Tests\Unit\Policies\UserPolicyTest::user_cannot_delete_own_account
Error: Class "App\Models\Team\TeamMember" not found

/home/user/cmis.marketing.limited/tests/Unit/Policies/UserPolicyTest.php:104</error>
        </testcase>
        <testcase name="viewer_cannot_view_other_users" file="/home/user/cmis.marketing.limited/tests/Unit/Policies/UserPolicyTest.php" line="435" class="Tests\Unit\Policies\UserPolicyTest" classname="Tests.Unit.Policies.UserPolicyTest" assertions="0" time="0.525410">
          <error type="Error">Tests\Unit\Policies\UserPolicyTest::viewer_cannot_view_other_users
Error: Class "App\Models\Team\TeamMember" not found

/home/user/cmis.marketing.limited/tests/Unit/Policies/UserPolicyTest.php:456</error>
        </testcase>
        <testcase name="admin_can_update_other_users" file="/home/user/cmis.marketing.limited/tests/Unit/Policies/UserPolicyTest.php" line="232" class="Tests\Unit\Policies\UserPolicyTest" classname="Tests.Unit.Policies.UserPolicyTest" assertions="0" time="0.526121">
          <error type="Error">Tests\Unit\Policies\UserPolicyTest::admin_can_update_other_users
Error: Class "App\Models\Team\TeamMember" not found

/home/user/cmis.marketing.limited/tests/Unit/Policies/UserPolicyTest.php:253</error>
        </testcase>
        <testcase name="admin_can_create_users" file="/home/user/cmis.marketing.limited/tests/Unit/Policies/UserPolicyTest.php" line="200" class="Tests\Unit\Policies\UserPolicyTest" classname="Tests.Unit.Policies.UserPolicyTest" assertions="0" time="0.294603">
          <error type="Error">Tests\Unit\Policies\UserPolicyTest::admin_can_create_users
Error: Class "App\Models\Team\TeamMember" not found

/home/user/cmis.marketing.limited/tests/Unit/Policies/UserPolicyTest.php:214</error>
        </testcase>
        <testcase name="admin_can_delete_other_users" file="/home/user/cmis.marketing.limited/tests/Unit/Policies/UserPolicyTest.php" line="278" class="Tests\Unit\Policies\UserPolicyTest" classname="Tests.Unit.Policies.UserPolicyTest" assertions="0" time="0.521384">
          <error type="Error">Tests\Unit\Policies\UserPolicyTest::admin_can_delete_other_users
Error: Class "App\Models\Team\TeamMember" not found

/home/user/cmis.marketing.limited/tests/Unit/Policies/UserPolicyTest.php:299</error>
        </testcase>
      </testsuite>
      <testsuite name="Tests\Unit\Traits\HasUuidTest" file="/home/user/cmis.marketing.limited/tests/Unit/Traits/HasUuidTest.php" tests="8" assertions="10" errors="2" failures="0" skipped="0" time="0.850246">
        <testcase name="it_uses_string_key_type" file="/home/user/cmis.marketing.limited/tests/Unit/Traits/HasUuidTest.php" line="84" class="Tests\Unit\Traits\HasUuidTest" classname="Tests.Unit.Traits.HasUuidTest" assertions="1" time="0.084303">
          <error type="Error">Tests\Unit\Traits\HasUuidTest::it_uses_string_key_type
Error: Call to undefined method Tests\Unit\Traits\HasUuidTest::assertNotIsInt()

/home/user/cmis.marketing.limited/tests/Unit/Traits/HasUuidTest.php:93</error>
        </testcase>
        <testcase name="it_allows_manual_uuid_assignment" file="/home/user/cmis.marketing.limited/tests/Unit/Traits/HasUuidTest.php" line="66" class="Tests\Unit\Traits\HasUuidTest" classname="Tests.Unit.Traits.HasUuidTest" assertions="1" time="0.062231"/>
        <testcase name="it_does_not_auto_increment" file="/home/user/cmis.marketing.limited/tests/Unit/Traits/HasUuidTest.php" line="42" class="Tests\Unit\Traits\HasUuidTest" classname="Tests.Unit.Traits.HasUuidTest" assertions="0" time="0.063234">
          <error type="TypeError">Tests\Unit\Traits\HasUuidTest::it_does_not_auto_increment
TypeError: Unsupported operand types: string + int

/home/user/cmis.marketing.limited/tests/Unit/Traits/HasUuidTest.php:55</error>
        </testcase>
        <testcase name="it_works_across_different_models" file="/home/user/cmis.marketing.limited/tests/Unit/Traits/HasUuidTest.php" line="168" class="Tests\Unit\Traits\HasUuidTest" classname="Tests.Unit.Traits.HasUuidTest" assertions="3" time="0.295285"/>
        <testcase name="it_maintains_uuid_format" file="/home/user/cmis.marketing.limited/tests/Unit/Traits/HasUuidTest.php" line="150" class="Tests\Unit\Traits\HasUuidTest" classname="Tests.Unit.Traits.HasUuidTest" assertions="1" time="0.059553"/>
        <testcase name="it_generates_unique_uuids" file="/home/user/cmis.marketing.limited/tests/Unit/Traits/HasUuidTest.php" line="127" class="Tests\Unit\Traits\HasUuidTest" classname="Tests.Unit.Traits.HasUuidTest" assertions="1" time="0.143706"/>
        <testcase name="it_automatically_generates_uuid_on_creation" file="/home/user/cmis.marketing.limited/tests/Unit/Traits/HasUuidTest.php" line="25" class="Tests\Unit\Traits\HasUuidTest" classname="Tests.Unit.Traits.HasUuidTest" assertions="1" time="0.068675"/>
        <testcase name="it_works_with_relationships" file="/home/user/cmis.marketing.limited/tests/Unit/Traits/HasUuidTest.php" line="102" class="Tests\Unit\Traits\HasUuidTest" classname="Tests.Unit.Traits.HasUuidTest" assertions="2" time="0.073259"/>
      </testsuite>
      <testsuite name="Tests\Unit\Jobs\ProcessWebhookResponseJobTest" file="/home/user/cmis.marketing.limited/tests/Unit/Jobs/ProcessWebhookResponseJobTest.php" tests="11" assertions="0" errors="11" failures="0" skipped="0" time="0.746670">
        <testcase name="it_handles_network_errors" file="/home/user/cmis.marketing.limited/tests/Unit/Jobs/ProcessWebhookResponseJobTest.php" line="318" class="Tests\Unit\Jobs\ProcessWebhookResponseJobTest" classname="Tests.Unit.Jobs.ProcessWebhookResponseJobTest" assertions="0" time="0.073892">
          <error type="Error">Tests\Unit\Jobs\ProcessWebhookResponseJobTest::it_handles_network_errors
Error: Class "App\Models\Webhook\Webhook" not found

/home/user/cmis.marketing.limited/tests/Unit/Jobs/ProcessWebhookResponseJobTest.php:331</error>
        </testcase>
        <testcase name="it_processes_successful_webhook_response" file="/home/user/cmis.marketing.limited/tests/Unit/Jobs/ProcessWebhookResponseJobTest.php" line="28" class="Tests\Unit\Jobs\ProcessWebhookResponseJobTest" classname="Tests.Unit.Jobs.ProcessWebhookResponseJobTest" assertions="0" time="0.066501">
          <error type="Error">Tests\Unit\Jobs\ProcessWebhookResponseJobTest::it_processes_successful_webhook_response
Error: Class "App\Models\Webhook\Webhook" not found

/home/user/cmis.marketing.limited/tests/Unit/Jobs/ProcessWebhookResponseJobTest.php:39</error>
        </testcase>
        <testcase name="it_handles_failed_webhook_response" file="/home/user/cmis.marketing.limited/tests/Unit/Jobs/ProcessWebhookResponseJobTest.php" line="59" class="Tests\Unit\Jobs\ProcessWebhookResponseJobTest" classname="Tests.Unit.Jobs.ProcessWebhookResponseJobTest" assertions="0" time="0.085779">
          <error type="Error">Tests\Unit\Jobs\ProcessWebhookResponseJobTest::it_handles_failed_webhook_response
Error: Class "App\Models\Webhook\Webhook" not found

/home/user/cmis.marketing.limited/tests/Unit/Jobs/ProcessWebhookResponseJobTest.php:70</error>
        </testcase>
        <testcase name="it_includes_signature" file="/home/user/cmis.marketing.limited/tests/Unit/Jobs/ProcessWebhookResponseJobTest.php" line="157" class="Tests\Unit\Jobs\ProcessWebhookResponseJobTest" classname="Tests.Unit.Jobs.ProcessWebhookResponseJobTest" assertions="0" time="0.063546">
          <error type="Error">Tests\Unit\Jobs\ProcessWebhookResponseJobTest::it_includes_signature
Error: Class "App\Models\Webhook\Webhook" not found

/home/user/cmis.marketing.limited/tests/Unit/Jobs/ProcessWebhookResponseJobTest.php:168</error>
        </testcase>
        <testcase name="it_updates_webhook_statistics" file="/home/user/cmis.marketing.limited/tests/Unit/Jobs/ProcessWebhookResponseJobTest.php" line="222" class="Tests\Unit\Jobs\ProcessWebhookResponseJobTest" classname="Tests.Unit.Jobs.ProcessWebhookResponseJobTest" assertions="0" time="0.066701">
          <error type="Error">Tests\Unit\Jobs\ProcessWebhookResponseJobTest::it_updates_webhook_statistics
Error: Class "App\Models\Webhook\Webhook" not found

/home/user/cmis.marketing.limited/tests/Unit/Jobs/ProcessWebhookResponseJobTest.php:233</error>
        </testcase>
        <testcase name="it_respects_max_retry_limit" file="/home/user/cmis.marketing.limited/tests/Unit/Jobs/ProcessWebhookResponseJobTest.php" line="284" class="Tests\Unit\Jobs\ProcessWebhookResponseJobTest" classname="Tests.Unit.Jobs.ProcessWebhookResponseJobTest" assertions="0" time="0.063853">
          <error type="Error">Tests\Unit\Jobs\ProcessWebhookResponseJobTest::it_respects_max_retry_limit
Error: Class "App\Models\Webhook\Webhook" not found

/home/user/cmis.marketing.limited/tests/Unit/Jobs/ProcessWebhookResponseJobTest.php:295</error>
        </testcase>
        <testcase name="it_retries_on_timeout" file="/home/user/cmis.marketing.limited/tests/Unit/Jobs/ProcessWebhookResponseJobTest.php" line="90" class="Tests\Unit\Jobs\ProcessWebhookResponseJobTest" classname="Tests.Unit.Jobs.ProcessWebhookResponseJobTest" assertions="0" time="0.065968">
          <error type="Error">Tests\Unit\Jobs\ProcessWebhookResponseJobTest::it_retries_on_timeout
Error: Class "App\Models\Webhook\Webhook" not found

/home/user/cmis.marketing.limited/tests/Unit/Jobs/ProcessWebhookResponseJobTest.php:101</error>
        </testcase>
        <testcase name="it_respects_org_isolation" file="/home/user/cmis.marketing.limited/tests/Unit/Jobs/ProcessWebhookResponseJobTest.php" line="352" class="Tests\Unit\Jobs\ProcessWebhookResponseJobTest" classname="Tests.Unit.Jobs.ProcessWebhookResponseJobTest" assertions="0" time="0.082123">
          <error type="Error">Tests\Unit\Jobs\ProcessWebhookResponseJobTest::it_respects_org_isolation
Error: Class "App\Models\Webhook\Webhook" not found

/home/user/cmis.marketing.limited/tests/Unit/Jobs/ProcessWebhookResponseJobTest.php:366</error>
        </testcase>
        <testcase name="it_can_be_dispatched" file="/home/user/cmis.marketing.limited/tests/Unit/Jobs/ProcessWebhookResponseJobTest.php" line="256" class="Tests\Unit\Jobs\ProcessWebhookResponseJobTest" classname="Tests.Unit.Jobs.ProcessWebhookResponseJobTest" assertions="0" time="0.058258">
          <error type="Error">Tests\Unit\Jobs\ProcessWebhookResponseJobTest::it_can_be_dispatched
Error: Class "App\Models\Webhook\Webhook" not found

/home/user/cmis.marketing.limited/tests/Unit/Jobs/ProcessWebhookResponseJobTest.php:265</error>
        </testcase>
        <testcase name="it_sends_custom_headers" file="/home/user/cmis.marketing.limited/tests/Unit/Jobs/ProcessWebhookResponseJobTest.php" line="122" class="Tests\Unit\Jobs\ProcessWebhookResponseJobTest" classname="Tests.Unit.Jobs.ProcessWebhookResponseJobTest" assertions="0" time="0.059898">
          <error type="Error">Tests\Unit\Jobs\ProcessWebhookResponseJobTest::it_sends_custom_headers
Error: Class "App\Models\Webhook\Webhook" not found

/home/user/cmis.marketing.limited/tests/Unit/Jobs/ProcessWebhookResponseJobTest.php:133</error>
        </testcase>
        <testcase name="it_logs_webhook_delivery" file="/home/user/cmis.marketing.limited/tests/Unit/Jobs/ProcessWebhookResponseJobTest.php" line="190" class="Tests\Unit\Jobs\ProcessWebhookResponseJobTest" classname="Tests.Unit.Jobs.ProcessWebhookResponseJobTest" assertions="0" time="0.060152">
          <error type="Error">Tests\Unit\Jobs\ProcessWebhookResponseJobTest::it_logs_webhook_delivery
Error: Class "App\Models\Webhook\Webhook" not found

/home/user/cmis.marketing.limited/tests/Unit/Jobs/ProcessWebhookResponseJobTest.php:201</error>
        </testcase>
      </testsuite>
      <testsuite name="Tests\Unit\Requests\StoreCampaignRequestTest" file="/home/user/cmis.marketing.limited/tests/Unit/Requests/StoreCampaignRequestTest.php" tests="5" assertions="8" errors="0" failures="0" skipped="0" time="0.394206">
        <testcase name="it_passes_with_valid_data" file="/home/user/cmis.marketing.limited/tests/Unit/Requests/StoreCampaignRequestTest.php" line="32" class="Tests\Unit\Requests\StoreCampaignRequestTest" classname="Tests.Unit.Requests.StoreCampaignRequestTest" assertions="1" time="0.072983"/>
        <testcase name="it_validates_required_fields" file="/home/user/cmis.marketing.limited/tests/Unit/Requests/StoreCampaignRequestTest.php" line="15" class="Tests\Unit\Requests\StoreCampaignRequestTest" classname="Tests.Unit.Requests.StoreCampaignRequestTest" assertions="2" time="0.125252"/>
        <testcase name="it_validates_name_max_length" file="/home/user/cmis.marketing.limited/tests/Unit/Requests/StoreCampaignRequestTest.php" line="56" class="Tests\Unit\Requests\StoreCampaignRequestTest" classname="Tests.Unit.Requests.StoreCampaignRequestTest" assertions="2" time="0.062885"/>
        <testcase name="it_validates_dates" file="/home/user/cmis.marketing.limited/tests/Unit/Requests/StoreCampaignRequestTest.php" line="100" class="Tests\Unit\Requests\StoreCampaignRequestTest" classname="Tests.Unit.Requests.StoreCampaignRequestTest" assertions="1" time="0.068378"/>
        <testcase name="it_validates_status_enum" file="/home/user/cmis.marketing.limited/tests/Unit/Requests/StoreCampaignRequestTest.php" line="78" class="Tests\Unit\Requests\StoreCampaignRequestTest" classname="Tests.Unit.Requests.StoreCampaignRequestTest" assertions="2" time="0.064709"/>
      </testsuite>
      <testsuite name="Tests\Unit\Services\WhatsAppServiceTest" file="/home/user/cmis.marketing.limited/tests/Unit/Services/WhatsAppServiceTest.php" tests="11" assertions="0" errors="11" failures="0" skipped="0" time="3.354172">
        <testcase name="it_handles_api_errors" file="/home/user/cmis.marketing.limited/tests/Unit/Services/WhatsAppServiceTest.php" line="275" class="Tests\Unit\Services\WhatsAppServiceTest" classname="Tests.Unit.Services.WhatsAppServiceTest" assertions="0" time="0.308364">
          <error type="Illuminate\Database\Eloquent\InvalidCastException">Tests\Unit\Services\WhatsAppServiceTest::it_handles_api_errors
Illuminate\Database\Eloquent\InvalidCastException: Call to undefined cast [Illuminate\Database\Eloquent\Casts\Encrypted] on column [access_token] in model [App\Models\Core\Integration].

/home/user/cmis.marketing.limited/vendor/laravel/framework/src/Illuminate/Database/Eloquent/Concerns/HasAttributes.php:1768
/home/user/cmis.marketing.limited/vendor/laravel/framework/src/Illuminate/Database/Eloquent/Concerns/HasAttributes.php:1084
/home/user/cmis.marketing.limited/vendor/laravel/framework/src/Illuminate/Database/Eloquent/Model.php:619
/home/user/cmis.marketing.limited/vendor/laravel/framework/src/Illuminate/Database/Eloquent/Model.php:713
/home/user/cmis.marketing.limited/vendor/laravel/framework/src/Illuminate/Database/Eloquent/Builder.php:1747
/home/user/cmis.marketing.limited/vendor/laravel/framework/src/Illuminate/Database/Eloquent/Builder.php:1218
/home/user/cmis.marketing.limited/vendor/laravel/framework/src/Illuminate/Support/Traits/ForwardsCalls.php:23
/home/user/cmis.marketing.limited/vendor/laravel/framework/src/Illuminate/Database/Eloquent/Model.php:2540
/home/user/cmis.marketing.limited/vendor/laravel/framework/src/Illuminate/Database/Eloquent/Model.php:2556
/home/user/cmis.marketing.limited/tests/Traits/CreatesTestData.php:105
/home/user/cmis.marketing.limited/tests/Unit/Services/WhatsAppServiceTest.php:280</error>
        </testcase>
        <testcase name="it_handles_rate_limiting" file="/home/user/cmis.marketing.limited/tests/Unit/Services/WhatsAppServiceTest.php" line="296" class="Tests\Unit\Services\WhatsAppServiceTest" classname="Tests.Unit.Services.WhatsAppServiceTest" assertions="0" time="0.323299">
          <error type="Illuminate\Database\Eloquent\InvalidCastException">Tests\Unit\Services\WhatsAppServiceTest::it_handles_rate_limiting
Illuminate\Database\Eloquent\InvalidCastException: Call to undefined cast [Illuminate\Database\Eloquent\Casts\Encrypted] on column [access_token] in model [App\Models\Core\Integration].

/home/user/cmis.marketing.limited/vendor/laravel/framework/src/Illuminate/Database/Eloquent/Concerns/HasAttributes.php:1768
/home/user/cmis.marketing.limited/vendor/laravel/framework/src/Illuminate/Database/Eloquent/Concerns/HasAttributes.php:1084
/home/user/cmis.marketing.limited/vendor/laravel/framework/src/Illuminate/Database/Eloquent/Model.php:619
/home/user/cmis.marketing.limited/vendor/laravel/framework/src/Illuminate/Database/Eloquent/Model.php:713
/home/user/cmis.marketing.limited/vendor/laravel/framework/src/Illuminate/Database/Eloquent/Builder.php:1747
/home/user/cmis.marketing.limited/vendor/laravel/framework/src/Illuminate/Database/Eloquent/Builder.php:1218
/home/user/cmis.marketing.limited/vendor/laravel/framework/src/Illuminate/Support/Traits/ForwardsCalls.php:23
/home/user/cmis.marketing.limited/vendor/laravel/framework/src/Illuminate/Database/Eloquent/Model.php:2540
/home/user/cmis.marketing.limited/vendor/laravel/framework/src/Illuminate/Database/Eloquent/Model.php:2556
/home/user/cmis.marketing.limited/tests/Traits/CreatesTestData.php:105
/home/user/cmis.marketing.limited/tests/Unit/Services/WhatsAppServiceTest.php:301</error>
        </testcase>
        <testcase name="it_can_mark_message_as_read" file="/home/user/cmis.marketing.limited/tests/Unit/Services/WhatsAppServiceTest.php" line="210" class="Tests\Unit\Services\WhatsAppServiceTest" classname="Tests.Unit.Services.WhatsAppServiceTest" assertions="0" time="0.300625">
          <error type="Illuminate\Database\Eloquent\InvalidCastException">Tests\Unit\Services\WhatsAppServiceTest::it_can_mark_message_as_read
Illuminate\Database\Eloquent\InvalidCastException: Call to undefined cast [Illuminate\Database\Eloquent\Casts\Encrypted] on column [access_token] in model [App\Models\Core\Integration].

/home/user/cmis.marketing.limited/vendor/laravel/framework/src/Illuminate/Database/Eloquent/Concerns/HasAttributes.php:1768
/home/user/cmis.marketing.limited/vendor/laravel/framework/src/Illuminate/Database/Eloquent/Concerns/HasAttributes.php:1084
/home/user/cmis.marketing.limited/vendor/laravel/framework/src/Illuminate/Database/Eloquent/Model.php:619
/home/user/cmis.marketing.limited/vendor/laravel/framework/src/Illuminate/Database/Eloquent/Model.php:713
/home/user/cmis.marketing.limited/vendor/laravel/framework/src/Illuminate/Database/Eloquent/Builder.php:1747
/home/user/cmis.marketing.limited/vendor/laravel/framework/src/Illuminate/Database/Eloquent/Builder.php:1218
/home/user/cmis.marketing.limited/vendor/laravel/framework/src/Illuminate/Support/Traits/ForwardsCalls.php:23
/home/user/cmis.marketing.limited/vendor/laravel/framework/src/Illuminate/Database/Eloquent/Model.php:2540
/home/user/cmis.marketing.limited/vendor/laravel/framework/src/Illuminate/Database/Eloquent/Model.php:2556
/home/user/cmis.marketing.limited/tests/Traits/CreatesTestData.php:105
/home/user/cmis.marketing.limited/tests/Unit/Services/WhatsAppServiceTest.php:215</error>
        </testcase>
        <testcase name="it_can_send_interactive_button_message" file="/home/user/cmis.marketing.limited/tests/Unit/Services/WhatsAppServiceTest.php" line="143" class="Tests\Unit\Services\WhatsAppServiceTest" classname="Tests.Unit.Services.WhatsAppServiceTest" assertions="0" time="0.299140">
          <error type="Illuminate\Database\Eloquent\InvalidCastException">Tests\Unit\Services\WhatsAppServiceTest::it_can_send_interactive_button_message
Illuminate\Database\Eloquent\InvalidCastException: Call to undefined cast [Illuminate\Database\Eloquent\Casts\Encrypted] on column [access_token] in model [App\Models\Core\Integration].

/home/user/cmis.marketing.limited/vendor/laravel/framework/src/Illuminate/Database/Eloquent/Concerns/HasAttributes.php:1768
/home/user/cmis.marketing.limited/vendor/laravel/framework/src/Illuminate/Database/Eloquent/Concerns/HasAttributes.php:1084
/home/user/cmis.marketing.limited/vendor/laravel/framework/src/Illuminate/Database/Eloquent/Model.php:619
/home/user/cmis.marketing.limited/vendor/laravel/framework/src/Illuminate/Database/Eloquent/Model.php:713
/home/user/cmis.marketing.limited/vendor/laravel/framework/src/Illuminate/Database/Eloquent/Builder.php:1747
/home/user/cmis.marketing.limited/vendor/laravel/framework/src/Illuminate/Database/Eloquent/Builder.php:1218
/home/user/cmis.marketing.limited/vendor/laravel/framework/src/Illuminate/Support/Traits/ForwardsCalls.php:23
/home/user/cmis.marketing.limited/vendor/laravel/framework/src/Illuminate/Database/Eloquent/Model.php:2540
/home/user/cmis.marketing.limited/vendor/laravel/framework/src/Illuminate/Database/Eloquent/Model.php:2556
/home/user/cmis.marketing.limited/tests/Traits/CreatesTestData.php:105
/home/user/cmis.marketing.limited/tests/Unit/Services/WhatsAppServiceTest.php:148</error>
        </testcase>
        <testcase name="it_can_get_media_url" file="/home/user/cmis.marketing.limited/tests/Unit/Services/WhatsAppServiceTest.php" line="232" class="Tests\Unit\Services\WhatsAppServiceTest" classname="Tests.Unit.Services.WhatsAppServiceTest" assertions="0" time="0.300592">
          <error type="Illuminate\Database\Eloquent\InvalidCastException">Tests\Unit\Services\WhatsAppServiceTest::it_can_get_media_url
Illuminate\Database\Eloquent\InvalidCastException: Call to undefined cast [Illuminate\Database\Eloquent\Casts\Encrypted] on column [access_token] in model [App\Models\Core\Integration].

/home/user/cmis.marketing.limited/vendor/laravel/framework/src/Illuminate/Database/Eloquent/Concerns/HasAttributes.php:1768
/home/user/cmis.marketing.limited/vendor/laravel/framework/src/Illuminate/Database/Eloquent/Concerns/HasAttributes.php:1084
/home/user/cmis.marketing.limited/vendor/laravel/framework/src/Illuminate/Database/Eloquent/Model.php:619
/home/user/cmis.marketing.limited/vendor/laravel/framework/src/Illuminate/Database/Eloquent/Model.php:713
/home/user/cmis.marketing.limited/vendor/laravel/framework/src/Illuminate/Database/Eloquent/Builder.php:1747
/home/user/cmis.marketing.limited/vendor/laravel/framework/src/Illuminate/Database/Eloquent/Builder.php:1218
/home/user/cmis.marketing.limited/vendor/laravel/framework/src/Illuminate/Support/Traits/ForwardsCalls.php:23
/home/user/cmis.marketing.limited/vendor/laravel/framework/src/Illuminate/Database/Eloquent/Model.php:2540
/home/user/cmis.marketing.limited/vendor/laravel/framework/src/Illuminate/Database/Eloquent/Model.php:2556
/home/user/cmis.marketing.limited/tests/Traits/CreatesTestData.php:105
/home/user/cmis.marketing.limited/tests/Unit/Services/WhatsAppServiceTest.php:237</error>
        </testcase>
        <testcase name="it_can_send_image_message" file="/home/user/cmis.marketing.limited/tests/Unit/Services/WhatsAppServiceTest.php" line="88" class="Tests\Unit\Services\WhatsAppServiceTest" classname="Tests.Unit.Services.WhatsAppServiceTest" assertions="0" time="0.304210">
          <error type="Illuminate\Database\Eloquent\InvalidCastException">Tests\Unit\Services\WhatsAppServiceTest::it_can_send_image_message
Illuminate\Database\Eloquent\InvalidCastException: Call to undefined cast [Illuminate\Database\Eloquent\Casts\Encrypted] on column [access_token] in model [App\Models\Core\Integration].

/home/user/cmis.marketing.limited/vendor/laravel/framework/src/Illuminate/Database/Eloquent/Concerns/HasAttributes.php:1768
/home/user/cmis.marketing.limited/vendor/laravel/framework/src/Illuminate/Database/Eloquent/Concerns/HasAttributes.php:1084
/home/user/cmis.marketing.limited/vendor/laravel/framework/src/Illuminate/Database/Eloquent/Model.php:619
/home/user/cmis.marketing.limited/vendor/laravel/framework/src/Illuminate/Database/Eloquent/Model.php:713
/home/user/cmis.marketing.limited/vendor/laravel/framework/src/Illuminate/Database/Eloquent/Builder.php:1747
/home/user/cmis.marketing.limited/vendor/laravel/framework/src/Illuminate/Database/Eloquent/Builder.php:1218
/home/user/cmis.marketing.limited/vendor/laravel/framework/src/Illuminate/Support/Traits/ForwardsCalls.php:23
/home/user/cmis.marketing.limited/vendor/laravel/framework/src/Illuminate/Database/Eloquent/Model.php:2540
/home/user/cmis.marketing.limited/vendor/laravel/framework/src/Illuminate/Database/Eloquent/Model.php:2556
/home/user/cmis.marketing.limited/tests/Traits/CreatesTestData.php:105
/home/user/cmis.marketing.limited/tests/Unit/Services/WhatsAppServiceTest.php:93</error>
        </testcase>
        <testcase name="it_validates_phone_number_format" file="/home/user/cmis.marketing.limited/tests/Unit/Services/WhatsAppServiceTest.php" line="256" class="Tests\Unit\Services\WhatsAppServiceTest" classname="Tests.Unit.Services.WhatsAppServiceTest" assertions="0" time="0.300991">
          <error type="Illuminate\Database\Eloquent\InvalidCastException">Tests\Unit\Services\WhatsAppServiceTest::it_validates_phone_number_format
Illuminate\Database\Eloquent\InvalidCastException: Call to undefined cast [Illuminate\Database\Eloquent\Casts\Encrypted] on column [access_token] in model [App\Models\Core\Integration].

/home/user/cmis.marketing.limited/vendor/laravel/framework/src/Illuminate/Database/Eloquent/Concerns/HasAttributes.php:1768
/home/user/cmis.marketing.limited/vendor/laravel/framework/src/Illuminate/Database/Eloquent/Concerns/HasAttributes.php:1084
/home/user/cmis.marketing.limited/vendor/laravel/framework/src/Illuminate/Database/Eloquent/Model.php:619
/home/user/cmis.marketing.limited/vendor/laravel/framework/src/Illuminate/Database/Eloquent/Model.php:713
/home/user/cmis.marketing.limited/vendor/laravel/framework/src/Illuminate/Database/Eloquent/Builder.php:1747
/home/user/cmis.marketing.limited/vendor/laravel/framework/src/Illuminate/Database/Eloquent/Builder.php:1218
/home/user/cmis.marketing.limited/vendor/laravel/framework/src/Illuminate/Support/Traits/ForwardsCalls.php:23
/home/user/cmis.marketing.limited/vendor/laravel/framework/src/Illuminate/Database/Eloquent/Model.php:2540
/home/user/cmis.marketing.limited/vendor/laravel/framework/src/Illuminate/Database/Eloquent/Model.php:2556
/home/user/cmis.marketing.limited/tests/Traits/CreatesTestData.php:105
/home/user/cmis.marketing.limited/tests/Unit/Services/WhatsAppServiceTest.php:261</error>
        </testcase>
        <testcase name="it_can_send_template_message" file="/home/user/cmis.marketing.limited/tests/Unit/Services/WhatsAppServiceTest.php" line="52" class="Tests\Unit\Services\WhatsAppServiceTest" classname="Tests.Unit.Services.WhatsAppServiceTest" assertions="0" time="0.322953">
          <error type="Illuminate\Database\Eloquent\InvalidCastException">Tests\Unit\Services\WhatsAppServiceTest::it_can_send_template_message
Illuminate\Database\Eloquent\InvalidCastException: Call to undefined cast [Illuminate\Database\Eloquent\Casts\Encrypted] on column [access_token] in model [App\Models\Core\Integration].

/home/user/cmis.marketing.limited/vendor/laravel/framework/src/Illuminate/Database/Eloquent/Concerns/HasAttributes.php:1768
/home/user/cmis.marketing.limited/vendor/laravel/framework/src/Illuminate/Database/Eloquent/Concerns/HasAttributes.php:1084
/home/user/cmis.marketing.limited/vendor/laravel/framework/src/Illuminate/Database/Eloquent/Model.php:619
/home/user/cmis.marketing.limited/vendor/laravel/framework/src/Illuminate/Database/Eloquent/Model.php:713
/home/user/cmis.marketing.limited/vendor/laravel/framework/src/Illuminate/Database/Eloquent/Builder.php:1747
/home/user/cmis.marketing.limited/vendor/laravel/framework/src/Illuminate/Database/Eloquent/Builder.php:1218
/home/user/cmis.marketing.limited/vendor/laravel/framework/src/Illuminate/Support/Traits/ForwardsCalls.php:23
/home/user/cmis.marketing.limited/vendor/laravel/framework/src/Illuminate/Database/Eloquent/Model.php:2540
/home/user/cmis.marketing.limited/vendor/laravel/framework/src/Illuminate/Database/Eloquent/Model.php:2556
/home/user/cmis.marketing.limited/tests/Traits/CreatesTestData.php:105
/home/user/cmis.marketing.limited/tests/Unit/Services/WhatsAppServiceTest.php:57</error>
        </testcase>
        <testcase name="it_can_send_interactive_list_message" file="/home/user/cmis.marketing.limited/tests/Unit/Services/WhatsAppServiceTest.php" line="174" class="Tests\Unit\Services\WhatsAppServiceTest" classname="Tests.Unit.Services.WhatsAppServiceTest" assertions="0" time="0.299315">
          <error type="Illuminate\Database\Eloquent\InvalidCastException">Tests\Unit\Services\WhatsAppServiceTest::it_can_send_interactive_list_message
Illuminate\Database\Eloquent\InvalidCastException: Call to undefined cast [Illuminate\Database\Eloquent\Casts\Encrypted] on column [access_token] in model [App\Models\Core\Integration].

/home/user/cmis.marketing.limited/vendor/laravel/framework/src/Illuminate/Database/Eloquent/Concerns/HasAttributes.php:1768
/home/user/cmis.marketing.limited/vendor/laravel/framework/src/Illuminate/Database/Eloquent/Concerns/HasAttributes.php:1084
/home/user/cmis.marketing.limited/vendor/laravel/framework/src/Illuminate/Database/Eloquent/Model.php:619
/home/user/cmis.marketing.limited/vendor/laravel/framework/src/Illuminate/Database/Eloquent/Model.php:713
/home/user/cmis.marketing.limited/vendor/laravel/framework/src/Illuminate/Database/Eloquent/Builder.php:1747
/home/user/cmis.marketing.limited/vendor/laravel/framework/src/Illuminate/Database/Eloquent/Builder.php:1218
/home/user/cmis.marketing.limited/vendor/laravel/framework/src/Illuminate/Support/Traits/ForwardsCalls.php:23
/home/user/cmis.marketing.limited/vendor/laravel/framework/src/Illuminate/Database/Eloquent/Model.php:2540
/home/user/cmis.marketing.limited/vendor/laravel/framework/src/Illuminate/Database/Eloquent/Model.php:2556
/home/user/cmis.marketing.limited/tests/Traits/CreatesTestData.php:105
/home/user/cmis.marketing.limited/tests/Unit/Services/WhatsAppServiceTest.php:179</error>
        </testcase>
        <testcase name="it_can_send_document_message" file="/home/user/cmis.marketing.limited/tests/Unit/Services/WhatsAppServiceTest.php" line="115" class="Tests\Unit\Services\WhatsAppServiceTest" classname="Tests.Unit.Services.WhatsAppServiceTest" assertions="0" time="0.298617">
          <error type="Illuminate\Database\Eloquent\InvalidCastException">Tests\Unit\Services\WhatsAppServiceTest::it_can_send_document_message
Illuminate\Database\Eloquent\InvalidCastException: Call to undefined cast [Illuminate\Database\Eloquent\Casts\Encrypted] on column [access_token] in model [App\Models\Core\Integration].

/home/user/cmis.marketing.limited/vendor/laravel/framework/src/Illuminate/Database/Eloquent/Concerns/HasAttributes.php:1768
/home/user/cmis.marketing.limited/vendor/laravel/framework/src/Illuminate/Database/Eloquent/Concerns/HasAttributes.php:1084
/home/user/cmis.marketing.limited/vendor/laravel/framework/src/Illuminate/Database/Eloquent/Model.php:619
/home/user/cmis.marketing.limited/vendor/laravel/framework/src/Illuminate/Database/Eloquent/Model.php:713
/home/user/cmis.marketing.limited/vendor/laravel/framework/src/Illuminate/Database/Eloquent/Builder.php:1747
/home/user/cmis.marketing.limited/vendor/laravel/framework/src/Illuminate/Database/Eloquent/Builder.php:1218
/home/user/cmis.marketing.limited/vendor/laravel/framework/src/Illuminate/Support/Traits/ForwardsCalls.php:23
/home/user/cmis.marketing.limited/vendor/laravel/framework/src/Illuminate/Database/Eloquent/Model.php:2540
/home/user/cmis.marketing.limited/vendor/laravel/framework/src/Illuminate/Database/Eloquent/Model.php:2556
/home/user/cmis.marketing.limited/tests/Traits/CreatesTestData.php:105
/home/user/cmis.marketing.limited/tests/Unit/Services/WhatsAppServiceTest.php:120</error>
        </testcase>
        <testcase name="it_can_send_text_message" file="/home/user/cmis.marketing.limited/tests/Unit/Services/WhatsAppServiceTest.php" line="27" class="Tests\Unit\Services\WhatsAppServiceTest" classname="Tests.Unit.Services.WhatsAppServiceTest" assertions="0" time="0.296066">
          <error type="Illuminate\Database\Eloquent\InvalidCastException">Tests\Unit\Services\WhatsAppServiceTest::it_can_send_text_message
Illuminate\Database\Eloquent\InvalidCastException: Call to undefined cast [Illuminate\Database\Eloquent\Casts\Encrypted] on column [access_token] in model [App\Models\Core\Integration].

/home/user/cmis.marketing.limited/vendor/laravel/framework/src/Illuminate/Database/Eloquent/Concerns/HasAttributes.php:1768
/home/user/cmis.marketing.limited/vendor/laravel/framework/src/Illuminate/Database/Eloquent/Concerns/HasAttributes.php:1084
/home/user/cmis.marketing.limited/vendor/laravel/framework/src/Illuminate/Database/Eloquent/Model.php:619
/home/user/cmis.marketing.limited/vendor/laravel/framework/src/Illuminate/Database/Eloquent/Model.php:713
/home/user/cmis.marketing.limited/vendor/laravel/framework/src/Illuminate/Database/Eloquent/Builder.php:1747
/home/user/cmis.marketing.limited/vendor/laravel/framework/src/Illuminate/Database/Eloquent/Builder.php:1218
/home/user/cmis.marketing.limited/vendor/laravel/framework/src/Illuminate/Support/Traits/ForwardsCalls.php:23
/home/user/cmis.marketing.limited/vendor/laravel/framework/src/Illuminate/Database/Eloquent/Model.php:2540
/home/user/cmis.marketing.limited/vendor/laravel/framework/src/Illuminate/Database/Eloquent/Model.php:2556
/home/user/cmis.marketing.limited/tests/Traits/CreatesTestData.php:105
/home/user/cmis.marketing.limited/tests/Unit/Services/WhatsAppServiceTest.php:32</error>
        </testcase>
      </testsuite>
      <testsuite name="Tests\Unit\Models\Content\ContentPlanItemTest" file="/home/user/cmis.marketing.limited/tests/Unit/Models/Content/ContentPlanItemTest.php" tests="10" assertions="0" errors="10" failures="0" skipped="0" time="0.633004">
        <testcase name="it_uses_uuid_as_primary_key" file="/home/user/cmis.marketing.limited/tests/Unit/Models/Content/ContentPlanItemTest.php" line="271" class="Tests\Unit\Models\Content\ContentPlanItemTest" classname="Tests.Unit.Models.Content.ContentPlanItemTest" assertions="0" time="0.081026">
          <error type="Error">Tests\Unit\Models\Content\ContentPlanItemTest::it_uses_uuid_as_primary_key
Error: Class "App\Models\Content\ContentPlan" not found

/home/user/cmis.marketing.limited/tests/Unit/Models/Content/ContentPlanItemTest.php:285</error>
        </testcase>
        <testcase name="it_validates_status" file="/home/user/cmis.marketing.limited/tests/Unit/Models/Content/ContentPlanItemTest.php" line="186" class="Tests\Unit\Models\Content\ContentPlanItemTest" classname="Tests.Unit.Models.Content.ContentPlanItemTest" assertions="0" time="0.056328">
          <error type="Error">Tests\Unit\Models\Content\ContentPlanItemTest::it_validates_status
Error: Class "App\Models\Content\ContentPlan" not found

/home/user/cmis.marketing.limited/tests/Unit/Models/Content/ContentPlanItemTest.php:200</error>
        </testcase>
        <testcase name="it_stores_content_details_as_json" file="/home/user/cmis.marketing.limited/tests/Unit/Models/Content/ContentPlanItemTest.php" line="227" class="Tests\Unit\Models\Content\ContentPlanItemTest" classname="Tests.Unit.Models.Content.ContentPlanItemTest" assertions="0" time="0.056255">
          <error type="Error">Tests\Unit\Models\Content\ContentPlanItemTest::it_stores_content_details_as_json
Error: Class "App\Models\Content\ContentPlan" not found

/home/user/cmis.marketing.limited/tests/Unit/Models/Content/ContentPlanItemTest.php:241</error>
        </testcase>
        <testcase name="it_validates_platform" file="/home/user/cmis.marketing.limited/tests/Unit/Models/Content/ContentPlanItemTest.php" line="143" class="Tests\Unit\Models\Content\ContentPlanItemTest" classname="Tests.Unit.Models.Content.ContentPlanItemTest" assertions="0" time="0.055703">
          <error type="Error">Tests\Unit\Models\Content\ContentPlanItemTest::it_validates_platform
Error: Class "App\Models\Content\ContentPlan" not found

/home/user/cmis.marketing.limited/tests/Unit/Models/Content/ContentPlanItemTest.php:157</error>
        </testcase>
        <testcase name="it_has_timestamps" file="/home/user/cmis.marketing.limited/tests/Unit/Models/Content/ContentPlanItemTest.php" line="345" class="Tests\Unit\Models\Content\ContentPlanItemTest" classname="Tests.Unit.Models.Content.ContentPlanItemTest" assertions="0" time="0.060805">
          <error type="Error">Tests\Unit\Models\Content\ContentPlanItemTest::it_has_timestamps
Error: Class "App\Models\Content\ContentPlan" not found

/home/user/cmis.marketing.limited/tests/Unit/Models/Content/ContentPlanItemTest.php:359</error>
        </testcase>
        <testcase name="it_can_create_a_content_plan_item" file="/home/user/cmis.marketing.limited/tests/Unit/Models/Content/ContentPlanItemTest.php" line="26" class="Tests\Unit\Models\Content\ContentPlanItemTest" classname="Tests.Unit.Models.Content.ContentPlanItemTest" assertions="0" time="0.058733">
          <error type="Error">Tests\Unit\Models\Content\ContentPlanItemTest::it_can_create_a_content_plan_item
Error: Class "App\Models\Content\ContentPlan" not found

/home/user/cmis.marketing.limited/tests/Unit/Models/Content/ContentPlanItemTest.php:40</error>
        </testcase>
        <testcase name="it_validates_content_type" file="/home/user/cmis.marketing.limited/tests/Unit/Models/Content/ContentPlanItemTest.php" line="101" class="Tests\Unit\Models\Content\ContentPlanItemTest" classname="Tests.Unit.Models.Content.ContentPlanItemTest" assertions="0" time="0.079724">
          <error type="Error">Tests\Unit\Models\Content\ContentPlanItemTest::it_validates_content_type
Error: Class "App\Models\Content\ContentPlan" not found

/home/user/cmis.marketing.limited/tests/Unit/Models/Content/ContentPlanItemTest.php:115</error>
        </testcase>
        <testcase name="it_can_be_soft_deleted" file="/home/user/cmis.marketing.limited/tests/Unit/Models/Content/ContentPlanItemTest.php" line="306" class="Tests\Unit\Models\Content\ContentPlanItemTest" classname="Tests.Unit.Models.Content.ContentPlanItemTest" assertions="0" time="0.058770">
          <error type="Error">Tests\Unit\Models\Content\ContentPlanItemTest::it_can_be_soft_deleted
Error: Class "App\Models\Content\ContentPlan" not found

/home/user/cmis.marketing.limited/tests/Unit/Models/Content/ContentPlanItemTest.php:320</error>
        </testcase>
        <testcase name="it_respects_rls_policies" file="/home/user/cmis.marketing.limited/tests/Unit/Models/Content/ContentPlanItemTest.php" line="381" class="Tests\Unit\Models\Content\ContentPlanItemTest" classname="Tests.Unit.Models.Content.ContentPlanItemTest" assertions="0" time="0.063835">
          <error type="Error">Tests\Unit\Models\Content\ContentPlanItemTest::it_respects_rls_policies
Error: Class "App\Models\Content\ContentPlan" not found

/home/user/cmis.marketing.limited/tests/Unit/Models/Content/ContentPlanItemTest.php:407</error>
        </testcase>
        <testcase name="it_belongs_to_content_plan_and_org" file="/home/user/cmis.marketing.limited/tests/Unit/Models/Content/ContentPlanItemTest.php" line="65" class="Tests\Unit\Models\Content\ContentPlanItemTest" classname="Tests.Unit.Models.Content.ContentPlanItemTest" assertions="0" time="0.061825">
          <error type="Error">Tests\Unit\Models\Content\ContentPlanItemTest::it_belongs_to_content_plan_and_org
Error: Class "App\Models\Content\ContentPlan" not found

/home/user/cmis.marketing.limited/tests/Unit/Models/Content/ContentPlanItemTest.php:79</error>
        </testcase>
      </testsuite>
      <testsuite name="Tests\Unit\Helpers\ValidationHelperTest" file="/home/user/cmis.marketing.limited/tests/Unit/Helpers/ValidationHelperTest.php" tests="13" assertions="49" errors="0" failures="1" skipped="0" time="0.783619">
        <testcase name="it_validates_arabic_text" file="/home/user/cmis.marketing.limited/tests/Unit/Helpers/ValidationHelperTest.php" line="104" class="Tests\Unit\Helpers\ValidationHelperTest" classname="Tests.Unit.Helpers.ValidationHelperTest" assertions="3" time="0.061340"/>
        <testcase name="it_validates_uuid" file="/home/user/cmis.marketing.limited/tests/Unit/Helpers/ValidationHelperTest.php" line="84" class="Tests\Unit\Helpers\ValidationHelperTest" classname="Tests.Unit.Helpers.ValidationHelperTest" assertions="3" time="0.076634"/>
        <testcase name="it_validates_url" file="/home/user/cmis.marketing.limited/tests/Unit/Helpers/ValidationHelperTest.php" line="41" class="Tests\Unit\Helpers\ValidationHelperTest" classname="Tests.Unit.Helpers.ValidationHelperTest" assertions="4" time="0.056991">
          <failure type="PHPUnit\Framework\ExpectationFailedException">Tests\Unit\Helpers\ValidationHelperTest::it_validates_url
Failed asserting that true is false.

/home/user/cmis.marketing.limited/tests/Unit/Helpers/ValidationHelperTest.php:52</failure>
        </testcase>
        <testcase name="it_validates_file_extension" file="/home/user/cmis.marketing.limited/tests/Unit/Helpers/ValidationHelperTest.php" line="265" class="Tests\Unit\Helpers\ValidationHelperTest" classname="Tests.Unit.Helpers.ValidationHelperTest" assertions="4" time="0.060733"/>
        <testcase name="it_validates_credit_card" file="/home/user/cmis.marketing.limited/tests/Unit/Helpers/ValidationHelperTest.php" line="148" class="Tests\Unit\Helpers\ValidationHelperTest" classname="Tests.Unit.Helpers.ValidationHelperTest" assertions="2" time="0.057298"/>
        <testcase name="it_validates_strong_password" file="/home/user/cmis.marketing.limited/tests/Unit/Helpers/ValidationHelperTest.php" line="123" class="Tests\Unit\Helpers\ValidationHelperTest" classname="Tests.Unit.Helpers.ValidationHelperTest" assertions="5" time="0.060116"/>
        <testcase name="it_validates_date_format" file="/home/user/cmis.marketing.limited/tests/Unit/Helpers/ValidationHelperTest.php" line="182" class="Tests\Unit\Helpers\ValidationHelperTest" classname="Tests.Unit.Helpers.ValidationHelperTest" assertions="4" time="0.057494"/>
        <testcase name="it_validates_json" file="/home/user/cmis.marketing.limited/tests/Unit/Helpers/ValidationHelperTest.php" line="203" class="Tests\Unit\Helpers\ValidationHelperTest" classname="Tests.Unit.Helpers.ValidationHelperTest" assertions="4" time="0.055683"/>
        <testcase name="it_validates_hashtag" file="/home/user/cmis.marketing.limited/tests/Unit/Helpers/ValidationHelperTest.php" line="286" class="Tests\Unit\Helpers\ValidationHelperTest" classname="Tests.Unit.Helpers.ValidationHelperTest" assertions="5" time="0.074202"/>
        <testcase name="it_sanitizes_input" file="/home/user/cmis.marketing.limited/tests/Unit/Helpers/ValidationHelperTest.php" line="244" class="Tests\Unit\Helpers\ValidationHelperTest" classname="Tests.Unit.Helpers.ValidationHelperTest" assertions="2" time="0.054148"/>
        <testcase name="it_validates_ip_address" file="/home/user/cmis.marketing.limited/tests/Unit/Helpers/ValidationHelperTest.php" line="224" class="Tests\Unit\Helpers\ValidationHelperTest" classname="Tests.Unit.Helpers.ValidationHelperTest" assertions="4" time="0.053124"/>
        <testcase name="it_validates_saudi_phone" file="/home/user/cmis.marketing.limited/tests/Unit/Helpers/ValidationHelperTest.php" line="61" class="Tests\Unit\Helpers\ValidationHelperTest" classname="Tests.Unit.Helpers.ValidationHelperTest" assertions="5" time="0.062189"/>
        <testcase name="it_validates_email" file="/home/user/cmis.marketing.limited/tests/Unit/Helpers/ValidationHelperTest.php" line="21" class="Tests\Unit\Helpers\ValidationHelperTest" classname="Tests.Unit.Helpers.ValidationHelperTest" assertions="4" time="0.053666"/>
      </testsuite>
      <testsuite name="Tests\Unit\Services\TwitterServiceTest" file="/home/user/cmis.marketing.limited/tests/Unit/Services/TwitterServiceTest.php" tests="11" assertions="0" errors="11" failures="0" skipped="0" time="3.351590">
        <testcase name="it_can_publish_tweet_with_media" file="/home/user/cmis.marketing.limited/tests/Unit/Services/TwitterServiceTest.php" line="55" class="Tests\Unit\Services\TwitterServiceTest" classname="Tests.Unit.Services.TwitterServiceTest" assertions="0" time="0.322216">
          <error type="Illuminate\Database\Eloquent\InvalidCastException">Tests\Unit\Services\TwitterServiceTest::it_can_publish_tweet_with_media
Illuminate\Database\Eloquent\InvalidCastException: Call to undefined cast [Illuminate\Database\Eloquent\Casts\Encrypted] on column [access_token] in model [App\Models\Core\Integration].

/home/user/cmis.marketing.limited/vendor/laravel/framework/src/Illuminate/Database/Eloquent/Concerns/HasAttributes.php:1768
/home/user/cmis.marketing.limited/vendor/laravel/framework/src/Illuminate/Database/Eloquent/Concerns/HasAttributes.php:1084
/home/user/cmis.marketing.limited/vendor/laravel/framework/src/Illuminate/Database/Eloquent/Model.php:619
/home/user/cmis.marketing.limited/vendor/laravel/framework/src/Illuminate/Database/Eloquent/Model.php:713
/home/user/cmis.marketing.limited/vendor/laravel/framework/src/Illuminate/Database/Eloquent/Builder.php:1747
/home/user/cmis.marketing.limited/vendor/laravel/framework/src/Illuminate/Database/Eloquent/Builder.php:1218
/home/user/cmis.marketing.limited/vendor/laravel/framework/src/Illuminate/Support/Traits/ForwardsCalls.php:23
/home/user/cmis.marketing.limited/vendor/laravel/framework/src/Illuminate/Database/Eloquent/Model.php:2540
/home/user/cmis.marketing.limited/vendor/laravel/framework/src/Illuminate/Database/Eloquent/Model.php:2556
/home/user/cmis.marketing.limited/tests/Traits/CreatesTestData.php:105
/home/user/cmis.marketing.limited/tests/Unit/Services/TwitterServiceTest.php:60</error>
        </testcase>
        <testcase name="it_can_publish_tweet" file="/home/user/cmis.marketing.limited/tests/Unit/Services/TwitterServiceTest.php" line="27" class="Tests\Unit\Services\TwitterServiceTest" classname="Tests.Unit.Services.TwitterServiceTest" assertions="0" time="0.294154">
          <error type="Illuminate\Database\Eloquent\InvalidCastException">Tests\Unit\Services\TwitterServiceTest::it_can_publish_tweet
Illuminate\Database\Eloquent\InvalidCastException: Call to undefined cast [Illuminate\Database\Eloquent\Casts\Encrypted] on column [access_token] in model [App\Models\Core\Integration].

/home/user/cmis.marketing.limited/vendor/laravel/framework/src/Illuminate/Database/Eloquent/Concerns/HasAttributes.php:1768
/home/user/cmis.marketing.limited/vendor/laravel/framework/src/Illuminate/Database/Eloquent/Concerns/HasAttributes.php:1084
/home/user/cmis.marketing.limited/vendor/laravel/framework/src/Illuminate/Database/Eloquent/Model.php:619
/home/user/cmis.marketing.limited/vendor/laravel/framework/src/Illuminate/Database/Eloquent/Model.php:713
/home/user/cmis.marketing.limited/vendor/laravel/framework/src/Illuminate/Database/Eloquent/Builder.php:1747
/home/user/cmis.marketing.limited/vendor/laravel/framework/src/Illuminate/Database/Eloquent/Builder.php:1218
/home/user/cmis.marketing.limited/vendor/laravel/framework/src/Illuminate/Support/Traits/ForwardsCalls.php:23
/home/user/cmis.marketing.limited/vendor/laravel/framework/src/Illuminate/Database/Eloquent/Model.php:2540
/home/user/cmis.marketing.limited/vendor/laravel/framework/src/Illuminate/Database/Eloquent/Model.php:2556
/home/user/cmis.marketing.limited/tests/Traits/CreatesTestData.php:105
/home/user/cmis.marketing.limited/tests/Unit/Services/TwitterServiceTest.php:32</error>
        </testcase>
        <testcase name="it_can_get_user_timeline" file="/home/user/cmis.marketing.limited/tests/Unit/Services/TwitterServiceTest.php" line="119" class="Tests\Unit\Services\TwitterServiceTest" classname="Tests.Unit.Services.TwitterServiceTest" assertions="0" time="0.297313">
          <error type="Illuminate\Database\Eloquent\InvalidCastException">Tests\Unit\Services\TwitterServiceTest::it_can_get_user_timeline
Illuminate\Database\Eloquent\InvalidCastException: Call to undefined cast [Illuminate\Database\Eloquent\Casts\Encrypted] on column [access_token] in model [App\Models\Core\Integration].

/home/user/cmis.marketing.limited/vendor/laravel/framework/src/Illuminate/Database/Eloquent/Concerns/HasAttributes.php:1768
/home/user/cmis.marketing.limited/vendor/laravel/framework/src/Illuminate/Database/Eloquent/Concerns/HasAttributes.php:1084
/home/user/cmis.marketing.limited/vendor/laravel/framework/src/Illuminate/Database/Eloquent/Model.php:619
/home/user/cmis.marketing.limited/vendor/laravel/framework/src/Illuminate/Database/Eloquent/Model.php:713
/home/user/cmis.marketing.limited/vendor/laravel/framework/src/Illuminate/Database/Eloquent/Builder.php:1747
/home/user/cmis.marketing.limited/vendor/laravel/framework/src/Illuminate/Database/Eloquent/Builder.php:1218
/home/user/cmis.marketing.limited/vendor/laravel/framework/src/Illuminate/Support/Traits/ForwardsCalls.php:23
/home/user/cmis.marketing.limited/vendor/laravel/framework/src/Illuminate/Database/Eloquent/Model.php:2540
/home/user/cmis.marketing.limited/vendor/laravel/framework/src/Illuminate/Database/Eloquent/Model.php:2556
/home/user/cmis.marketing.limited/tests/Traits/CreatesTestData.php:105
/home/user/cmis.marketing.limited/tests/Unit/Services/TwitterServiceTest.php:124</error>
        </testcase>
        <testcase name="it_can_get_tweet_metrics" file="/home/user/cmis.marketing.limited/tests/Unit/Services/TwitterServiceTest.php" line="151" class="Tests\Unit\Services\TwitterServiceTest" classname="Tests.Unit.Services.TwitterServiceTest" assertions="0" time="0.303028">
          <error type="Illuminate\Database\Eloquent\InvalidCastException">Tests\Unit\Services\TwitterServiceTest::it_can_get_tweet_metrics
Illuminate\Database\Eloquent\InvalidCastException: Call to undefined cast [Illuminate\Database\Eloquent\Casts\Encrypted] on column [access_token] in model [App\Models\Core\Integration].

/home/user/cmis.marketing.limited/vendor/laravel/framework/src/Illuminate/Database/Eloquent/Concerns/HasAttributes.php:1768
/home/user/cmis.marketing.limited/vendor/laravel/framework/src/Illuminate/Database/Eloquent/Concerns/HasAttributes.php:1084
/home/user/cmis.marketing.limited/vendor/laravel/framework/src/Illuminate/Database/Eloquent/Model.php:619
/home/user/cmis.marketing.limited/vendor/laravel/framework/src/Illuminate/Database/Eloquent/Model.php:713
/home/user/cmis.marketing.limited/vendor/laravel/framework/src/Illuminate/Database/Eloquent/Builder.php:1747
/home/user/cmis.marketing.limited/vendor/laravel/framework/src/Illuminate/Database/Eloquent/Builder.php:1218
/home/user/cmis.marketing.limited/vendor/laravel/framework/src/Illuminate/Support/Traits/ForwardsCalls.php:23
/home/user/cmis.marketing.limited/vendor/laravel/framework/src/Illuminate/Database/Eloquent/Model.php:2540
/home/user/cmis.marketing.limited/vendor/laravel/framework/src/Illuminate/Database/Eloquent/Model.php:2556
/home/user/cmis.marketing.limited/tests/Traits/CreatesTestData.php:105
/home/user/cmis.marketing.limited/tests/Unit/Services/TwitterServiceTest.php:156</error>
        </testcase>
        <testcase name="it_can_reply_to_tweet" file="/home/user/cmis.marketing.limited/tests/Unit/Services/TwitterServiceTest.php" line="183" class="Tests\Unit\Services\TwitterServiceTest" classname="Tests.Unit.Services.TwitterServiceTest" assertions="0" time="0.298338">
          <error type="Illuminate\Database\Eloquent\InvalidCastException">Tests\Unit\Services\TwitterServiceTest::it_can_reply_to_tweet
Illuminate\Database\Eloquent\InvalidCastException: Call to undefined cast [Illuminate\Database\Eloquent\Casts\Encrypted] on column [access_token] in model [App\Models\Core\Integration].

/home/user/cmis.marketing.limited/vendor/laravel/framework/src/Illuminate/Database/Eloquent/Concerns/HasAttributes.php:1768
/home/user/cmis.marketing.limited/vendor/laravel/framework/src/Illuminate/Database/Eloquent/Concerns/HasAttributes.php:1084
/home/user/cmis.marketing.limited/vendor/laravel/framework/src/Illuminate/Database/Eloquent/Model.php:619
/home/user/cmis.marketing.limited/vendor/laravel/framework/src/Illuminate/Database/Eloquent/Model.php:713
/home/user/cmis.marketing.limited/vendor/laravel/framework/src/Illuminate/Database/Eloquent/Builder.php:1747
/home/user/cmis.marketing.limited/vendor/laravel/framework/src/Illuminate/Database/Eloquent/Builder.php:1218
/home/user/cmis.marketing.limited/vendor/laravel/framework/src/Illuminate/Support/Traits/ForwardsCalls.php:23
/home/user/cmis.marketing.limited/vendor/laravel/framework/src/Illuminate/Database/Eloquent/Model.php:2540
/home/user/cmis.marketing.limited/vendor/laravel/framework/src/Illuminate/Database/Eloquent/Model.php:2556
/home/user/cmis.marketing.limited/tests/Traits/CreatesTestData.php:105
/home/user/cmis.marketing.limited/tests/Unit/Services/TwitterServiceTest.php:188</error>
        </testcase>
        <testcase name="it_can_get_mentions" file="/home/user/cmis.marketing.limited/tests/Unit/Services/TwitterServiceTest.php" line="260" class="Tests\Unit\Services\TwitterServiceTest" classname="Tests.Unit.Services.TwitterServiceTest" assertions="0" time="0.321113">
          <error type="Illuminate\Database\Eloquent\InvalidCastException">Tests\Unit\Services\TwitterServiceTest::it_can_get_mentions
Illuminate\Database\Eloquent\InvalidCastException: Call to undefined cast [Illuminate\Database\Eloquent\Casts\Encrypted] on column [access_token] in model [App\Models\Core\Integration].

/home/user/cmis.marketing.limited/vendor/laravel/framework/src/Illuminate/Database/Eloquent/Concerns/HasAttributes.php:1768
/home/user/cmis.marketing.limited/vendor/laravel/framework/src/Illuminate/Database/Eloquent/Concerns/HasAttributes.php:1084
/home/user/cmis.marketing.limited/vendor/laravel/framework/src/Illuminate/Database/Eloquent/Model.php:619
/home/user/cmis.marketing.limited/vendor/laravel/framework/src/Illuminate/Database/Eloquent/Model.php:713
/home/user/cmis.marketing.limited/vendor/laravel/framework/src/Illuminate/Database/Eloquent/Builder.php:1747
/home/user/cmis.marketing.limited/vendor/laravel/framework/src/Illuminate/Database/Eloquent/Builder.php:1218
/home/user/cmis.marketing.limited/vendor/laravel/framework/src/Illuminate/Support/Traits/ForwardsCalls.php:23
/home/user/cmis.marketing.limited/vendor/laravel/framework/src/Illuminate/Database/Eloquent/Model.php:2540
/home/user/cmis.marketing.limited/vendor/laravel/framework/src/Illuminate/Database/Eloquent/Model.php:2556
/home/user/cmis.marketing.limited/tests/Traits/CreatesTestData.php:105
/home/user/cmis.marketing.limited/tests/Unit/Services/TwitterServiceTest.php:265</error>
        </testcase>
        <testcase name="it_can_search_tweets" file="/home/user/cmis.marketing.limited/tests/Unit/Services/TwitterServiceTest.php" line="232" class="Tests\Unit\Services\TwitterServiceTest" classname="Tests.Unit.Services.TwitterServiceTest" assertions="0" time="0.302361">
          <error type="Illuminate\Database\Eloquent\InvalidCastException">Tests\Unit\Services\TwitterServiceTest::it_can_search_tweets
Illuminate\Database\Eloquent\InvalidCastException: Call to undefined cast [Illuminate\Database\Eloquent\Casts\Encrypted] on column [access_token] in model [App\Models\Core\Integration].

/home/user/cmis.marketing.limited/vendor/laravel/framework/src/Illuminate/Database/Eloquent/Concerns/HasAttributes.php:1768
/home/user/cmis.marketing.limited/vendor/laravel/framework/src/Illuminate/Database/Eloquent/Concerns/HasAttributes.php:1084
/home/user/cmis.marketing.limited/vendor/laravel/framework/src/Illuminate/Database/Eloquent/Model.php:619
/home/user/cmis.marketing.limited/vendor/laravel/framework/src/Illuminate/Database/Eloquent/Model.php:713
/home/user/cmis.marketing.limited/vendor/laravel/framework/src/Illuminate/Database/Eloquent/Builder.php:1747
/home/user/cmis.marketing.limited/vendor/laravel/framework/src/Illuminate/Database/Eloquent/Builder.php:1218
/home/user/cmis.marketing.limited/vendor/laravel/framework/src/Illuminate/Support/Traits/ForwardsCalls.php:23
/home/user/cmis.marketing.limited/vendor/laravel/framework/src/Illuminate/Database/Eloquent/Model.php:2540
/home/user/cmis.marketing.limited/vendor/laravel/framework/src/Illuminate/Database/Eloquent/Model.php:2556
/home/user/cmis.marketing.limited/tests/Traits/CreatesTestData.php:105
/home/user/cmis.marketing.limited/tests/Unit/Services/TwitterServiceTest.php:237</error>
        </testcase>
        <testcase name="it_handles_character_limit" file="/home/user/cmis.marketing.limited/tests/Unit/Services/TwitterServiceTest.php" line="288" class="Tests\Unit\Services\TwitterServiceTest" classname="Tests.Unit.Services.TwitterServiceTest" assertions="0" time="0.304243">
          <error type="Illuminate\Database\Eloquent\InvalidCastException">Tests\Unit\Services\TwitterServiceTest::it_handles_character_limit
Illuminate\Database\Eloquent\InvalidCastException: Call to undefined cast [Illuminate\Database\Eloquent\Casts\Encrypted] on column [access_token] in model [App\Models\Core\Integration].

/home/user/cmis.marketing.limited/vendor/laravel/framework/src/Illuminate/Database/Eloquent/Concerns/HasAttributes.php:1768
/home/user/cmis.marketing.limited/vendor/laravel/framework/src/Illuminate/Database/Eloquent/Concerns/HasAttributes.php:1084
/home/user/cmis.marketing.limited/vendor/laravel/framework/src/Illuminate/Database/Eloquent/Model.php:619
/home/user/cmis.marketing.limited/vendor/laravel/framework/src/Illuminate/Database/Eloquent/Model.php:713
/home/user/cmis.marketing.limited/vendor/laravel/framework/src/Illuminate/Database/Eloquent/Builder.php:1747
/home/user/cmis.marketing.limited/vendor/laravel/framework/src/Illuminate/Database/Eloquent/Builder.php:1218
/home/user/cmis.marketing.limited/vendor/laravel/framework/src/Illuminate/Support/Traits/ForwardsCalls.php:23
/home/user/cmis.marketing.limited/vendor/laravel/framework/src/Illuminate/Database/Eloquent/Model.php:2540
/home/user/cmis.marketing.limited/vendor/laravel/framework/src/Illuminate/Database/Eloquent/Model.php:2556
/home/user/cmis.marketing.limited/tests/Traits/CreatesTestData.php:105
/home/user/cmis.marketing.limited/tests/Unit/Services/TwitterServiceTest.php:293</error>
        </testcase>
        <testcase name="it_can_delete_tweet" file="/home/user/cmis.marketing.limited/tests/Unit/Services/TwitterServiceTest.php" line="208" class="Tests\Unit\Services\TwitterServiceTest" classname="Tests.Unit.Services.TwitterServiceTest" assertions="0" time="0.305213">
          <error type="Illuminate\Database\Eloquent\InvalidCastException">Tests\Unit\Services\TwitterServiceTest::it_can_delete_tweet
Illuminate\Database\Eloquent\InvalidCastException: Call to undefined cast [Illuminate\Database\Eloquent\Casts\Encrypted] on column [access_token] in model [App\Models\Core\Integration].

/home/user/cmis.marketing.limited/vendor/laravel/framework/src/Illuminate/Database/Eloquent/Concerns/HasAttributes.php:1768
/home/user/cmis.marketing.limited/vendor/laravel/framework/src/Illuminate/Database/Eloquent/Concerns/HasAttributes.php:1084
/home/user/cmis.marketing.limited/vendor/laravel/framework/src/Illuminate/Database/Eloquent/Model.php:619
/home/user/cmis.marketing.limited/vendor/laravel/framework/src/Illuminate/Database/Eloquent/Model.php:713
/home/user/cmis.marketing.limited/vendor/laravel/framework/src/Illuminate/Database/Eloquent/Builder.php:1747
/home/user/cmis.marketing.limited/vendor/laravel/framework/src/Illuminate/Database/Eloquent/Builder.php:1218
/home/user/cmis.marketing.limited/vendor/laravel/framework/src/Illuminate/Support/Traits/ForwardsCalls.php:23
/home/user/cmis.marketing.limited/vendor/laravel/framework/src/Illuminate/Database/Eloquent/Model.php:2540
/home/user/cmis.marketing.limited/vendor/laravel/framework/src/Illuminate/Database/Eloquent/Model.php:2556
/home/user/cmis.marketing.limited/tests/Traits/CreatesTestData.php:105
/home/user/cmis.marketing.limited/tests/Unit/Services/TwitterServiceTest.php:213</error>
        </testcase>
        <testcase name="it_can_publish_thread" file="/home/user/cmis.marketing.limited/tests/Unit/Services/TwitterServiceTest.php" line="83" class="Tests\Unit\Services\TwitterServiceTest" classname="Tests.Unit.Services.TwitterServiceTest" assertions="0" time="0.301264">
          <error type="Illuminate\Database\Eloquent\InvalidCastException">Tests\Unit\Services\TwitterServiceTest::it_can_publish_thread
Illuminate\Database\Eloquent\InvalidCastException: Call to undefined cast [Illuminate\Database\Eloquent\Casts\Encrypted] on column [access_token] in model [App\Models\Core\Integration].

/home/user/cmis.marketing.limited/vendor/laravel/framework/src/Illuminate/Database/Eloquent/Concerns/HasAttributes.php:1768
/home/user/cmis.marketing.limited/vendor/laravel/framework/src/Illuminate/Database/Eloquent/Concerns/HasAttributes.php:1084
/home/user/cmis.marketing.limited/vendor/laravel/framework/src/Illuminate/Database/Eloquent/Model.php:619
/home/user/cmis.marketing.limited/vendor/laravel/framework/src/Illuminate/Database/Eloquent/Model.php:713
/home/user/cmis.marketing.limited/vendor/laravel/framework/src/Illuminate/Database/Eloquent/Builder.php:1747
/home/user/cmis.marketing.limited/vendor/laravel/framework/src/Illuminate/Database/Eloquent/Builder.php:1218
/home/user/cmis.marketing.limited/vendor/laravel/framework/src/Illuminate/Support/Traits/ForwardsCalls.php:23
/home/user/cmis.marketing.limited/vendor/laravel/framework/src/Illuminate/Database/Eloquent/Model.php:2540
/home/user/cmis.marketing.limited/vendor/laravel/framework/src/Illuminate/Database/Eloquent/Model.php:2556
/home/user/cmis.marketing.limited/tests/Traits/CreatesTestData.php:105
/home/user/cmis.marketing.limited/tests/Unit/Services/TwitterServiceTest.php:88</error>
        </testcase>
        <testcase name="it_handles_api_errors" file="/home/user/cmis.marketing.limited/tests/Unit/Services/TwitterServiceTest.php" line="311" class="Tests\Unit\Services\TwitterServiceTest" classname="Tests.Unit.Services.TwitterServiceTest" assertions="0" time="0.302345">
          <error type="Illuminate\Database\Eloquent\InvalidCastException">Tests\Unit\Services\TwitterServiceTest::it_handles_api_errors
Illuminate\Database\Eloquent\InvalidCastException: Call to undefined cast [Illuminate\Database\Eloquent\Casts\Encrypted] on column [access_token] in model [App\Models\Core\Integration].

/home/user/cmis.marketing.limited/vendor/laravel/framework/src/Illuminate/Database/Eloquent/Concerns/HasAttributes.php:1768
/home/user/cmis.marketing.limited/vendor/laravel/framework/src/Illuminate/Database/Eloquent/Concerns/HasAttributes.php:1084
/home/user/cmis.marketing.limited/vendor/laravel/framework/src/Illuminate/Database/Eloquent/Model.php:619
/home/user/cmis.marketing.limited/vendor/laravel/framework/src/Illuminate/Database/Eloquent/Model.php:713
/home/user/cmis.marketing.limited/vendor/laravel/framework/src/Illuminate/Database/Eloquent/Builder.php:1747
/home/user/cmis.marketing.limited/vendor/laravel/framework/src/Illuminate/Database/Eloquent/Builder.php:1218
/home/user/cmis.marketing.limited/vendor/laravel/framework/src/Illuminate/Support/Traits/ForwardsCalls.php:23
/home/user/cmis.marketing.limited/vendor/laravel/framework/src/Illuminate/Database/Eloquent/Model.php:2540
/home/user/cmis.marketing.limited/vendor/laravel/framework/src/Illuminate/Database/Eloquent/Model.php:2556
/home/user/cmis.marketing.limited/tests/Traits/CreatesTestData.php:105
/home/user/cmis.marketing.limited/tests/Unit/Services/TwitterServiceTest.php:316</error>
        </testcase>
      </testsuite>
      <testsuite name="Tests\Unit\Validators\IntegrationValidatorTest" file="/home/user/cmis.marketing.limited/tests/Unit/Validators/IntegrationValidatorTest.php" tests="8" assertions="18" errors="0" failures="0" skipped="0" time="0.529387">
        <testcase name="it_validates_platform_is_required" file="/home/user/cmis.marketing.limited/tests/Unit/Validators/IntegrationValidatorTest.php" line="17" class="Tests\Unit\Validators\IntegrationValidatorTest" classname="Tests.Unit.Validators.IntegrationValidatorTest" assertions="2" time="0.084704"/>
        <testcase name="it_validates_name_is_required" file="/home/user/cmis.marketing.limited/tests/Unit/Validators/IntegrationValidatorTest.php" line="72" class="Tests\Unit\Validators\IntegrationValidatorTest" classname="Tests.Unit.Validators.IntegrationValidatorTest" assertions="2" time="0.057592"/>
        <testcase name="it_validates_metadata_is_array" file="/home/user/cmis.marketing.limited/tests/Unit/Validators/IntegrationValidatorTest.php" line="194" class="Tests\Unit\Validators\IntegrationValidatorTest" classname="Tests.Unit.Validators.IntegrationValidatorTest" assertions="2" time="0.058831"/>
        <testcase name="it_allows_valid_integration_data" file="/home/user/cmis.marketing.limited/tests/Unit/Validators/IntegrationValidatorTest.php" line="230" class="Tests\Unit\Validators\IntegrationValidatorTest" classname="Tests.Unit.Validators.IntegrationValidatorTest" assertions="1" time="0.057175"/>
        <testcase name="it_validates_platform_values" file="/home/user/cmis.marketing.limited/tests/Unit/Validators/IntegrationValidatorTest.php" line="38" class="Tests\Unit\Validators\IntegrationValidatorTest" classname="Tests.Unit.Validators.IntegrationValidatorTest" assertions="5" time="0.058228"/>
        <testcase name="it_validates_credentials_is_array" file="/home/user/cmis.marketing.limited/tests/Unit/Validators/IntegrationValidatorTest.php" line="92" class="Tests\Unit\Validators\IntegrationValidatorTest" classname="Tests.Unit.Validators.IntegrationValidatorTest" assertions="2" time="0.066116"/>
        <testcase name="it_validates_token_expires_at_date" file="/home/user/cmis.marketing.limited/tests/Unit/Validators/IntegrationValidatorTest.php" line="161" class="Tests\Unit\Validators\IntegrationValidatorTest" classname="Tests.Unit.Validators.IntegrationValidatorTest" assertions="2" time="0.085658"/>
        <testcase name="it_validates_is_active_is_boolean" file="/home/user/cmis.marketing.limited/tests/Unit/Validators/IntegrationValidatorTest.php" line="128" class="Tests\Unit\Validators\IntegrationValidatorTest" classname="Tests.Unit.Validators.IntegrationValidatorTest" assertions="2" time="0.061084"/>
      </testsuite>
      <testsuite name="Tests\Unit\Events\LeadCapturedEventTest" file="/home/user/cmis.marketing.limited/tests/Unit/Events/LeadCapturedEventTest.php" tests="7" assertions="0" errors="7" failures="0" skipped="0" time="0.453607">
        <testcase name="it_can_be_listened_to" file="/home/user/cmis.marketing.limited/tests/Unit/Events/LeadCapturedEventTest.php" line="138" class="Tests\Unit\Events\LeadCapturedEventTest" classname="Tests.Unit.Events.LeadCapturedEventTest" assertions="0" time="0.066651">
          <error type="Error">Tests\Unit\Events\LeadCapturedEventTest::it_can_be_listened_to
Error: Class "App\Models\Lead\Lead" not found

/home/user/cmis.marketing.limited/tests/Unit/Events/LeadCapturedEventTest.php:147</error>
        </testcase>
        <testcase name="it_triggers_notification_workflows" file="/home/user/cmis.marketing.limited/tests/Unit/Events/LeadCapturedEventTest.php" line="200" class="Tests\Unit\Events\LeadCapturedEventTest" classname="Tests.Unit.Events.LeadCapturedEventTest" assertions="0" time="0.060617">
          <error type="Error">Tests\Unit\Events\LeadCapturedEventTest::it_triggers_notification_workflows
Error: Class "App\Models\Lead\Lead" not found

/home/user/cmis.marketing.limited/tests/Unit/Events/LeadCapturedEventTest.php:207</error>
        </testcase>
        <testcase name="it_includes_lead_source_information" file="/home/user/cmis.marketing.limited/tests/Unit/Events/LeadCapturedEventTest.php" line="168" class="Tests\Unit\Events\LeadCapturedEventTest" classname="Tests.Unit.Events.LeadCapturedEventTest" assertions="0" time="0.080134">
          <error type="Error">Tests\Unit\Events\LeadCapturedEventTest::it_includes_lead_source_information
Error: Class "App\Models\Lead\Lead" not found

/home/user/cmis.marketing.limited/tests/Unit/Events/LeadCapturedEventTest.php:175</error>
        </testcase>
        <testcase name="it_can_be_dispatched" file="/home/user/cmis.marketing.limited/tests/Unit/Events/LeadCapturedEventTest.php" line="54" class="Tests\Unit\Events\LeadCapturedEventTest" classname="Tests.Unit.Events.LeadCapturedEventTest" assertions="0" time="0.063285">
          <error type="Error">Tests\Unit\Events\LeadCapturedEventTest::it_can_be_dispatched
Error: Class "App\Models\Lead\Lead" not found

/home/user/cmis.marketing.limited/tests/Unit/Events/LeadCapturedEventTest.php:63</error>
        </testcase>
        <testcase name="it_can_be_instantiated" file="/home/user/cmis.marketing.limited/tests/Unit/Events/LeadCapturedEventTest.php" line="27" class="Tests\Unit\Events\LeadCapturedEventTest" classname="Tests.Unit.Events.LeadCapturedEventTest" assertions="0" time="0.058576">
          <error type="Error">Tests\Unit\Events\LeadCapturedEventTest::it_can_be_instantiated
Error: Class "App\Models\Lead\Lead" not found

/home/user/cmis.marketing.limited/tests/Unit/Events/LeadCapturedEventTest.php:34</error>
        </testcase>
        <testcase name="it_broadcasts_on_private_channel" file="/home/user/cmis.marketing.limited/tests/Unit/Events/LeadCapturedEventTest.php" line="111" class="Tests\Unit\Events\LeadCapturedEventTest" classname="Tests.Unit.Events.LeadCapturedEventTest" assertions="0" time="0.060193">
          <error type="Error">Tests\Unit\Events\LeadCapturedEventTest::it_broadcasts_on_private_channel
Error: Class "App\Models\Lead\Lead" not found

/home/user/cmis.marketing.limited/tests/Unit/Events/LeadCapturedEventTest.php:118</error>
        </testcase>
        <testcase name="it_contains_lead_data" file="/home/user/cmis.marketing.limited/tests/Unit/Events/LeadCapturedEventTest.php" line="82" class="Tests\Unit\Events\LeadCapturedEventTest" classname="Tests.Unit.Events.LeadCapturedEventTest" assertions="0" time="0.064150">
          <error type="Error">Tests\Unit\Events\LeadCapturedEventTest::it_contains_lead_data
Error: Class "App\Models\Lead\Lead" not found

/home/user/cmis.marketing.limited/tests/Unit/Events/LeadCapturedEventTest.php:89</error>
        </testcase>
      </testsuite>
      <testsuite name="Tests\Unit\Models\CampaignTest" file="/home/user/cmis.marketing.limited/tests/Unit/Models/CampaignTest.php" tests="10" assertions="20" errors="3" failures="2" skipped="0" time="3.287800">
        <testcase name="it_cascades_delete_to_creative_assets" file="/home/user/cmis.marketing.limited/tests/Unit/Models/CampaignTest.php" line="235" class="Tests\Unit\Models\CampaignTest" classname="Tests.Unit.Models.CampaignTest" assertions="0" time="0.327044">
          <error type="Error">Tests\Unit\Models\CampaignTest::it_cascades_delete_to_creative_assets
Error: Class "App\Models\Creative\CreativeAsset" not found

/home/user/cmis.marketing.limited/tests/Traits/CreatesTestData.php:77
/home/user/cmis.marketing.limited/tests/Unit/Models/CampaignTest.php:241</error>
        </testcase>
        <testcase name="it_enforces_valid_status_values" file="/home/user/cmis.marketing.limited/tests/Unit/Models/CampaignTest.php" line="127" class="Tests\Unit\Models\CampaignTest" classname="Tests.Unit.Models.CampaignTest" assertions="5" time="0.301412"/>
        <testcase name="it_has_many_performance_metrics" file="/home/user/cmis.marketing.limited/tests/Unit/Models/CampaignTest.php" line="89" class="Tests\Unit\Models\CampaignTest" classname="Tests.Unit.Models.CampaignTest" assertions="0" time="0.301594">
          <error type="Illuminate\Database\QueryException">Tests\Unit\Models\CampaignTest::it_has_many_performance_metrics
Illuminate\Database\QueryException: SQLSTATE[23502]: Not null violation: 7 ERROR:  null value in column "metric_name" of relation "campaign_performance_dashboard" violates not-null constraint
DETAIL:  Failing row contains (019a9bc8-a5c1-7202-8306-0827d31e32e6, 9ae887db-21a8-4ec4-9d24-2fc43cd0aa88, 765b822d-5923-43cb-8dcc-ce06dc495024, null, null, null, null, null, 2025-11-19 11:03:29.227701+00, null, null, null). (Connection: pgsql, SQL: insert into "cmis"."campaign_performance_dashboard" ("org_id", "campaign_id", "dashboard_id") values (9ae887db-21a8-4ec4-9d24-2fc43cd0aa88, 765b822d-5923-43cb-8dcc-ce06dc495024, 019a9bc8-a5c1-7202-8306-0827d31e32e6))

/home/user/cmis.marketing.limited/vendor/laravel/framework/src/Illuminate/Database/Connection.php:824
/home/user/cmis.marketing.limited/vendor/laravel/framework/src/Illuminate/Database/Connection.php:778
/home/user/cmis.marketing.limited/vendor/laravel/framework/src/Illuminate/Database/Connection.php:559
/home/user/cmis.marketing.limited/vendor/laravel/framework/src/Illuminate/Database/Connection.php:523
/home/user/cmis.marketing.limited/vendor/laravel/framework/src/Illuminate/Database/Query/Builder.php:3804
/home/user/cmis.marketing.limited/vendor/laravel/framework/src/Illuminate/Database/Eloquent/Builder.php:2235
/home/user/cmis.marketing.limited/vendor/laravel/framework/src/Illuminate/Database/Eloquent/Model.php:1412
/home/user/cmis.marketing.limited/vendor/laravel/framework/src/Illuminate/Database/Eloquent/Model.php:1240
/home/user/cmis.marketing.limited/vendor/laravel/framework/src/Illuminate/Database/Eloquent/Builder.php:1219
/home/user/cmis.marketing.limited/vendor/laravel/framework/src/Illuminate/Support/helpers.php:390
/home/user/cmis.marketing.limited/vendor/laravel/framework/src/Illuminate/Database/Eloquent/Builder.php:1218
/home/user/cmis.marketing.limited/vendor/laravel/framework/src/Illuminate/Support/Traits/ForwardsCalls.php:23
/home/user/cmis.marketing.limited/vendor/laravel/framework/src/Illuminate/Database/Eloquent/Model.php:2540
/home/user/cmis.marketing.limited/vendor/laravel/framework/src/Illuminate/Database/Eloquent/Model.php:2556
/home/user/cmis.marketing.limited/tests/Unit/Models/CampaignTest.php:97</error>
        </testcase>
        <testcase name="it_can_be_soft_deleted" file="/home/user/cmis.marketing.limited/tests/Unit/Models/CampaignTest.php" line="180" class="Tests\Unit\Models\CampaignTest" classname="Tests.Unit.Models.CampaignTest" assertions="2" time="0.304339"/>
        <testcase name="it_belongs_to_an_organization" file="/home/user/cmis.marketing.limited/tests/Unit/Models/CampaignTest.php" line="52" class="Tests\Unit\Models\CampaignTest" classname="Tests.Unit.Models.CampaignTest" assertions="3" time="0.301962"/>
        <testcase name="it_has_many_creative_assets" file="/home/user/cmis.marketing.limited/tests/Unit/Models/CampaignTest.php" line="67" class="Tests\Unit\Models\CampaignTest" classname="Tests.Unit.Models.CampaignTest" assertions="0" time="0.295162">
          <error type="Error">Tests\Unit\Models\CampaignTest::it_has_many_creative_assets
Error: Class "App\Models\Creative\CreativeAsset" not found

/home/user/cmis.marketing.limited/tests/Traits/CreatesTestData.php:77
/home/user/cmis.marketing.limited/tests/Unit/Models/CampaignTest.php:74</error>
        </testcase>
        <testcase name="it_validates_budget_format" file="/home/user/cmis.marketing.limited/tests/Unit/Models/CampaignTest.php" line="197" class="Tests\Unit\Models\CampaignTest" classname="Tests.Unit.Models.CampaignTest" assertions="2" time="0.328237"/>
        <testcase name="it_respects_rls_policies" file="/home/user/cmis.marketing.limited/tests/Unit/Models/CampaignTest.php" line="149" class="Tests\Unit\Models\CampaignTest" classname="Tests.Unit.Models.CampaignTest" assertions="2" time="0.533157">
          <failure type="PHPUnit\Framework\ExpectationFailedException">Tests\Unit\Models\CampaignTest::it_respects_rls_policies
RLS failed: User in org 51335dbe-135a-4766-93eb-18d0289eb736 can access data from another organization in table cmis.campaigns
Failed asserting that stdClass Object #70191 (
    'campaign_id' =&gt; 'e6ef43cf-145d-4d9e-a7e7-2e86b6e0dfdc',
    'org_id' =&gt; '0dcfa8a6-6d38-475a-94c2-fdb042c2bb00',
    'name' =&gt; 'Org 1 Campaign',
    'objective' =&gt; 'awareness',
    'status' =&gt; 'draft',
    'start_date' =&gt; '2025-11-20',
    'end_date' =&gt; '2025-12-19',
    'budget' =&gt; '1000.00',
    'currency' =&gt; 'BHD',
    'created_at' =&gt; '2025-11-19 11:03:31+00',
    'updated_at' =&gt; '2025-11-19 11:03:31+00',
    'context_id' =&gt; null,
    'creative_id' =&gt; null,
    'value_id' =&gt; null,
    'created_by' =&gt; null,
    'deleted_at' =&gt; null,
    'provider' =&gt; null,
    'deleted_by' =&gt; null,
    'description' =&gt; null,
) is null.

/home/user/cmis.marketing.limited/tests/Traits/InteractsWithRLS.php:38
/home/user/cmis.marketing.limited/tests/Unit/Models/CampaignTest.php:167</failure>
        </testcase>
        <testcase name="it_validates_date_range" file="/home/user/cmis.marketing.limited/tests/Unit/Models/CampaignTest.php" line="216" class="Tests\Unit\Models\CampaignTest" classname="Tests.Unit.Models.CampaignTest" assertions="1" time="0.297755">
          <failure type="PHPUnit\Framework\ExpectationFailedException">Tests\Unit\Models\CampaignTest::it_validates_date_range
Failed asserting that Illuminate\Support\Carbon Object #68505 (
    'endOfTime' =&gt; false,
    'startOfTime' =&gt; false,
    'constructedObjectId' =&gt; '0000000000010b990000000000000000',
    'clock' =&gt; null,
    'localMonthsOverflow' =&gt; null,
    'localYearsOverflow' =&gt; null,
    'localStrictModeEnabled' =&gt; null,
    'localHumanDiffOptions' =&gt; null,
    'localToStringFormat' =&gt; null,
    'localSerializer' =&gt; null,
    'localMacros' =&gt; null,
    'localGenericMacros' =&gt; null,
    'localFormatFunction' =&gt; null,
    'localTranslator' =&gt; null,
    'dumpProperties' =&gt; Array &amp;0 [
        0 =&gt; 'date',
        1 =&gt; 'timezone_type',
        2 =&gt; 'timezone',
    ],
    'dumpLocale' =&gt; null,
    'dumpDateProperties' =&gt; null,
    'date' =&gt; '2025-11-20 00:00:00.000000',
    'timezone_type' =&gt; 3,
    'timezone' =&gt; 'UTC',
) matches expected '2025-11-20'.

/home/user/cmis.marketing.limited/tests/Unit/Models/CampaignTest.php:228</failure>
        </testcase>
        <testcase name="it_can_create_a_campaign" file="/home/user/cmis.marketing.limited/tests/Unit/Models/CampaignTest.php" line="24" class="Tests\Unit\Models\CampaignTest" classname="Tests.Unit.Models.CampaignTest" assertions="5" time="0.297138"/>
      </testsuite>
      <testsuite name="Tests\Unit\Middleware\EnsureOrgActiveMiddlewareTest" file="/home/user/cmis.marketing.limited/tests/Unit/Middleware/EnsureOrgActiveMiddlewareTest.php" tests="9" assertions="3" errors="6" failures="1" skipped="0" time="2.420473">
        <testcase name="it_provides_appropriate_error_message" file="/home/user/cmis.marketing.limited/tests/Unit/Middleware/EnsureOrgActiveMiddlewareTest.php" line="121" class="Tests\Unit\Middleware\EnsureOrgActiveMiddlewareTest" classname="Tests.Unit.Middleware.EnsureOrgActiveMiddlewareTest" assertions="0" time="0.310318">
          <error type="Error">Tests\Unit\Middleware\EnsureOrgActiveMiddlewareTest::it_provides_appropriate_error_message
Error: Class "App\Models\Team\TeamMember" not found

/home/user/cmis.marketing.limited/tests/Unit/Middleware/EnsureOrgActiveMiddlewareTest.php:136</error>
        </testcase>
        <testcase name="it_blocks_inactive_org_access" file="/home/user/cmis.marketing.limited/tests/Unit/Middleware/EnsureOrgActiveMiddlewareTest.php" line="57" class="Tests\Unit\Middleware\EnsureOrgActiveMiddlewareTest" classname="Tests.Unit.Middleware.EnsureOrgActiveMiddlewareTest" assertions="0" time="0.288292">
          <error type="Error">Tests\Unit\Middleware\EnsureOrgActiveMiddlewareTest::it_blocks_inactive_org_access
Error: Class "App\Models\Team\TeamMember" not found

/home/user/cmis.marketing.limited/tests/Unit/Middleware/EnsureOrgActiveMiddlewareTest.php:72</error>
        </testcase>
        <testcase name="it_allows_access_during_grace_period" file="/home/user/cmis.marketing.limited/tests/Unit/Middleware/EnsureOrgActiveMiddlewareTest.php" line="186" class="Tests\Unit\Middleware\EnsureOrgActiveMiddlewareTest" classname="Tests.Unit.Middleware.EnsureOrgActiveMiddlewareTest" assertions="0" time="0.286834">
          <error type="Error">Tests\Unit\Middleware\EnsureOrgActiveMiddlewareTest::it_allows_access_during_grace_period
Error: Class "App\Models\Team\TeamMember" not found

/home/user/cmis.marketing.limited/tests/Unit/Middleware/EnsureOrgActiveMiddlewareTest.php:203</error>
        </testcase>
        <testcase name="it_handles_missing_org" file="/home/user/cmis.marketing.limited/tests/Unit/Middleware/EnsureOrgActiveMiddlewareTest.php" line="246" class="Tests\Unit\Middleware\EnsureOrgActiveMiddlewareTest" classname="Tests.Unit.Middleware.EnsureOrgActiveMiddlewareTest" assertions="1" time="0.285620"/>
        <testcase name="it_allows_active_org_access" file="/home/user/cmis.marketing.limited/tests/Unit/Middleware/EnsureOrgActiveMiddlewareTest.php" line="25" class="Tests\Unit\Middleware\EnsureOrgActiveMiddlewareTest" classname="Tests.Unit.Middleware.EnsureOrgActiveMiddlewareTest" assertions="0" time="0.286792">
          <error type="Error">Tests\Unit\Middleware\EnsureOrgActiveMiddlewareTest::it_allows_active_org_access
Error: Class "App\Models\Team\TeamMember" not found

/home/user/cmis.marketing.limited/tests/Unit/Middleware/EnsureOrgActiveMiddlewareTest.php:40</error>
        </testcase>
        <testcase name="it_exempts_admin_users" file="/home/user/cmis.marketing.limited/tests/Unit/Middleware/EnsureOrgActiveMiddlewareTest.php" line="220" class="Tests\Unit\Middleware\EnsureOrgActiveMiddlewareTest" classname="Tests.Unit.Middleware.EnsureOrgActiveMiddlewareTest" assertions="1" time="0.291095"/>
        <testcase name="it_respects_different_org_statuses" file="/home/user/cmis.marketing.limited/tests/Unit/Middleware/EnsureOrgActiveMiddlewareTest.php" line="265" class="Tests\Unit\Middleware\EnsureOrgActiveMiddlewareTest" classname="Tests.Unit.Middleware.EnsureOrgActiveMiddlewareTest" assertions="1" time="0.083351">
          <failure type="PHPUnit\Framework\ExpectationFailedException">Tests\Unit\Middleware\EnsureOrgActiveMiddlewareTest::it_respects_different_org_statuses
Failed asserting that null is not equal to null.

/home/user/cmis.marketing.limited/tests/Unit/Middleware/EnsureOrgActiveMiddlewareTest.php:286</failure>
        </testcase>
        <testcase name="it_checks_org_trial_expiry" file="/home/user/cmis.marketing.limited/tests/Unit/Middleware/EnsureOrgActiveMiddlewareTest.php" line="153" class="Tests\Unit\Middleware\EnsureOrgActiveMiddlewareTest" classname="Tests.Unit.Middleware.EnsureOrgActiveMiddlewareTest" assertions="0" time="0.290283">
          <error type="Error">Tests\Unit\Middleware\EnsureOrgActiveMiddlewareTest::it_checks_org_trial_expiry
Error: Class "App\Models\Team\TeamMember" not found

/home/user/cmis.marketing.limited/tests/Unit/Middleware/EnsureOrgActiveMiddlewareTest.php:169</error>
        </testcase>
        <testcase name="it_blocks_suspended_org_access" file="/home/user/cmis.marketing.limited/tests/Unit/Middleware/EnsureOrgActiveMiddlewareTest.php" line="89" class="Tests\Unit\Middleware\EnsureOrgActiveMiddlewareTest" classname="Tests.Unit.Middleware.EnsureOrgActiveMiddlewareTest" assertions="0" time="0.297889">
          <error type="Error">Tests\Unit\Middleware\EnsureOrgActiveMiddlewareTest::it_blocks_suspended_org_access
Error: Class "App\Models\Team\TeamMember" not found

/home/user/cmis.marketing.limited/tests/Unit/Middleware/EnsureOrgActiveMiddlewareTest.php:104</error>
        </testcase>
      </testsuite>
      <testsuite name="Tests\Unit\Commands\SyncIntegrationsCommandTest" file="/home/user/cmis.marketing.limited/tests/Unit/Commands/SyncIntegrationsCommandTest.php" tests="9" assertions="14" errors="0" failures="0" skipped="0" time="0.718394">
        <testcase name="it_syncs_all_integrations" file="/home/user/cmis.marketing.limited/tests/Unit/Commands/SyncIntegrationsCommandTest.php" line="26" class="Tests\Unit\Commands\SyncIntegrationsCommandTest" classname="Tests.Unit.Commands.SyncIntegrationsCommandTest" assertions="2" time="0.080774"/>
        <testcase name="it_handles_sync_errors_gracefully" file="/home/user/cmis.marketing.limited/tests/Unit/Commands/SyncIntegrationsCommandTest.php" line="130" class="Tests\Unit\Commands\SyncIntegrationsCommandTest" classname="Tests.Unit.Commands.SyncIntegrationsCommandTest" assertions="1" time="0.079300"/>
        <testcase name="it_supports_dry_run_mode" file="/home/user/cmis.marketing.limited/tests/Unit/Commands/SyncIntegrationsCommandTest.php" line="157" class="Tests\Unit\Commands\SyncIntegrationsCommandTest" classname="Tests.Unit.Commands.SyncIntegrationsCommandTest" assertions="2" time="0.094965"/>
        <testcase name="it_updates_last_synced_timestamp" file="/home/user/cmis.marketing.limited/tests/Unit/Commands/SyncIntegrationsCommandTest.php" line="211" class="Tests\Unit\Commands\SyncIntegrationsCommandTest" classname="Tests.Unit.Commands.SyncIntegrationsCommandTest" assertions="2" time="0.072597"/>
        <testcase name="it_handles_no_integrations" file="/home/user/cmis.marketing.limited/tests/Unit/Commands/SyncIntegrationsCommandTest.php" line="269" class="Tests\Unit\Commands\SyncIntegrationsCommandTest" classname="Tests.Unit.Commands.SyncIntegrationsCommandTest" assertions="2" time="0.066177"/>
        <testcase name="it_syncs_specific_platform" file="/home/user/cmis.marketing.limited/tests/Unit/Commands/SyncIntegrationsCommandTest.php" line="63" class="Tests\Unit\Commands\SyncIntegrationsCommandTest" classname="Tests.Unit.Commands.SyncIntegrationsCommandTest" assertions="1" time="0.074322"/>
        <testcase name="it_syncs_specific_organization" file="/home/user/cmis.marketing.limited/tests/Unit/Commands/SyncIntegrationsCommandTest.php" line="90" class="Tests\Unit\Commands\SyncIntegrationsCommandTest" classname="Tests.Unit.Commands.SyncIntegrationsCommandTest" assertions="1" time="0.106302"/>
        <testcase name="it_outputs_sync_summary" file="/home/user/cmis.marketing.limited/tests/Unit/Commands/SyncIntegrationsCommandTest.php" line="183" class="Tests\Unit\Commands\SyncIntegrationsCommandTest" classname="Tests.Unit.Commands.SyncIntegrationsCommandTest" assertions="2" time="0.071860"/>
        <testcase name="it_supports_verbose_output" file="/home/user/cmis.marketing.limited/tests/Unit/Commands/SyncIntegrationsCommandTest.php" line="242" class="Tests\Unit\Commands\SyncIntegrationsCommandTest" classname="Tests.Unit.Commands.SyncIntegrationsCommandTest" assertions="1" time="0.072096"/>
      </testsuite>
      <testsuite name="Tests\Unit\Models\Asset\AssetTest" file="/home/user/cmis.marketing.limited/tests/Unit/Models/Asset/AssetTest.php" tests="15" assertions="0" errors="15" failures="0" skipped="0" time="1.090119">
        <testcase name="it_stores_tags" file="/home/user/cmis.marketing.limited/tests/Unit/Models/Asset/AssetTest.php" line="242" class="Tests\Unit\Models\Asset\AssetTest" classname="Tests.Unit.Models.Asset.AssetTest" assertions="0" time="0.079826">
          <error type="Error">Tests\Unit\Models\Asset\AssetTest::it_stores_tags
Error: Class "App\Models\Asset\Asset" not found

/home/user/cmis.marketing.limited/tests/Unit/Models/Asset/AssetTest.php:251</error>
        </testcase>
        <testcase name="it_has_different_file_types" file="/home/user/cmis.marketing.limited/tests/Unit/Models/Asset/AssetTest.php" line="65" class="Tests\Unit\Models\Asset\AssetTest" classname="Tests.Unit.Models.Asset.AssetTest" assertions="0" time="0.089613">
          <error type="Error">Tests\Unit\Models\Asset\AssetTest::it_has_different_file_types
Error: Class "App\Models\Asset\Asset" not found

/home/user/cmis.marketing.limited/tests/Unit/Models/Asset/AssetTest.php:75</error>
        </testcase>
        <testcase name="it_can_be_public_or_private" file="/home/user/cmis.marketing.limited/tests/Unit/Models/Asset/AssetTest.php" line="265" class="Tests\Unit\Models\Asset\AssetTest" classname="Tests.Unit.Models.Asset.AssetTest" assertions="0" time="0.061103">
          <error type="Error">Tests\Unit\Models\Asset\AssetTest::it_can_be_public_or_private
Error: Class "App\Models\Asset\Asset" not found

/home/user/cmis.marketing.limited/tests/Unit/Models/Asset/AssetTest.php:272</error>
        </testcase>
        <testcase name="it_stores_image_dimensions" file="/home/user/cmis.marketing.limited/tests/Unit/Models/Asset/AssetTest.php" line="129" class="Tests\Unit\Models\Asset\AssetTest" classname="Tests.Unit.Models.Asset.AssetTest" assertions="0" time="0.063578">
          <error type="Error">Tests\Unit\Models\Asset\AssetTest::it_stores_image_dimensions
Error: Class "App\Models\Asset\Asset" not found

/home/user/cmis.marketing.limited/tests/Unit/Models/Asset/AssetTest.php:136</error>
        </testcase>
        <testcase name="it_stores_video_duration" file="/home/user/cmis.marketing.limited/tests/Unit/Models/Asset/AssetTest.php" line="151" class="Tests\Unit\Models\Asset\AssetTest" classname="Tests.Unit.Models.Asset.AssetTest" assertions="0" time="0.065534">
          <error type="Error">Tests\Unit\Models\Asset\AssetTest::it_stores_video_duration
Error: Class "App\Models\Asset\Asset" not found

/home/user/cmis.marketing.limited/tests/Unit/Models/Asset/AssetTest.php:158</error>
        </testcase>
        <testcase name="it_can_create_asset" file="/home/user/cmis.marketing.limited/tests/Unit/Models/Asset/AssetTest.php" line="24" class="Tests\Unit\Models\Asset\AssetTest" classname="Tests.Unit.Models.Asset.AssetTest" assertions="0" time="0.067947">
          <error type="Error">Tests\Unit\Models\Asset\AssetTest::it_can_create_asset
Error: Class "App\Models\Asset\Asset" not found

/home/user/cmis.marketing.limited/tests/Unit/Models/Asset/AssetTest.php:31</error>
        </testcase>
        <testcase name="it_has_timestamps" file="/home/user/cmis.marketing.limited/tests/Unit/Models/Asset/AssetTest.php" line="314" class="Tests\Unit\Models\Asset\AssetTest" classname="Tests.Unit.Models.Asset.AssetTest" assertions="0" time="0.063329">
          <error type="Error">Tests\Unit\Models\Asset\AssetTest::it_has_timestamps
Error: Class "App\Models\Asset\Asset" not found

/home/user/cmis.marketing.limited/tests/Unit/Models/Asset/AssetTest.php:321</error>
        </testcase>
        <testcase name="it_tracks_usage_count" file="/home/user/cmis.marketing.limited/tests/Unit/Models/Asset/AssetTest.php" line="219" class="Tests\Unit\Models\Asset\AssetTest" classname="Tests.Unit.Models.Asset.AssetTest" assertions="0" time="0.090345">
          <error type="Error">Tests\Unit\Models\Asset\AssetTest::it_tracks_usage_count
Error: Class "App\Models\Asset\Asset" not found

/home/user/cmis.marketing.limited/tests/Unit/Models/Asset/AssetTest.php:226</error>
        </testcase>
        <testcase name="it_stores_thumbnail_path" file="/home/user/cmis.marketing.limited/tests/Unit/Models/Asset/AssetTest.php" line="171" class="Tests\Unit\Models\Asset\AssetTest" classname="Tests.Unit.Models.Asset.AssetTest" assertions="0" time="0.070995">
          <error type="Error">Tests\Unit\Models\Asset\AssetTest::it_stores_thumbnail_path
Error: Class "App\Models\Asset\Asset" not found

/home/user/cmis.marketing.limited/tests/Unit/Models/Asset/AssetTest.php:178</error>
        </testcase>
        <testcase name="it_respects_rls_policies" file="/home/user/cmis.marketing.limited/tests/Unit/Models/Asset/AssetTest.php" line="334" class="Tests\Unit\Models\Asset\AssetTest" classname="Tests.Unit.Models.Asset.AssetTest" assertions="0" time="0.068347">
          <error type="Error">Tests\Unit\Models\Asset\AssetTest::it_respects_rls_policies
Error: Class "App\Models\Asset\Asset" not found

/home/user/cmis.marketing.limited/tests/Unit/Models/Asset/AssetTest.php:346</error>
        </testcase>
        <testcase name="it_uses_uuid_as_primary_key" file="/home/user/cmis.marketing.limited/tests/Unit/Models/Asset/AssetTest.php" line="295" class="Tests\Unit\Models\Asset\AssetTest" classname="Tests.Unit.Models.Asset.AssetTest" assertions="0" time="0.070211">
          <error type="Error">Tests\Unit\Models\Asset\AssetTest::it_uses_uuid_as_primary_key
Error: Class "App\Models\Asset\Asset" not found

/home/user/cmis.marketing.limited/tests/Unit/Models/Asset/AssetTest.php:302</error>
        </testcase>
        <testcase name="it_stores_file_size" file="/home/user/cmis.marketing.limited/tests/Unit/Models/Asset/AssetTest.php" line="89" class="Tests\Unit\Models\Asset\AssetTest" classname="Tests.Unit.Models.Asset.AssetTest" assertions="0" time="0.069875">
          <error type="Error">Tests\Unit\Models\Asset\AssetTest::it_stores_file_size
Error: Class "App\Models\Asset\Asset" not found

/home/user/cmis.marketing.limited/tests/Unit/Models/Asset/AssetTest.php:96</error>
        </testcase>
        <testcase name="it_belongs_to_org" file="/home/user/cmis.marketing.limited/tests/Unit/Models/Asset/AssetTest.php" line="46" class="Tests\Unit\Models\Asset\AssetTest" classname="Tests.Unit.Models.Asset.AssetTest" assertions="0" time="0.072507">
          <error type="Error">Tests\Unit\Models\Asset\AssetTest::it_belongs_to_org
Error: Class "App\Models\Asset\Asset" not found

/home/user/cmis.marketing.limited/tests/Unit/Models/Asset/AssetTest.php:53</error>
        </testcase>
        <testcase name="it_stores_metadata" file="/home/user/cmis.marketing.limited/tests/Unit/Models/Asset/AssetTest.php" line="191" class="Tests\Unit\Models\Asset\AssetTest" classname="Tests.Unit.Models.Asset.AssetTest" assertions="0" time="0.091647">
          <error type="Error">Tests\Unit\Models\Asset\AssetTest::it_stores_metadata
Error: Class "App\Models\Asset\Asset" not found

/home/user/cmis.marketing.limited/tests/Unit/Models/Asset/AssetTest.php:205</error>
        </testcase>
        <testcase name="it_stores_mime_type" file="/home/user/cmis.marketing.limited/tests/Unit/Models/Asset/AssetTest.php" line="109" class="Tests\Unit\Models\Asset\AssetTest" classname="Tests.Unit.Models.Asset.AssetTest" assertions="0" time="0.065264">
          <error type="Error">Tests\Unit\Models\Asset\AssetTest::it_stores_mime_type
Error: Class "App\Models\Asset\Asset" not found

/home/user/cmis.marketing.limited/tests/Unit/Models/Asset/AssetTest.php:116</error>
        </testcase>
      </testsuite>
      <testsuite name="Tests\Unit\Middleware\SetRLSContextMiddlewareTest" file="/home/user/cmis.marketing.limited/tests/Unit/Middleware/SetRLSContextMiddlewareTest.php" tests="8" assertions="8" errors="0" failures="0" skipped="0" time="2.413575">
        <testcase name="it_uses_transaction_scoped_context" file="/home/user/cmis.marketing.limited/tests/Unit/Middleware/SetRLSContextMiddlewareTest.php" line="209" class="Tests\Unit\Middleware\SetRLSContextMiddlewareTest" classname="Tests.Unit.Middleware.SetRLSContextMiddlewareTest" assertions="1" time="0.307338"/>
        <testcase name="it_sets_user_id_in_session" file="/home/user/cmis.marketing.limited/tests/Unit/Middleware/SetRLSContextMiddlewareTest.php" line="79" class="Tests\Unit\Middleware\SetRLSContextMiddlewareTest" classname="Tests.Unit.Middleware.SetRLSContextMiddlewareTest" assertions="1" time="0.314886"/>
        <testcase name="it_executes_set_config_function" file="/home/user/cmis.marketing.limited/tests/Unit/Middleware/SetRLSContextMiddlewareTest.php" line="105" class="Tests\Unit\Middleware\SetRLSContextMiddlewareTest" classname="Tests.Unit.Middleware.SetRLSContextMiddlewareTest" assertions="1" time="0.297227"/>
        <testcase name="it_sets_rls_context_for_authenticated_user" file="/home/user/cmis.marketing.limited/tests/Unit/Middleware/SetRLSContextMiddlewareTest.php" line="26" class="Tests\Unit\Middleware\SetRLSContextMiddlewareTest" classname="Tests.Unit.Middleware.SetRLSContextMiddlewareTest" assertions="1" time="0.323983"/>
        <testcase name="it_sets_org_id_in_session" file="/home/user/cmis.marketing.limited/tests/Unit/Middleware/SetRLSContextMiddlewareTest.php" line="53" class="Tests\Unit\Middleware\SetRLSContextMiddlewareTest" classname="Tests.Unit.Middleware.SetRLSContextMiddlewareTest" assertions="1" time="0.295877"/>
        <testcase name="it_isolates_data_between_organizations" file="/home/user/cmis.marketing.limited/tests/Unit/Middleware/SetRLSContextMiddlewareTest.php" line="172" class="Tests\Unit\Middleware\SetRLSContextMiddlewareTest" classname="Tests.Unit.Middleware.SetRLSContextMiddlewareTest" assertions="1" time="0.522813"/>
        <testcase name="it_handles_unauthenticated_requests" file="/home/user/cmis.marketing.limited/tests/Unit/Middleware/SetRLSContextMiddlewareTest.php" line="158" class="Tests\Unit\Middleware\SetRLSContextMiddlewareTest" classname="Tests.Unit.Middleware.SetRLSContextMiddlewareTest" assertions="1" time="0.059441"/>
        <testcase name="it_clears_context_after_request" file="/home/user/cmis.marketing.limited/tests/Unit/Middleware/SetRLSContextMiddlewareTest.php" line="130" class="Tests\Unit\Middleware\SetRLSContextMiddlewareTest" classname="Tests.Unit.Middleware.SetRLSContextMiddlewareTest" assertions="1" time="0.292010"/>
      </testsuite>
      <testsuite name="Tests\Unit\Listeners\LogActivityListenerTest" file="/home/user/cmis.marketing.limited/tests/Unit/Listeners/LogActivityListenerTest.php" tests="10" assertions="10" errors="0" failures="0" skipped="0" time="3.000070">
        <testcase name="it_batches_similar_activities" file="/home/user/cmis.marketing.limited/tests/Unit/Listeners/LogActivityListenerTest.php" line="296" class="Tests\Unit\Listeners\LogActivityListenerTest" classname="Tests.Unit.Listeners.LogActivityListenerTest" assertions="1" time="0.321279"/>
        <testcase name="it_excludes_sensitive_data" file="/home/user/cmis.marketing.limited/tests/Unit/Listeners/LogActivityListenerTest.php" line="331" class="Tests\Unit\Listeners\LogActivityListenerTest" classname="Tests.Unit.Listeners.LogActivityListenerTest" assertions="1" time="0.292948"/>
        <testcase name="it_logs_user_authentication_events" file="/home/user/cmis.marketing.limited/tests/Unit/Listeners/LogActivityListenerTest.php" line="190" class="Tests\Unit\Listeners\LogActivityListenerTest" classname="Tests.Unit.Listeners.LogActivityListenerTest" assertions="1" time="0.294243"/>
        <testcase name="it_logs_campaign_deleted_activity" file="/home/user/cmis.marketing.limited/tests/Unit/Listeners/LogActivityListenerTest.php" line="95" class="Tests\Unit\Listeners\LogActivityListenerTest" classname="Tests.Unit.Listeners.LogActivityListenerTest" assertions="1" time="0.298669"/>
        <testcase name="it_captures_changes_for_updates" file="/home/user/cmis.marketing.limited/tests/Unit/Listeners/LogActivityListenerTest.php" line="216" class="Tests\Unit\Listeners\LogActivityListenerTest" classname="Tests.Unit.Listeners.LogActivityListenerTest" assertions="1" time="0.297573"/>
        <testcase name="it_logs_campaign_created_activity" file="/home/user/cmis.marketing.limited/tests/Unit/Listeners/LogActivityListenerTest.php" line="27" class="Tests\Unit\Listeners\LogActivityListenerTest" classname="Tests.Unit.Listeners.LogActivityListenerTest" assertions="1" time="0.319107"/>
        <testcase name="it_logs_campaign_updated_activity" file="/home/user/cmis.marketing.limited/tests/Unit/Listeners/LogActivityListenerTest.php" line="60" class="Tests\Unit\Listeners\LogActivityListenerTest" classname="Tests.Unit.Listeners.LogActivityListenerTest" assertions="1" time="0.297271"/>
        <testcase name="it_respects_org_context" file="/home/user/cmis.marketing.limited/tests/Unit/Listeners/LogActivityListenerTest.php" line="251" class="Tests\Unit\Listeners\LogActivityListenerTest" classname="Tests.Unit.Listeners.LogActivityListenerTest" assertions="1" time="0.292552"/>
        <testcase name="it_logs_different_resource_types" file="/home/user/cmis.marketing.limited/tests/Unit/Listeners/LogActivityListenerTest.php" line="163" class="Tests\Unit\Listeners\LogActivityListenerTest" classname="Tests.Unit.Listeners.LogActivityListenerTest" assertions="1" time="0.290713"/>
        <testcase name="it_stores_activity_metadata" file="/home/user/cmis.marketing.limited/tests/Unit/Listeners/LogActivityListenerTest.php" line="130" class="Tests\Unit\Listeners\LogActivityListenerTest" classname="Tests.Unit.Listeners.LogActivityListenerTest" assertions="1" time="0.295716"/>
      </testsuite>
      <testsuite name="Tests\Unit\Models\Notification\NotificationTest" file="/home/user/cmis.marketing.limited/tests/Unit/Models/Notification/NotificationTest.php" tests="9" assertions="0" errors="9" failures="0" skipped="0" time="2.687314">
        <testcase name="it_has_timestamps" file="/home/user/cmis.marketing.limited/tests/Unit/Models/Notification/NotificationTest.php" line="214" class="Tests\Unit\Models\Notification\NotificationTest" classname="Tests.Unit.Models.Notification.NotificationTest" assertions="0" time="0.326171">
          <error type="Illuminate\Database\QueryException">Tests\Unit\Models\Notification\NotificationTest::it_has_timestamps
Illuminate\Database\QueryException: SQLSTATE[22P02]: Invalid text representation: 7 ERROR:  invalid input syntax for type integer: "04515356-84a8-45d8-a34f-508083ad8839"
CONTEXT:  unnamed portal parameter $1 = '...' (Connection: pgsql, SQL: insert into "notifications" ("id", "type", "notifiable_type", "notifiable_id", "data", "updated_at", "created_at") values (04515356-84a8-45d8-a34f-508083ad8839, App\Notifications\TestNotification, App\Models\User, ?, {"message":"Test"}, 2025-11-19 11:03:41, 2025-11-19 11:03:41))

/home/user/cmis.marketing.limited/vendor/laravel/framework/src/Illuminate/Database/Connection.php:824
/home/user/cmis.marketing.limited/vendor/laravel/framework/src/Illuminate/Database/Connection.php:778
/home/user/cmis.marketing.limited/vendor/laravel/framework/src/Illuminate/Database/Connection.php:559
/home/user/cmis.marketing.limited/vendor/laravel/framework/src/Illuminate/Database/Connection.php:523
/home/user/cmis.marketing.limited/vendor/laravel/framework/src/Illuminate/Database/Query/Builder.php:3804
/home/user/cmis.marketing.limited/vendor/laravel/framework/src/Illuminate/Database/Eloquent/Builder.php:2235
/home/user/cmis.marketing.limited/vendor/laravel/framework/src/Illuminate/Database/Eloquent/Model.php:1412
/home/user/cmis.marketing.limited/vendor/laravel/framework/src/Illuminate/Database/Eloquent/Model.php:1240
/home/user/cmis.marketing.limited/vendor/laravel/framework/src/Illuminate/Database/Eloquent/Builder.php:1219
/home/user/cmis.marketing.limited/vendor/laravel/framework/src/Illuminate/Support/helpers.php:390
/home/user/cmis.marketing.limited/vendor/laravel/framework/src/Illuminate/Database/Eloquent/Builder.php:1218
/home/user/cmis.marketing.limited/vendor/laravel/framework/src/Illuminate/Support/Traits/ForwardsCalls.php:23
/home/user/cmis.marketing.limited/vendor/laravel/framework/src/Illuminate/Database/Eloquent/Model.php:2540
/home/user/cmis.marketing.limited/vendor/laravel/framework/src/Illuminate/Database/Eloquent/Model.php:2556
/home/user/cmis.marketing.limited/tests/Unit/Models/Notification/NotificationTest.php:223</error>
        </testcase>
        <testcase name="it_can_filter_unread_notifications" file="/home/user/cmis.marketing.limited/tests/Unit/Models/Notification/NotificationTest.php" line="130" class="Tests\Unit\Models\Notification\NotificationTest" classname="Tests.Unit.Models.Notification.NotificationTest" assertions="0" time="0.290243">
          <error type="Illuminate\Database\QueryException">Tests\Unit\Models\Notification\NotificationTest::it_can_filter_unread_notifications
Illuminate\Database\QueryException: SQLSTATE[22P02]: Invalid text representation: 7 ERROR:  invalid input syntax for type integer: "21a96de1-78b0-4e00-b2a3-6126650db06c"
CONTEXT:  unnamed portal parameter $1 = '...' (Connection: pgsql, SQL: insert into "notifications" ("id", "type", "notifiable_type", "notifiable_id", "data", "read_at", "updated_at", "created_at") values (21a96de1-78b0-4e00-b2a3-6126650db06c, App\Notifications\Notification1, App\Models\User, ?, {"message":"Unread 1"}, ?, 2025-11-19 11:03:42, 2025-11-19 11:03:42))

/home/user/cmis.marketing.limited/vendor/laravel/framework/src/Illuminate/Database/Connection.php:824
/home/user/cmis.marketing.limited/vendor/laravel/framework/src/Illuminate/Database/Connection.php:778
/home/user/cmis.marketing.limited/vendor/laravel/framework/src/Illuminate/Database/Connection.php:559
/home/user/cmis.marketing.limited/vendor/laravel/framework/src/Illuminate/Database/Connection.php:523
/home/user/cmis.marketing.limited/vendor/laravel/framework/src/Illuminate/Database/Query/Builder.php:3804
/home/user/cmis.marketing.limited/vendor/laravel/framework/src/Illuminate/Database/Eloquent/Builder.php:2235
/home/user/cmis.marketing.limited/vendor/laravel/framework/src/Illuminate/Database/Eloquent/Model.php:1412
/home/user/cmis.marketing.limited/vendor/laravel/framework/src/Illuminate/Database/Eloquent/Model.php:1240
/home/user/cmis.marketing.limited/vendor/laravel/framework/src/Illuminate/Database/Eloquent/Builder.php:1219
/home/user/cmis.marketing.limited/vendor/laravel/framework/src/Illuminate/Support/helpers.php:390
/home/user/cmis.marketing.limited/vendor/laravel/framework/src/Illuminate/Database/Eloquent/Builder.php:1218
/home/user/cmis.marketing.limited/vendor/laravel/framework/src/Illuminate/Support/Traits/ForwardsCalls.php:23
/home/user/cmis.marketing.limited/vendor/laravel/framework/src/Illuminate/Database/Eloquent/Model.php:2540
/home/user/cmis.marketing.limited/vendor/laravel/framework/src/Illuminate/Database/Eloquent/Model.php:2556
/home/user/cmis.marketing.limited/tests/Unit/Models/Notification/NotificationTest.php:139</error>
        </testcase>
        <testcase name="it_belongs_to_notifiable" file="/home/user/cmis.marketing.limited/tests/Unit/Models/Notification/NotificationTest.php" line="53" class="Tests\Unit\Models\Notification\NotificationTest" classname="Tests.Unit.Models.Notification.NotificationTest" assertions="0" time="0.290260">
          <error type="Illuminate\Database\QueryException">Tests\Unit\Models\Notification\NotificationTest::it_belongs_to_notifiable
Illuminate\Database\QueryException: SQLSTATE[22P02]: Invalid text representation: 7 ERROR:  invalid input syntax for type integer: "51cc9764-284a-4260-a743-c10f39ec4135"
CONTEXT:  unnamed portal parameter $1 = '...' (Connection: pgsql, SQL: insert into "notifications" ("id", "type", "notifiable_type", "notifiable_id", "data", "updated_at", "created_at") values (51cc9764-284a-4260-a743-c10f39ec4135, App\Notifications\TestNotification, App\Models\User, ?, {"message":"Test"}, 2025-11-19 11:03:42, 2025-11-19 11:03:42))

/home/user/cmis.marketing.limited/vendor/laravel/framework/src/Illuminate/Database/Connection.php:824
/home/user/cmis.marketing.limited/vendor/laravel/framework/src/Illuminate/Database/Connection.php:778
/home/user/cmis.marketing.limited/vendor/laravel/framework/src/Illuminate/Database/Connection.php:559
/home/user/cmis.marketing.limited/vendor/laravel/framework/src/Illuminate/Database/Connection.php:523
/home/user/cmis.marketing.limited/vendor/laravel/framework/src/Illuminate/Database/Query/Builder.php:3804
/home/user/cmis.marketing.limited/vendor/laravel/framework/src/Illuminate/Database/Eloquent/Builder.php:2235
/home/user/cmis.marketing.limited/vendor/laravel/framework/src/Illuminate/Database/Eloquent/Model.php:1412
/home/user/cmis.marketing.limited/vendor/laravel/framework/src/Illuminate/Database/Eloquent/Model.php:1240
/home/user/cmis.marketing.limited/vendor/laravel/framework/src/Illuminate/Database/Eloquent/Builder.php:1219
/home/user/cmis.marketing.limited/vendor/laravel/framework/src/Illuminate/Support/helpers.php:390
/home/user/cmis.marketing.limited/vendor/laravel/framework/src/Illuminate/Database/Eloquent/Builder.php:1218
/home/user/cmis.marketing.limited/vendor/laravel/framework/src/Illuminate/Support/Traits/ForwardsCalls.php:23
/home/user/cmis.marketing.limited/vendor/laravel/framework/src/Illuminate/Database/Eloquent/Model.php:2540
/home/user/cmis.marketing.limited/vendor/laravel/framework/src/Illuminate/Database/Eloquent/Model.php:2556
/home/user/cmis.marketing.limited/tests/Unit/Models/Notification/NotificationTest.php:62</error>
        </testcase>
        <testcase name="it_has_different_notification_types" file="/home/user/cmis.marketing.limited/tests/Unit/Models/Notification/NotificationTest.php" line="162" class="Tests\Unit\Models\Notification\NotificationTest" classname="Tests.Unit.Models.Notification.NotificationTest" assertions="0" time="0.292185">
          <error type="Illuminate\Database\QueryException">Tests\Unit\Models\Notification\NotificationTest::it_has_different_notification_types
Illuminate\Database\QueryException: SQLSTATE[22P02]: Invalid text representation: 7 ERROR:  invalid input syntax for type integer: "2b2fb55a-d62c-41e8-b8e3-871228373f2a"
CONTEXT:  unnamed portal parameter $1 = '...' (Connection: pgsql, SQL: insert into "notifications" ("id", "type", "notifiable_type", "notifiable_id", "data", "updated_at", "created_at") values (2b2fb55a-d62c-41e8-b8e3-871228373f2a, App\Notifications\CampaignCreated, App\Models\User, ?, {"message":"Notification"}, 2025-11-19 11:03:42, 2025-11-19 11:03:42))

/home/user/cmis.marketing.limited/vendor/laravel/framework/src/Illuminate/Database/Connection.php:824
/home/user/cmis.marketing.limited/vendor/laravel/framework/src/Illuminate/Database/Connection.php:778
/home/user/cmis.marketing.limited/vendor/laravel/framework/src/Illuminate/Database/Connection.php:559
/home/user/cmis.marketing.limited/vendor/laravel/framework/src/Illuminate/Database/Connection.php:523
/home/user/cmis.marketing.limited/vendor/laravel/framework/src/Illuminate/Database/Query/Builder.php:3804
/home/user/cmis.marketing.limited/vendor/laravel/framework/src/Illuminate/Database/Eloquent/Builder.php:2235
/home/user/cmis.marketing.limited/vendor/laravel/framework/src/Illuminate/Database/Eloquent/Model.php:1412
/home/user/cmis.marketing.limited/vendor/laravel/framework/src/Illuminate/Database/Eloquent/Model.php:1240
/home/user/cmis.marketing.limited/vendor/laravel/framework/src/Illuminate/Database/Eloquent/Builder.php:1219
/home/user/cmis.marketing.limited/vendor/laravel/framework/src/Illuminate/Support/helpers.php:390
/home/user/cmis.marketing.limited/vendor/laravel/framework/src/Illuminate/Database/Eloquent/Builder.php:1218
/home/user/cmis.marketing.limited/vendor/laravel/framework/src/Illuminate/Support/Traits/ForwardsCalls.php:23
/home/user/cmis.marketing.limited/vendor/laravel/framework/src/Illuminate/Database/Eloquent/Model.php:2540
/home/user/cmis.marketing.limited/vendor/laravel/framework/src/Illuminate/Database/Eloquent/Model.php:2556
/home/user/cmis.marketing.limited/tests/Unit/Models/Notification/NotificationTest.php:179</error>
        </testcase>
        <testcase name="it_stores_notification_data_as_json" file="/home/user/cmis.marketing.limited/tests/Unit/Models/Notification/NotificationTest.php" line="74" class="Tests\Unit\Models\Notification\NotificationTest" classname="Tests.Unit.Models.Notification.NotificationTest" assertions="0" time="0.294324">
          <error type="Illuminate\Database\QueryException">Tests\Unit\Models\Notification\NotificationTest::it_stores_notification_data_as_json
Illuminate\Database\QueryException: SQLSTATE[22P02]: Invalid text representation: 7 ERROR:  invalid input syntax for type integer: "24747719-628e-4500-aeef-a85dc34b16c3"
CONTEXT:  unnamed portal parameter $1 = '...' (Connection: pgsql, SQL: insert into "notifications" ("id", "type", "notifiable_type", "notifiable_id", "data", "updated_at", "created_at") values (24747719-628e-4500-aeef-a85dc34b16c3, App\Notifications\CampaignPublished, App\Models\User, ?, {"title":"Campaign Published","message":"Your campaign has been published successfully","campaign_id":"camp_456","action_url":"\/campaigns\/camp_456","icon":"campaign"}, 2025-11-19 11:03:42, 2025-11-19 11:03:42))

/home/user/cmis.marketing.limited/vendor/laravel/framework/src/Illuminate/Database/Connection.php:824
/home/user/cmis.marketing.limited/vendor/laravel/framework/src/Illuminate/Database/Connection.php:778
/home/user/cmis.marketing.limited/vendor/laravel/framework/src/Illuminate/Database/Connection.php:559
/home/user/cmis.marketing.limited/vendor/laravel/framework/src/Illuminate/Database/Connection.php:523
/home/user/cmis.marketing.limited/vendor/laravel/framework/src/Illuminate/Database/Query/Builder.php:3804
/home/user/cmis.marketing.limited/vendor/laravel/framework/src/Illuminate/Database/Eloquent/Builder.php:2235
/home/user/cmis.marketing.limited/vendor/laravel/framework/src/Illuminate/Database/Eloquent/Model.php:1412
/home/user/cmis.marketing.limited/vendor/laravel/framework/src/Illuminate/Database/Eloquent/Model.php:1240
/home/user/cmis.marketing.limited/vendor/laravel/framework/src/Illuminate/Database/Eloquent/Builder.php:1219
/home/user/cmis.marketing.limited/vendor/laravel/framework/src/Illuminate/Support/helpers.php:390
/home/user/cmis.marketing.limited/vendor/laravel/framework/src/Illuminate/Database/Eloquent/Builder.php:1218
/home/user/cmis.marketing.limited/vendor/laravel/framework/src/Illuminate/Support/Traits/ForwardsCalls.php:23
/home/user/cmis.marketing.limited/vendor/laravel/framework/src/Illuminate/Database/Eloquent/Model.php:2540
/home/user/cmis.marketing.limited/vendor/laravel/framework/src/Illuminate/Database/Eloquent/Model.php:2556
/home/user/cmis.marketing.limited/tests/Unit/Models/Notification/NotificationTest.php:91</error>
        </testcase>
        <testcase name="it_can_create_notification" file="/home/user/cmis.marketing.limited/tests/Unit/Models/Notification/NotificationTest.php" line="25" class="Tests\Unit\Models\Notification\NotificationTest" classname="Tests.Unit.Models.Notification.NotificationTest" assertions="0" time="0.290572">
          <error type="Illuminate\Database\QueryException">Tests\Unit\Models\Notification\NotificationTest::it_can_create_notification
Illuminate\Database\QueryException: SQLSTATE[22P02]: Invalid text representation: 7 ERROR:  invalid input syntax for type integer: "a65b41b5-ce0c-45cc-9b16-5ae297a661da"
CONTEXT:  unnamed portal parameter $1 = '...' (Connection: pgsql, SQL: insert into "notifications" ("id", "type", "notifiable_type", "notifiable_id", "data", "updated_at", "created_at") values (a65b41b5-ce0c-45cc-9b16-5ae297a661da, App\Notifications\CampaignCreated, App\Models\User, ?, {"campaign_id":"camp_123","campaign_name":"Summer Sale","message":"Campaign created successfully"}, 2025-11-19 11:03:43, 2025-11-19 11:03:43))

/home/user/cmis.marketing.limited/vendor/laravel/framework/src/Illuminate/Database/Connection.php:824
/home/user/cmis.marketing.limited/vendor/laravel/framework/src/Illuminate/Database/Connection.php:778
/home/user/cmis.marketing.limited/vendor/laravel/framework/src/Illuminate/Database/Connection.php:559
/home/user/cmis.marketing.limited/vendor/laravel/framework/src/Illuminate/Database/Connection.php:523
/home/user/cmis.marketing.limited/vendor/laravel/framework/src/Illuminate/Database/Query/Builder.php:3804
/home/user/cmis.marketing.limited/vendor/laravel/framework/src/Illuminate/Database/Eloquent/Builder.php:2235
/home/user/cmis.marketing.limited/vendor/laravel/framework/src/Illuminate/Database/Eloquent/Model.php:1412
/home/user/cmis.marketing.limited/vendor/laravel/framework/src/Illuminate/Database/Eloquent/Model.php:1240
/home/user/cmis.marketing.limited/vendor/laravel/framework/src/Illuminate/Database/Eloquent/Builder.php:1219
/home/user/cmis.marketing.limited/vendor/laravel/framework/src/Illuminate/Support/helpers.php:390
/home/user/cmis.marketing.limited/vendor/laravel/framework/src/Illuminate/Database/Eloquent/Builder.php:1218
/home/user/cmis.marketing.limited/vendor/laravel/framework/src/Illuminate/Support/Traits/ForwardsCalls.php:23
/home/user/cmis.marketing.limited/vendor/laravel/framework/src/Illuminate/Database/Eloquent/Model.php:2540
/home/user/cmis.marketing.limited/vendor/laravel/framework/src/Illuminate/Database/Eloquent/Model.php:2556
/home/user/cmis.marketing.limited/tests/Unit/Models/Notification/NotificationTest.php:34</error>
        </testcase>
        <testcase name="it_can_be_marked_as_read" file="/home/user/cmis.marketing.limited/tests/Unit/Models/Notification/NotificationTest.php" line="104" class="Tests\Unit\Models\Notification\NotificationTest" classname="Tests.Unit.Models.Notification.NotificationTest" assertions="0" time="0.316150">
          <error type="Illuminate\Database\QueryException">Tests\Unit\Models\Notification\NotificationTest::it_can_be_marked_as_read
Illuminate\Database\QueryException: SQLSTATE[22P02]: Invalid text representation: 7 ERROR:  invalid input syntax for type integer: "1988c3dc-64fe-43cf-bb58-62b3d5ea1ce6"
CONTEXT:  unnamed portal parameter $1 = '...' (Connection: pgsql, SQL: insert into "notifications" ("id", "type", "notifiable_type", "notifiable_id", "data", "read_at", "updated_at", "created_at") values (1988c3dc-64fe-43cf-bb58-62b3d5ea1ce6, App\Notifications\TestNotification, App\Models\User, ?, {"message":"Test"}, ?, 2025-11-19 11:03:43, 2025-11-19 11:03:43))

/home/user/cmis.marketing.limited/vendor/laravel/framework/src/Illuminate/Database/Connection.php:824
/home/user/cmis.marketing.limited/vendor/laravel/framework/src/Illuminate/Database/Connection.php:778
/home/user/cmis.marketing.limited/vendor/laravel/framework/src/Illuminate/Database/Connection.php:559
/home/user/cmis.marketing.limited/vendor/laravel/framework/src/Illuminate/Database/Connection.php:523
/home/user/cmis.marketing.limited/vendor/laravel/framework/src/Illuminate/Database/Query/Builder.php:3804
/home/user/cmis.marketing.limited/vendor/laravel/framework/src/Illuminate/Database/Eloquent/Builder.php:2235
/home/user/cmis.marketing.limited/vendor/laravel/framework/src/Illuminate/Database/Eloquent/Model.php:1412
/home/user/cmis.marketing.limited/vendor/laravel/framework/src/Illuminate/Database/Eloquent/Model.php:1240
/home/user/cmis.marketing.limited/vendor/laravel/framework/src/Illuminate/Database/Eloquent/Builder.php:1219
/home/user/cmis.marketing.limited/vendor/laravel/framework/src/Illuminate/Support/helpers.php:390
/home/user/cmis.marketing.limited/vendor/laravel/framework/src/Illuminate/Database/Eloquent/Builder.php:1218
/home/user/cmis.marketing.limited/vendor/laravel/framework/src/Illuminate/Support/Traits/ForwardsCalls.php:23
/home/user/cmis.marketing.limited/vendor/laravel/framework/src/Illuminate/Database/Eloquent/Model.php:2540
/home/user/cmis.marketing.limited/vendor/laravel/framework/src/Illuminate/Database/Eloquent/Model.php:2556
/home/user/cmis.marketing.limited/tests/Unit/Models/Notification/NotificationTest.php:113</error>
        </testcase>
        <testcase name="it_uses_uuid_as_primary_key" file="/home/user/cmis.marketing.limited/tests/Unit/Models/Notification/NotificationTest.php" line="193" class="Tests\Unit\Models\Notification\NotificationTest" classname="Tests.Unit.Models.Notification.NotificationTest" assertions="0" time="0.297542">
          <error type="Illuminate\Database\QueryException">Tests\Unit\Models\Notification\NotificationTest::it_uses_uuid_as_primary_key
Illuminate\Database\QueryException: SQLSTATE[22P02]: Invalid text representation: 7 ERROR:  invalid input syntax for type integer: "50ff688f-a6f6-42cb-9635-3bca9d7cd5f7"
CONTEXT:  unnamed portal parameter $1 = '...' (Connection: pgsql, SQL: insert into "notifications" ("id", "type", "notifiable_type", "notifiable_id", "data", "updated_at", "created_at") values (50ff688f-a6f6-42cb-9635-3bca9d7cd5f7, App\Notifications\TestNotification, App\Models\User, ?, {"message":"Test"}, 2025-11-19 11:03:43, 2025-11-19 11:03:43))

/home/user/cmis.marketing.limited/vendor/laravel/framework/src/Illuminate/Database/Connection.php:824
/home/user/cmis.marketing.limited/vendor/laravel/framework/src/Illuminate/Database/Connection.php:778
/home/user/cmis.marketing.limited/vendor/laravel/framework/src/Illuminate/Database/Connection.php:559
/home/user/cmis.marketing.limited/vendor/laravel/framework/src/Illuminate/Database/Connection.php:523
/home/user/cmis.marketing.limited/vendor/laravel/framework/src/Illuminate/Database/Query/Builder.php:3804
/home/user/cmis.marketing.limited/vendor/laravel/framework/src/Illuminate/Database/Eloquent/Builder.php:2235
/home/user/cmis.marketing.limited/vendor/laravel/framework/src/Illuminate/Database/Eloquent/Model.php:1412
/home/user/cmis.marketing.limited/vendor/laravel/framework/src/Illuminate/Database/Eloquent/Model.php:1240
/home/user/cmis.marketing.limited/vendor/laravel/framework/src/Illuminate/Database/Eloquent/Builder.php:1219
/home/user/cmis.marketing.limited/vendor/laravel/framework/src/Illuminate/Support/helpers.php:390
/home/user/cmis.marketing.limited/vendor/laravel/framework/src/Illuminate/Database/Eloquent/Builder.php:1218
/home/user/cmis.marketing.limited/vendor/laravel/framework/src/Illuminate/Support/Traits/ForwardsCalls.php:23
/home/user/cmis.marketing.limited/vendor/laravel/framework/src/Illuminate/Database/Eloquent/Model.php:2540
/home/user/cmis.marketing.limited/vendor/laravel/framework/src/Illuminate/Database/Eloquent/Model.php:2556
/home/user/cmis.marketing.limited/tests/Unit/Models/Notification/NotificationTest.php:202</error>
        </testcase>
        <testcase name="it_can_be_deleted" file="/home/user/cmis.marketing.limited/tests/Unit/Models/Notification/NotificationTest.php" line="236" class="Tests\Unit\Models\Notification\NotificationTest" classname="Tests.Unit.Models.Notification.NotificationTest" assertions="0" time="0.289867">
          <error type="Illuminate\Database\QueryException">Tests\Unit\Models\Notification\NotificationTest::it_can_be_deleted
Illuminate\Database\QueryException: SQLSTATE[22P02]: Invalid text representation: 7 ERROR:  invalid input syntax for type integer: "62fd4b6a-e213-441c-841f-98c30f5a4636"
CONTEXT:  unnamed portal parameter $1 = '...' (Connection: pgsql, SQL: insert into "notifications" ("id", "type", "notifiable_type", "notifiable_id", "data", "updated_at", "created_at") values (62fd4b6a-e213-441c-841f-98c30f5a4636, App\Notifications\TestNotification, App\Models\User, ?, {"message":"Test"}, 2025-11-19 11:03:44, 2025-11-19 11:03:44))

/home/user/cmis.marketing.limited/vendor/laravel/framework/src/Illuminate/Database/Connection.php:824
/home/user/cmis.marketing.limited/vendor/laravel/framework/src/Illuminate/Database/Connection.php:778
/home/user/cmis.marketing.limited/vendor/laravel/framework/src/Illuminate/Database/Connection.php:559
/home/user/cmis.marketing.limited/vendor/laravel/framework/src/Illuminate/Database/Connection.php:523
/home/user/cmis.marketing.limited/vendor/laravel/framework/src/Illuminate/Database/Query/Builder.php:3804
/home/user/cmis.marketing.limited/vendor/laravel/framework/src/Illuminate/Database/Eloquent/Builder.php:2235
/home/user/cmis.marketing.limited/vendor/laravel/framework/src/Illuminate/Database/Eloquent/Model.php:1412
/home/user/cmis.marketing.limited/vendor/laravel/framework/src/Illuminate/Database/Eloquent/Model.php:1240
/home/user/cmis.marketing.limited/vendor/laravel/framework/src/Illuminate/Database/Eloquent/Builder.php:1219
/home/user/cmis.marketing.limited/vendor/laravel/framework/src/Illuminate/Support/helpers.php:390
/home/user/cmis.marketing.limited/vendor/laravel/framework/src/Illuminate/Database/Eloquent/Builder.php:1218
/home/user/cmis.marketing.limited/vendor/laravel/framework/src/Illuminate/Support/Traits/ForwardsCalls.php:23
/home/user/cmis.marketing.limited/vendor/laravel/framework/src/Illuminate/Database/Eloquent/Model.php:2540
/home/user/cmis.marketing.limited/vendor/laravel/framework/src/Illuminate/Database/Eloquent/Model.php:2556
/home/user/cmis.marketing.limited/tests/Unit/Models/Notification/NotificationTest.php:245</error>
        </testcase>
      </testsuite>
      <testsuite name="Tests\Unit\Models\Social\SocialPostTest" file="/home/user/cmis.marketing.limited/tests/Unit/Models/Social/SocialPostTest.php" tests="10" assertions="0" errors="10" failures="0" skipped="0" time="0.654100">
        <testcase name="it_calculates_engagement_rate" file="/home/user/cmis.marketing.limited/tests/Unit/Models/Social/SocialPostTest.php" line="339" class="Tests\Unit\Models\Social\SocialPostTest" classname="Tests.Unit.Models.Social.SocialPostTest" assertions="0" time="0.062252">
          <error type="Error">Tests\Unit\Models\Social\SocialPostTest::it_calculates_engagement_rate
Error: Class "App\Models\Integration" not found

/home/user/cmis.marketing.limited/tests/Unit/Models/Social/SocialPostTest.php:346</error>
        </testcase>
        <testcase name="it_validates_post_type" file="/home/user/cmis.marketing.limited/tests/Unit/Models/Social/SocialPostTest.php" line="126" class="Tests\Unit\Models\Social\SocialPostTest" classname="Tests.Unit.Models.Social.SocialPostTest" assertions="0" time="0.060145">
          <error type="Error">Tests\Unit\Models\Social\SocialPostTest::it_validates_post_type
Error: Class "App\Models\Integration" not found

/home/user/cmis.marketing.limited/tests/Unit/Models/Social/SocialPostTest.php:133</error>
        </testcase>
        <testcase name="it_can_create_a_social_post" file="/home/user/cmis.marketing.limited/tests/Unit/Models/Social/SocialPostTest.php" line="25" class="Tests\Unit\Models\Social\SocialPostTest" classname="Tests.Unit.Models.Social.SocialPostTest" assertions="0" time="0.080062">
          <error type="Error">Tests\Unit\Models\Social\SocialPostTest::it_can_create_a_social_post
Error: Class "App\Models\Integration" not found

/home/user/cmis.marketing.limited/tests/Unit/Models/Social/SocialPostTest.php:32</error>
        </testcase>
        <testcase name="it_can_be_soft_deleted" file="/home/user/cmis.marketing.limited/tests/Unit/Models/Social/SocialPostTest.php" line="221" class="Tests\Unit\Models\Social\SocialPostTest" classname="Tests.Unit.Models.Social.SocialPostTest" assertions="0" time="0.057424">
          <error type="Error">Tests\Unit\Models\Social\SocialPostTest::it_can_be_soft_deleted
Error: Class "App\Models\Integration" not found

/home/user/cmis.marketing.limited/tests/Unit/Models/Social/SocialPostTest.php:228</error>
        </testcase>
        <testcase name="it_respects_rls_policies" file="/home/user/cmis.marketing.limited/tests/Unit/Models/Social/SocialPostTest.php" line="285" class="Tests\Unit\Models\Social\SocialPostTest" classname="Tests.Unit.Models.Social.SocialPostTest" assertions="0" time="0.062004">
          <error type="Error">Tests\Unit\Models\Social\SocialPostTest::it_respects_rls_policies
Error: Class "App\Models\Integration" not found

/home/user/cmis.marketing.limited/tests/Unit/Models/Social/SocialPostTest.php:297</error>
        </testcase>
        <testcase name="it_validates_platform" file="/home/user/cmis.marketing.limited/tests/Unit/Models/Social/SocialPostTest.php" line="155" class="Tests\Unit\Models\Social\SocialPostTest" classname="Tests.Unit.Models.Social.SocialPostTest" assertions="0" time="0.059888">
          <error type="Error">Tests\Unit\Models\Social\SocialPostTest::it_validates_platform
Error: Class "App\Models\Integration" not found

/home/user/cmis.marketing.limited/tests/Unit/Models/Social/SocialPostTest.php:162</error>
        </testcase>
        <testcase name="it_has_timestamps" file="/home/user/cmis.marketing.limited/tests/Unit/Models/Social/SocialPostTest.php" line="254" class="Tests\Unit\Models\Social\SocialPostTest" classname="Tests.Unit.Models.Social.SocialPostTest" assertions="0" time="0.058594">
          <error type="Error">Tests\Unit\Models\Social\SocialPostTest::it_has_timestamps
Error: Class "App\Models\Integration" not found

/home/user/cmis.marketing.limited/tests/Unit/Models/Social/SocialPostTest.php:261</error>
        </testcase>
        <testcase name="it_stores_metrics_as_json" file="/home/user/cmis.marketing.limited/tests/Unit/Models/Social/SocialPostTest.php" line="87" class="Tests\Unit\Models\Social\SocialPostTest" classname="Tests.Unit.Models.Social.SocialPostTest" assertions="0" time="0.063550">
          <error type="Error">Tests\Unit\Models\Social\SocialPostTest::it_stores_metrics_as_json
Error: Class "App\Models\Integration" not found

/home/user/cmis.marketing.limited/tests/Unit/Models/Social/SocialPostTest.php:94</error>
        </testcase>
        <testcase name="it_belongs_to_organization_and_integration" file="/home/user/cmis.marketing.limited/tests/Unit/Models/Social/SocialPostTest.php" line="57" class="Tests\Unit\Models\Social\SocialPostTest" classname="Tests.Unit.Models.Social.SocialPostTest" assertions="0" time="0.090997">
          <error type="Error">Tests\Unit\Models\Social\SocialPostTest::it_belongs_to_organization_and_integration
Error: Class "App\Models\Integration" not found

/home/user/cmis.marketing.limited/tests/Unit/Models/Social/SocialPostTest.php:64</error>
        </testcase>
        <testcase name="it_uses_uuid_as_primary_key" file="/home/user/cmis.marketing.limited/tests/Unit/Models/Social/SocialPostTest.php" line="192" class="Tests\Unit\Models\Social\SocialPostTest" classname="Tests.Unit.Models.Social.SocialPostTest" assertions="0" time="0.059183">
          <error type="Error">Tests\Unit\Models\Social\SocialPostTest::it_uses_uuid_as_primary_key
Error: Class "App\Models\Integration" not found

/home/user/cmis.marketing.limited/tests/Unit/Models/Social/SocialPostTest.php:199</error>
        </testcase>
      </testsuite>
      <testsuite name="Tests\Unit\Middleware\RLSMiddlewareTest" file="/home/user/cmis.marketing.limited/tests/Unit/Middleware/RLSMiddlewareTest.php" tests="8" assertions="0" errors="8" failures="0" skipped="0" time="0.000000">
        <testcase name="it_skips_rls_for_unauthenticated_requests" file="/home/user/cmis.marketing.limited/tests/Unit/Middleware/RLSMiddlewareTest.php" line="71" class="Tests\Unit\Middleware\RLSMiddlewareTest" classname="Tests.Unit.Middleware.RLSMiddlewareTest" assertions="0" time="0.000000">
          <error type="Error">Tests\Unit\Middleware\RLSMiddlewareTest::it_skips_rls_for_unauthenticated_requests
Error: Class "App\Http\Middleware\SetRLSContext" not found

/home/user/cmis.marketing.limited/tests/Unit/Middleware/RLSMiddlewareTest.php:24</error>
        </testcase>
        <testcase name="it_sets_correct_org_id_in_context" file="/home/user/cmis.marketing.limited/tests/Unit/Middleware/RLSMiddlewareTest.php" line="113" class="Tests\Unit\Middleware\RLSMiddlewareTest" classname="Tests.Unit.Middleware.RLSMiddlewareTest" assertions="0" time="0.000000">
          <error type="Error">Tests\Unit\Middleware\RLSMiddlewareTest::it_sets_correct_org_id_in_context
Error: Class "App\Http\Middleware\SetRLSContext" not found

/home/user/cmis.marketing.limited/tests/Unit/Middleware/RLSMiddlewareTest.php:24</error>
        </testcase>
        <testcase name="it_clears_rls_context_after_request" file="/home/user/cmis.marketing.limited/tests/Unit/Middleware/RLSMiddlewareTest.php" line="50" class="Tests\Unit\Middleware\RLSMiddlewareTest" classname="Tests.Unit.Middleware.RLSMiddlewareTest" assertions="0" time="0.000000">
          <error type="Error">Tests\Unit\Middleware\RLSMiddlewareTest::it_clears_rls_context_after_request
Error: Class "App\Http\Middleware\SetRLSContext" not found

/home/user/cmis.marketing.limited/tests/Unit/Middleware/RLSMiddlewareTest.php:24</error>
        </testcase>
        <testcase name="it_works_with_sanctum_authentication" file="/home/user/cmis.marketing.limited/tests/Unit/Middleware/RLSMiddlewareTest.php" line="164" class="Tests\Unit\Middleware\RLSMiddlewareTest" classname="Tests.Unit.Middleware.RLSMiddlewareTest" assertions="0" time="0.000000">
          <error type="Error">Tests\Unit\Middleware\RLSMiddlewareTest::it_works_with_sanctum_authentication
Error: Class "App\Http\Middleware\SetRLSContext" not found

/home/user/cmis.marketing.limited/tests/Unit/Middleware/RLSMiddlewareTest.php:24</error>
        </testcase>
        <testcase name="it_sets_rls_context_for_authenticated_user" file="/home/user/cmis.marketing.limited/tests/Unit/Middleware/RLSMiddlewareTest.php" line="28" class="Tests\Unit\Middleware\RLSMiddlewareTest" classname="Tests.Unit.Middleware.RLSMiddlewareTest" assertions="0" time="0.000000">
          <error type="Error">Tests\Unit\Middleware\RLSMiddlewareTest::it_sets_rls_context_for_authenticated_user
Error: Class "App\Http\Middleware\SetRLSContext" not found

/home/user/cmis.marketing.limited/tests/Unit/Middleware/RLSMiddlewareTest.php:24</error>
        </testcase>
        <testcase name="it_handles_missing_org_id_gracefully" file="/home/user/cmis.marketing.limited/tests/Unit/Middleware/RLSMiddlewareTest.php" line="88" class="Tests\Unit\Middleware\RLSMiddlewareTest" classname="Tests.Unit.Middleware.RLSMiddlewareTest" assertions="0" time="0.000000">
          <error type="Error">Tests\Unit\Middleware\RLSMiddlewareTest::it_handles_missing_org_id_gracefully
Error: Class "App\Http\Middleware\SetRLSContext" not found

/home/user/cmis.marketing.limited/tests/Unit/Middleware/RLSMiddlewareTest.php:24</error>
        </testcase>
        <testcase name="it_sets_correct_user_id_in_context" file="/home/user/cmis.marketing.limited/tests/Unit/Middleware/RLSMiddlewareTest.php" line="139" class="Tests\Unit\Middleware\RLSMiddlewareTest" classname="Tests.Unit.Middleware.RLSMiddlewareTest" assertions="0" time="0.000000">
          <error type="Error">Tests\Unit\Middleware\RLSMiddlewareTest::it_sets_correct_user_id_in_context
Error: Class "App\Http\Middleware\SetRLSContext" not found

/home/user/cmis.marketing.limited/tests/Unit/Middleware/RLSMiddlewareTest.php:24</error>
        </testcase>
        <testcase name="it_handles_exceptions_gracefully" file="/home/user/cmis.marketing.limited/tests/Unit/Middleware/RLSMiddlewareTest.php" line="189" class="Tests\Unit\Middleware\RLSMiddlewareTest" classname="Tests.Unit.Middleware.RLSMiddlewareTest" assertions="0" time="0.000000">
          <error type="Error">Tests\Unit\Middleware\RLSMiddlewareTest::it_handles_exceptions_gracefully
Error: Class "App\Http\Middleware\SetRLSContext" not found

/home/user/cmis.marketing.limited/tests/Unit/Middleware/RLSMiddlewareTest.php:24</error>
        </testcase>
      </testsuite>
      <testsuite name="Tests\Unit\Models\Schedule\ScheduleTest" file="/home/user/cmis.marketing.limited/tests/Unit/Models/Schedule/ScheduleTest.php" tests="11" assertions="0" errors="11" failures="0" skipped="0" time="0.749043">
        <testcase name="it_tracks_next_run_time" file="/home/user/cmis.marketing.limited/tests/Unit/Models/Schedule/ScheduleTest.php" line="127" class="Tests\Unit\Models\Schedule\ScheduleTest" classname="Tests.Unit.Models.Schedule.ScheduleTest" assertions="0" time="0.088862">
          <error type="Error">Tests\Unit\Models\Schedule\ScheduleTest::it_tracks_next_run_time
Error: Class "App\Models\Schedule\Schedule" not found

/home/user/cmis.marketing.limited/tests/Unit/Models/Schedule/ScheduleTest.php:134</error>
        </testcase>
        <testcase name="it_can_be_active_or_inactive" file="/home/user/cmis.marketing.limited/tests/Unit/Models/Schedule/ScheduleTest.php" line="175" class="Tests\Unit\Models\Schedule\ScheduleTest" classname="Tests.Unit.Models.Schedule.ScheduleTest" assertions="0" time="0.064902">
          <error type="Error">Tests\Unit\Models\Schedule\ScheduleTest::it_can_be_active_or_inactive
Error: Class "App\Models\Schedule\Schedule" not found

/home/user/cmis.marketing.limited/tests/Unit/Models/Schedule/ScheduleTest.php:182</error>
        </testcase>
        <testcase name="it_uses_uuid_as_primary_key" file="/home/user/cmis.marketing.limited/tests/Unit/Models/Schedule/ScheduleTest.php" line="239" class="Tests\Unit\Models\Schedule\ScheduleTest" classname="Tests.Unit.Models.Schedule.ScheduleTest" assertions="0" time="0.060151">
          <error type="Error">Tests\Unit\Models\Schedule\ScheduleTest::it_uses_uuid_as_primary_key
Error: Class "App\Models\Schedule\Schedule" not found

/home/user/cmis.marketing.limited/tests/Unit/Models/Schedule/ScheduleTest.php:246</error>
        </testcase>
        <testcase name="it_tracks_last_run_time" file="/home/user/cmis.marketing.limited/tests/Unit/Models/Schedule/ScheduleTest.php" line="151" class="Tests\Unit\Models\Schedule\ScheduleTest" classname="Tests.Unit.Models.Schedule.ScheduleTest" assertions="0" time="0.065174">
          <error type="Error">Tests\Unit\Models\Schedule\ScheduleTest::it_tracks_last_run_time
Error: Class "App\Models\Schedule\Schedule" not found

/home/user/cmis.marketing.limited/tests/Unit/Models/Schedule/ScheduleTest.php:158</error>
        </testcase>
        <testcase name="it_respects_rls_policies" file="/home/user/cmis.marketing.limited/tests/Unit/Models/Schedule/ScheduleTest.php" line="286" class="Tests\Unit\Models\Schedule\ScheduleTest" classname="Tests.Unit.Models.Schedule.ScheduleTest" assertions="0" time="0.063329">
          <error type="Error">Tests\Unit\Models\Schedule\ScheduleTest::it_respects_rls_policies
Error: Class "App\Models\Schedule\Schedule" not found

/home/user/cmis.marketing.limited/tests/Unit/Models/Schedule/ScheduleTest.php:298</error>
        </testcase>
        <testcase name="it_has_different_frequencies" file="/home/user/cmis.marketing.limited/tests/Unit/Models/Schedule/ScheduleTest.php" line="76" class="Tests\Unit\Models\Schedule\ScheduleTest" classname="Tests.Unit.Models.Schedule.ScheduleTest" assertions="0" time="0.060792">
          <error type="Error">Tests\Unit\Models\Schedule\ScheduleTest::it_has_different_frequencies
Error: Class "App\Models\Schedule\Schedule" not found

/home/user/cmis.marketing.limited/tests/Unit/Models/Schedule/ScheduleTest.php:86</error>
        </testcase>
        <testcase name="it_has_timestamps" file="/home/user/cmis.marketing.limited/tests/Unit/Models/Schedule/ScheduleTest.php" line="262" class="Tests\Unit\Models\Schedule\ScheduleTest" classname="Tests.Unit.Models.Schedule.ScheduleTest" assertions="0" time="0.094250">
          <error type="Error">Tests\Unit\Models\Schedule\ScheduleTest::it_has_timestamps
Error: Class "App\Models\Schedule\Schedule" not found

/home/user/cmis.marketing.limited/tests/Unit/Models/Schedule/ScheduleTest.php:269</error>
        </testcase>
        <testcase name="it_belongs_to_org" file="/home/user/cmis.marketing.limited/tests/Unit/Models/Schedule/ScheduleTest.php" line="53" class="Tests\Unit\Models\Schedule\ScheduleTest" classname="Tests.Unit.Models.Schedule.ScheduleTest" assertions="0" time="0.061714">
          <error type="Error">Tests\Unit\Models\Schedule\ScheduleTest::it_belongs_to_org
Error: Class "App\Models\Schedule\Schedule" not found

/home/user/cmis.marketing.limited/tests/Unit/Models/Schedule/ScheduleTest.php:60</error>
        </testcase>
        <testcase name="it_stores_schedule_config" file="/home/user/cmis.marketing.limited/tests/Unit/Models/Schedule/ScheduleTest.php" line="208" class="Tests\Unit\Models\Schedule\ScheduleTest" classname="Tests.Unit.Models.Schedule.ScheduleTest" assertions="0" time="0.059287">
          <error type="Error">Tests\Unit\Models\Schedule\ScheduleTest::it_stores_schedule_config
Error: Class "App\Models\Schedule\Schedule" not found

/home/user/cmis.marketing.limited/tests/Unit/Models/Schedule/ScheduleTest.php:221</error>
        </testcase>
        <testcase name="it_can_create_schedule" file="/home/user/cmis.marketing.limited/tests/Unit/Models/Schedule/ScheduleTest.php" line="26" class="Tests\Unit\Models\Schedule\ScheduleTest" classname="Tests.Unit.Models.Schedule.ScheduleTest" assertions="0" time="0.059708">
          <error type="Error">Tests\Unit\Models\Schedule\ScheduleTest::it_can_create_schedule
Error: Class "App\Models\Schedule\Schedule" not found

/home/user/cmis.marketing.limited/tests/Unit/Models/Schedule/ScheduleTest.php:33</error>
        </testcase>
        <testcase name="it_stores_scheduled_time" file="/home/user/cmis.marketing.limited/tests/Unit/Models/Schedule/ScheduleTest.php" line="103" class="Tests\Unit\Models\Schedule\ScheduleTest" classname="Tests.Unit.Models.Schedule.ScheduleTest" assertions="0" time="0.070874">
          <error type="Error">Tests\Unit\Models\Schedule\ScheduleTest::it_stores_scheduled_time
Error: Class "App\Models\Schedule\Schedule" not found

/home/user/cmis.marketing.limited/tests/Unit/Models/Schedule/ScheduleTest.php:110</error>
        </testcase>
      </testsuite>
      <testsuite name="Tests\Unit\Jobs\ProcessScheduledContentJobTest" file="/home/user/cmis.marketing.limited/tests/Unit/Jobs/ProcessScheduledContentJobTest.php" tests="9" assertions="0" errors="9" failures="0" skipped="0" time="0.582466">
        <testcase name="it_can_be_dispatched" file="/home/user/cmis.marketing.limited/tests/Unit/Jobs/ProcessScheduledContentJobTest.php" line="116" class="Tests\Unit\Jobs\ProcessScheduledContentJobTest" classname="Tests.Unit.Jobs.ProcessScheduledContentJobTest" assertions="0" time="0.092697">
          <error type="Error">Tests\Unit\Jobs\ProcessScheduledContentJobTest::it_can_be_dispatched
Error: Class "App\Jobs\Content\ProcessScheduledContentJob" not found

/home/user/cmis.marketing.limited/tests/Unit/Jobs/ProcessScheduledContentJobTest.php:120</error>
        </testcase>
        <testcase name="it_logs_processing_activity" file="/home/user/cmis.marketing.limited/tests/Unit/Jobs/ProcessScheduledContentJobTest.php" line="259" class="Tests\Unit\Jobs\ProcessScheduledContentJobTest" classname="Tests.Unit.Jobs.ProcessScheduledContentJobTest" assertions="0" time="0.057408">
          <error type="Error">Tests\Unit\Jobs\ProcessScheduledContentJobTest::it_logs_processing_activity
Error: Class "App\Models\Content\Content" not found

/home/user/cmis.marketing.limited/tests/Unit/Jobs/ProcessScheduledContentJobTest.php:266</error>
        </testcase>
        <testcase name="it_processes_due_scheduled_content" file="/home/user/cmis.marketing.limited/tests/Unit/Jobs/ProcessScheduledContentJobTest.php" line="28" class="Tests\Unit\Jobs\ProcessScheduledContentJobTest" classname="Tests.Unit.Jobs.ProcessScheduledContentJobTest" assertions="0" time="0.056195">
          <error type="Error">Tests\Unit\Jobs\ProcessScheduledContentJobTest::it_processes_due_scheduled_content
Error: Class "App\Models\Content\Content" not found

/home/user/cmis.marketing.limited/tests/Unit/Jobs/ProcessScheduledContentJobTest.php:35</error>
        </testcase>
        <testcase name="it_handles_publishing_errors" file="/home/user/cmis.marketing.limited/tests/Unit/Jobs/ProcessScheduledContentJobTest.php" line="131" class="Tests\Unit\Jobs\ProcessScheduledContentJobTest" classname="Tests.Unit.Jobs.ProcessScheduledContentJobTest" assertions="0" time="0.059186">
          <error type="Error">Tests\Unit\Jobs\ProcessScheduledContentJobTest::it_handles_publishing_errors
Error: Class "App\Models\Content\Content" not found

/home/user/cmis.marketing.limited/tests/Unit/Jobs/ProcessScheduledContentJobTest.php:138</error>
        </testcase>
        <testcase name="it_ignores_future_scheduled_content" file="/home/user/cmis.marketing.limited/tests/Unit/Jobs/ProcessScheduledContentJobTest.php" line="57" class="Tests\Unit\Jobs\ProcessScheduledContentJobTest" classname="Tests.Unit.Jobs.ProcessScheduledContentJobTest" assertions="0" time="0.058474">
          <error type="Error">Tests\Unit\Jobs\ProcessScheduledContentJobTest::it_ignores_future_scheduled_content
Error: Class "App\Models\Content\Content" not found

/home/user/cmis.marketing.limited/tests/Unit/Jobs/ProcessScheduledContentJobTest.php:64</error>
        </testcase>
        <testcase name="it_processes_multiple_scheduled_posts" file="/home/user/cmis.marketing.limited/tests/Unit/Jobs/ProcessScheduledContentJobTest.php" line="162" class="Tests\Unit\Jobs\ProcessScheduledContentJobTest" classname="Tests.Unit.Jobs.ProcessScheduledContentJobTest" assertions="0" time="0.081366">
          <error type="Error">Tests\Unit\Jobs\ProcessScheduledContentJobTest::it_processes_multiple_scheduled_posts
Error: Class "App\Models\Content\Content" not found

/home/user/cmis.marketing.limited/tests/Unit/Jobs/ProcessScheduledContentJobTest.php:170</error>
        </testcase>
        <testcase name="it_respects_batch_size_limit" file="/home/user/cmis.marketing.limited/tests/Unit/Jobs/ProcessScheduledContentJobTest.php" line="194" class="Tests\Unit\Jobs\ProcessScheduledContentJobTest" classname="Tests.Unit.Jobs.ProcessScheduledContentJobTest" assertions="0" time="0.056918">
          <error type="Error">Tests\Unit\Jobs\ProcessScheduledContentJobTest::it_respects_batch_size_limit
Error: Class "App\Models\Content\Content" not found

/home/user/cmis.marketing.limited/tests/Unit/Jobs/ProcessScheduledContentJobTest.php:203</error>
        </testcase>
        <testcase name="it_updates_content_status_after_publishing" file="/home/user/cmis.marketing.limited/tests/Unit/Jobs/ProcessScheduledContentJobTest.php" line="228" class="Tests\Unit\Jobs\ProcessScheduledContentJobTest" classname="Tests.Unit.Jobs.ProcessScheduledContentJobTest" assertions="0" time="0.058734">
          <error type="Error">Tests\Unit\Jobs\ProcessScheduledContentJobTest::it_updates_content_status_after_publishing
Error: Class "App\Models\Content\Content" not found

/home/user/cmis.marketing.limited/tests/Unit/Jobs/ProcessScheduledContentJobTest.php:235</error>
        </testcase>
        <testcase name="it_publishes_scheduled_content" file="/home/user/cmis.marketing.limited/tests/Unit/Jobs/ProcessScheduledContentJobTest.php" line="86" class="Tests\Unit\Jobs\ProcessScheduledContentJobTest" classname="Tests.Unit.Jobs.ProcessScheduledContentJobTest" assertions="0" time="0.061487">
          <error type="Error">Tests\Unit\Jobs\ProcessScheduledContentJobTest::it_publishes_scheduled_content
Error: Class "App\Models\Content\Content" not found

/home/user/cmis.marketing.limited/tests/Unit/Jobs/ProcessScheduledContentJobTest.php:93</error>
        </testcase>
      </testsuite>
      <testsuite name="Tests\Unit\Models\Subscription\SubscriptionTest" file="/home/user/cmis.marketing.limited/tests/Unit/Models/Subscription/SubscriptionTest.php" tests="12" assertions="0" errors="12" failures="0" skipped="0" time="0.808981">
        <testcase name="it_can_create_subscription" file="/home/user/cmis.marketing.limited/tests/Unit/Models/Subscription/SubscriptionTest.php" line="24" class="Tests\Unit\Models\Subscription\SubscriptionTest" classname="Tests.Unit.Models.Subscription.SubscriptionTest" assertions="0" time="0.064537">
          <error type="Error">Tests\Unit\Models\Subscription\SubscriptionTest::it_can_create_subscription
Error: Class "App\Models\Subscription\Subscription" not found

/home/user/cmis.marketing.limited/tests/Unit/Models/Subscription/SubscriptionTest.php:31</error>
        </testcase>
        <testcase name="it_tracks_trial_period" file="/home/user/cmis.marketing.limited/tests/Unit/Models/Subscription/SubscriptionTest.php" line="218" class="Tests\Unit\Models\Subscription\SubscriptionTest" classname="Tests.Unit.Models.Subscription.SubscriptionTest" assertions="0" time="0.084178">
          <error type="Error">Tests\Unit\Models\Subscription\SubscriptionTest::it_tracks_trial_period
Error: Class "App\Models\Subscription\Subscription" not found

/home/user/cmis.marketing.limited/tests/Unit/Models/Subscription/SubscriptionTest.php:225</error>
        </testcase>
        <testcase name="it_belongs_to_org" file="/home/user/cmis.marketing.limited/tests/Unit/Models/Subscription/SubscriptionTest.php" line="47" class="Tests\Unit\Models\Subscription\SubscriptionTest" classname="Tests.Unit.Models.Subscription.SubscriptionTest" assertions="0" time="0.064656">
          <error type="Error">Tests\Unit\Models\Subscription\SubscriptionTest::it_belongs_to_org
Error: Class "App\Models\Subscription\Subscription" not found

/home/user/cmis.marketing.limited/tests/Unit/Models/Subscription/SubscriptionTest.php:54</error>
        </testcase>
        <testcase name="it_respects_rls_policies" file="/home/user/cmis.marketing.limited/tests/Unit/Models/Subscription/SubscriptionTest.php" line="276" class="Tests\Unit\Models\Subscription\SubscriptionTest" classname="Tests.Unit.Models.Subscription.SubscriptionTest" assertions="0" time="0.061303">
          <error type="Error">Tests\Unit\Models\Subscription\SubscriptionTest::it_respects_rls_policies
Error: Class "App\Models\Subscription\Subscription" not found

/home/user/cmis.marketing.limited/tests/Unit/Models/Subscription/SubscriptionTest.php:288</error>
        </testcase>
        <testcase name="it_stores_plan_features" file="/home/user/cmis.marketing.limited/tests/Unit/Models/Subscription/SubscriptionTest.php" line="145" class="Tests\Unit\Models\Subscription\SubscriptionTest" classname="Tests.Unit.Models.Subscription.SubscriptionTest" assertions="0" time="0.059256">
          <error type="Error">Tests\Unit\Models\Subscription\SubscriptionTest::it_stores_plan_features
Error: Class "App\Models\Subscription\Subscription" not found

/home/user/cmis.marketing.limited/tests/Unit/Models/Subscription/SubscriptionTest.php:161</error>
        </testcase>
        <testcase name="it_uses_uuid_as_primary_key" file="/home/user/cmis.marketing.limited/tests/Unit/Models/Subscription/SubscriptionTest.php" line="239" class="Tests\Unit\Models\Subscription\SubscriptionTest" classname="Tests.Unit.Models.Subscription.SubscriptionTest" assertions="0" time="0.071490">
          <error type="Error">Tests\Unit\Models\Subscription\SubscriptionTest::it_uses_uuid_as_primary_key
Error: Class "App\Models\Subscription\Subscription" not found

/home/user/cmis.marketing.limited/tests/Unit/Models/Subscription/SubscriptionTest.php:246</error>
        </testcase>
        <testcase name="it_tracks_subscription_dates" file="/home/user/cmis.marketing.limited/tests/Unit/Models/Subscription/SubscriptionTest.php" line="175" class="Tests\Unit\Models\Subscription\SubscriptionTest" classname="Tests.Unit.Models.Subscription.SubscriptionTest" assertions="0" time="0.070351">
          <error type="Error">Tests\Unit\Models\Subscription\SubscriptionTest::it_tracks_subscription_dates
Error: Class "App\Models\Subscription\Subscription" not found

/home/user/cmis.marketing.limited/tests/Unit/Models/Subscription/SubscriptionTest.php:182</error>
        </testcase>
        <testcase name="it_has_different_statuses" file="/home/user/cmis.marketing.limited/tests/Unit/Models/Subscription/SubscriptionTest.php" line="88" class="Tests\Unit\Models\Subscription\SubscriptionTest" classname="Tests.Unit.Models.Subscription.SubscriptionTest" assertions="0" time="0.087064">
          <error type="Error">Tests\Unit\Models\Subscription\SubscriptionTest::it_has_different_statuses
Error: Class "App\Models\Subscription\Subscription" not found

/home/user/cmis.marketing.limited/tests/Unit/Models/Subscription/SubscriptionTest.php:95</error>
        </testcase>
        <testcase name="it_has_timestamps" file="/home/user/cmis.marketing.limited/tests/Unit/Models/Subscription/SubscriptionTest.php" line="257" class="Tests\Unit\Models\Subscription\SubscriptionTest" classname="Tests.Unit.Models.Subscription.SubscriptionTest" assertions="0" time="0.060340">
          <error type="Error">Tests\Unit\Models\Subscription\SubscriptionTest::it_has_timestamps
Error: Class "App\Models\Subscription\Subscription" not found

/home/user/cmis.marketing.limited/tests/Unit/Models/Subscription/SubscriptionTest.php:264</error>
        </testcase>
        <testcase name="it_has_different_plan_types" file="/home/user/cmis.marketing.limited/tests/Unit/Models/Subscription/SubscriptionTest.php" line="65" class="Tests\Unit\Models\Subscription\SubscriptionTest" classname="Tests.Unit.Models.Subscription.SubscriptionTest" assertions="0" time="0.063756">
          <error type="Error">Tests\Unit\Models\Subscription\SubscriptionTest::it_has_different_plan_types
Error: Class "App\Models\Subscription\Subscription" not found

/home/user/cmis.marketing.limited/tests/Unit/Models/Subscription/SubscriptionTest.php:75</error>
        </testcase>
        <testcase name="it_can_check_if_subscription_is_active" file="/home/user/cmis.marketing.limited/tests/Unit/Models/Subscription/SubscriptionTest.php" line="197" class="Tests\Unit\Models\Subscription\SubscriptionTest" classname="Tests.Unit.Models.Subscription.SubscriptionTest" assertions="0" time="0.059174">
          <error type="Error">Tests\Unit\Models\Subscription\SubscriptionTest::it_can_check_if_subscription_is_active
Error: Class "App\Models\Subscription\Subscription" not found

/home/user/cmis.marketing.limited/tests/Unit/Models/Subscription/SubscriptionTest.php:204</error>
        </testcase>
        <testcase name="it_stores_pricing_information" file="/home/user/cmis.marketing.limited/tests/Unit/Models/Subscription/SubscriptionTest.php" line="122" class="Tests\Unit\Models\Subscription\SubscriptionTest" classname="Tests.Unit.Models.Subscription.SubscriptionTest" assertions="0" time="0.062875">
          <error type="Error">Tests\Unit\Models\Subscription\SubscriptionTest::it_stores_pricing_information
Error: Class "App\Models\Subscription\Subscription" not found

/home/user/cmis.marketing.limited/tests/Unit/Models/Subscription/SubscriptionTest.php:129</error>
        </testcase>
      </testsuite>
      <testsuite name="Tests\Unit\Services\TikTokServiceTest" file="/home/user/cmis.marketing.limited/tests/Unit/Services/TikTokServiceTest.php" tests="9" assertions="0" errors="9" failures="0" skipped="0" time="2.796024">
        <testcase name="it_handles_api_errors" file="/home/user/cmis.marketing.limited/tests/Unit/Services/TikTokServiceTest.php" line="265" class="Tests\Unit\Services\TikTokServiceTest" classname="Tests.Unit.Services.TikTokServiceTest" assertions="0" time="0.334171">
          <error type="Illuminate\Database\Eloquent\InvalidCastException">Tests\Unit\Services\TikTokServiceTest::it_handles_api_errors
Illuminate\Database\Eloquent\InvalidCastException: Call to undefined cast [Illuminate\Database\Eloquent\Casts\Encrypted] on column [access_token] in model [App\Models\Core\Integration].

/home/user/cmis.marketing.limited/vendor/laravel/framework/src/Illuminate/Database/Eloquent/Concerns/HasAttributes.php:1768
/home/user/cmis.marketing.limited/vendor/laravel/framework/src/Illuminate/Database/Eloquent/Concerns/HasAttributes.php:1084
/home/user/cmis.marketing.limited/vendor/laravel/framework/src/Illuminate/Database/Eloquent/Model.php:619
/home/user/cmis.marketing.limited/vendor/laravel/framework/src/Illuminate/Database/Eloquent/Model.php:713
/home/user/cmis.marketing.limited/vendor/laravel/framework/src/Illuminate/Database/Eloquent/Builder.php:1747
/home/user/cmis.marketing.limited/vendor/laravel/framework/src/Illuminate/Database/Eloquent/Builder.php:1218
/home/user/cmis.marketing.limited/vendor/laravel/framework/src/Illuminate/Support/Traits/ForwardsCalls.php:23
/home/user/cmis.marketing.limited/vendor/laravel/framework/src/Illuminate/Database/Eloquent/Model.php:2540
/home/user/cmis.marketing.limited/vendor/laravel/framework/src/Illuminate/Database/Eloquent/Model.php:2556
/home/user/cmis.marketing.limited/tests/Traits/CreatesTestData.php:105
/home/user/cmis.marketing.limited/tests/Unit/Services/TikTokServiceTest.php:270</error>
        </testcase>
        <testcase name="it_can_get_user_info" file="/home/user/cmis.marketing.limited/tests/Unit/Services/TikTokServiceTest.php" line="55" class="Tests\Unit\Services\TikTokServiceTest" classname="Tests.Unit.Services.TikTokServiceTest" assertions="0" time="0.305295">
          <error type="Illuminate\Database\Eloquent\InvalidCastException">Tests\Unit\Services\TikTokServiceTest::it_can_get_user_info
Illuminate\Database\Eloquent\InvalidCastException: Call to undefined cast [Illuminate\Database\Eloquent\Casts\Encrypted] on column [access_token] in model [App\Models\Core\Integration].

/home/user/cmis.marketing.limited/vendor/laravel/framework/src/Illuminate/Database/Eloquent/Concerns/HasAttributes.php:1768
/home/user/cmis.marketing.limited/vendor/laravel/framework/src/Illuminate/Database/Eloquent/Concerns/HasAttributes.php:1084
/home/user/cmis.marketing.limited/vendor/laravel/framework/src/Illuminate/Database/Eloquent/Model.php:619
/home/user/cmis.marketing.limited/vendor/laravel/framework/src/Illuminate/Database/Eloquent/Model.php:713
/home/user/cmis.marketing.limited/vendor/laravel/framework/src/Illuminate/Database/Eloquent/Builder.php:1747
/home/user/cmis.marketing.limited/vendor/laravel/framework/src/Illuminate/Database/Eloquent/Builder.php:1218
/home/user/cmis.marketing.limited/vendor/laravel/framework/src/Illuminate/Support/Traits/ForwardsCalls.php:23
/home/user/cmis.marketing.limited/vendor/laravel/framework/src/Illuminate/Database/Eloquent/Model.php:2540
/home/user/cmis.marketing.limited/vendor/laravel/framework/src/Illuminate/Database/Eloquent/Model.php:2556
/home/user/cmis.marketing.limited/tests/Traits/CreatesTestData.php:105
/home/user/cmis.marketing.limited/tests/Unit/Services/TikTokServiceTest.php:60</error>
        </testcase>
        <testcase name="it_can_reply_to_comment" file="/home/user/cmis.marketing.limited/tests/Unit/Services/TikTokServiceTest.php" line="185" class="Tests\Unit\Services\TikTokServiceTest" classname="Tests.Unit.Services.TikTokServiceTest" assertions="0" time="0.302741">
          <error type="Illuminate\Database\Eloquent\InvalidCastException">Tests\Unit\Services\TikTokServiceTest::it_can_reply_to_comment
Illuminate\Database\Eloquent\InvalidCastException: Call to undefined cast [Illuminate\Database\Eloquent\Casts\Encrypted] on column [access_token] in model [App\Models\Core\Integration].

/home/user/cmis.marketing.limited/vendor/laravel/framework/src/Illuminate/Database/Eloquent/Concerns/HasAttributes.php:1768
/home/user/cmis.marketing.limited/vendor/laravel/framework/src/Illuminate/Database/Eloquent/Concerns/HasAttributes.php:1084
/home/user/cmis.marketing.limited/vendor/laravel/framework/src/Illuminate/Database/Eloquent/Model.php:619
/home/user/cmis.marketing.limited/vendor/laravel/framework/src/Illuminate/Database/Eloquent/Model.php:713
/home/user/cmis.marketing.limited/vendor/laravel/framework/src/Illuminate/Database/Eloquent/Builder.php:1747
/home/user/cmis.marketing.limited/vendor/laravel/framework/src/Illuminate/Database/Eloquent/Builder.php:1218
/home/user/cmis.marketing.limited/vendor/laravel/framework/src/Illuminate/Support/Traits/ForwardsCalls.php:23
/home/user/cmis.marketing.limited/vendor/laravel/framework/src/Illuminate/Database/Eloquent/Model.php:2540
/home/user/cmis.marketing.limited/vendor/laravel/framework/src/Illuminate/Database/Eloquent/Model.php:2556
/home/user/cmis.marketing.limited/tests/Traits/CreatesTestData.php:105
/home/user/cmis.marketing.limited/tests/Unit/Services/TikTokServiceTest.php:190</error>
        </testcase>
        <testcase name="it_can_publish_video" file="/home/user/cmis.marketing.limited/tests/Unit/Services/TikTokServiceTest.php" line="27" class="Tests\Unit\Services\TikTokServiceTest" classname="Tests.Unit.Services.TikTokServiceTest" assertions="0" time="0.304374">
          <error type="Illuminate\Database\Eloquent\InvalidCastException">Tests\Unit\Services\TikTokServiceTest::it_can_publish_video
Illuminate\Database\Eloquent\InvalidCastException: Call to undefined cast [Illuminate\Database\Eloquent\Casts\Encrypted] on column [access_token] in model [App\Models\Core\Integration].

/home/user/cmis.marketing.limited/vendor/laravel/framework/src/Illuminate/Database/Eloquent/Concerns/HasAttributes.php:1768
/home/user/cmis.marketing.limited/vendor/laravel/framework/src/Illuminate/Database/Eloquent/Concerns/HasAttributes.php:1084
/home/user/cmis.marketing.limited/vendor/laravel/framework/src/Illuminate/Database/Eloquent/Model.php:619
/home/user/cmis.marketing.limited/vendor/laravel/framework/src/Illuminate/Database/Eloquent/Model.php:713
/home/user/cmis.marketing.limited/vendor/laravel/framework/src/Illuminate/Database/Eloquent/Builder.php:1747
/home/user/cmis.marketing.limited/vendor/laravel/framework/src/Illuminate/Database/Eloquent/Builder.php:1218
/home/user/cmis.marketing.limited/vendor/laravel/framework/src/Illuminate/Support/Traits/ForwardsCalls.php:23
/home/user/cmis.marketing.limited/vendor/laravel/framework/src/Illuminate/Database/Eloquent/Model.php:2540
/home/user/cmis.marketing.limited/vendor/laravel/framework/src/Illuminate/Database/Eloquent/Model.php:2556
/home/user/cmis.marketing.limited/tests/Traits/CreatesTestData.php:105
/home/user/cmis.marketing.limited/tests/Unit/Services/TikTokServiceTest.php:32</error>
        </testcase>
        <testcase name="it_can_get_videos_list" file="/home/user/cmis.marketing.limited/tests/Unit/Services/TikTokServiceTest.php" line="86" class="Tests\Unit\Services\TikTokServiceTest" classname="Tests.Unit.Services.TikTokServiceTest" assertions="0" time="0.301063">
          <error type="Illuminate\Database\Eloquent\InvalidCastException">Tests\Unit\Services\TikTokServiceTest::it_can_get_videos_list
Illuminate\Database\Eloquent\InvalidCastException: Call to undefined cast [Illuminate\Database\Eloquent\Casts\Encrypted] on column [access_token] in model [App\Models\Core\Integration].

/home/user/cmis.marketing.limited/vendor/laravel/framework/src/Illuminate/Database/Eloquent/Concerns/HasAttributes.php:1768
/home/user/cmis.marketing.limited/vendor/laravel/framework/src/Illuminate/Database/Eloquent/Concerns/HasAttributes.php:1084
/home/user/cmis.marketing.limited/vendor/laravel/framework/src/Illuminate/Database/Eloquent/Model.php:619
/home/user/cmis.marketing.limited/vendor/laravel/framework/src/Illuminate/Database/Eloquent/Model.php:713
/home/user/cmis.marketing.limited/vendor/laravel/framework/src/Illuminate/Database/Eloquent/Builder.php:1747
/home/user/cmis.marketing.limited/vendor/laravel/framework/src/Illuminate/Database/Eloquent/Builder.php:1218
/home/user/cmis.marketing.limited/vendor/laravel/framework/src/Illuminate/Support/Traits/ForwardsCalls.php:23
/home/user/cmis.marketing.limited/vendor/laravel/framework/src/Illuminate/Database/Eloquent/Model.php:2540
/home/user/cmis.marketing.limited/vendor/laravel/framework/src/Illuminate/Database/Eloquent/Model.php:2556
/home/user/cmis.marketing.limited/tests/Traits/CreatesTestData.php:105
/home/user/cmis.marketing.limited/tests/Unit/Services/TikTokServiceTest.php:91</error>
        </testcase>
        <testcase name="it_can_get_video_analytics" file="/home/user/cmis.marketing.limited/tests/Unit/Services/TikTokServiceTest.php" line="124" class="Tests\Unit\Services\TikTokServiceTest" classname="Tests.Unit.Services.TikTokServiceTest" assertions="0" time="0.330403">
          <error type="Illuminate\Database\Eloquent\InvalidCastException">Tests\Unit\Services\TikTokServiceTest::it_can_get_video_analytics
Illuminate\Database\Eloquent\InvalidCastException: Call to undefined cast [Illuminate\Database\Eloquent\Casts\Encrypted] on column [access_token] in model [App\Models\Core\Integration].

/home/user/cmis.marketing.limited/vendor/laravel/framework/src/Illuminate/Database/Eloquent/Concerns/HasAttributes.php:1768
/home/user/cmis.marketing.limited/vendor/laravel/framework/src/Illuminate/Database/Eloquent/Concerns/HasAttributes.php:1084
/home/user/cmis.marketing.limited/vendor/laravel/framework/src/Illuminate/Database/Eloquent/Model.php:619
/home/user/cmis.marketing.limited/vendor/laravel/framework/src/Illuminate/Database/Eloquent/Model.php:713
/home/user/cmis.marketing.limited/vendor/laravel/framework/src/Illuminate/Database/Eloquent/Builder.php:1747
/home/user/cmis.marketing.limited/vendor/laravel/framework/src/Illuminate/Database/Eloquent/Builder.php:1218
/home/user/cmis.marketing.limited/vendor/laravel/framework/src/Illuminate/Support/Traits/ForwardsCalls.php:23
/home/user/cmis.marketing.limited/vendor/laravel/framework/src/Illuminate/Database/Eloquent/Model.php:2540
/home/user/cmis.marketing.limited/vendor/laravel/framework/src/Illuminate/Database/Eloquent/Model.php:2556
/home/user/cmis.marketing.limited/tests/Traits/CreatesTestData.php:105
/home/user/cmis.marketing.limited/tests/Unit/Services/TikTokServiceTest.php:129</error>
        </testcase>
        <testcase name="it_can_get_audience_insights" file="/home/user/cmis.marketing.limited/tests/Unit/Services/TikTokServiceTest.php" line="209" class="Tests\Unit\Services\TikTokServiceTest" classname="Tests.Unit.Services.TikTokServiceTest" assertions="0" time="0.303006">
          <error type="Illuminate\Database\Eloquent\InvalidCastException">Tests\Unit\Services\TikTokServiceTest::it_can_get_audience_insights
Illuminate\Database\Eloquent\InvalidCastException: Call to undefined cast [Illuminate\Database\Eloquent\Casts\Encrypted] on column [access_token] in model [App\Models\Core\Integration].

/home/user/cmis.marketing.limited/vendor/laravel/framework/src/Illuminate/Database/Eloquent/Concerns/HasAttributes.php:1768
/home/user/cmis.marketing.limited/vendor/laravel/framework/src/Illuminate/Database/Eloquent/Concerns/HasAttributes.php:1084
/home/user/cmis.marketing.limited/vendor/laravel/framework/src/Illuminate/Database/Eloquent/Model.php:619
/home/user/cmis.marketing.limited/vendor/laravel/framework/src/Illuminate/Database/Eloquent/Model.php:713
/home/user/cmis.marketing.limited/vendor/laravel/framework/src/Illuminate/Database/Eloquent/Builder.php:1747
/home/user/cmis.marketing.limited/vendor/laravel/framework/src/Illuminate/Database/Eloquent/Builder.php:1218
/home/user/cmis.marketing.limited/vendor/laravel/framework/src/Illuminate/Support/Traits/ForwardsCalls.php:23
/home/user/cmis.marketing.limited/vendor/laravel/framework/src/Illuminate/Database/Eloquent/Model.php:2540
/home/user/cmis.marketing.limited/vendor/laravel/framework/src/Illuminate/Database/Eloquent/Model.php:2556
/home/user/cmis.marketing.limited/tests/Traits/CreatesTestData.php:105
/home/user/cmis.marketing.limited/tests/Unit/Services/TikTokServiceTest.php:214</error>
        </testcase>
        <testcase name="it_can_get_comments" file="/home/user/cmis.marketing.limited/tests/Unit/Services/TikTokServiceTest.php" line="153" class="Tests\Unit\Services\TikTokServiceTest" classname="Tests.Unit.Services.TikTokServiceTest" assertions="0" time="0.304744">
          <error type="Illuminate\Database\Eloquent\InvalidCastException">Tests\Unit\Services\TikTokServiceTest::it_can_get_comments
Illuminate\Database\Eloquent\InvalidCastException: Call to undefined cast [Illuminate\Database\Eloquent\Casts\Encrypted] on column [access_token] in model [App\Models\Core\Integration].

/home/user/cmis.marketing.limited/vendor/laravel/framework/src/Illuminate/Database/Eloquent/Concerns/HasAttributes.php:1768
/home/user/cmis.marketing.limited/vendor/laravel/framework/src/Illuminate/Database/Eloquent/Concerns/HasAttributes.php:1084
/home/user/cmis.marketing.limited/vendor/laravel/framework/src/Illuminate/Database/Eloquent/Model.php:619
/home/user/cmis.marketing.limited/vendor/laravel/framework/src/Illuminate/Database/Eloquent/Model.php:713
/home/user/cmis.marketing.limited/vendor/laravel/framework/src/Illuminate/Database/Eloquent/Builder.php:1747
/home/user/cmis.marketing.limited/vendor/laravel/framework/src/Illuminate/Database/Eloquent/Builder.php:1218
/home/user/cmis.marketing.limited/vendor/laravel/framework/src/Illuminate/Support/Traits/ForwardsCalls.php:23
/home/user/cmis.marketing.limited/vendor/laravel/framework/src/Illuminate/Database/Eloquent/Model.php:2540
/home/user/cmis.marketing.limited/vendor/laravel/framework/src/Illuminate/Database/Eloquent/Model.php:2556
/home/user/cmis.marketing.limited/tests/Traits/CreatesTestData.php:105
/home/user/cmis.marketing.limited/tests/Unit/Services/TikTokServiceTest.php:158</error>
        </testcase>
        <testcase name="it_validates_video_requirements" file="/home/user/cmis.marketing.limited/tests/Unit/Services/TikTokServiceTest.php" line="244" class="Tests\Unit\Services\TikTokServiceTest" classname="Tests.Unit.Services.TikTokServiceTest" assertions="0" time="0.310228">
          <error type="Illuminate\Database\Eloquent\InvalidCastException">Tests\Unit\Services\TikTokServiceTest::it_validates_video_requirements
Illuminate\Database\Eloquent\InvalidCastException: Call to undefined cast [Illuminate\Database\Eloquent\Casts\Encrypted] on column [access_token] in model [App\Models\Core\Integration].

/home/user/cmis.marketing.limited/vendor/laravel/framework/src/Illuminate/Database/Eloquent/Concerns/HasAttributes.php:1768
/home/user/cmis.marketing.limited/vendor/laravel/framework/src/Illuminate/Database/Eloquent/Concerns/HasAttributes.php:1084
/home/user/cmis.marketing.limited/vendor/laravel/framework/src/Illuminate/Database/Eloquent/Model.php:619
/home/user/cmis.marketing.limited/vendor/laravel/framework/src/Illuminate/Database/Eloquent/Model.php:713
/home/user/cmis.marketing.limited/vendor/laravel/framework/src/Illuminate/Database/Eloquent/Builder.php:1747
/home/user/cmis.marketing.limited/vendor/laravel/framework/src/Illuminate/Database/Eloquent/Builder.php:1218
/home/user/cmis.marketing.limited/vendor/laravel/framework/src/Illuminate/Support/Traits/ForwardsCalls.php:23
/home/user/cmis.marketing.limited/vendor/laravel/framework/src/Illuminate/Database/Eloquent/Model.php:2540
/home/user/cmis.marketing.limited/vendor/laravel/framework/src/Illuminate/Database/Eloquent/Model.php:2556
/home/user/cmis.marketing.limited/tests/Traits/CreatesTestData.php:105
/home/user/cmis.marketing.limited/tests/Unit/Services/TikTokServiceTest.php:249</error>
        </testcase>
      </testsuite>
      <testsuite name="Tests\Unit\Services\LeadServiceTest" file="/home/user/cmis.marketing.limited/tests/Unit/Services/LeadServiceTest.php" tests="12" assertions="2" errors="10" failures="0" skipped="0" time="0.947223">
        <testcase name="it_assigns_lead_to_campaign" file="/home/user/cmis.marketing.limited/tests/Unit/Services/LeadServiceTest.php" line="75" class="Tests\Unit\Services\LeadServiceTest" classname="Tests.Unit.Services.LeadServiceTest" assertions="0" time="0.069545">
          <error type="Error">Tests\Unit\Services\LeadServiceTest::it_assigns_lead_to_campaign
Error: Class "App\Models\Lead\Lead" not found

/home/user/cmis.marketing.limited/tests/Unit/Services/LeadServiceTest.php:89</error>
        </testcase>
        <testcase name="it_exports_leads_to_csv" file="/home/user/cmis.marketing.limited/tests/Unit/Services/LeadServiceTest.php" line="214" class="Tests\Unit\Services\LeadServiceTest" classname="Tests.Unit.Services.LeadServiceTest" assertions="0" time="0.091780">
          <error type="Error">Tests\Unit\Services\LeadServiceTest::it_exports_leads_to_csv
Error: Class "App\Models\Lead\Lead" not found

/home/user/cmis.marketing.limited/tests/Unit/Services/LeadServiceTest.php:222</error>
        </testcase>
        <testcase name="it_creates_lead_with_validation" file="/home/user/cmis.marketing.limited/tests/Unit/Services/LeadServiceTest.php" line="26" class="Tests\Unit\Services\LeadServiceTest" classname="Tests.Unit.Services.LeadServiceTest" assertions="1" time="0.075831"/>
        <testcase name="it_enriches_lead_data" file="/home/user/cmis.marketing.limited/tests/Unit/Services/LeadServiceTest.php" line="107" class="Tests\Unit\Services\LeadServiceTest" classname="Tests.Unit.Services.LeadServiceTest" assertions="0" time="0.069571">
          <error type="Error">Tests\Unit\Services\LeadServiceTest::it_enriches_lead_data
Error: Class "App\Models\Lead\Lead" not found

/home/user/cmis.marketing.limited/tests/Unit/Services/LeadServiceTest.php:114</error>
        </testcase>
        <testcase name="it_respects_org_isolation" file="/home/user/cmis.marketing.limited/tests/Unit/Services/LeadServiceTest.php" line="326" class="Tests\Unit\Services\LeadServiceTest" classname="Tests.Unit.Services.LeadServiceTest" assertions="0" time="0.079837">
          <error type="Error">Tests\Unit\Services\LeadServiceTest::it_respects_org_isolation
Error: Class "App\Models\Lead\Lead" not found

/home/user/cmis.marketing.limited/tests/Unit/Services/LeadServiceTest.php:338</error>
        </testcase>
        <testcase name="it_sends_follow_up_email" file="/home/user/cmis.marketing.limited/tests/Unit/Services/LeadServiceTest.php" line="241" class="Tests\Unit\Services\LeadServiceTest" classname="Tests.Unit.Services.LeadServiceTest" assertions="0" time="0.086254">
          <error type="Error">Tests\Unit\Services\LeadServiceTest::it_sends_follow_up_email
Error: Class "App\Models\Lead\Lead" not found

/home/user/cmis.marketing.limited/tests/Unit/Services/LeadServiceTest.php:248</error>
        </testcase>
        <testcase name="it_calculates_lead_score" file="/home/user/cmis.marketing.limited/tests/Unit/Services/LeadServiceTest.php" line="165" class="Tests\Unit\Services\LeadServiceTest" classname="Tests.Unit.Services.LeadServiceTest" assertions="0" time="0.075890">
          <error type="Error">Tests\Unit\Services\LeadServiceTest::it_calculates_lead_score
Error: Class "App\Models\Lead\Lead" not found

/home/user/cmis.marketing.limited/tests/Unit/Services/LeadServiceTest.php:172</error>
        </testcase>
        <testcase name="it_imports_leads_from_csv" file="/home/user/cmis.marketing.limited/tests/Unit/Services/LeadServiceTest.php" line="191" class="Tests\Unit\Services\LeadServiceTest" classname="Tests.Unit.Services.LeadServiceTest" assertions="1" time="0.108659"/>
        <testcase name="it_segments_leads_by_criteria" file="/home/user/cmis.marketing.limited/tests/Unit/Services/LeadServiceTest.php" line="266" class="Tests\Unit\Services\LeadServiceTest" classname="Tests.Unit.Services.LeadServiceTest" assertions="0" time="0.071807">
          <error type="Error">Tests\Unit\Services\LeadServiceTest::it_segments_leads_by_criteria
Error: Class "App\Models\Lead\Lead" not found

/home/user/cmis.marketing.limited/tests/Unit/Services/LeadServiceTest.php:273</error>
        </testcase>
        <testcase name="it_qualifies_lead_based_on_score" file="/home/user/cmis.marketing.limited/tests/Unit/Services/LeadServiceTest.php" line="49" class="Tests\Unit\Services\LeadServiceTest" classname="Tests.Unit.Services.LeadServiceTest" assertions="0" time="0.072845">
          <error type="Error">Tests\Unit\Services\LeadServiceTest::it_qualifies_lead_based_on_score
Error: Class "App\Models\Lead\Lead" not found

/home/user/cmis.marketing.limited/tests/Unit/Services/LeadServiceTest.php:56</error>
        </testcase>
        <testcase name="it_merges_duplicate_leads" file="/home/user/cmis.marketing.limited/tests/Unit/Services/LeadServiceTest.php" line="132" class="Tests\Unit\Services\LeadServiceTest" classname="Tests.Unit.Services.LeadServiceTest" assertions="0" time="0.076053">
          <error type="Error">Tests\Unit\Services\LeadServiceTest::it_merges_duplicate_leads
Error: Class "App\Models\Lead\Lead" not found

/home/user/cmis.marketing.limited/tests/Unit/Services/LeadServiceTest.php:139</error>
        </testcase>
        <testcase name="it_validates_email_deliverability" file="/home/user/cmis.marketing.limited/tests/Unit/Services/LeadServiceTest.php" line="301" class="Tests\Unit\Services\LeadServiceTest" classname="Tests.Unit.Services.LeadServiceTest" assertions="0" time="0.069150">
          <error type="Error">Tests\Unit\Services\LeadServiceTest::it_validates_email_deliverability
Error: Class "App\Models\Lead\Lead" not found

/home/user/cmis.marketing.limited/tests/Unit/Services/LeadServiceTest.php:308</error>
        </testcase>
      </testsuite>
      <testsuite name="Tests\Unit\Listeners\UpdateAnalyticsListenerTest" file="/home/user/cmis.marketing.limited/tests/Unit/Listeners/UpdateAnalyticsListenerTest.php" tests="8" assertions="0" errors="8" failures="0" skipped="0" time="0.666447">
        <testcase name="it_increments_post_count" file="/home/user/cmis.marketing.limited/tests/Unit/Listeners/UpdateAnalyticsListenerTest.php" line="149" class="Tests\Unit\Listeners\UpdateAnalyticsListenerTest" classname="Tests.Unit.Listeners.UpdateAnalyticsListenerTest" assertions="0" time="0.098624">
          <error type="Error">Tests\Unit\Listeners\UpdateAnalyticsListenerTest::it_increments_post_count
Error: Class "App\Models\Content\Post" not found

/home/user/cmis.marketing.limited/tests/Unit/Listeners/UpdateAnalyticsListenerTest.php:156</error>
        </testcase>
        <testcase name="it_listens_to_post_published_event" file="/home/user/cmis.marketing.limited/tests/Unit/Listeners/UpdateAnalyticsListenerTest.php" line="28" class="Tests\Unit\Listeners\UpdateAnalyticsListenerTest" classname="Tests.Unit.Listeners.UpdateAnalyticsListenerTest" assertions="0" time="0.071249">
          <error type="Error">Tests\Unit\Listeners\UpdateAnalyticsListenerTest::it_listens_to_post_published_event
Error: Class "App\Models\Content\Post" not found

/home/user/cmis.marketing.limited/tests/Unit/Listeners/UpdateAnalyticsListenerTest.php:37</error>
        </testcase>
        <testcase name="it_respects_org_isolation" file="/home/user/cmis.marketing.limited/tests/Unit/Listeners/UpdateAnalyticsListenerTest.php" line="234" class="Tests\Unit\Listeners\UpdateAnalyticsListenerTest" classname="Tests.Unit.Listeners.UpdateAnalyticsListenerTest" assertions="0" time="0.079575">
          <error type="Error">Tests\Unit\Listeners\UpdateAnalyticsListenerTest::it_respects_org_isolation
Error: Class "App\Models\Content\Post" not found

/home/user/cmis.marketing.limited/tests/Unit/Listeners/UpdateAnalyticsListenerTest.php:246</error>
        </testcase>
        <testcase name="it_handles_event_gracefully" file="/home/user/cmis.marketing.limited/tests/Unit/Listeners/UpdateAnalyticsListenerTest.php" line="85" class="Tests\Unit\Listeners\UpdateAnalyticsListenerTest" classname="Tests.Unit.Listeners.UpdateAnalyticsListenerTest" assertions="0" time="0.076890">
          <error type="Error">Tests\Unit\Listeners\UpdateAnalyticsListenerTest::it_handles_event_gracefully
Error: Class "App\Models\Content\Post" not found

/home/user/cmis.marketing.limited/tests/Unit/Listeners/UpdateAnalyticsListenerTest.php:92</error>
        </testcase>
        <testcase name="it_updates_last_published_timestamp" file="/home/user/cmis.marketing.limited/tests/Unit/Listeners/UpdateAnalyticsListenerTest.php" line="177" class="Tests\Unit\Listeners\UpdateAnalyticsListenerTest" classname="Tests.Unit.Listeners.UpdateAnalyticsListenerTest" assertions="0" time="0.062405">
          <error type="Error">Tests\Unit\Listeners\UpdateAnalyticsListenerTest::it_updates_last_published_timestamp
Error: Class "App\Models\Content\Post" not found

/home/user/cmis.marketing.limited/tests/Unit/Listeners/UpdateAnalyticsListenerTest.php:184</error>
        </testcase>
        <testcase name="it_processes_different_platforms" file="/home/user/cmis.marketing.limited/tests/Unit/Listeners/UpdateAnalyticsListenerTest.php" line="117" class="Tests\Unit\Listeners\UpdateAnalyticsListenerTest" classname="Tests.Unit.Listeners.UpdateAnalyticsListenerTest" assertions="0" time="0.125833">
          <error type="Error">Tests\Unit\Listeners\UpdateAnalyticsListenerTest::it_processes_different_platforms
Error: Class "App\Models\Content\Post" not found

/home/user/cmis.marketing.limited/tests/Unit/Listeners/UpdateAnalyticsListenerTest.php:127</error>
        </testcase>
        <testcase name="it_updates_analytics_on_post_published" file="/home/user/cmis.marketing.limited/tests/Unit/Listeners/UpdateAnalyticsListenerTest.php" line="56" class="Tests\Unit\Listeners\UpdateAnalyticsListenerTest" classname="Tests.Unit.Listeners.UpdateAnalyticsListenerTest" assertions="0" time="0.072631">
          <error type="Error">Tests\Unit\Listeners\UpdateAnalyticsListenerTest::it_updates_analytics_on_post_published
Error: Class "App\Models\Content\Post" not found

/home/user/cmis.marketing.limited/tests/Unit/Listeners/UpdateAnalyticsListenerTest.php:63</error>
        </testcase>
        <testcase name="it_tracks_platform_specific_metrics" file="/home/user/cmis.marketing.limited/tests/Unit/Listeners/UpdateAnalyticsListenerTest.php" line="206" class="Tests\Unit\Listeners\UpdateAnalyticsListenerTest" classname="Tests.Unit.Listeners.UpdateAnalyticsListenerTest" assertions="0" time="0.079240">
          <error type="Error">Tests\Unit\Listeners\UpdateAnalyticsListenerTest::it_tracks_platform_specific_metrics
Error: Class "App\Models\Content\Post" not found

/home/user/cmis.marketing.limited/tests/Unit/Listeners/UpdateAnalyticsListenerTest.php:213</error>
        </testcase>
      </testsuite>
      <testsuite name="Tests\Unit\Models\Analytics\AnalyticsSnapshotTest" file="/home/user/cmis.marketing.limited/tests/Unit/Models/Analytics/AnalyticsSnapshotTest.php" tests="13" assertions="0" errors="13" failures="0" skipped="0" time="0.936941">
        <testcase name="it_respects_rls_policies" file="/home/user/cmis.marketing.limited/tests/Unit/Models/Analytics/AnalyticsSnapshotTest.php" line="295" class="Tests\Unit\Models\Analytics\AnalyticsSnapshotTest" classname="Tests.Unit.Models.Analytics.AnalyticsSnapshotTest" assertions="0" time="0.081157">
          <error type="Error">Tests\Unit\Models\Analytics\AnalyticsSnapshotTest::it_respects_rls_policies
Error: Class "App\Models\Analytics\AnalyticsSnapshot" not found

/home/user/cmis.marketing.limited/tests/Unit/Models/Analytics/AnalyticsSnapshotTest.php:307</error>
        </testcase>
        <testcase name="it_stores_metrics_as_json" file="/home/user/cmis.marketing.limited/tests/Unit/Models/Analytics/AnalyticsSnapshotTest.php" line="89" class="Tests\Unit\Models\Analytics\AnalyticsSnapshotTest" classname="Tests.Unit.Models.Analytics.AnalyticsSnapshotTest" assertions="0" time="0.067367">
          <error type="Error">Tests\Unit\Models\Analytics\AnalyticsSnapshotTest::it_stores_metrics_as_json
Error: Class "App\Models\Analytics\AnalyticsSnapshot" not found

/home/user/cmis.marketing.limited/tests/Unit/Models/Analytics/AnalyticsSnapshotTest.php:105</error>
        </testcase>
        <testcase name="it_tracks_snapshot_date" file="/home/user/cmis.marketing.limited/tests/Unit/Models/Analytics/AnalyticsSnapshotTest.php" line="141" class="Tests\Unit\Models\Analytics\AnalyticsSnapshotTest" classname="Tests.Unit.Models.Analytics.AnalyticsSnapshotTest" assertions="0" time="0.093736">
          <error type="Error">Tests\Unit\Models\Analytics\AnalyticsSnapshotTest::it_tracks_snapshot_date
Error: Class "App\Models\Analytics\AnalyticsSnapshot" not found

/home/user/cmis.marketing.limited/tests/Unit/Models/Analytics/AnalyticsSnapshotTest.php:150</error>
        </testcase>
        <testcase name="it_uses_uuid_as_primary_key" file="/home/user/cmis.marketing.limited/tests/Unit/Models/Analytics/AnalyticsSnapshotTest.php" line="258" class="Tests\Unit\Models\Analytics\AnalyticsSnapshotTest" classname="Tests.Unit.Models.Analytics.AnalyticsSnapshotTest" assertions="0" time="0.071902">
          <error type="Error">Tests\Unit\Models\Analytics\AnalyticsSnapshotTest::it_uses_uuid_as_primary_key
Error: Class "App\Models\Analytics\AnalyticsSnapshot" not found

/home/user/cmis.marketing.limited/tests/Unit/Models/Analytics/AnalyticsSnapshotTest.php:265</error>
        </testcase>
        <testcase name="it_stores_cost_metrics" file="/home/user/cmis.marketing.limited/tests/Unit/Models/Analytics/AnalyticsSnapshotTest.php" line="210" class="Tests\Unit\Models\Analytics\AnalyticsSnapshotTest" classname="Tests.Unit.Models.Analytics.AnalyticsSnapshotTest" assertions="0" time="0.071279">
          <error type="Error">Tests\Unit\Models\Analytics\AnalyticsSnapshotTest::it_stores_cost_metrics
Error: Class "App\Models\Analytics\AnalyticsSnapshot" not found

/home/user/cmis.marketing.limited/tests/Unit/Models/Analytics/AnalyticsSnapshotTest.php:217</error>
        </testcase>
        <testcase name="it_can_create_analytics_snapshot" file="/home/user/cmis.marketing.limited/tests/Unit/Models/Analytics/AnalyticsSnapshotTest.php" line="25" class="Tests\Unit\Models\Analytics\AnalyticsSnapshotTest" classname="Tests.Unit.Models.Analytics.AnalyticsSnapshotTest" assertions="0" time="0.069655">
          <error type="Error">Tests\Unit\Models\Analytics\AnalyticsSnapshotTest::it_can_create_analytics_snapshot
Error: Class "App\Models\Analytics\AnalyticsSnapshot" not found

/home/user/cmis.marketing.limited/tests/Unit/Models/Analytics/AnalyticsSnapshotTest.php:32</error>
        </testcase>
        <testcase name="it_has_timestamps" file="/home/user/cmis.marketing.limited/tests/Unit/Models/Analytics/AnalyticsSnapshotTest.php" line="276" class="Tests\Unit\Models\Analytics\AnalyticsSnapshotTest" classname="Tests.Unit.Models.Analytics.AnalyticsSnapshotTest" assertions="0" time="0.070235">
          <error type="Error">Tests\Unit\Models\Analytics\AnalyticsSnapshotTest::it_has_timestamps
Error: Class "App\Models\Analytics\AnalyticsSnapshot" not found

/home/user/cmis.marketing.limited/tests/Unit/Models/Analytics/AnalyticsSnapshotTest.php:283</error>
        </testcase>
        <testcase name="it_calculates_metric_trends" file="/home/user/cmis.marketing.limited/tests/Unit/Models/Analytics/AnalyticsSnapshotTest.php" line="184" class="Tests\Unit\Models\Analytics\AnalyticsSnapshotTest" classname="Tests.Unit.Models.Analytics.AnalyticsSnapshotTest" assertions="0" time="0.065619">
          <error type="Error">Tests\Unit\Models\Analytics\AnalyticsSnapshotTest::it_calculates_metric_trends
Error: Class "App\Models\Analytics\AnalyticsSnapshot" not found

/home/user/cmis.marketing.limited/tests/Unit/Models/Analytics/AnalyticsSnapshotTest.php:191</error>
        </testcase>
        <testcase name="it_belongs_to_org" file="/home/user/cmis.marketing.limited/tests/Unit/Models/Analytics/AnalyticsSnapshotTest.php" line="45" class="Tests\Unit\Models\Analytics\AnalyticsSnapshotTest" classname="Tests.Unit.Models.Analytics.AnalyticsSnapshotTest" assertions="0" time="0.094568">
          <error type="Error">Tests\Unit\Models\Analytics\AnalyticsSnapshotTest::it_belongs_to_org
Error: Class "App\Models\Analytics\AnalyticsSnapshot" not found

/home/user/cmis.marketing.limited/tests/Unit/Models/Analytics/AnalyticsSnapshotTest.php:52</error>
        </testcase>
        <testcase name="it_belongs_to_campaign" file="/home/user/cmis.marketing.limited/tests/Unit/Models/Analytics/AnalyticsSnapshotTest.php" line="63" class="Tests\Unit\Models\Analytics\AnalyticsSnapshotTest" classname="Tests.Unit.Models.Analytics.AnalyticsSnapshotTest" assertions="0" time="0.061541">
          <error type="Error">Tests\Unit\Models\Analytics\AnalyticsSnapshotTest::it_belongs_to_campaign
Error: Class "App\Models\Analytics\AnalyticsSnapshot" not found

/home/user/cmis.marketing.limited/tests/Unit/Models/Analytics/AnalyticsSnapshotTest.php:77</error>
        </testcase>
        <testcase name="it_stores_daily_snapshots" file="/home/user/cmis.marketing.limited/tests/Unit/Models/Analytics/AnalyticsSnapshotTest.php" line="161" class="Tests\Unit\Models\Analytics\AnalyticsSnapshotTest" classname="Tests.Unit.Models.Analytics.AnalyticsSnapshotTest" assertions="0" time="0.063232">
          <error type="Error">Tests\Unit\Models\Analytics\AnalyticsSnapshotTest::it_stores_daily_snapshots
Error: Class "App\Models\Analytics\AnalyticsSnapshot" not found

/home/user/cmis.marketing.limited/tests/Unit/Models/Analytics/AnalyticsSnapshotTest.php:169</error>
        </testcase>
        <testcase name="it_stores_platform_specific_metrics" file="/home/user/cmis.marketing.limited/tests/Unit/Models/Analytics/AnalyticsSnapshotTest.php" line="117" class="Tests\Unit\Models\Analytics\AnalyticsSnapshotTest" classname="Tests.Unit.Models.Analytics.AnalyticsSnapshotTest" assertions="0" time="0.064837">
          <error type="Error">Tests\Unit\Models\Analytics\AnalyticsSnapshotTest::it_stores_platform_specific_metrics
Error: Class "App\Models\Analytics\AnalyticsSnapshot" not found

/home/user/cmis.marketing.limited/tests/Unit/Models/Analytics/AnalyticsSnapshotTest.php:124</error>
        </testcase>
        <testcase name="it_stores_engagement_metrics" file="/home/user/cmis.marketing.limited/tests/Unit/Models/Analytics/AnalyticsSnapshotTest.php" line="233" class="Tests\Unit\Models\Analytics\AnalyticsSnapshotTest" classname="Tests.Unit.Models.Analytics.AnalyticsSnapshotTest" assertions="0" time="0.061813">
          <error type="Error">Tests\Unit\Models\Analytics\AnalyticsSnapshotTest::it_stores_engagement_metrics
Error: Class "App\Models\Analytics\AnalyticsSnapshot" not found

/home/user/cmis.marketing.limited/tests/Unit/Models/Analytics/AnalyticsSnapshotTest.php:240</error>
        </testcase>
      </testsuite>
      <testsuite name="Tests\Unit\Models\Platform\PlatformConnectionTest" file="/home/user/cmis.marketing.limited/tests/Unit/Models/Platform/PlatformConnectionTest.php" tests="14" assertions="0" errors="14" failures="0" skipped="0" time="0.990289">
        <testcase name="it_has_different_platforms" file="/home/user/cmis.marketing.limited/tests/Unit/Models/Platform/PlatformConnectionTest.php" line="63" class="Tests\Unit\Models\Platform\PlatformConnectionTest" classname="Tests.Unit.Models.Platform.PlatformConnectionTest" assertions="0" time="0.090865">
          <error type="Error">Tests\Unit\Models\Platform\PlatformConnectionTest::it_has_different_platforms
Error: Class "App\Models\Platform\PlatformConnection" not found

/home/user/cmis.marketing.limited/tests/Unit/Models/Platform/PlatformConnectionTest.php:73</error>
        </testcase>
        <testcase name="it_stores_refresh_token" file="/home/user/cmis.marketing.limited/tests/Unit/Models/Platform/PlatformConnectionTest.php" line="139" class="Tests\Unit\Models\Platform\PlatformConnectionTest" classname="Tests.Unit.Models.Platform.PlatformConnectionTest" assertions="0" time="0.060464">
          <error type="Error">Tests\Unit\Models\Platform\PlatformConnectionTest::it_stores_refresh_token
Error: Class "App\Models\Platform\PlatformConnection" not found

/home/user/cmis.marketing.limited/tests/Unit/Models/Platform/PlatformConnectionTest.php:146</error>
        </testcase>
        <testcase name="it_stores_platform_account_name" file="/home/user/cmis.marketing.limited/tests/Unit/Models/Platform/PlatformConnectionTest.php" line="199" class="Tests\Unit\Models\Platform\PlatformConnectionTest" classname="Tests.Unit.Models.Platform.PlatformConnectionTest" assertions="0" time="0.063119">
          <error type="Error">Tests\Unit\Models\Platform\PlatformConnectionTest::it_stores_platform_account_name
Error: Class "App\Models\Platform\PlatformConnection" not found

/home/user/cmis.marketing.limited/tests/Unit/Models/Platform/PlatformConnectionTest.php:206</error>
        </testcase>
        <testcase name="it_stores_access_token" file="/home/user/cmis.marketing.limited/tests/Unit/Models/Platform/PlatformConnectionTest.php" line="120" class="Tests\Unit\Models\Platform\PlatformConnectionTest" classname="Tests.Unit.Models.Platform.PlatformConnectionTest" assertions="0" time="0.064203">
          <error type="Error">Tests\Unit\Models\Platform\PlatformConnectionTest::it_stores_access_token
Error: Class "App\Models\Platform\PlatformConnection" not found

/home/user/cmis.marketing.limited/tests/Unit/Models/Platform/PlatformConnectionTest.php:127</error>
        </testcase>
        <testcase name="it_has_timestamps" file="/home/user/cmis.marketing.limited/tests/Unit/Models/Platform/PlatformConnectionTest.php" line="281" class="Tests\Unit\Models\Platform\PlatformConnectionTest" classname="Tests.Unit.Models.Platform.PlatformConnectionTest" assertions="0" time="0.068398">
          <error type="Error">Tests\Unit\Models\Platform\PlatformConnectionTest::it_has_timestamps
Error: Class "App\Models\Platform\PlatformConnection" not found

/home/user/cmis.marketing.limited/tests/Unit/Models/Platform/PlatformConnectionTest.php:288</error>
        </testcase>
        <testcase name="it_stores_platform_account_id" file="/home/user/cmis.marketing.limited/tests/Unit/Models/Platform/PlatformConnectionTest.php" line="180" class="Tests\Unit\Models\Platform\PlatformConnectionTest" classname="Tests.Unit.Models.Platform.PlatformConnectionTest" assertions="0" time="0.095269">
          <error type="Error">Tests\Unit\Models\Platform\PlatformConnectionTest::it_stores_platform_account_id
Error: Class "App\Models\Platform\PlatformConnection" not found

/home/user/cmis.marketing.limited/tests/Unit/Models/Platform/PlatformConnectionTest.php:187</error>
        </testcase>
        <testcase name="it_belongs_to_org" file="/home/user/cmis.marketing.limited/tests/Unit/Models/Platform/PlatformConnectionTest.php" line="45" class="Tests\Unit\Models\Platform\PlatformConnectionTest" classname="Tests.Unit.Models.Platform.PlatformConnectionTest" assertions="0" time="0.066171">
          <error type="Error">Tests\Unit\Models\Platform\PlatformConnectionTest::it_belongs_to_org
Error: Class "App\Models\Platform\PlatformConnection" not found

/home/user/cmis.marketing.limited/tests/Unit/Models/Platform/PlatformConnectionTest.php:52</error>
        </testcase>
        <testcase name="it_respects_rls_policies" file="/home/user/cmis.marketing.limited/tests/Unit/Models/Platform/PlatformConnectionTest.php" line="300" class="Tests\Unit\Models\Platform\PlatformConnectionTest" classname="Tests.Unit.Models.Platform.PlatformConnectionTest" assertions="0" time="0.064413">
          <error type="Error">Tests\Unit\Models\Platform\PlatformConnectionTest::it_respects_rls_policies
Error: Class "App\Models\Platform\PlatformConnection" not found

/home/user/cmis.marketing.limited/tests/Unit/Models/Platform/PlatformConnectionTest.php:312</error>
        </testcase>
        <testcase name="it_stores_additional_metadata" file="/home/user/cmis.marketing.limited/tests/Unit/Models/Platform/PlatformConnectionTest.php" line="218" class="Tests\Unit\Models\Platform\PlatformConnectionTest" classname="Tests.Unit.Models.Platform.PlatformConnectionTest" assertions="0" time="0.065627">
          <error type="Error">Tests\Unit\Models\Platform\PlatformConnectionTest::it_stores_additional_metadata
Error: Class "App\Models\Platform\PlatformConnection" not found

/home/user/cmis.marketing.limited/tests/Unit/Models/Platform/PlatformConnectionTest.php:231</error>
        </testcase>
        <testcase name="it_tracks_token_expiry" file="/home/user/cmis.marketing.limited/tests/Unit/Models/Platform/PlatformConnectionTest.php" line="159" class="Tests\Unit\Models\Platform\PlatformConnectionTest" classname="Tests.Unit.Models.Platform.PlatformConnectionTest" assertions="0" time="0.060961">
          <error type="Error">Tests\Unit\Models\Platform\PlatformConnectionTest::it_tracks_token_expiry
Error: Class "App\Models\Platform\PlatformConnection" not found

/home/user/cmis.marketing.limited/tests/Unit/Models/Platform/PlatformConnectionTest.php:166</error>
        </testcase>
        <testcase name="it_has_different_statuses" file="/home/user/cmis.marketing.limited/tests/Unit/Models/Platform/PlatformConnectionTest.php" line="86" class="Tests\Unit\Models\Platform\PlatformConnectionTest" classname="Tests.Unit.Models.Platform.PlatformConnectionTest" assertions="0" time="0.070502">
          <error type="Error">Tests\Unit\Models\Platform\PlatformConnectionTest::it_has_different_statuses
Error: Class "App\Models\Platform\PlatformConnection" not found

/home/user/cmis.marketing.limited/tests/Unit/Models/Platform/PlatformConnectionTest.php:93</error>
        </testcase>
        <testcase name="it_tracks_last_synced_time" file="/home/user/cmis.marketing.limited/tests/Unit/Models/Platform/PlatformConnectionTest.php" line="244" class="Tests\Unit\Models\Platform\PlatformConnectionTest" classname="Tests.Unit.Models.Platform.PlatformConnectionTest" assertions="0" time="0.093027">
          <error type="Error">Tests\Unit\Models\Platform\PlatformConnectionTest::it_tracks_last_synced_time
Error: Class "App\Models\Platform\PlatformConnection" not found

/home/user/cmis.marketing.limited/tests/Unit/Models/Platform/PlatformConnectionTest.php:251</error>
        </testcase>
        <testcase name="it_uses_uuid_as_primary_key" file="/home/user/cmis.marketing.limited/tests/Unit/Models/Platform/PlatformConnectionTest.php" line="263" class="Tests\Unit\Models\Platform\PlatformConnectionTest" classname="Tests.Unit.Models.Platform.PlatformConnectionTest" assertions="0" time="0.064020">
          <error type="Error">Tests\Unit\Models\Platform\PlatformConnectionTest::it_uses_uuid_as_primary_key
Error: Class "App\Models\Platform\PlatformConnection" not found

/home/user/cmis.marketing.limited/tests/Unit/Models/Platform/PlatformConnectionTest.php:270</error>
        </testcase>
        <testcase name="it_can_create_platform_connection" file="/home/user/cmis.marketing.limited/tests/Unit/Models/Platform/PlatformConnectionTest.php" line="24" class="Tests\Unit\Models\Platform\PlatformConnectionTest" classname="Tests.Unit.Models.Platform.PlatformConnectionTest" assertions="0" time="0.063250">
          <error type="Error">Tests\Unit\Models\Platform\PlatformConnectionTest::it_can_create_platform_connection
Error: Class "App\Models\Platform\PlatformConnection" not found

/home/user/cmis.marketing.limited/tests/Unit/Models/Platform/PlatformConnectionTest.php:31</error>
        </testcase>
      </testsuite>
      <testsuite name="Tests\Unit\Services\YouTubeServiceTest" file="/home/user/cmis.marketing.limited/tests/Unit/Services/YouTubeServiceTest.php" tests="12" assertions="0" errors="12" failures="0" skipped="0" time="3.689751">
        <testcase name="it_can_reply_to_comment" file="/home/user/cmis.marketing.limited/tests/Unit/Services/YouTubeServiceTest.php" line="185" class="Tests\Unit\Services\YouTubeServiceTest" classname="Tests.Unit.Services.YouTubeServiceTest" assertions="0" time="0.305462">
          <error type="Illuminate\Database\Eloquent\InvalidCastException">Tests\Unit\Services\YouTubeServiceTest::it_can_reply_to_comment
Illuminate\Database\Eloquent\InvalidCastException: Call to undefined cast [Illuminate\Database\Eloquent\Casts\Encrypted] on column [access_token] in model [App\Models\Core\Integration].

/home/user/cmis.marketing.limited/vendor/laravel/framework/src/Illuminate/Database/Eloquent/Concerns/HasAttributes.php:1768
/home/user/cmis.marketing.limited/vendor/laravel/framework/src/Illuminate/Database/Eloquent/Concerns/HasAttributes.php:1084
/home/user/cmis.marketing.limited/vendor/laravel/framework/src/Illuminate/Database/Eloquent/Model.php:619
/home/user/cmis.marketing.limited/vendor/laravel/framework/src/Illuminate/Database/Eloquent/Model.php:713
/home/user/cmis.marketing.limited/vendor/laravel/framework/src/Illuminate/Database/Eloquent/Builder.php:1747
/home/user/cmis.marketing.limited/vendor/laravel/framework/src/Illuminate/Database/Eloquent/Builder.php:1218
/home/user/cmis.marketing.limited/vendor/laravel/framework/src/Illuminate/Support/Traits/ForwardsCalls.php:23
/home/user/cmis.marketing.limited/vendor/laravel/framework/src/Illuminate/Database/Eloquent/Model.php:2540
/home/user/cmis.marketing.limited/vendor/laravel/framework/src/Illuminate/Database/Eloquent/Model.php:2556
/home/user/cmis.marketing.limited/tests/Traits/CreatesTestData.php:105
/home/user/cmis.marketing.limited/tests/Unit/Services/YouTubeServiceTest.php:190</error>
        </testcase>
        <testcase name="it_can_upload_video" file="/home/user/cmis.marketing.limited/tests/Unit/Services/YouTubeServiceTest.php" line="28" class="Tests\Unit\Services\YouTubeServiceTest" classname="Tests.Unit.Services.YouTubeServiceTest" assertions="0" time="0.302130">
          <error type="Illuminate\Database\Eloquent\InvalidCastException">Tests\Unit\Services\YouTubeServiceTest::it_can_upload_video
Illuminate\Database\Eloquent\InvalidCastException: Call to undefined cast [Illuminate\Database\Eloquent\Casts\Encrypted] on column [access_token] in model [App\Models\Core\Integration].

/home/user/cmis.marketing.limited/vendor/laravel/framework/src/Illuminate/Database/Eloquent/Concerns/HasAttributes.php:1768
/home/user/cmis.marketing.limited/vendor/laravel/framework/src/Illuminate/Database/Eloquent/Concerns/HasAttributes.php:1084
/home/user/cmis.marketing.limited/vendor/laravel/framework/src/Illuminate/Database/Eloquent/Model.php:619
/home/user/cmis.marketing.limited/vendor/laravel/framework/src/Illuminate/Database/Eloquent/Model.php:713
/home/user/cmis.marketing.limited/vendor/laravel/framework/src/Illuminate/Database/Eloquent/Builder.php:1747
/home/user/cmis.marketing.limited/vendor/laravel/framework/src/Illuminate/Database/Eloquent/Builder.php:1218
/home/user/cmis.marketing.limited/vendor/laravel/framework/src/Illuminate/Support/Traits/ForwardsCalls.php:23
/home/user/cmis.marketing.limited/vendor/laravel/framework/src/Illuminate/Database/Eloquent/Model.php:2540
/home/user/cmis.marketing.limited/vendor/laravel/framework/src/Illuminate/Database/Eloquent/Model.php:2556
/home/user/cmis.marketing.limited/tests/Traits/CreatesTestData.php:105
/home/user/cmis.marketing.limited/tests/Unit/Services/YouTubeServiceTest.php:33</error>
        </testcase>
        <testcase name="it_can_get_video_analytics" file="/home/user/cmis.marketing.limited/tests/Unit/Services/YouTubeServiceTest.php" line="116" class="Tests\Unit\Services\YouTubeServiceTest" classname="Tests.Unit.Services.YouTubeServiceTest" assertions="0" time="0.325758">
          <error type="Illuminate\Database\Eloquent\InvalidCastException">Tests\Unit\Services\YouTubeServiceTest::it_can_get_video_analytics
Illuminate\Database\Eloquent\InvalidCastException: Call to undefined cast [Illuminate\Database\Eloquent\Casts\Encrypted] on column [access_token] in model [App\Models\Core\Integration].

/home/user/cmis.marketing.limited/vendor/laravel/framework/src/Illuminate/Database/Eloquent/Concerns/HasAttributes.php:1768
/home/user/cmis.marketing.limited/vendor/laravel/framework/src/Illuminate/Database/Eloquent/Concerns/HasAttributes.php:1084
/home/user/cmis.marketing.limited/vendor/laravel/framework/src/Illuminate/Database/Eloquent/Model.php:619
/home/user/cmis.marketing.limited/vendor/laravel/framework/src/Illuminate/Database/Eloquent/Model.php:713
/home/user/cmis.marketing.limited/vendor/laravel/framework/src/Illuminate/Database/Eloquent/Builder.php:1747
/home/user/cmis.marketing.limited/vendor/laravel/framework/src/Illuminate/Database/Eloquent/Builder.php:1218
/home/user/cmis.marketing.limited/vendor/laravel/framework/src/Illuminate/Support/Traits/ForwardsCalls.php:23
/home/user/cmis.marketing.limited/vendor/laravel/framework/src/Illuminate/Database/Eloquent/Model.php:2540
/home/user/cmis.marketing.limited/vendor/laravel/framework/src/Illuminate/Database/Eloquent/Model.php:2556
/home/user/cmis.marketing.limited/tests/Traits/CreatesTestData.php:105
/home/user/cmis.marketing.limited/tests/Unit/Services/YouTubeServiceTest.php:121</error>
        </testcase>
        <testcase name="it_can_get_channel_analytics" file="/home/user/cmis.marketing.limited/tests/Unit/Services/YouTubeServiceTest.php" line="85" class="Tests\Unit\Services\YouTubeServiceTest" classname="Tests.Unit.Services.YouTubeServiceTest" assertions="0" time="0.302821">
          <error type="Illuminate\Database\Eloquent\InvalidCastException">Tests\Unit\Services\YouTubeServiceTest::it_can_get_channel_analytics
Illuminate\Database\Eloquent\InvalidCastException: Call to undefined cast [Illuminate\Database\Eloquent\Casts\Encrypted] on column [access_token] in model [App\Models\Core\Integration].

/home/user/cmis.marketing.limited/vendor/laravel/framework/src/Illuminate/Database/Eloquent/Concerns/HasAttributes.php:1768
/home/user/cmis.marketing.limited/vendor/laravel/framework/src/Illuminate/Database/Eloquent/Concerns/HasAttributes.php:1084
/home/user/cmis.marketing.limited/vendor/laravel/framework/src/Illuminate/Database/Eloquent/Model.php:619
/home/user/cmis.marketing.limited/vendor/laravel/framework/src/Illuminate/Database/Eloquent/Model.php:713
/home/user/cmis.marketing.limited/vendor/laravel/framework/src/Illuminate/Database/Eloquent/Builder.php:1747
/home/user/cmis.marketing.limited/vendor/laravel/framework/src/Illuminate/Database/Eloquent/Builder.php:1218
/home/user/cmis.marketing.limited/vendor/laravel/framework/src/Illuminate/Support/Traits/ForwardsCalls.php:23
/home/user/cmis.marketing.limited/vendor/laravel/framework/src/Illuminate/Database/Eloquent/Model.php:2540
/home/user/cmis.marketing.limited/vendor/laravel/framework/src/Illuminate/Database/Eloquent/Model.php:2556
/home/user/cmis.marketing.limited/tests/Traits/CreatesTestData.php:105
/home/user/cmis.marketing.limited/tests/Unit/Services/YouTubeServiceTest.php:90</error>
        </testcase>
        <testcase name="it_can_delete_video" file="/home/user/cmis.marketing.limited/tests/Unit/Services/YouTubeServiceTest.php" line="233" class="Tests\Unit\Services\YouTubeServiceTest" classname="Tests.Unit.Services.YouTubeServiceTest" assertions="0" time="0.302315">
          <error type="Illuminate\Database\Eloquent\InvalidCastException">Tests\Unit\Services\YouTubeServiceTest::it_can_delete_video
Illuminate\Database\Eloquent\InvalidCastException: Call to undefined cast [Illuminate\Database\Eloquent\Casts\Encrypted] on column [access_token] in model [App\Models\Core\Integration].

/home/user/cmis.marketing.limited/vendor/laravel/framework/src/Illuminate/Database/Eloquent/Concerns/HasAttributes.php:1768
/home/user/cmis.marketing.limited/vendor/laravel/framework/src/Illuminate/Database/Eloquent/Concerns/HasAttributes.php:1084
/home/user/cmis.marketing.limited/vendor/laravel/framework/src/Illuminate/Database/Eloquent/Model.php:619
/home/user/cmis.marketing.limited/vendor/laravel/framework/src/Illuminate/Database/Eloquent/Model.php:713
/home/user/cmis.marketing.limited/vendor/laravel/framework/src/Illuminate/Database/Eloquent/Builder.php:1747
/home/user/cmis.marketing.limited/vendor/laravel/framework/src/Illuminate/Database/Eloquent/Builder.php:1218
/home/user/cmis.marketing.limited/vendor/laravel/framework/src/Illuminate/Support/Traits/ForwardsCalls.php:23
/home/user/cmis.marketing.limited/vendor/laravel/framework/src/Illuminate/Database/Eloquent/Model.php:2540
/home/user/cmis.marketing.limited/vendor/laravel/framework/src/Illuminate/Database/Eloquent/Model.php:2556
/home/user/cmis.marketing.limited/tests/Traits/CreatesTestData.php:105
/home/user/cmis.marketing.limited/tests/Unit/Services/YouTubeServiceTest.php:238</error>
        </testcase>
        <testcase name="it_can_upload_short" file="/home/user/cmis.marketing.limited/tests/Unit/Services/YouTubeServiceTest.php" line="59" class="Tests\Unit\Services\YouTubeServiceTest" classname="Tests.Unit.Services.YouTubeServiceTest" assertions="0" time="0.301097">
          <error type="Illuminate\Database\Eloquent\InvalidCastException">Tests\Unit\Services\YouTubeServiceTest::it_can_upload_short
Illuminate\Database\Eloquent\InvalidCastException: Call to undefined cast [Illuminate\Database\Eloquent\Casts\Encrypted] on column [access_token] in model [App\Models\Core\Integration].

/home/user/cmis.marketing.limited/vendor/laravel/framework/src/Illuminate/Database/Eloquent/Concerns/HasAttributes.php:1768
/home/user/cmis.marketing.limited/vendor/laravel/framework/src/Illuminate/Database/Eloquent/Concerns/HasAttributes.php:1084
/home/user/cmis.marketing.limited/vendor/laravel/framework/src/Illuminate/Database/Eloquent/Model.php:619
/home/user/cmis.marketing.limited/vendor/laravel/framework/src/Illuminate/Database/Eloquent/Model.php:713
/home/user/cmis.marketing.limited/vendor/laravel/framework/src/Illuminate/Database/Eloquent/Builder.php:1747
/home/user/cmis.marketing.limited/vendor/laravel/framework/src/Illuminate/Database/Eloquent/Builder.php:1218
/home/user/cmis.marketing.limited/vendor/laravel/framework/src/Illuminate/Support/Traits/ForwardsCalls.php:23
/home/user/cmis.marketing.limited/vendor/laravel/framework/src/Illuminate/Database/Eloquent/Model.php:2540
/home/user/cmis.marketing.limited/vendor/laravel/framework/src/Illuminate/Database/Eloquent/Model.php:2556
/home/user/cmis.marketing.limited/tests/Traits/CreatesTestData.php:105
/home/user/cmis.marketing.limited/tests/Unit/Services/YouTubeServiceTest.php:64</error>
        </testcase>
        <testcase name="it_validates_video_file" file="/home/user/cmis.marketing.limited/tests/Unit/Services/YouTubeServiceTest.php" line="302" class="Tests\Unit\Services\YouTubeServiceTest" classname="Tests.Unit.Services.YouTubeServiceTest" assertions="0" time="0.310932">
          <error type="Illuminate\Database\Eloquent\InvalidCastException">Tests\Unit\Services\YouTubeServiceTest::it_validates_video_file
Illuminate\Database\Eloquent\InvalidCastException: Call to undefined cast [Illuminate\Database\Eloquent\Casts\Encrypted] on column [access_token] in model [App\Models\Core\Integration].

/home/user/cmis.marketing.limited/vendor/laravel/framework/src/Illuminate/Database/Eloquent/Concerns/HasAttributes.php:1768
/home/user/cmis.marketing.limited/vendor/laravel/framework/src/Illuminate/Database/Eloquent/Concerns/HasAttributes.php:1084
/home/user/cmis.marketing.limited/vendor/laravel/framework/src/Illuminate/Database/Eloquent/Model.php:619
/home/user/cmis.marketing.limited/vendor/laravel/framework/src/Illuminate/Database/Eloquent/Model.php:713
/home/user/cmis.marketing.limited/vendor/laravel/framework/src/Illuminate/Database/Eloquent/Builder.php:1747
/home/user/cmis.marketing.limited/vendor/laravel/framework/src/Illuminate/Database/Eloquent/Builder.php:1218
/home/user/cmis.marketing.limited/vendor/laravel/framework/src/Illuminate/Support/Traits/ForwardsCalls.php:23
/home/user/cmis.marketing.limited/vendor/laravel/framework/src/Illuminate/Database/Eloquent/Model.php:2540
/home/user/cmis.marketing.limited/vendor/laravel/framework/src/Illuminate/Database/Eloquent/Model.php:2556
/home/user/cmis.marketing.limited/tests/Traits/CreatesTestData.php:105
/home/user/cmis.marketing.limited/tests/Unit/Services/YouTubeServiceTest.php:307</error>
        </testcase>
        <testcase name="it_can_create_playlist" file="/home/user/cmis.marketing.limited/tests/Unit/Services/YouTubeServiceTest.php" line="253" class="Tests\Unit\Services\YouTubeServiceTest" classname="Tests.Unit.Services.YouTubeServiceTest" assertions="0" time="0.339816">
          <error type="Illuminate\Database\Eloquent\InvalidCastException">Tests\Unit\Services\YouTubeServiceTest::it_can_create_playlist
Illuminate\Database\Eloquent\InvalidCastException: Call to undefined cast [Illuminate\Database\Eloquent\Casts\Encrypted] on column [access_token] in model [App\Models\Core\Integration].

/home/user/cmis.marketing.limited/vendor/laravel/framework/src/Illuminate/Database/Eloquent/Concerns/HasAttributes.php:1768
/home/user/cmis.marketing.limited/vendor/laravel/framework/src/Illuminate/Database/Eloquent/Concerns/HasAttributes.php:1084
/home/user/cmis.marketing.limited/vendor/laravel/framework/src/Illuminate/Database/Eloquent/Model.php:619
/home/user/cmis.marketing.limited/vendor/laravel/framework/src/Illuminate/Database/Eloquent/Model.php:713
/home/user/cmis.marketing.limited/vendor/laravel/framework/src/Illuminate/Database/Eloquent/Builder.php:1747
/home/user/cmis.marketing.limited/vendor/laravel/framework/src/Illuminate/Database/Eloquent/Builder.php:1218
/home/user/cmis.marketing.limited/vendor/laravel/framework/src/Illuminate/Support/Traits/ForwardsCalls.php:23
/home/user/cmis.marketing.limited/vendor/laravel/framework/src/Illuminate/Database/Eloquent/Model.php:2540
/home/user/cmis.marketing.limited/vendor/laravel/framework/src/Illuminate/Database/Eloquent/Model.php:2556
/home/user/cmis.marketing.limited/tests/Traits/CreatesTestData.php:105
/home/user/cmis.marketing.limited/tests/Unit/Services/YouTubeServiceTest.php:258</error>
        </testcase>
        <testcase name="it_can_get_comments" file="/home/user/cmis.marketing.limited/tests/Unit/Services/YouTubeServiceTest.php" line="149" class="Tests\Unit\Services\YouTubeServiceTest" classname="Tests.Unit.Services.YouTubeServiceTest" assertions="0" time="0.299482">
          <error type="Illuminate\Database\Eloquent\InvalidCastException">Tests\Unit\Services\YouTubeServiceTest::it_can_get_comments
Illuminate\Database\Eloquent\InvalidCastException: Call to undefined cast [Illuminate\Database\Eloquent\Casts\Encrypted] on column [access_token] in model [App\Models\Core\Integration].

/home/user/cmis.marketing.limited/vendor/laravel/framework/src/Illuminate/Database/Eloquent/Concerns/HasAttributes.php:1768
/home/user/cmis.marketing.limited/vendor/laravel/framework/src/Illuminate/Database/Eloquent/Concerns/HasAttributes.php:1084
/home/user/cmis.marketing.limited/vendor/laravel/framework/src/Illuminate/Database/Eloquent/Model.php:619
/home/user/cmis.marketing.limited/vendor/laravel/framework/src/Illuminate/Database/Eloquent/Model.php:713
/home/user/cmis.marketing.limited/vendor/laravel/framework/src/Illuminate/Database/Eloquent/Builder.php:1747
/home/user/cmis.marketing.limited/vendor/laravel/framework/src/Illuminate/Database/Eloquent/Builder.php:1218
/home/user/cmis.marketing.limited/vendor/laravel/framework/src/Illuminate/Support/Traits/ForwardsCalls.php:23
/home/user/cmis.marketing.limited/vendor/laravel/framework/src/Illuminate/Database/Eloquent/Model.php:2540
/home/user/cmis.marketing.limited/vendor/laravel/framework/src/Illuminate/Database/Eloquent/Model.php:2556
/home/user/cmis.marketing.limited/tests/Traits/CreatesTestData.php:105
/home/user/cmis.marketing.limited/tests/Unit/Services/YouTubeServiceTest.php:154</error>
        </testcase>
        <testcase name="it_can_add_video_to_playlist" file="/home/user/cmis.marketing.limited/tests/Unit/Services/YouTubeServiceTest.php" line="280" class="Tests\Unit\Services\YouTubeServiceTest" classname="Tests.Unit.Services.YouTubeServiceTest" assertions="0" time="0.298590">
          <error type="Illuminate\Database\Eloquent\InvalidCastException">Tests\Unit\Services\YouTubeServiceTest::it_can_add_video_to_playlist
Illuminate\Database\Eloquent\InvalidCastException: Call to undefined cast [Illuminate\Database\Eloquent\Casts\Encrypted] on column [access_token] in model [App\Models\Core\Integration].

/home/user/cmis.marketing.limited/vendor/laravel/framework/src/Illuminate/Database/Eloquent/Concerns/HasAttributes.php:1768
/home/user/cmis.marketing.limited/vendor/laravel/framework/src/Illuminate/Database/Eloquent/Concerns/HasAttributes.php:1084
/home/user/cmis.marketing.limited/vendor/laravel/framework/src/Illuminate/Database/Eloquent/Model.php:619
/home/user/cmis.marketing.limited/vendor/laravel/framework/src/Illuminate/Database/Eloquent/Model.php:713
/home/user/cmis.marketing.limited/vendor/laravel/framework/src/Illuminate/Database/Eloquent/Builder.php:1747
/home/user/cmis.marketing.limited/vendor/laravel/framework/src/Illuminate/Database/Eloquent/Builder.php:1218
/home/user/cmis.marketing.limited/vendor/laravel/framework/src/Illuminate/Support/Traits/ForwardsCalls.php:23
/home/user/cmis.marketing.limited/vendor/laravel/framework/src/Illuminate/Database/Eloquent/Model.php:2540
/home/user/cmis.marketing.limited/vendor/laravel/framework/src/Illuminate/Database/Eloquent/Model.php:2556
/home/user/cmis.marketing.limited/tests/Traits/CreatesTestData.php:105
/home/user/cmis.marketing.limited/tests/Unit/Services/YouTubeServiceTest.php:285</error>
        </testcase>
        <testcase name="it_handles_api_errors" file="/home/user/cmis.marketing.limited/tests/Unit/Services/YouTubeServiceTest.php" line="323" class="Tests\Unit\Services\YouTubeServiceTest" classname="Tests.Unit.Services.YouTubeServiceTest" assertions="0" time="0.300634">
          <error type="Illuminate\Database\Eloquent\InvalidCastException">Tests\Unit\Services\YouTubeServiceTest::it_handles_api_errors
Illuminate\Database\Eloquent\InvalidCastException: Call to undefined cast [Illuminate\Database\Eloquent\Casts\Encrypted] on column [access_token] in model [App\Models\Core\Integration].

/home/user/cmis.marketing.limited/vendor/laravel/framework/src/Illuminate/Database/Eloquent/Concerns/HasAttributes.php:1768
/home/user/cmis.marketing.limited/vendor/laravel/framework/src/Illuminate/Database/Eloquent/Concerns/HasAttributes.php:1084
/home/user/cmis.marketing.limited/vendor/laravel/framework/src/Illuminate/Database/Eloquent/Model.php:619
/home/user/cmis.marketing.limited/vendor/laravel/framework/src/Illuminate/Database/Eloquent/Model.php:713
/home/user/cmis.marketing.limited/vendor/laravel/framework/src/Illuminate/Database/Eloquent/Builder.php:1747
/home/user/cmis.marketing.limited/vendor/laravel/framework/src/Illuminate/Database/Eloquent/Builder.php:1218
/home/user/cmis.marketing.limited/vendor/laravel/framework/src/Illuminate/Support/Traits/ForwardsCalls.php:23
/home/user/cmis.marketing.limited/vendor/laravel/framework/src/Illuminate/Database/Eloquent/Model.php:2540
/home/user/cmis.marketing.limited/vendor/laravel/framework/src/Illuminate/Database/Eloquent/Model.php:2556
/home/user/cmis.marketing.limited/tests/Traits/CreatesTestData.php:105
/home/user/cmis.marketing.limited/tests/Unit/Services/YouTubeServiceTest.php:328</error>
        </testcase>
        <testcase name="it_can_update_video_metadata" file="/home/user/cmis.marketing.limited/tests/Unit/Services/YouTubeServiceTest.php" line="207" class="Tests\Unit\Services\YouTubeServiceTest" classname="Tests.Unit.Services.YouTubeServiceTest" assertions="0" time="0.300714">
          <error type="Illuminate\Database\Eloquent\InvalidCastException">Tests\Unit\Services\YouTubeServiceTest::it_can_update_video_metadata
Illuminate\Database\Eloquent\InvalidCastException: Call to undefined cast [Illuminate\Database\Eloquent\Casts\Encrypted] on column [access_token] in model [App\Models\Core\Integration].

/home/user/cmis.marketing.limited/vendor/laravel/framework/src/Illuminate/Database/Eloquent/Concerns/HasAttributes.php:1768
/home/user/cmis.marketing.limited/vendor/laravel/framework/src/Illuminate/Database/Eloquent/Concerns/HasAttributes.php:1084
/home/user/cmis.marketing.limited/vendor/laravel/framework/src/Illuminate/Database/Eloquent/Model.php:619
/home/user/cmis.marketing.limited/vendor/laravel/framework/src/Illuminate/Database/Eloquent/Model.php:713
/home/user/cmis.marketing.limited/vendor/laravel/framework/src/Illuminate/Database/Eloquent/Builder.php:1747
/home/user/cmis.marketing.limited/vendor/laravel/framework/src/Illuminate/Database/Eloquent/Builder.php:1218
/home/user/cmis.marketing.limited/vendor/laravel/framework/src/Illuminate/Support/Traits/ForwardsCalls.php:23
/home/user/cmis.marketing.limited/vendor/laravel/framework/src/Illuminate/Database/Eloquent/Model.php:2540
/home/user/cmis.marketing.limited/vendor/laravel/framework/src/Illuminate/Database/Eloquent/Model.php:2556
/home/user/cmis.marketing.limited/tests/Traits/CreatesTestData.php:105
/home/user/cmis.marketing.limited/tests/Unit/Services/YouTubeServiceTest.php:212</error>
        </testcase>
      </testsuite>
      <testsuite name="Tests\Unit\Repositories\AnalyticsRepositoryTest" file="/home/user/cmis.marketing.limited/tests/Unit/Repositories/AnalyticsRepositoryTest.php" tests="12" assertions="0" errors="12" failures="0" skipped="0" time="3.982145">
        <testcase name="it_can_compare_campaigns" file="/home/user/cmis.marketing.limited/tests/Unit/Repositories/AnalyticsRepositoryTest.php" line="177" class="Tests\Unit\Repositories\AnalyticsRepositoryTest" classname="Tests.Unit.Repositories.AnalyticsRepositoryTest" assertions="0" time="0.328180">
          <error type="Error">Tests\Unit\Repositories\AnalyticsRepositoryTest::it_can_compare_campaigns
Error: Call to undefined method App\Repositories\Analytics\AnalyticsRepository::compareCampaigns()

/home/user/cmis.marketing.limited/tests/Unit/Repositories/AnalyticsRepositoryTest.php:188</error>
        </testcase>
        <testcase name="it_can_get_org_overview_analytics" file="/home/user/cmis.marketing.limited/tests/Unit/Repositories/AnalyticsRepositoryTest.php" line="53" class="Tests\Unit\Repositories\AnalyticsRepositoryTest" classname="Tests.Unit.Repositories.AnalyticsRepositoryTest" assertions="0" time="0.302430">
          <error type="Error">Tests\Unit\Repositories\AnalyticsRepositoryTest::it_can_get_org_overview_analytics
Error: Call to undefined method App\Repositories\Analytics\AnalyticsRepository::getOrgOverview()

/home/user/cmis.marketing.limited/tests/Unit/Repositories/AnalyticsRepositoryTest.php:65</error>
        </testcase>
        <testcase name="it_can_calculate_engagement_metrics" file="/home/user/cmis.marketing.limited/tests/Unit/Repositories/AnalyticsRepositoryTest.php" line="106" class="Tests\Unit\Repositories\AnalyticsRepositoryTest" classname="Tests.Unit.Repositories.AnalyticsRepositoryTest" assertions="0" time="0.303722">
          <error type="Error">Tests\Unit\Repositories\AnalyticsRepositoryTest::it_can_calculate_engagement_metrics
Error: Call to undefined method App\Repositories\Analytics\AnalyticsRepository::getEngagementMetrics()

/home/user/cmis.marketing.limited/tests/Unit/Repositories/AnalyticsRepositoryTest.php:116</error>
        </testcase>
        <testcase name="it_can_get_campaign_analytics" file="/home/user/cmis.marketing.limited/tests/Unit/Repositories/AnalyticsRepositoryTest.php" line="28" class="Tests\Unit\Repositories\AnalyticsRepositoryTest" classname="Tests.Unit.Repositories.AnalyticsRepositoryTest" assertions="0" time="0.311265">
          <error type="Error">Tests\Unit\Repositories\AnalyticsRepositoryTest::it_can_get_campaign_analytics
Error: Call to undefined method App\Repositories\Analytics\AnalyticsRepository::getCampaignAnalytics()

/home/user/cmis.marketing.limited/tests/Unit/Repositories/AnalyticsRepositoryTest.php:38</error>
        </testcase>
        <testcase name="it_can_get_audience_demographics" file="/home/user/cmis.marketing.limited/tests/Unit/Repositories/AnalyticsRepositoryTest.php" line="154" class="Tests\Unit\Repositories\AnalyticsRepositoryTest" classname="Tests.Unit.Repositories.AnalyticsRepositoryTest" assertions="0" time="0.303558">
          <error type="Error">Tests\Unit\Repositories\AnalyticsRepositoryTest::it_can_get_audience_demographics
Error: Call to undefined method App\Repositories\Analytics\AnalyticsRepository::getAudienceDemographics()

/home/user/cmis.marketing.limited/tests/Unit/Repositories/AnalyticsRepositoryTest.php:164</error>
        </testcase>
        <testcase name="it_can_get_real_time_analytics" file="/home/user/cmis.marketing.limited/tests/Unit/Repositories/AnalyticsRepositoryTest.php" line="302" class="Tests\Unit\Repositories\AnalyticsRepositoryTest" classname="Tests.Unit.Repositories.AnalyticsRepositoryTest" assertions="0" time="0.327166">
          <error type="Error">Tests\Unit\Repositories\AnalyticsRepositoryTest::it_can_get_real_time_analytics
Error: Call to undefined method App\Repositories\Analytics\AnalyticsRepository::getRealTimeAnalytics()

/home/user/cmis.marketing.limited/tests/Unit/Repositories/AnalyticsRepositoryTest.php:312</error>
        </testcase>
        <testcase name="it_can_get_conversion_funnel" file="/home/user/cmis.marketing.limited/tests/Unit/Repositories/AnalyticsRepositoryTest.php" line="131" class="Tests\Unit\Repositories\AnalyticsRepositoryTest" classname="Tests.Unit.Repositories.AnalyticsRepositoryTest" assertions="0" time="0.300528">
          <error type="Error">Tests\Unit\Repositories\AnalyticsRepositoryTest::it_can_get_conversion_funnel
Error: Call to undefined method App\Repositories\Analytics\AnalyticsRepository::getConversionFunnel()

/home/user/cmis.marketing.limited/tests/Unit/Repositories/AnalyticsRepositoryTest.php:141</error>
        </testcase>
        <testcase name="it_can_get_top_performing_content" file="/home/user/cmis.marketing.limited/tests/Unit/Repositories/AnalyticsRepositoryTest.php" line="202" class="Tests\Unit\Repositories\AnalyticsRepositoryTest" classname="Tests.Unit.Repositories.AnalyticsRepositoryTest" assertions="0" time="0.303755">
          <error type="Error">Tests\Unit\Repositories\AnalyticsRepositoryTest::it_can_get_top_performing_content
Error: Call to undefined method Tests\Unit\Repositories\AnalyticsRepositoryTest::createTestContent()

/home/user/cmis.marketing.limited/tests/Unit/Repositories/AnalyticsRepositoryTest.php:213</error>
        </testcase>
        <testcase name="it_can_get_platform_analytics" file="/home/user/cmis.marketing.limited/tests/Unit/Repositories/AnalyticsRepositoryTest.php" line="81" class="Tests\Unit\Repositories\AnalyticsRepositoryTest" classname="Tests.Unit.Repositories.AnalyticsRepositoryTest" assertions="0" time="0.303861">
          <error type="Error">Tests\Unit\Repositories\AnalyticsRepositoryTest::it_can_get_platform_analytics
Error: Call to undefined method App\Repositories\Analytics\AnalyticsRepository::getPlatformAnalytics()

/home/user/cmis.marketing.limited/tests/Unit/Repositories/AnalyticsRepositoryTest.php:89</error>
        </testcase>
        <testcase name="it_can_calculate_roi" file="/home/user/cmis.marketing.limited/tests/Unit/Repositories/AnalyticsRepositoryTest.php" line="238" class="Tests\Unit\Repositories\AnalyticsRepositoryTest" classname="Tests.Unit.Repositories.AnalyticsRepositoryTest" assertions="0" time="0.306341">
          <error type="Error">Tests\Unit\Repositories\AnalyticsRepositoryTest::it_can_calculate_roi
Error: Call to undefined method App\Repositories\Analytics\AnalyticsRepository::calculateROI()

/home/user/cmis.marketing.limited/tests/Unit/Repositories/AnalyticsRepositoryTest.php:250</error>
        </testcase>
        <testcase name="it_respects_transaction_context" file="/home/user/cmis.marketing.limited/tests/Unit/Repositories/AnalyticsRepositoryTest.php" line="268" class="Tests\Unit\Repositories\AnalyticsRepositoryTest" classname="Tests.Unit.Repositories.AnalyticsRepositoryTest" assertions="0" time="0.557001">
          <error type="Error">Tests\Unit\Repositories\AnalyticsRepositoryTest::it_respects_transaction_context
Error: Call to undefined method App\Repositories\Analytics\AnalyticsRepository::getOrgOverview()

/home/user/cmis.marketing.limited/tests/Unit/Repositories/AnalyticsRepositoryTest.php:285</error>
        </testcase>
        <testcase name="it_can_get_channel_attribution" file="/home/user/cmis.marketing.limited/tests/Unit/Repositories/AnalyticsRepositoryTest.php" line="325" class="Tests\Unit\Repositories\AnalyticsRepositoryTest" classname="Tests.Unit.Repositories.AnalyticsRepositoryTest" assertions="0" time="0.334338">
          <error type="Error">Tests\Unit\Repositories\AnalyticsRepositoryTest::it_can_get_channel_attribution
Error: Call to undefined method App\Repositories\Analytics\AnalyticsRepository::getChannelAttribution()

/home/user/cmis.marketing.limited/tests/Unit/Repositories/AnalyticsRepositoryTest.php:335</error>
        </testcase>
      </testsuite>
      <testsuite name="Tests\Unit\Events\CampaignCreatedEventTest" file="/home/user/cmis.marketing.limited/tests/Unit/Events/CampaignCreatedEventTest.php" tests="5" assertions="0" errors="5" failures="0" skipped="0" time="0.364863">
        <testcase name="it_is_dispatched_when_campaign_is_created" file="/home/user/cmis.marketing.limited/tests/Unit/Events/CampaignCreatedEventTest.php" line="53" class="Tests\Unit\Events\CampaignCreatedEventTest" classname="Tests.Unit.Events.CampaignCreatedEventTest" assertions="0" time="0.071401">
          <error type="TypeError">Tests\Unit\Events\CampaignCreatedEventTest::it_is_dispatched_when_campaign_is_created
TypeError: App\Events\Campaign\CampaignCreated::__construct(): Argument #1 ($campaign) must be of type App\Models\AdPlatform\AdCampaign, App\Models\Core\Campaign given, called in /home/user/cmis.marketing.limited/tests/Unit/Events/CampaignCreatedEventTest.php on line 69

/home/user/cmis.marketing.limited/app/Events/Campaign/CampaignCreated.php:14
/home/user/cmis.marketing.limited/tests/Unit/Events/CampaignCreatedEventTest.php:69</error>
        </testcase>
        <testcase name="it_can_be_instantiated" file="/home/user/cmis.marketing.limited/tests/Unit/Events/CampaignCreatedEventTest.php" line="27" class="Tests\Unit\Events\CampaignCreatedEventTest" classname="Tests.Unit.Events.CampaignCreatedEventTest" assertions="0" time="0.063268">
          <error type="TypeError">Tests\Unit\Events\CampaignCreatedEventTest::it_can_be_instantiated
TypeError: App\Events\Campaign\CampaignCreated::__construct(): Argument #1 ($campaign) must be of type App\Models\AdPlatform\AdCampaign, App\Models\Core\Campaign given, called in /home/user/cmis.marketing.limited/tests/Unit/Events/CampaignCreatedEventTest.php on line 41

/home/user/cmis.marketing.limited/app/Events/Campaign/CampaignCreated.php:14
/home/user/cmis.marketing.limited/tests/Unit/Events/CampaignCreatedEventTest.php:41</error>
        </testcase>
        <testcase name="it_contains_campaign_data" file="/home/user/cmis.marketing.limited/tests/Unit/Events/CampaignCreatedEventTest.php" line="82" class="Tests\Unit\Events\CampaignCreatedEventTest" classname="Tests.Unit.Events.CampaignCreatedEventTest" assertions="0" time="0.071035">
          <error type="TypeError">Tests\Unit\Events\CampaignCreatedEventTest::it_contains_campaign_data
TypeError: App\Events\Campaign\CampaignCreated::__construct(): Argument #1 ($campaign) must be of type App\Models\AdPlatform\AdCampaign, App\Models\Core\Campaign given, called in /home/user/cmis.marketing.limited/tests/Unit/Events/CampaignCreatedEventTest.php on line 97

/home/user/cmis.marketing.limited/app/Events/Campaign/CampaignCreated.php:14
/home/user/cmis.marketing.limited/tests/Unit/Events/CampaignCreatedEventTest.php:97</error>
        </testcase>
        <testcase name="it_broadcasts_on_correct_channel" file="/home/user/cmis.marketing.limited/tests/Unit/Events/CampaignCreatedEventTest.php" line="137" class="Tests\Unit\Events\CampaignCreatedEventTest" classname="Tests.Unit.Events.CampaignCreatedEventTest" assertions="0" time="0.096924">
          <error type="TypeError">Tests\Unit\Events\CampaignCreatedEventTest::it_broadcasts_on_correct_channel
TypeError: App\Events\Campaign\CampaignCreated::__construct(): Argument #1 ($campaign) must be of type App\Models\AdPlatform\AdCampaign, App\Models\Core\Campaign given, called in /home/user/cmis.marketing.limited/tests/Unit/Events/CampaignCreatedEventTest.php on line 151

/home/user/cmis.marketing.limited/app/Events/Campaign/CampaignCreated.php:14
/home/user/cmis.marketing.limited/tests/Unit/Events/CampaignCreatedEventTest.php:151</error>
        </testcase>
        <testcase name="it_can_be_serialized" file="/home/user/cmis.marketing.limited/tests/Unit/Events/CampaignCreatedEventTest.php" line="110" class="Tests\Unit\Events\CampaignCreatedEventTest" classname="Tests.Unit.Events.CampaignCreatedEventTest" assertions="0" time="0.062234">
          <error type="TypeError">Tests\Unit\Events\CampaignCreatedEventTest::it_can_be_serialized
TypeError: App\Events\Campaign\CampaignCreated::__construct(): Argument #1 ($campaign) must be of type App\Models\AdPlatform\AdCampaign, App\Models\Core\Campaign given, called in /home/user/cmis.marketing.limited/tests/Unit/Events/CampaignCreatedEventTest.php on line 124

/home/user/cmis.marketing.limited/app/Events/Campaign/CampaignCreated.php:14
/home/user/cmis.marketing.limited/tests/Unit/Events/CampaignCreatedEventTest.php:124</error>
        </testcase>
      </testsuite>
      <testsuite name="Tests\Unit\Models\AdPlatform\AdCampaignTest" file="/home/user/cmis.marketing.limited/tests/Unit/Models/AdPlatform/AdCampaignTest.php" tests="11" assertions="0" errors="11" failures="0" skipped="0" time="0.765821">
        <testcase name="it_stores_metrics_as_json" file="/home/user/cmis.marketing.limited/tests/Unit/Models/AdPlatform/AdCampaignTest.php" line="226" class="Tests\Unit\Models\AdPlatform\AdCampaignTest" classname="Tests.Unit.Models.AdPlatform.AdCampaignTest" assertions="0" time="0.065201">
          <error type="Error">Tests\Unit\Models\AdPlatform\AdCampaignTest::it_stores_metrics_as_json
Error: Class "App\Models\Integration" not found

/home/user/cmis.marketing.limited/tests/Unit/Models/AdPlatform/AdCampaignTest.php:233</error>
        </testcase>
        <testcase name="it_belongs_to_organization_and_integration" file="/home/user/cmis.marketing.limited/tests/Unit/Models/AdPlatform/AdCampaignTest.php" line="57" class="Tests\Unit\Models\AdPlatform\AdCampaignTest" classname="Tests.Unit.Models.AdPlatform.AdCampaignTest" assertions="0" time="0.061726">
          <error type="Error">Tests\Unit\Models\AdPlatform\AdCampaignTest::it_belongs_to_organization_and_integration
Error: Class "App\Models\Integration" not found

/home/user/cmis.marketing.limited/tests/Unit/Models/AdPlatform/AdCampaignTest.php:64</error>
        </testcase>
        <testcase name="it_has_timestamps" file="/home/user/cmis.marketing.limited/tests/Unit/Models/AdPlatform/AdCampaignTest.php" line="329" class="Tests\Unit\Models\AdPlatform\AdCampaignTest" classname="Tests.Unit.Models.AdPlatform.AdCampaignTest" assertions="0" time="0.062353">
          <error type="Error">Tests\Unit\Models\AdPlatform\AdCampaignTest::it_has_timestamps
Error: Class "App\Models\Integration" not found

/home/user/cmis.marketing.limited/tests/Unit/Models/AdPlatform/AdCampaignTest.php:336</error>
        </testcase>
        <testcase name="it_validates_status" file="/home/user/cmis.marketing.limited/tests/Unit/Models/AdPlatform/AdCampaignTest.php" line="160" class="Tests\Unit\Models\AdPlatform\AdCampaignTest" classname="Tests.Unit.Models.AdPlatform.AdCampaignTest" assertions="0" time="0.087190">
          <error type="Error">Tests\Unit\Models\AdPlatform\AdCampaignTest::it_validates_status
Error: Class "App\Models\Integration" not found

/home/user/cmis.marketing.limited/tests/Unit/Models/AdPlatform/AdCampaignTest.php:167</error>
        </testcase>
        <testcase name="it_respects_rls_policies" file="/home/user/cmis.marketing.limited/tests/Unit/Models/AdPlatform/AdCampaignTest.php" line="359" class="Tests\Unit\Models\AdPlatform\AdCampaignTest" classname="Tests.Unit.Models.AdPlatform.AdCampaignTest" assertions="0" time="0.063602">
          <error type="Error">Tests\Unit\Models\AdPlatform\AdCampaignTest::it_respects_rls_policies
Error: Class "App\Models\Integration" not found

/home/user/cmis.marketing.limited/tests/Unit/Models/AdPlatform/AdCampaignTest.php:371</error>
        </testcase>
        <testcase name="it_validates_objective" file="/home/user/cmis.marketing.limited/tests/Unit/Models/AdPlatform/AdCampaignTest.php" line="123" class="Tests\Unit\Models\AdPlatform\AdCampaignTest" classname="Tests.Unit.Models.AdPlatform.AdCampaignTest" assertions="0" time="0.068937">
          <error type="Error">Tests\Unit\Models\AdPlatform\AdCampaignTest::it_validates_objective
Error: Class "App\Models\Integration" not found

/home/user/cmis.marketing.limited/tests/Unit/Models/AdPlatform/AdCampaignTest.php:130</error>
        </testcase>
        <testcase name="it_can_create_an_ad_campaign" file="/home/user/cmis.marketing.limited/tests/Unit/Models/AdPlatform/AdCampaignTest.php" line="25" class="Tests\Unit\Models\AdPlatform\AdCampaignTest" classname="Tests.Unit.Models.AdPlatform.AdCampaignTest" assertions="0" time="0.064516">
          <error type="Error">Tests\Unit\Models\AdPlatform\AdCampaignTest::it_can_create_an_ad_campaign
Error: Class "App\Models\Integration" not found

/home/user/cmis.marketing.limited/tests/Unit/Models/AdPlatform/AdCampaignTest.php:32</error>
        </testcase>
        <testcase name="it_uses_uuid_as_primary_key" file="/home/user/cmis.marketing.limited/tests/Unit/Models/AdPlatform/AdCampaignTest.php" line="267" class="Tests\Unit\Models\AdPlatform\AdCampaignTest" classname="Tests.Unit.Models.AdPlatform.AdCampaignTest" assertions="0" time="0.066727">
          <error type="Error">Tests\Unit\Models\AdPlatform\AdCampaignTest::it_uses_uuid_as_primary_key
Error: Class "App\Models\Integration" not found

/home/user/cmis.marketing.limited/tests/Unit/Models/AdPlatform/AdCampaignTest.php:274</error>
        </testcase>
        <testcase name="it_can_be_soft_deleted" file="/home/user/cmis.marketing.limited/tests/Unit/Models/AdPlatform/AdCampaignTest.php" line="296" class="Tests\Unit\Models\AdPlatform\AdCampaignTest" classname="Tests.Unit.Models.AdPlatform.AdCampaignTest" assertions="0" time="0.067383">
          <error type="Error">Tests\Unit\Models\AdPlatform\AdCampaignTest::it_can_be_soft_deleted
Error: Class "App\Models\Integration" not found

/home/user/cmis.marketing.limited/tests/Unit/Models/AdPlatform/AdCampaignTest.php:303</error>
        </testcase>
        <testcase name="it_stores_budget_information" file="/home/user/cmis.marketing.limited/tests/Unit/Models/AdPlatform/AdCampaignTest.php" line="194" class="Tests\Unit\Models\AdPlatform\AdCampaignTest" classname="Tests.Unit.Models.AdPlatform.AdCampaignTest" assertions="0" time="0.093902">
          <error type="Error">Tests\Unit\Models\AdPlatform\AdCampaignTest::it_stores_budget_information
Error: Class "App\Models\Integration" not found

/home/user/cmis.marketing.limited/tests/Unit/Models/AdPlatform/AdCampaignTest.php:201</error>
        </testcase>
        <testcase name="it_validates_platform" file="/home/user/cmis.marketing.limited/tests/Unit/Models/AdPlatform/AdCampaignTest.php" line="87" class="Tests\Unit\Models\AdPlatform\AdCampaignTest" classname="Tests.Unit.Models.AdPlatform.AdCampaignTest" assertions="0" time="0.064282">
          <error type="Error">Tests\Unit\Models\AdPlatform\AdCampaignTest::it_validates_platform
Error: Class "App\Models\Integration" not found

/home/user/cmis.marketing.limited/tests/Unit/Models/AdPlatform/AdCampaignTest.php:94</error>
        </testcase>
      </testsuite>
      <testsuite name="Tests\Unit\Jobs\ExportCampaignDataJobTest" file="/home/user/cmis.marketing.limited/tests/Unit/Jobs/ExportCampaignDataJobTest.php" tests="8" assertions="0" errors="8" failures="0" skipped="0" time="2.505795">
        <testcase name="it_includes_campaign_analytics_in_export" file="/home/user/cmis.marketing.limited/tests/Unit/Jobs/ExportCampaignDataJobTest.php" line="200" class="Tests\Unit\Jobs\ExportCampaignDataJobTest" classname="Tests.Unit.Jobs.ExportCampaignDataJobTest" assertions="0" time="0.328464">
          <error type="Error">Tests\Unit\Jobs\ExportCampaignDataJobTest::it_includes_campaign_analytics_in_export
Error: Class "App\Jobs\Export\ExportCampaignDataJob" not found

/home/user/cmis.marketing.limited/tests/Unit/Jobs/ExportCampaignDataJobTest.php:221</error>
        </testcase>
        <testcase name="it_handles_large_datasets" file="/home/user/cmis.marketing.limited/tests/Unit/Jobs/ExportCampaignDataJobTest.php" line="268" class="Tests\Unit\Jobs\ExportCampaignDataJobTest" classname="Tests.Unit.Jobs.ExportCampaignDataJobTest" assertions="0" time="0.303675">
          <error type="Error">Tests\Unit\Jobs\ExportCampaignDataJobTest::it_handles_large_datasets
Error: Class "App\Jobs\Export\ExportCampaignDataJob" not found

/home/user/cmis.marketing.limited/tests/Unit/Jobs/ExportCampaignDataJobTest.php:289</error>
        </testcase>
        <testcase name="it_exports_campaign_data_to_excel" file="/home/user/cmis.marketing.limited/tests/Unit/Jobs/ExportCampaignDataJobTest.php" line="64" class="Tests\Unit\Jobs\ExportCampaignDataJobTest" classname="Tests.Unit.Jobs.ExportCampaignDataJobTest" assertions="0" time="0.298946">
          <error type="Error">Tests\Unit\Jobs\ExportCampaignDataJobTest::it_exports_campaign_data_to_excel
Error: Class "App\Jobs\Export\ExportCampaignDataJob" not found

/home/user/cmis.marketing.limited/tests/Unit/Jobs/ExportCampaignDataJobTest.php:85</error>
        </testcase>
        <testcase name="it_exports_campaign_data_to_csv" file="/home/user/cmis.marketing.limited/tests/Unit/Jobs/ExportCampaignDataJobTest.php" line="30" class="Tests\Unit\Jobs\ExportCampaignDataJobTest" classname="Tests.Unit.Jobs.ExportCampaignDataJobTest" assertions="0" time="0.332884">
          <error type="Error">Tests\Unit\Jobs\ExportCampaignDataJobTest::it_exports_campaign_data_to_csv
Error: Class "App\Jobs\Export\ExportCampaignDataJob" not found

/home/user/cmis.marketing.limited/tests/Unit/Jobs/ExportCampaignDataJobTest.php:51</error>
        </testcase>
        <testcase name="it_stores_export_file" file="/home/user/cmis.marketing.limited/tests/Unit/Jobs/ExportCampaignDataJobTest.php" line="166" class="Tests\Unit\Jobs\ExportCampaignDataJobTest" classname="Tests.Unit.Jobs.ExportCampaignDataJobTest" assertions="0" time="0.314799">
          <error type="Error">Tests\Unit\Jobs\ExportCampaignDataJobTest::it_stores_export_file
Error: Class "App\Jobs\Export\ExportCampaignDataJob" not found

/home/user/cmis.marketing.limited/tests/Unit/Jobs/ExportCampaignDataJobTest.php:187</error>
        </testcase>
        <testcase name="it_notifies_user_when_export_is_ready" file="/home/user/cmis.marketing.limited/tests/Unit/Jobs/ExportCampaignDataJobTest.php" line="234" class="Tests\Unit\Jobs\ExportCampaignDataJobTest" classname="Tests.Unit.Jobs.ExportCampaignDataJobTest" assertions="0" time="0.319222">
          <error type="Error">Tests\Unit\Jobs\ExportCampaignDataJobTest::it_notifies_user_when_export_is_ready
Error: Class "App\Jobs\Export\ExportCampaignDataJob" not found

/home/user/cmis.marketing.limited/tests/Unit/Jobs/ExportCampaignDataJobTest.php:255</error>
        </testcase>
        <testcase name="it_exports_campaign_data_to_json" file="/home/user/cmis.marketing.limited/tests/Unit/Jobs/ExportCampaignDataJobTest.php" line="98" class="Tests\Unit\Jobs\ExportCampaignDataJobTest" classname="Tests.Unit.Jobs.ExportCampaignDataJobTest" assertions="0" time="0.304607">
          <error type="Error">Tests\Unit\Jobs\ExportCampaignDataJobTest::it_exports_campaign_data_to_json
Error: Class "App\Jobs\Export\ExportCampaignDataJob" not found

/home/user/cmis.marketing.limited/tests/Unit/Jobs/ExportCampaignDataJobTest.php:119</error>
        </testcase>
        <testcase name="it_can_be_dispatched" file="/home/user/cmis.marketing.limited/tests/Unit/Jobs/ExportCampaignDataJobTest.php" line="132" class="Tests\Unit\Jobs\ExportCampaignDataJobTest" classname="Tests.Unit.Jobs.ExportCampaignDataJobTest" assertions="0" time="0.303198">
          <error type="Error">Tests\Unit\Jobs\ExportCampaignDataJobTest::it_can_be_dispatched
Error: Class "App\Jobs\Export\ExportCampaignDataJob" not found

/home/user/cmis.marketing.limited/tests/Unit/Jobs/ExportCampaignDataJobTest.php:155</error>
        </testcase>
      </testsuite>
      <testsuite name="Tests\Unit\Services\InstagramServiceTest" file="/home/user/cmis.marketing.limited/tests/Unit/Services/InstagramServiceTest.php" tests="12" assertions="0" errors="12" failures="0" skipped="0" time="3.808147">
        <testcase name="it_can_get_media_insights" file="/home/user/cmis.marketing.limited/tests/Unit/Services/InstagramServiceTest.php" line="172" class="Tests\Unit\Services\InstagramServiceTest" classname="Tests.Unit.Services.InstagramServiceTest" assertions="0" time="0.333784">
          <error type="Illuminate\Database\Eloquent\InvalidCastException">Tests\Unit\Services\InstagramServiceTest::it_can_get_media_insights
Illuminate\Database\Eloquent\InvalidCastException: Call to undefined cast [Illuminate\Database\Eloquent\Casts\Encrypted] on column [access_token] in model [App\Models\Core\Integration].

/home/user/cmis.marketing.limited/vendor/laravel/framework/src/Illuminate/Database/Eloquent/Concerns/HasAttributes.php:1768
/home/user/cmis.marketing.limited/vendor/laravel/framework/src/Illuminate/Database/Eloquent/Concerns/HasAttributes.php:1084
/home/user/cmis.marketing.limited/vendor/laravel/framework/src/Illuminate/Database/Eloquent/Model.php:619
/home/user/cmis.marketing.limited/vendor/laravel/framework/src/Illuminate/Database/Eloquent/Model.php:713
/home/user/cmis.marketing.limited/vendor/laravel/framework/src/Illuminate/Database/Eloquent/Builder.php:1747
/home/user/cmis.marketing.limited/vendor/laravel/framework/src/Illuminate/Database/Eloquent/Builder.php:1218
/home/user/cmis.marketing.limited/vendor/laravel/framework/src/Illuminate/Support/Traits/ForwardsCalls.php:23
/home/user/cmis.marketing.limited/vendor/laravel/framework/src/Illuminate/Database/Eloquent/Model.php:2540
/home/user/cmis.marketing.limited/vendor/laravel/framework/src/Illuminate/Database/Eloquent/Model.php:2556
/home/user/cmis.marketing.limited/tests/Traits/CreatesTestData.php:105
/home/user/cmis.marketing.limited/tests/Unit/Services/InstagramServiceTest.php:177</error>
        </testcase>
        <testcase name="it_can_get_comments" file="/home/user/cmis.marketing.limited/tests/Unit/Services/InstagramServiceTest.php" line="209" class="Tests\Unit\Services\InstagramServiceTest" classname="Tests.Unit.Services.InstagramServiceTest" assertions="0" time="0.318312">
          <error type="Illuminate\Database\Eloquent\InvalidCastException">Tests\Unit\Services\InstagramServiceTest::it_can_get_comments
Illuminate\Database\Eloquent\InvalidCastException: Call to undefined cast [Illuminate\Database\Eloquent\Casts\Encrypted] on column [access_token] in model [App\Models\Core\Integration].

/home/user/cmis.marketing.limited/vendor/laravel/framework/src/Illuminate/Database/Eloquent/Concerns/HasAttributes.php:1768
/home/user/cmis.marketing.limited/vendor/laravel/framework/src/Illuminate/Database/Eloquent/Concerns/HasAttributes.php:1084
/home/user/cmis.marketing.limited/vendor/laravel/framework/src/Illuminate/Database/Eloquent/Model.php:619
/home/user/cmis.marketing.limited/vendor/laravel/framework/src/Illuminate/Database/Eloquent/Model.php:713
/home/user/cmis.marketing.limited/vendor/laravel/framework/src/Illuminate/Database/Eloquent/Builder.php:1747
/home/user/cmis.marketing.limited/vendor/laravel/framework/src/Illuminate/Database/Eloquent/Builder.php:1218
/home/user/cmis.marketing.limited/vendor/laravel/framework/src/Illuminate/Support/Traits/ForwardsCalls.php:23
/home/user/cmis.marketing.limited/vendor/laravel/framework/src/Illuminate/Database/Eloquent/Model.php:2540
/home/user/cmis.marketing.limited/vendor/laravel/framework/src/Illuminate/Database/Eloquent/Model.php:2556
/home/user/cmis.marketing.limited/tests/Traits/CreatesTestData.php:105
/home/user/cmis.marketing.limited/tests/Unit/Services/InstagramServiceTest.php:214</error>
        </testcase>
        <testcase name="it_can_publish_feed_post" file="/home/user/cmis.marketing.limited/tests/Unit/Services/InstagramServiceTest.php" line="28" class="Tests\Unit\Services\InstagramServiceTest" classname="Tests.Unit.Services.InstagramServiceTest" assertions="0" time="0.302368">
          <error type="Illuminate\Database\Eloquent\InvalidCastException">Tests\Unit\Services\InstagramServiceTest::it_can_publish_feed_post
Illuminate\Database\Eloquent\InvalidCastException: Call to undefined cast [Illuminate\Database\Eloquent\Casts\Encrypted] on column [access_token] in model [App\Models\Core\Integration].

/home/user/cmis.marketing.limited/vendor/laravel/framework/src/Illuminate/Database/Eloquent/Concerns/HasAttributes.php:1768
/home/user/cmis.marketing.limited/vendor/laravel/framework/src/Illuminate/Database/Eloquent/Concerns/HasAttributes.php:1084
/home/user/cmis.marketing.limited/vendor/laravel/framework/src/Illuminate/Database/Eloquent/Model.php:619
/home/user/cmis.marketing.limited/vendor/laravel/framework/src/Illuminate/Database/Eloquent/Model.php:713
/home/user/cmis.marketing.limited/vendor/laravel/framework/src/Illuminate/Database/Eloquent/Builder.php:1747
/home/user/cmis.marketing.limited/vendor/laravel/framework/src/Illuminate/Database/Eloquent/Builder.php:1218
/home/user/cmis.marketing.limited/vendor/laravel/framework/src/Illuminate/Support/Traits/ForwardsCalls.php:23
/home/user/cmis.marketing.limited/vendor/laravel/framework/src/Illuminate/Database/Eloquent/Model.php:2540
/home/user/cmis.marketing.limited/vendor/laravel/framework/src/Illuminate/Database/Eloquent/Model.php:2556
/home/user/cmis.marketing.limited/tests/Traits/CreatesTestData.php:105
/home/user/cmis.marketing.limited/tests/Unit/Services/InstagramServiceTest.php:33</error>
        </testcase>
        <testcase name="it_can_get_account_insights" file="/home/user/cmis.marketing.limited/tests/Unit/Services/InstagramServiceTest.php" line="135" class="Tests\Unit\Services\InstagramServiceTest" classname="Tests.Unit.Services.InstagramServiceTest" assertions="0" time="0.310681">
          <error type="Illuminate\Database\Eloquent\InvalidCastException">Tests\Unit\Services\InstagramServiceTest::it_can_get_account_insights
Illuminate\Database\Eloquent\InvalidCastException: Call to undefined cast [Illuminate\Database\Eloquent\Casts\Encrypted] on column [access_token] in model [App\Models\Core\Integration].

/home/user/cmis.marketing.limited/vendor/laravel/framework/src/Illuminate/Database/Eloquent/Concerns/HasAttributes.php:1768
/home/user/cmis.marketing.limited/vendor/laravel/framework/src/Illuminate/Database/Eloquent/Concerns/HasAttributes.php:1084
/home/user/cmis.marketing.limited/vendor/laravel/framework/src/Illuminate/Database/Eloquent/Model.php:619
/home/user/cmis.marketing.limited/vendor/laravel/framework/src/Illuminate/Database/Eloquent/Model.php:713
/home/user/cmis.marketing.limited/vendor/laravel/framework/src/Illuminate/Database/Eloquent/Builder.php:1747
/home/user/cmis.marketing.limited/vendor/laravel/framework/src/Illuminate/Database/Eloquent/Builder.php:1218
/home/user/cmis.marketing.limited/vendor/laravel/framework/src/Illuminate/Support/Traits/ForwardsCalls.php:23
/home/user/cmis.marketing.limited/vendor/laravel/framework/src/Illuminate/Database/Eloquent/Model.php:2540
/home/user/cmis.marketing.limited/vendor/laravel/framework/src/Illuminate/Database/Eloquent/Model.php:2556
/home/user/cmis.marketing.limited/tests/Traits/CreatesTestData.php:105
/home/user/cmis.marketing.limited/tests/Unit/Services/InstagramServiceTest.php:140</error>
        </testcase>
        <testcase name="it_can_publish_reel" file="/home/user/cmis.marketing.limited/tests/Unit/Services/InstagramServiceTest.php" line="79" class="Tests\Unit\Services\InstagramServiceTest" classname="Tests.Unit.Services.InstagramServiceTest" assertions="0" time="0.315900">
          <error type="Illuminate\Database\Eloquent\InvalidCastException">Tests\Unit\Services\InstagramServiceTest::it_can_publish_reel
Illuminate\Database\Eloquent\InvalidCastException: Call to undefined cast [Illuminate\Database\Eloquent\Casts\Encrypted] on column [access_token] in model [App\Models\Core\Integration].

/home/user/cmis.marketing.limited/vendor/laravel/framework/src/Illuminate/Database/Eloquent/Concerns/HasAttributes.php:1768
/home/user/cmis.marketing.limited/vendor/laravel/framework/src/Illuminate/Database/Eloquent/Concerns/HasAttributes.php:1084
/home/user/cmis.marketing.limited/vendor/laravel/framework/src/Illuminate/Database/Eloquent/Model.php:619
/home/user/cmis.marketing.limited/vendor/laravel/framework/src/Illuminate/Database/Eloquent/Model.php:713
/home/user/cmis.marketing.limited/vendor/laravel/framework/src/Illuminate/Database/Eloquent/Builder.php:1747
/home/user/cmis.marketing.limited/vendor/laravel/framework/src/Illuminate/Database/Eloquent/Builder.php:1218
/home/user/cmis.marketing.limited/vendor/laravel/framework/src/Illuminate/Support/Traits/ForwardsCalls.php:23
/home/user/cmis.marketing.limited/vendor/laravel/framework/src/Illuminate/Database/Eloquent/Model.php:2540
/home/user/cmis.marketing.limited/vendor/laravel/framework/src/Illuminate/Database/Eloquent/Model.php:2556
/home/user/cmis.marketing.limited/tests/Traits/CreatesTestData.php:105
/home/user/cmis.marketing.limited/tests/Unit/Services/InstagramServiceTest.php:84</error>
        </testcase>
        <testcase name="it_can_publish_carousel" file="/home/user/cmis.marketing.limited/tests/Unit/Services/InstagramServiceTest.php" line="106" class="Tests\Unit\Services\InstagramServiceTest" classname="Tests.Unit.Services.InstagramServiceTest" assertions="0" time="0.350487">
          <error type="Illuminate\Database\Eloquent\InvalidCastException">Tests\Unit\Services\InstagramServiceTest::it_can_publish_carousel
Illuminate\Database\Eloquent\InvalidCastException: Call to undefined cast [Illuminate\Database\Eloquent\Casts\Encrypted] on column [access_token] in model [App\Models\Core\Integration].

/home/user/cmis.marketing.limited/vendor/laravel/framework/src/Illuminate/Database/Eloquent/Concerns/HasAttributes.php:1768
/home/user/cmis.marketing.limited/vendor/laravel/framework/src/Illuminate/Database/Eloquent/Concerns/HasAttributes.php:1084
/home/user/cmis.marketing.limited/vendor/laravel/framework/src/Illuminate/Database/Eloquent/Model.php:619
/home/user/cmis.marketing.limited/vendor/laravel/framework/src/Illuminate/Database/Eloquent/Model.php:713
/home/user/cmis.marketing.limited/vendor/laravel/framework/src/Illuminate/Database/Eloquent/Builder.php:1747
/home/user/cmis.marketing.limited/vendor/laravel/framework/src/Illuminate/Database/Eloquent/Builder.php:1218
/home/user/cmis.marketing.limited/vendor/laravel/framework/src/Illuminate/Support/Traits/ForwardsCalls.php:23
/home/user/cmis.marketing.limited/vendor/laravel/framework/src/Illuminate/Database/Eloquent/Model.php:2540
/home/user/cmis.marketing.limited/vendor/laravel/framework/src/Illuminate/Database/Eloquent/Model.php:2556
/home/user/cmis.marketing.limited/tests/Traits/CreatesTestData.php:105
/home/user/cmis.marketing.limited/tests/Unit/Services/InstagramServiceTest.php:111</error>
        </testcase>
        <testcase name="it_can_publish_story" file="/home/user/cmis.marketing.limited/tests/Unit/Services/InstagramServiceTest.php" line="54" class="Tests\Unit\Services\InstagramServiceTest" classname="Tests.Unit.Services.InstagramServiceTest" assertions="0" time="0.308764">
          <error type="Illuminate\Database\Eloquent\InvalidCastException">Tests\Unit\Services\InstagramServiceTest::it_can_publish_story
Illuminate\Database\Eloquent\InvalidCastException: Call to undefined cast [Illuminate\Database\Eloquent\Casts\Encrypted] on column [access_token] in model [App\Models\Core\Integration].

/home/user/cmis.marketing.limited/vendor/laravel/framework/src/Illuminate/Database/Eloquent/Concerns/HasAttributes.php:1768
/home/user/cmis.marketing.limited/vendor/laravel/framework/src/Illuminate/Database/Eloquent/Concerns/HasAttributes.php:1084
/home/user/cmis.marketing.limited/vendor/laravel/framework/src/Illuminate/Database/Eloquent/Model.php:619
/home/user/cmis.marketing.limited/vendor/laravel/framework/src/Illuminate/Database/Eloquent/Model.php:713
/home/user/cmis.marketing.limited/vendor/laravel/framework/src/Illuminate/Database/Eloquent/Builder.php:1747
/home/user/cmis.marketing.limited/vendor/laravel/framework/src/Illuminate/Database/Eloquent/Builder.php:1218
/home/user/cmis.marketing.limited/vendor/laravel/framework/src/Illuminate/Support/Traits/ForwardsCalls.php:23
/home/user/cmis.marketing.limited/vendor/laravel/framework/src/Illuminate/Database/Eloquent/Model.php:2540
/home/user/cmis.marketing.limited/vendor/laravel/framework/src/Illuminate/Database/Eloquent/Model.php:2556
/home/user/cmis.marketing.limited/tests/Traits/CreatesTestData.php:105
/home/user/cmis.marketing.limited/tests/Unit/Services/InstagramServiceTest.php:59</error>
        </testcase>
        <testcase name="it_handles_rate_limiting" file="/home/user/cmis.marketing.limited/tests/Unit/Services/InstagramServiceTest.php" line="341" class="Tests\Unit\Services\InstagramServiceTest" classname="Tests.Unit.Services.InstagramServiceTest" assertions="0" time="0.304879">
          <error type="Illuminate\Database\Eloquent\InvalidCastException">Tests\Unit\Services\InstagramServiceTest::it_handles_rate_limiting
Illuminate\Database\Eloquent\InvalidCastException: Call to undefined cast [Illuminate\Database\Eloquent\Casts\Encrypted] on column [access_token] in model [App\Models\Core\Integration].

/home/user/cmis.marketing.limited/vendor/laravel/framework/src/Illuminate/Database/Eloquent/Concerns/HasAttributes.php:1768
/home/user/cmis.marketing.limited/vendor/laravel/framework/src/Illuminate/Database/Eloquent/Concerns/HasAttributes.php:1084
/home/user/cmis.marketing.limited/vendor/laravel/framework/src/Illuminate/Database/Eloquent/Model.php:619
/home/user/cmis.marketing.limited/vendor/laravel/framework/src/Illuminate/Database/Eloquent/Model.php:713
/home/user/cmis.marketing.limited/vendor/laravel/framework/src/Illuminate/Database/Eloquent/Builder.php:1747
/home/user/cmis.marketing.limited/vendor/laravel/framework/src/Illuminate/Database/Eloquent/Builder.php:1218
/home/user/cmis.marketing.limited/vendor/laravel/framework/src/Illuminate/Support/Traits/ForwardsCalls.php:23
/home/user/cmis.marketing.limited/vendor/laravel/framework/src/Illuminate/Database/Eloquent/Model.php:2540
/home/user/cmis.marketing.limited/vendor/laravel/framework/src/Illuminate/Database/Eloquent/Model.php:2556
/home/user/cmis.marketing.limited/tests/Traits/CreatesTestData.php:105
/home/user/cmis.marketing.limited/tests/Unit/Services/InstagramServiceTest.php:346</error>
        </testcase>
        <testcase name="it_can_reply_to_comment" file="/home/user/cmis.marketing.limited/tests/Unit/Services/InstagramServiceTest.php" line="245" class="Tests\Unit\Services\InstagramServiceTest" classname="Tests.Unit.Services.InstagramServiceTest" assertions="0" time="0.302686">
          <error type="Illuminate\Database\Eloquent\InvalidCastException">Tests\Unit\Services\InstagramServiceTest::it_can_reply_to_comment
Illuminate\Database\Eloquent\InvalidCastException: Call to undefined cast [Illuminate\Database\Eloquent\Casts\Encrypted] on column [access_token] in model [App\Models\Core\Integration].

/home/user/cmis.marketing.limited/vendor/laravel/framework/src/Illuminate/Database/Eloquent/Concerns/HasAttributes.php:1768
/home/user/cmis.marketing.limited/vendor/laravel/framework/src/Illuminate/Database/Eloquent/Concerns/HasAttributes.php:1084
/home/user/cmis.marketing.limited/vendor/laravel/framework/src/Illuminate/Database/Eloquent/Model.php:619
/home/user/cmis.marketing.limited/vendor/laravel/framework/src/Illuminate/Database/Eloquent/Model.php:713
/home/user/cmis.marketing.limited/vendor/laravel/framework/src/Illuminate/Database/Eloquent/Builder.php:1747
/home/user/cmis.marketing.limited/vendor/laravel/framework/src/Illuminate/Database/Eloquent/Builder.php:1218
/home/user/cmis.marketing.limited/vendor/laravel/framework/src/Illuminate/Support/Traits/ForwardsCalls.php:23
/home/user/cmis.marketing.limited/vendor/laravel/framework/src/Illuminate/Database/Eloquent/Model.php:2540
/home/user/cmis.marketing.limited/vendor/laravel/framework/src/Illuminate/Database/Eloquent/Model.php:2556
/home/user/cmis.marketing.limited/tests/Traits/CreatesTestData.php:105
/home/user/cmis.marketing.limited/tests/Unit/Services/InstagramServiceTest.php:250</error>
        </testcase>
        <testcase name="it_can_get_hashtag_search" file="/home/user/cmis.marketing.limited/tests/Unit/Services/InstagramServiceTest.php" line="289" class="Tests\Unit\Services\InstagramServiceTest" classname="Tests.Unit.Services.InstagramServiceTest" assertions="0" time="0.311826">
          <error type="Illuminate\Database\Eloquent\InvalidCastException">Tests\Unit\Services\InstagramServiceTest::it_can_get_hashtag_search
Illuminate\Database\Eloquent\InvalidCastException: Call to undefined cast [Illuminate\Database\Eloquent\Casts\Encrypted] on column [access_token] in model [App\Models\Core\Integration].

/home/user/cmis.marketing.limited/vendor/laravel/framework/src/Illuminate/Database/Eloquent/Concerns/HasAttributes.php:1768
/home/user/cmis.marketing.limited/vendor/laravel/framework/src/Illuminate/Database/Eloquent/Concerns/HasAttributes.php:1084
/home/user/cmis.marketing.limited/vendor/laravel/framework/src/Illuminate/Database/Eloquent/Model.php:619
/home/user/cmis.marketing.limited/vendor/laravel/framework/src/Illuminate/Database/Eloquent/Model.php:713
/home/user/cmis.marketing.limited/vendor/laravel/framework/src/Illuminate/Database/Eloquent/Builder.php:1747
/home/user/cmis.marketing.limited/vendor/laravel/framework/src/Illuminate/Database/Eloquent/Builder.php:1218
/home/user/cmis.marketing.limited/vendor/laravel/framework/src/Illuminate/Support/Traits/ForwardsCalls.php:23
/home/user/cmis.marketing.limited/vendor/laravel/framework/src/Illuminate/Database/Eloquent/Model.php:2540
/home/user/cmis.marketing.limited/vendor/laravel/framework/src/Illuminate/Database/Eloquent/Model.php:2556
/home/user/cmis.marketing.limited/tests/Traits/CreatesTestData.php:105
/home/user/cmis.marketing.limited/tests/Unit/Services/InstagramServiceTest.php:294</error>
        </testcase>
        <testcase name="it_handles_api_errors_gracefully" file="/home/user/cmis.marketing.limited/tests/Unit/Services/InstagramServiceTest.php" line="317" class="Tests\Unit\Services\InstagramServiceTest" classname="Tests.Unit.Services.InstagramServiceTest" assertions="0" time="0.313915">
          <error type="Illuminate\Database\Eloquent\InvalidCastException">Tests\Unit\Services\InstagramServiceTest::it_handles_api_errors_gracefully
Illuminate\Database\Eloquent\InvalidCastException: Call to undefined cast [Illuminate\Database\Eloquent\Casts\Encrypted] on column [access_token] in model [App\Models\Core\Integration].

/home/user/cmis.marketing.limited/vendor/laravel/framework/src/Illuminate/Database/Eloquent/Concerns/HasAttributes.php:1768
/home/user/cmis.marketing.limited/vendor/laravel/framework/src/Illuminate/Database/Eloquent/Concerns/HasAttributes.php:1084
/home/user/cmis.marketing.limited/vendor/laravel/framework/src/Illuminate/Database/Eloquent/Model.php:619
/home/user/cmis.marketing.limited/vendor/laravel/framework/src/Illuminate/Database/Eloquent/Model.php:713
/home/user/cmis.marketing.limited/vendor/laravel/framework/src/Illuminate/Database/Eloquent/Builder.php:1747
/home/user/cmis.marketing.limited/vendor/laravel/framework/src/Illuminate/Database/Eloquent/Builder.php:1218
/home/user/cmis.marketing.limited/vendor/laravel/framework/src/Illuminate/Support/Traits/ForwardsCalls.php:23
/home/user/cmis.marketing.limited/vendor/laravel/framework/src/Illuminate/Database/Eloquent/Model.php:2540
/home/user/cmis.marketing.limited/vendor/laravel/framework/src/Illuminate/Database/Eloquent/Model.php:2556
/home/user/cmis.marketing.limited/tests/Traits/CreatesTestData.php:105
/home/user/cmis.marketing.limited/tests/Unit/Services/InstagramServiceTest.php:322</error>
        </testcase>
        <testcase name="it_can_delete_comment" file="/home/user/cmis.marketing.limited/tests/Unit/Services/InstagramServiceTest.php" line="267" class="Tests\Unit\Services\InstagramServiceTest" classname="Tests.Unit.Services.InstagramServiceTest" assertions="0" time="0.334544">
          <error type="Illuminate\Database\Eloquent\InvalidCastException">Tests\Unit\Services\InstagramServiceTest::it_can_delete_comment
Illuminate\Database\Eloquent\InvalidCastException: Call to undefined cast [Illuminate\Database\Eloquent\Casts\Encrypted] on column [access_token] in model [App\Models\Core\Integration].

/home/user/cmis.marketing.limited/vendor/laravel/framework/src/Illuminate/Database/Eloquent/Concerns/HasAttributes.php:1768
/home/user/cmis.marketing.limited/vendor/laravel/framework/src/Illuminate/Database/Eloquent/Concerns/HasAttributes.php:1084
/home/user/cmis.marketing.limited/vendor/laravel/framework/src/Illuminate/Database/Eloquent/Model.php:619
/home/user/cmis.marketing.limited/vendor/laravel/framework/src/Illuminate/Database/Eloquent/Model.php:713
/home/user/cmis.marketing.limited/vendor/laravel/framework/src/Illuminate/Database/Eloquent/Builder.php:1747
/home/user/cmis.marketing.limited/vendor/laravel/framework/src/Illuminate/Database/Eloquent/Builder.php:1218
/home/user/cmis.marketing.limited/vendor/laravel/framework/src/Illuminate/Support/Traits/ForwardsCalls.php:23
/home/user/cmis.marketing.limited/vendor/laravel/framework/src/Illuminate/Database/Eloquent/Model.php:2540
/home/user/cmis.marketing.limited/vendor/laravel/framework/src/Illuminate/Database/Eloquent/Model.php:2556
/home/user/cmis.marketing.limited/tests/Traits/CreatesTestData.php:105
/home/user/cmis.marketing.limited/tests/Unit/Services/InstagramServiceTest.php:272</error>
        </testcase>
      </testsuite>
      <testsuite name="Tests\Unit\Commands\GenerateReportsCommandTest" file="/home/user/cmis.marketing.limited/tests/Unit/Commands/GenerateReportsCommandTest.php" tests="10" assertions="11" errors="0" failures="0" skipped="0" time="0.805394">
        <testcase name="it_limits_batch_size" file="/home/user/cmis.marketing.limited/tests/Unit/Commands/GenerateReportsCommandTest.php" line="137" class="Tests\Unit\Commands\GenerateReportsCommandTest" classname="Tests.Unit.Commands.GenerateReportsCommandTest" assertions="1" time="0.093953"/>
        <testcase name="it_updates_report_status" file="/home/user/cmis.marketing.limited/tests/Unit/Commands/GenerateReportsCommandTest.php" line="189" class="Tests\Unit\Commands\GenerateReportsCommandTest" classname="Tests.Unit.Commands.GenerateReportsCommandTest" assertions="2" time="0.066320"/>
        <testcase name="it_respects_org_isolation" file="/home/user/cmis.marketing.limited/tests/Unit/Commands/GenerateReportsCommandTest.php" line="242" class="Tests\Unit\Commands\GenerateReportsCommandTest" classname="Tests.Unit.Commands.GenerateReportsCommandTest" assertions="1" time="0.072353"/>
        <testcase name="it_generates_specific_report_type" file="/home/user/cmis.marketing.limited/tests/Unit/Commands/GenerateReportsCommandTest.php" line="50" class="Tests\Unit\Commands\GenerateReportsCommandTest" classname="Tests.Unit.Commands.GenerateReportsCommandTest" assertions="1" time="0.094969"/>
        <testcase name="it_shows_verbose_output" file="/home/user/cmis.marketing.limited/tests/Unit/Commands/GenerateReportsCommandTest.php" line="100" class="Tests\Unit\Commands\GenerateReportsCommandTest" classname="Tests.Unit.Commands.GenerateReportsCommandTest" assertions="1" time="0.073434"/>
        <testcase name="it_generates_reports_for_specific_org" file="/home/user/cmis.marketing.limited/tests/Unit/Commands/GenerateReportsCommandTest.php" line="75" class="Tests\Unit\Commands\GenerateReportsCommandTest" classname="Tests.Unit.Commands.GenerateReportsCommandTest" assertions="1" time="0.072464"/>
        <testcase name="it_handles_generation_errors" file="/home/user/cmis.marketing.limited/tests/Unit/Commands/GenerateReportsCommandTest.php" line="217" class="Tests\Unit\Commands\GenerateReportsCommandTest" classname="Tests.Unit.Commands.GenerateReportsCommandTest" assertions="1" time="0.067893"/>
        <testcase name="it_handles_no_pending_reports" file="/home/user/cmis.marketing.limited/tests/Unit/Commands/GenerateReportsCommandTest.php" line="125" class="Tests\Unit\Commands\GenerateReportsCommandTest" classname="Tests.Unit.Commands.GenerateReportsCommandTest" assertions="1" time="0.095440"/>
        <testcase name="it_supports_dry_run_mode" file="/home/user/cmis.marketing.limited/tests/Unit/Commands/GenerateReportsCommandTest.php" line="164" class="Tests\Unit\Commands\GenerateReportsCommandTest" classname="Tests.Unit.Commands.GenerateReportsCommandTest" assertions="1" time="0.091537"/>
        <testcase name="it_generates_pending_reports" file="/home/user/cmis.marketing.limited/tests/Unit/Commands/GenerateReportsCommandTest.php" line="25" class="Tests\Unit\Commands\GenerateReportsCommandTest" classname="Tests.Unit.Commands.GenerateReportsCommandTest" assertions="1" time="0.077030"/>
      </testsuite>
      <testsuite name="Tests\Unit\Listeners\SendCampaignNotificationListenerTest" file="/home/user/cmis.marketing.limited/tests/Unit/Listeners/SendCampaignNotificationListenerTest.php" tests="4" assertions="1" errors="3" failures="0" skipped="0" time="0.546293">
        <testcase name="it_handles_errors_gracefully" file="/home/user/cmis.marketing.limited/tests/Unit/Listeners/SendCampaignNotificationListenerTest.php" line="122" class="Tests\Unit\Listeners\SendCampaignNotificationListenerTest" classname="Tests.Unit.Listeners.SendCampaignNotificationListenerTest" assertions="0" time="0.074731">
          <error type="TypeError">Tests\Unit\Listeners\SendCampaignNotificationListenerTest::it_handles_errors_gracefully
TypeError: App\Events\Campaign\CampaignCreated::__construct(): Argument #1 ($campaign) must be of type App\Models\AdPlatform\AdCampaign, App\Models\Core\Campaign given, called in /home/user/cmis.marketing.limited/tests/Unit/Listeners/SendCampaignNotificationListenerTest.php on line 136

/home/user/cmis.marketing.limited/app/Events/Campaign/CampaignCreated.php:14
/home/user/cmis.marketing.limited/tests/Unit/Listeners/SendCampaignNotificationListenerTest.php:136</error>
        </testcase>
        <testcase name="it_handles_event_correctly" file="/home/user/cmis.marketing.limited/tests/Unit/Listeners/SendCampaignNotificationListenerTest.php" line="71" class="Tests\Unit\Listeners\SendCampaignNotificationListenerTest" classname="Tests.Unit.Listeners.SendCampaignNotificationListenerTest" assertions="0" time="0.107358">
          <error type="TypeError">Tests\Unit\Listeners\SendCampaignNotificationListenerTest::it_handles_event_correctly
TypeError: App\Events\Campaign\CampaignCreated::__construct(): Argument #1 ($campaign) must be of type App\Models\AdPlatform\AdCampaign, App\Models\Core\Campaign given, called in /home/user/cmis.marketing.limited/tests/Unit/Listeners/SendCampaignNotificationListenerTest.php on line 85

/home/user/cmis.marketing.limited/app/Events/Campaign/CampaignCreated.php:14
/home/user/cmis.marketing.limited/tests/Unit/Listeners/SendCampaignNotificationListenerTest.php:85</error>
        </testcase>
        <testcase name="it_sends_notification_when_campaign_is_created" file="/home/user/cmis.marketing.limited/tests/Unit/Listeners/SendCampaignNotificationListenerTest.php" line="32" class="Tests\Unit\Listeners\SendCampaignNotificationListenerTest" classname="Tests.Unit.Listeners.SendCampaignNotificationListenerTest" assertions="0" time="0.299055">
          <error type="TypeError">Tests\Unit\Listeners\SendCampaignNotificationListenerTest::it_sends_notification_when_campaign_is_created
TypeError: App\Events\Campaign\CampaignCreated::__construct(): Argument #1 ($campaign) must be of type App\Models\AdPlatform\AdCampaign, App\Models\Core\Campaign given, called in /home/user/cmis.marketing.limited/tests/Unit/Listeners/SendCampaignNotificationListenerTest.php on line 56

/home/user/cmis.marketing.limited/app/Events/Campaign/CampaignCreated.php:14
/home/user/cmis.marketing.limited/tests/Unit/Listeners/SendCampaignNotificationListenerTest.php:56</error>
        </testcase>
        <testcase name="it_can_be_queued" file="/home/user/cmis.marketing.limited/tests/Unit/Listeners/SendCampaignNotificationListenerTest.php" line="103" class="Tests\Unit\Listeners\SendCampaignNotificationListenerTest" classname="Tests.Unit.Listeners.SendCampaignNotificationListenerTest" assertions="1" time="0.065150"/>
      </testsuite>
      <testsuite name="Tests\Unit\Models\Other\SegmentTest" file="/home/user/cmis.marketing.limited/tests/Unit/Models/Other/SegmentTest.php" tests="11" assertions="19" errors="0" failures="0" skipped="0" time="0.843353">
        <testcase name="it_uses_soft_deletes" file="/home/user/cmis.marketing.limited/tests/Unit/Models/Other/SegmentTest.php" line="177" class="Tests\Unit\Models\Other\SegmentTest" classname="Tests.Unit.Models.Other.SegmentTest" assertions="2" time="0.071708"/>
        <testcase name="it_can_scope_by_org" file="/home/user/cmis.marketing.limited/tests/Unit/Models/Other/SegmentTest.php" line="203" class="Tests\Unit\Models\Other\SegmentTest" classname="Tests.Unit.Models.Other.SegmentTest" assertions="1" time="0.071852"/>
        <testcase name="it_belongs_to_org" file="/home/user/cmis.marketing.limited/tests/Unit/Models/Other/SegmentTest.php" line="50" class="Tests\Unit\Models\Other\SegmentTest" classname="Tests.Unit.Models.Other.SegmentTest" assertions="1" time="0.101034"/>
        <testcase name="it_tracks_provider" file="/home/user/cmis.marketing.limited/tests/Unit/Models/Other/SegmentTest.php" line="150" class="Tests\Unit\Models\Other\SegmentTest" classname="Tests.Unit.Models.Other.SegmentTest" assertions="4" time="0.070537"/>
        <testcase name="it_can_store_complex_persona" file="/home/user/cmis.marketing.limited/tests/Unit/Models/Other/SegmentTest.php" line="293" class="Tests\Unit\Models\Other\SegmentTest" classname="Tests.Unit.Models.Other.SegmentTest" assertions="3" time="0.077980"/>
        <testcase name="it_can_create_segment" file="/home/user/cmis.marketing.limited/tests/Unit/Models/Other/SegmentTest.php" line="24" class="Tests\Unit\Models\Other\SegmentTest" classname="Tests.Unit.Models.Other.SegmentTest" assertions="1" time="0.071618"/>
        <testcase name="it_supports_arabic_names" file="/home/user/cmis.marketing.limited/tests/Unit/Models/Other/SegmentTest.php" line="103" class="Tests\Unit\Models\Other\SegmentTest" classname="Tests.Unit.Models.Other.SegmentTest" assertions="2" time="0.065398"/>
        <testcase name="it_stores_persona_data" file="/home/user/cmis.marketing.limited/tests/Unit/Models/Other/SegmentTest.php" line="72" class="Tests\Unit\Models\Other\SegmentTest" classname="Tests.Unit.Models.Other.SegmentTest" assertions="2" time="0.072275"/>
        <testcase name="it_can_have_notes" file="/home/user/cmis.marketing.limited/tests/Unit/Models/Other/SegmentTest.php" line="127" class="Tests\Unit\Models\Other\SegmentTest" classname="Tests.Unit.Models.Other.SegmentTest" assertions="1" time="0.102330"/>
        <testcase name="it_uses_uuid_as_primary_key" file="/home/user/cmis.marketing.limited/tests/Unit/Models/Other/SegmentTest.php" line="237" class="Tests\Unit\Models\Other\SegmentTest" classname="Tests.Unit.Models.Other.SegmentTest" assertions="1" time="0.068220"/>
        <testcase name="it_respects_rls_policies" file="/home/user/cmis.marketing.limited/tests/Unit/Models/Other/SegmentTest.php" line="259" class="Tests\Unit\Models\Other\SegmentTest" classname="Tests.Unit.Models.Other.SegmentTest" assertions="1" time="0.070401"/>
      </testsuite>
      <testsuite name="Tests\Unit\Jobs\ProcessLeadsJobTest" file="/home/user/cmis.marketing.limited/tests/Unit/Jobs/ProcessLeadsJobTest.php" tests="12" assertions="0" errors="12" failures="0" skipped="0" time="0.843839">
        <testcase name="it_can_be_dispatched" file="/home/user/cmis.marketing.limited/tests/Unit/Jobs/ProcessLeadsJobTest.php" line="206" class="Tests\Unit\Jobs\ProcessLeadsJobTest" classname="Tests.Unit.Jobs.ProcessLeadsJobTest" assertions="0" time="0.071976">
          <error type="Error">Tests\Unit\Jobs\ProcessLeadsJobTest::it_can_be_dispatched
Error: Class "App\Models\Lead\Lead" not found

/home/user/cmis.marketing.limited/tests/Unit/Jobs/ProcessLeadsJobTest.php:215</error>
        </testcase>
        <testcase name="it_categorizes_leads_by_source" file="/home/user/cmis.marketing.limited/tests/Unit/Jobs/ProcessLeadsJobTest.php" line="263" class="Tests\Unit\Jobs\ProcessLeadsJobTest" classname="Tests.Unit.Jobs.ProcessLeadsJobTest" assertions="0" time="0.065331">
          <error type="Error">Tests\Unit\Jobs\ProcessLeadsJobTest::it_categorizes_leads_by_source
Error: Class "App\Models\Lead\Lead" not found

/home/user/cmis.marketing.limited/tests/Unit/Jobs/ProcessLeadsJobTest.php:270</error>
        </testcase>
        <testcase name="it_detects_duplicate_leads" file="/home/user/cmis.marketing.limited/tests/Unit/Jobs/ProcessLeadsJobTest.php" line="141" class="Tests\Unit\Jobs\ProcessLeadsJobTest" classname="Tests.Unit.Jobs.ProcessLeadsJobTest" assertions="0" time="0.109691">
          <error type="Error">Tests\Unit\Jobs\ProcessLeadsJobTest::it_detects_duplicate_leads
Error: Class "App\Models\Lead\Lead" not found

/home/user/cmis.marketing.limited/tests/Unit/Jobs/ProcessLeadsJobTest.php:148</error>
        </testcase>
        <testcase name="it_enriches_lead_data" file="/home/user/cmis.marketing.limited/tests/Unit/Jobs/ProcessLeadsJobTest.php" line="85" class="Tests\Unit\Jobs\ProcessLeadsJobTest" classname="Tests.Unit.Jobs.ProcessLeadsJobTest" assertions="0" time="0.068338">
          <error type="Error">Tests\Unit\Jobs\ProcessLeadsJobTest::it_enriches_lead_data
Error: Class "App\Models\Lead\Lead" not found

/home/user/cmis.marketing.limited/tests/Unit/Jobs/ProcessLeadsJobTest.php:92</error>
        </testcase>
        <testcase name="it_validates_lead_email" file="/home/user/cmis.marketing.limited/tests/Unit/Jobs/ProcessLeadsJobTest.php" line="113" class="Tests\Unit\Jobs\ProcessLeadsJobTest" classname="Tests.Unit.Jobs.ProcessLeadsJobTest" assertions="0" time="0.062772">
          <error type="Error">Tests\Unit\Jobs\ProcessLeadsJobTest::it_validates_lead_email
Error: Class "App\Models\Lead\Lead" not found

/home/user/cmis.marketing.limited/tests/Unit/Jobs/ProcessLeadsJobTest.php:120</error>
        </testcase>
        <testcase name="it_assigns_lead_score" file="/home/user/cmis.marketing.limited/tests/Unit/Jobs/ProcessLeadsJobTest.php" line="55" class="Tests\Unit\Jobs\ProcessLeadsJobTest" classname="Tests.Unit.Jobs.ProcessLeadsJobTest" assertions="0" time="0.062167">
          <error type="Error">Tests\Unit\Jobs\ProcessLeadsJobTest::it_assigns_lead_score
Error: Class "App\Models\Lead\Lead" not found

/home/user/cmis.marketing.limited/tests/Unit/Jobs/ProcessLeadsJobTest.php:62</error>
        </testcase>
        <testcase name="it_updates_lead_status" file="/home/user/cmis.marketing.limited/tests/Unit/Jobs/ProcessLeadsJobTest.php" line="292" class="Tests\Unit\Jobs\ProcessLeadsJobTest" classname="Tests.Unit.Jobs.ProcessLeadsJobTest" assertions="0" time="0.059962">
          <error type="Error">Tests\Unit\Jobs\ProcessLeadsJobTest::it_updates_lead_status
Error: Class "App\Models\Lead\Lead" not found

/home/user/cmis.marketing.limited/tests/Unit/Jobs/ProcessLeadsJobTest.php:299</error>
        </testcase>
        <testcase name="it_assigns_to_campaign" file="/home/user/cmis.marketing.limited/tests/Unit/Jobs/ProcessLeadsJobTest.php" line="177" class="Tests\Unit\Jobs\ProcessLeadsJobTest" classname="Tests.Unit.Jobs.ProcessLeadsJobTest" assertions="0" time="0.100811">
          <error type="Error">Tests\Unit\Jobs\ProcessLeadsJobTest::it_assigns_to_campaign
Error: Class "App\Models\Lead\Lead" not found

/home/user/cmis.marketing.limited/tests/Unit/Jobs/ProcessLeadsJobTest.php:184</error>
        </testcase>
        <testcase name="it_processes_new_leads" file="/home/user/cmis.marketing.limited/tests/Unit/Jobs/ProcessLeadsJobTest.php" line="28" class="Tests\Unit\Jobs\ProcessLeadsJobTest" classname="Tests.Unit.Jobs.ProcessLeadsJobTest" assertions="0" time="0.060917">
          <error type="Error">Tests\Unit\Jobs\ProcessLeadsJobTest::it_processes_new_leads
Error: Class "App\Models\Lead\Lead" not found

/home/user/cmis.marketing.limited/tests/Unit/Jobs/ProcessLeadsJobTest.php:35</error>
        </testcase>
        <testcase name="it_sends_notification_to_sales_team" file="/home/user/cmis.marketing.limited/tests/Unit/Jobs/ProcessLeadsJobTest.php" line="234" class="Tests\Unit\Jobs\ProcessLeadsJobTest" classname="Tests.Unit.Jobs.ProcessLeadsJobTest" assertions="0" time="0.057729">
          <error type="Error">Tests\Unit\Jobs\ProcessLeadsJobTest::it_sends_notification_to_sales_team
Error: Class "App\Models\Lead\Lead" not found

/home/user/cmis.marketing.limited/tests/Unit/Jobs/ProcessLeadsJobTest.php:241</error>
        </testcase>
        <testcase name="it_tracks_processing_time" file="/home/user/cmis.marketing.limited/tests/Unit/Jobs/ProcessLeadsJobTest.php" line="350" class="Tests\Unit\Jobs\ProcessLeadsJobTest" classname="Tests.Unit.Jobs.ProcessLeadsJobTest" assertions="0" time="0.062418">
          <error type="Error">Tests\Unit\Jobs\ProcessLeadsJobTest::it_tracks_processing_time
Error: Class "App\Models\Lead\Lead" not found

/home/user/cmis.marketing.limited/tests/Unit/Jobs/ProcessLeadsJobTest.php:357</error>
        </testcase>
        <testcase name="it_handles_bulk_processing" file="/home/user/cmis.marketing.limited/tests/Unit/Jobs/ProcessLeadsJobTest.php" line="319" class="Tests\Unit\Jobs\ProcessLeadsJobTest" classname="Tests.Unit.Jobs.ProcessLeadsJobTest" assertions="0" time="0.061727">
          <error type="Error">Tests\Unit\Jobs\ProcessLeadsJobTest::it_handles_bulk_processing
Error: Class "App\Models\Lead\Lead" not found

/home/user/cmis.marketing.limited/tests/Unit/Jobs/ProcessLeadsJobTest.php:328</error>
        </testcase>
      </testsuite>
      <testsuite name="Tests\Unit\Models\Creative\ContentPlanTest" file="/home/user/cmis.marketing.limited/tests/Unit/Models/Creative/ContentPlanTest.php" tests="8" assertions="12" errors="1" failures="2" skipped="0" time="0.591695">
        <testcase name="it_uses_uuid_as_primary_key" file="/home/user/cmis.marketing.limited/tests/Unit/Models/Creative/ContentPlanTest.php" line="141" class="Tests\Unit\Models\Creative\ContentPlanTest" classname="Tests.Unit.Models.Creative.ContentPlanTest" assertions="1" time="0.096484"/>
        <testcase name="it_has_many_content_items" file="/home/user/cmis.marketing.limited/tests/Unit/Models/Creative/ContentPlanTest.php" line="83" class="Tests\Unit\Models\Creative\ContentPlanTest" classname="Tests.Unit.Models.Creative.ContentPlanTest" assertions="0" time="0.069582">
          <error type="TypeError">Tests\Unit\Models\Creative\ContentPlanTest::it_has_many_content_items
TypeError: PHPUnit\Framework\Assert::assertCount(): Argument #2 ($haystack) must be of type Countable|Traversable|array, null given, called in /home/user/cmis.marketing.limited/tests/Unit/Models/Creative/ContentPlanTest.php on line 116

/home/user/cmis.marketing.limited/tests/Unit/Models/Creative/ContentPlanTest.php:116</error>
        </testcase>
        <testcase name="it_has_timestamps" file="/home/user/cmis.marketing.limited/tests/Unit/Models/Creative/ContentPlanTest.php" line="214" class="Tests\Unit\Models\Creative\ContentPlanTest" classname="Tests.Unit.Models.Creative.ContentPlanTest" assertions="2" time="0.065413"/>
        <testcase name="it_can_create_a_content_plan" file="/home/user/cmis.marketing.limited/tests/Unit/Models/Creative/ContentPlanTest.php" line="27" class="Tests\Unit\Models\Creative\ContentPlanTest" classname="Tests.Unit.Models.Creative.ContentPlanTest" assertions="1" time="0.064644"/>
        <testcase name="it_belongs_to_organization_and_campaign" file="/home/user/cmis.marketing.limited/tests/Unit/Models/Creative/ContentPlanTest.php" line="57" class="Tests\Unit\Models\Creative\ContentPlanTest" classname="Tests.Unit.Models.Creative.ContentPlanTest" assertions="2" time="0.066365"/>
        <testcase name="it_cascades_soft_delete_to_content_items" file="/home/user/cmis.marketing.limited/tests/Unit/Models/Creative/ContentPlanTest.php" line="179" class="Tests\Unit\Models\Creative\ContentPlanTest" classname="Tests.Unit.Models.Creative.ContentPlanTest" assertions="3" time="0.067959">
          <failure type="PHPUnit\Framework\ExpectationFailedException">Tests\Unit\Models\Creative\ContentPlanTest::it_cascades_soft_delete_to_content_items
Failed asserting that 1 matches expected 0.

/home/user/cmis.marketing.limited/tests/Unit/Models/Creative/ContentPlanTest.php:210</failure>
        </testcase>
        <testcase name="it_validates_date_range" file="/home/user/cmis.marketing.limited/tests/Unit/Models/Creative/ContentPlanTest.php" line="120" class="Tests\Unit\Models\Creative\ContentPlanTest" classname="Tests.Unit.Models.Creative.ContentPlanTest" assertions="1" time="0.097962">
          <failure type="PHPUnit\Framework\ExpectationFailedException">Tests\Unit\Models\Creative\ContentPlanTest::it_validates_date_range
Failed asserting that false is true.

/home/user/cmis.marketing.limited/tests/Unit/Models/Creative/ContentPlanTest.php:135</failure>
        </testcase>
        <testcase name="it_can_be_soft_deleted" file="/home/user/cmis.marketing.limited/tests/Unit/Models/Creative/ContentPlanTest.php" line="158" class="Tests\Unit\Models\Creative\ContentPlanTest" classname="Tests.Unit.Models.Creative.ContentPlanTest" assertions="2" time="0.063287"/>
      </testsuite>
      <testsuite name="Tests\Unit\Jobs\PublishToTwitterJobTest" file="/home/user/cmis.marketing.limited/tests/Unit/Jobs/PublishToTwitterJobTest.php" tests="6" assertions="0" errors="6" failures="0" skipped="0" time="1.863950">
        <testcase name="it_can_be_dispatched" file="/home/user/cmis.marketing.limited/tests/Unit/Jobs/PublishToTwitterJobTest.php" line="174" class="Tests\Unit\Jobs\PublishToTwitterJobTest" classname="Tests.Unit.Jobs.PublishToTwitterJobTest" assertions="0" time="0.301402">
          <error type="Illuminate\Database\Eloquent\InvalidCastException">Tests\Unit\Jobs\PublishToTwitterJobTest::it_can_be_dispatched
Illuminate\Database\Eloquent\InvalidCastException: Call to undefined cast [Illuminate\Database\Eloquent\Casts\Encrypted] on column [access_token] in model [App\Models\Core\Integration].

/home/user/cmis.marketing.limited/vendor/laravel/framework/src/Illuminate/Database/Eloquent/Concerns/HasAttributes.php:1768
/home/user/cmis.marketing.limited/vendor/laravel/framework/src/Illuminate/Database/Eloquent/Concerns/HasAttributes.php:1084
/home/user/cmis.marketing.limited/vendor/laravel/framework/src/Illuminate/Database/Eloquent/Model.php:619
/home/user/cmis.marketing.limited/vendor/laravel/framework/src/Illuminate/Database/Eloquent/Model.php:713
/home/user/cmis.marketing.limited/vendor/laravel/framework/src/Illuminate/Database/Eloquent/Builder.php:1747
/home/user/cmis.marketing.limited/vendor/laravel/framework/src/Illuminate/Database/Eloquent/Builder.php:1218
/home/user/cmis.marketing.limited/vendor/laravel/framework/src/Illuminate/Support/Traits/ForwardsCalls.php:23
/home/user/cmis.marketing.limited/vendor/laravel/framework/src/Illuminate/Database/Eloquent/Model.php:2540
/home/user/cmis.marketing.limited/vendor/laravel/framework/src/Illuminate/Database/Eloquent/Model.php:2556
/home/user/cmis.marketing.limited/tests/Traits/CreatesTestData.php:105
/home/user/cmis.marketing.limited/tests/Unit/Jobs/PublishToTwitterJobTest.php:181</error>
        </testcase>
        <testcase name="it_processes_hashtags" file="/home/user/cmis.marketing.limited/tests/Unit/Jobs/PublishToTwitterJobTest.php" line="204" class="Tests\Unit\Jobs\PublishToTwitterJobTest" classname="Tests.Unit.Jobs.PublishToTwitterJobTest" assertions="0" time="0.309927">
          <error type="Illuminate\Database\Eloquent\InvalidCastException">Tests\Unit\Jobs\PublishToTwitterJobTest::it_processes_hashtags
Illuminate\Database\Eloquent\InvalidCastException: Call to undefined cast [Illuminate\Database\Eloquent\Casts\Encrypted] on column [access_token] in model [App\Models\Core\Integration].

/home/user/cmis.marketing.limited/vendor/laravel/framework/src/Illuminate/Database/Eloquent/Concerns/HasAttributes.php:1768
/home/user/cmis.marketing.limited/vendor/laravel/framework/src/Illuminate/Database/Eloquent/Concerns/HasAttributes.php:1084
/home/user/cmis.marketing.limited/vendor/laravel/framework/src/Illuminate/Database/Eloquent/Model.php:619
/home/user/cmis.marketing.limited/vendor/laravel/framework/src/Illuminate/Database/Eloquent/Model.php:713
/home/user/cmis.marketing.limited/vendor/laravel/framework/src/Illuminate/Database/Eloquent/Builder.php:1747
/home/user/cmis.marketing.limited/vendor/laravel/framework/src/Illuminate/Database/Eloquent/Builder.php:1218
/home/user/cmis.marketing.limited/vendor/laravel/framework/src/Illuminate/Support/Traits/ForwardsCalls.php:23
/home/user/cmis.marketing.limited/vendor/laravel/framework/src/Illuminate/Database/Eloquent/Model.php:2540
/home/user/cmis.marketing.limited/vendor/laravel/framework/src/Illuminate/Database/Eloquent/Model.php:2556
/home/user/cmis.marketing.limited/tests/Traits/CreatesTestData.php:105
/home/user/cmis.marketing.limited/tests/Unit/Jobs/PublishToTwitterJobTest.php:209</error>
        </testcase>
        <testcase name="it_publishes_tweet" file="/home/user/cmis.marketing.limited/tests/Unit/Jobs/PublishToTwitterJobTest.php" line="27" class="Tests\Unit\Jobs\PublishToTwitterJobTest" classname="Tests.Unit.Jobs.PublishToTwitterJobTest" assertions="0" time="0.314976">
          <error type="Illuminate\Database\Eloquent\InvalidCastException">Tests\Unit\Jobs\PublishToTwitterJobTest::it_publishes_tweet
Illuminate\Database\Eloquent\InvalidCastException: Call to undefined cast [Illuminate\Database\Eloquent\Casts\Encrypted] on column [access_token] in model [App\Models\Core\Integration].

/home/user/cmis.marketing.limited/vendor/laravel/framework/src/Illuminate/Database/Eloquent/Concerns/HasAttributes.php:1768
/home/user/cmis.marketing.limited/vendor/laravel/framework/src/Illuminate/Database/Eloquent/Concerns/HasAttributes.php:1084
/home/user/cmis.marketing.limited/vendor/laravel/framework/src/Illuminate/Database/Eloquent/Model.php:619
/home/user/cmis.marketing.limited/vendor/laravel/framework/src/Illuminate/Database/Eloquent/Model.php:713
/home/user/cmis.marketing.limited/vendor/laravel/framework/src/Illuminate/Database/Eloquent/Builder.php:1747
/home/user/cmis.marketing.limited/vendor/laravel/framework/src/Illuminate/Database/Eloquent/Builder.php:1218
/home/user/cmis.marketing.limited/vendor/laravel/framework/src/Illuminate/Support/Traits/ForwardsCalls.php:23
/home/user/cmis.marketing.limited/vendor/laravel/framework/src/Illuminate/Database/Eloquent/Model.php:2540
/home/user/cmis.marketing.limited/vendor/laravel/framework/src/Illuminate/Database/Eloquent/Model.php:2556
/home/user/cmis.marketing.limited/tests/Traits/CreatesTestData.php:105
/home/user/cmis.marketing.limited/tests/Unit/Jobs/PublishToTwitterJobTest.php:32</error>
        </testcase>
        <testcase name="it_handles_character_limit" file="/home/user/cmis.marketing.limited/tests/Unit/Jobs/PublishToTwitterJobTest.php" line="63" class="Tests\Unit\Jobs\PublishToTwitterJobTest" classname="Tests.Unit.Jobs.PublishToTwitterJobTest" assertions="0" time="0.341836">
          <error type="Illuminate\Database\Eloquent\InvalidCastException">Tests\Unit\Jobs\PublishToTwitterJobTest::it_handles_character_limit
Illuminate\Database\Eloquent\InvalidCastException: Call to undefined cast [Illuminate\Database\Eloquent\Casts\Encrypted] on column [access_token] in model [App\Models\Core\Integration].

/home/user/cmis.marketing.limited/vendor/laravel/framework/src/Illuminate/Database/Eloquent/Concerns/HasAttributes.php:1768
/home/user/cmis.marketing.limited/vendor/laravel/framework/src/Illuminate/Database/Eloquent/Concerns/HasAttributes.php:1084
/home/user/cmis.marketing.limited/vendor/laravel/framework/src/Illuminate/Database/Eloquent/Model.php:619
/home/user/cmis.marketing.limited/vendor/laravel/framework/src/Illuminate/Database/Eloquent/Model.php:713
/home/user/cmis.marketing.limited/vendor/laravel/framework/src/Illuminate/Database/Eloquent/Builder.php:1747
/home/user/cmis.marketing.limited/vendor/laravel/framework/src/Illuminate/Database/Eloquent/Builder.php:1218
/home/user/cmis.marketing.limited/vendor/laravel/framework/src/Illuminate/Support/Traits/ForwardsCalls.php:23
/home/user/cmis.marketing.limited/vendor/laravel/framework/src/Illuminate/Database/Eloquent/Model.php:2540
/home/user/cmis.marketing.limited/vendor/laravel/framework/src/Illuminate/Database/Eloquent/Model.php:2556
/home/user/cmis.marketing.limited/tests/Traits/CreatesTestData.php:105
/home/user/cmis.marketing.limited/tests/Unit/Jobs/PublishToTwitterJobTest.php:68</error>
        </testcase>
        <testcase name="it_handles_api_errors" file="/home/user/cmis.marketing.limited/tests/Unit/Jobs/PublishToTwitterJobTest.php" line="137" class="Tests\Unit\Jobs\PublishToTwitterJobTest" classname="Tests.Unit.Jobs.PublishToTwitterJobTest" assertions="0" time="0.297368">
          <error type="Illuminate\Database\Eloquent\InvalidCastException">Tests\Unit\Jobs\PublishToTwitterJobTest::it_handles_api_errors
Illuminate\Database\Eloquent\InvalidCastException: Call to undefined cast [Illuminate\Database\Eloquent\Casts\Encrypted] on column [access_token] in model [App\Models\Core\Integration].

/home/user/cmis.marketing.limited/vendor/laravel/framework/src/Illuminate/Database/Eloquent/Concerns/HasAttributes.php:1768
/home/user/cmis.marketing.limited/vendor/laravel/framework/src/Illuminate/Database/Eloquent/Concerns/HasAttributes.php:1084
/home/user/cmis.marketing.limited/vendor/laravel/framework/src/Illuminate/Database/Eloquent/Model.php:619
/home/user/cmis.marketing.limited/vendor/laravel/framework/src/Illuminate/Database/Eloquent/Model.php:713
/home/user/cmis.marketing.limited/vendor/laravel/framework/src/Illuminate/Database/Eloquent/Builder.php:1747
/home/user/cmis.marketing.limited/vendor/laravel/framework/src/Illuminate/Database/Eloquent/Builder.php:1218
/home/user/cmis.marketing.limited/vendor/laravel/framework/src/Illuminate/Support/Traits/ForwardsCalls.php:23
/home/user/cmis.marketing.limited/vendor/laravel/framework/src/Illuminate/Database/Eloquent/Model.php:2540
/home/user/cmis.marketing.limited/vendor/laravel/framework/src/Illuminate/Database/Eloquent/Model.php:2556
/home/user/cmis.marketing.limited/tests/Traits/CreatesTestData.php:105
/home/user/cmis.marketing.limited/tests/Unit/Jobs/PublishToTwitterJobTest.php:142</error>
        </testcase>
        <testcase name="it_publishes_tweet_with_media" file="/home/user/cmis.marketing.limited/tests/Unit/Jobs/PublishToTwitterJobTest.php" line="100" class="Tests\Unit\Jobs\PublishToTwitterJobTest" classname="Tests.Unit.Jobs.PublishToTwitterJobTest" assertions="0" time="0.298442">
          <error type="Illuminate\Database\Eloquent\InvalidCastException">Tests\Unit\Jobs\PublishToTwitterJobTest::it_publishes_tweet_with_media
Illuminate\Database\Eloquent\InvalidCastException: Call to undefined cast [Illuminate\Database\Eloquent\Casts\Encrypted] on column [access_token] in model [App\Models\Core\Integration].

/home/user/cmis.marketing.limited/vendor/laravel/framework/src/Illuminate/Database/Eloquent/Concerns/HasAttributes.php:1768
/home/user/cmis.marketing.limited/vendor/laravel/framework/src/Illuminate/Database/Eloquent/Concerns/HasAttributes.php:1084
/home/user/cmis.marketing.limited/vendor/laravel/framework/src/Illuminate/Database/Eloquent/Model.php:619
/home/user/cmis.marketing.limited/vendor/laravel/framework/src/Illuminate/Database/Eloquent/Model.php:713
/home/user/cmis.marketing.limited/vendor/laravel/framework/src/Illuminate/Database/Eloquent/Builder.php:1747
/home/user/cmis.marketing.limited/vendor/laravel/framework/src/Illuminate/Database/Eloquent/Builder.php:1218
/home/user/cmis.marketing.limited/vendor/laravel/framework/src/Illuminate/Support/Traits/ForwardsCalls.php:23
/home/user/cmis.marketing.limited/vendor/laravel/framework/src/Illuminate/Database/Eloquent/Model.php:2540
/home/user/cmis.marketing.limited/vendor/laravel/framework/src/Illuminate/Database/Eloquent/Model.php:2556
/home/user/cmis.marketing.limited/tests/Traits/CreatesTestData.php:105
/home/user/cmis.marketing.limited/tests/Unit/Jobs/PublishToTwitterJobTest.php:105</error>
        </testcase>
      </testsuite>
      <testsuite name="Tests\Unit\Models\Role\RoleTest" file="/home/user/cmis.marketing.limited/tests/Unit/Models/Role/RoleTest.php" tests="13" assertions="0" errors="13" failures="0" skipped="0" time="0.912771">
        <testcase name="it_has_display_name_in_arabic" file="/home/user/cmis.marketing.limited/tests/Unit/Models/Role/RoleTest.php" line="100" class="Tests\Unit\Models\Role\RoleTest" classname="Tests.Unit.Models.Role.RoleTest" assertions="0" time="0.065199">
          <error type="Error">Tests\Unit\Models\Role\RoleTest::it_has_display_name_in_arabic
Error: Class "App\Models\Role\Role" not found

/home/user/cmis.marketing.limited/tests/Unit/Models/Role/RoleTest.php:107</error>
        </testcase>
        <testcase name="it_has_unique_name_per_org" file="/home/user/cmis.marketing.limited/tests/Unit/Models/Role/RoleTest.php" line="76" class="Tests\Unit\Models\Role\RoleTest" classname="Tests.Unit.Models.Role.RoleTest" assertions="0" time="0.062669">
          <error type="Error">Tests\Unit\Models\Role\RoleTest::it_has_unique_name_per_org
Error: Class "App\Models\Role\Role" not found

/home/user/cmis.marketing.limited/tests/Unit/Models/Role/RoleTest.php:83</error>
        </testcase>
        <testcase name="it_stores_metadata_as_json" file="/home/user/cmis.marketing.limited/tests/Unit/Models/Role/RoleTest.php" line="354" class="Tests\Unit\Models\Role\RoleTest" classname="Tests.Unit.Models.Role.RoleTest" assertions="0" time="0.096409">
          <error type="Error">Tests\Unit\Models\Role\RoleTest::it_stores_metadata_as_json
Error: Class "App\Models\Role\Role" not found

/home/user/cmis.marketing.limited/tests/Unit/Models/Role/RoleTest.php:367</error>
        </testcase>
        <testcase name="it_can_have_permissions" file="/home/user/cmis.marketing.limited/tests/Unit/Models/Role/RoleTest.php" line="124" class="Tests\Unit\Models\Role\RoleTest" classname="Tests.Unit.Models.Role.RoleTest" assertions="0" time="0.071897">
          <error type="Error">Tests\Unit\Models\Role\RoleTest::it_can_have_permissions
Error: Class "App\Models\Role\Role" not found

/home/user/cmis.marketing.limited/tests/Unit/Models/Role/RoleTest.php:131</error>
        </testcase>
        <testcase name="it_can_count_users_with_role" file="/home/user/cmis.marketing.limited/tests/Unit/Models/Role/RoleTest.php" line="327" class="Tests\Unit\Models\Role\RoleTest" classname="Tests.Unit.Models.Role.RoleTest" assertions="0" time="0.065157">
          <error type="Error">Tests\Unit\Models\Role\RoleTest::it_can_count_users_with_role
Error: Class "App\Models\Role\Role" not found

/home/user/cmis.marketing.limited/tests/Unit/Models/Role/RoleTest.php:334</error>
        </testcase>
        <testcase name="it_respects_rls_policies" file="/home/user/cmis.marketing.limited/tests/Unit/Models/Role/RoleTest.php" line="291" class="Tests\Unit\Models\Role\RoleTest" classname="Tests.Unit.Models.Role.RoleTest" assertions="0" time="0.063622">
          <error type="Error">Tests\Unit\Models\Role\RoleTest::it_respects_rls_policies
Error: Class "App\Models\Role\Role" not found

/home/user/cmis.marketing.limited/tests/Unit/Models/Role/RoleTest.php:303</error>
        </testcase>
        <testcase name="it_has_priority_order" file="/home/user/cmis.marketing.limited/tests/Unit/Models/Role/RoleTest.php" line="210" class="Tests\Unit\Models\Role\RoleTest" classname="Tests.Unit.Models.Role.RoleTest" assertions="0" time="0.057246">
          <error type="Error">Tests\Unit\Models\Role\RoleTest::it_has_priority_order
Error: Class "App\Models\Role\Role" not found

/home/user/cmis.marketing.limited/tests/Unit/Models/Role/RoleTest.php:217</error>
        </testcase>
        <testcase name="it_tracks_is_default_flag" file="/home/user/cmis.marketing.limited/tests/Unit/Models/Role/RoleTest.php" line="161" class="Tests\Unit\Models\Role\RoleTest" classname="Tests.Unit.Models.Role.RoleTest" assertions="0" time="0.092714">
          <error type="Error">Tests\Unit\Models\Role\RoleTest::it_tracks_is_default_flag
Error: Class "App\Models\Role\Role" not found

/home/user/cmis.marketing.limited/tests/Unit/Models/Role/RoleTest.php:168</error>
        </testcase>
        <testcase name="it_belongs_to_org" file="/home/user/cmis.marketing.limited/tests/Unit/Models/Role/RoleTest.php" line="53" class="Tests\Unit\Models\Role\RoleTest" classname="Tests.Unit.Models.Role.RoleTest" assertions="0" time="0.067852">
          <error type="Error">Tests\Unit\Models\Role\RoleTest::it_belongs_to_org
Error: Class "App\Models\Role\Role" not found

/home/user/cmis.marketing.limited/tests/Unit/Models/Role/RoleTest.php:60</error>
        </testcase>
        <testcase name="it_has_timestamps" file="/home/user/cmis.marketing.limited/tests/Unit/Models/Role/RoleTest.php" line="267" class="Tests\Unit\Models\Role\RoleTest" classname="Tests.Unit.Models.Role.RoleTest" assertions="0" time="0.071980">
          <error type="Error">Tests\Unit\Models\Role\RoleTest::it_has_timestamps
Error: Class "App\Models\Role\Role" not found

/home/user/cmis.marketing.limited/tests/Unit/Models/Role/RoleTest.php:274</error>
        </testcase>
        <testcase name="it_can_be_system_role" file="/home/user/cmis.marketing.limited/tests/Unit/Models/Role/RoleTest.php" line="185" class="Tests\Unit\Models\Role\RoleTest" classname="Tests.Unit.Models.Role.RoleTest" assertions="0" time="0.065654">
          <error type="Error">Tests\Unit\Models\Role\RoleTest::it_can_be_system_role
Error: Class "App\Models\Role\Role" not found

/home/user/cmis.marketing.limited/tests/Unit/Models/Role/RoleTest.php:192</error>
        </testcase>
        <testcase name="it_can_create_role" file="/home/user/cmis.marketing.limited/tests/Unit/Models/Role/RoleTest.php" line="26" class="Tests\Unit\Models\Role\RoleTest" classname="Tests.Unit.Models.Role.RoleTest" assertions="0" time="0.064703">
          <error type="Error">Tests\Unit\Models\Role\RoleTest::it_can_create_role
Error: Class "App\Models\Role\Role" not found

/home/user/cmis.marketing.limited/tests/Unit/Models/Role/RoleTest.php:33</error>
        </testcase>
        <testcase name="it_uses_uuid_as_primary_key" file="/home/user/cmis.marketing.limited/tests/Unit/Models/Role/RoleTest.php" line="244" class="Tests\Unit\Models\Role\RoleTest" classname="Tests.Unit.Models.Role.RoleTest" assertions="0" time="0.067669">
          <error type="Error">Tests\Unit\Models\Role\RoleTest::it_uses_uuid_as_primary_key
Error: Class "App\Models\Role\Role" not found

/home/user/cmis.marketing.limited/tests/Unit/Models/Role/RoleTest.php:251</error>
        </testcase>
      </testsuite>
      <testsuite name="Tests\Unit\Jobs\CleanupOldLogsJobTest" file="/home/user/cmis.marketing.limited/tests/Unit/Jobs/CleanupOldLogsJobTest.php" tests="8" assertions="0" errors="8" failures="0" skipped="0" time="0.597139">
        <testcase name="it_can_be_dispatched" file="/home/user/cmis.marketing.limited/tests/Unit/Jobs/CleanupOldLogsJobTest.php" line="101" class="Tests\Unit\Jobs\CleanupOldLogsJobTest" classname="Tests.Unit.Jobs.CleanupOldLogsJobTest" assertions="0" time="0.096845">
          <error type="Error">Tests\Unit\Jobs\CleanupOldLogsJobTest::it_can_be_dispatched
Error: Class "App\Jobs\Maintenance\CleanupOldLogsJob" not found

/home/user/cmis.marketing.limited/tests/Unit/Jobs/CleanupOldLogsJobTest.php:105</error>
        </testcase>
        <testcase name="it_cleans_up_old_activity_logs" file="/home/user/cmis.marketing.limited/tests/Unit/Jobs/CleanupOldLogsJobTest.php" line="65" class="Tests\Unit\Jobs\CleanupOldLogsJobTest" classname="Tests.Unit.Jobs.CleanupOldLogsJobTest" assertions="0" time="0.064840">
          <error type="Error">Tests\Unit\Jobs\CleanupOldLogsJobTest::it_cleans_up_old_activity_logs
Error: Class "App\Models\Activity\ActivityLog" not found

/home/user/cmis.marketing.limited/tests/Unit/Jobs/CleanupOldLogsJobTest.php:73</error>
        </testcase>
        <testcase name="it_cleans_up_old_api_logs" file="/home/user/cmis.marketing.limited/tests/Unit/Jobs/CleanupOldLogsJobTest.php" line="27" class="Tests\Unit\Jobs\CleanupOldLogsJobTest" classname="Tests.Unit.Jobs.CleanupOldLogsJobTest" assertions="0" time="0.062360">
          <error type="Error">Tests\Unit\Jobs\CleanupOldLogsJobTest::it_cleans_up_old_api_logs
Error: Class "App\Models\Log\ApiLog" not found

/home/user/cmis.marketing.limited/tests/Unit/Jobs/CleanupOldLogsJobTest.php:35</error>
        </testcase>
        <testcase name="it_respects_org_isolation" file="/home/user/cmis.marketing.limited/tests/Unit/Jobs/CleanupOldLogsJobTest.php" line="145" class="Tests\Unit\Jobs\CleanupOldLogsJobTest" classname="Tests.Unit.Jobs.CleanupOldLogsJobTest" assertions="0" time="0.070193">
          <error type="Error">Tests\Unit\Jobs\CleanupOldLogsJobTest::it_respects_org_isolation
Error: Class "App\Models\Log\ApiLog" not found

/home/user/cmis.marketing.limited/tests/Unit/Jobs/CleanupOldLogsJobTest.php:157</error>
        </testcase>
        <testcase name="it_returns_deleted_count" file="/home/user/cmis.marketing.limited/tests/Unit/Jobs/CleanupOldLogsJobTest.php" line="188" class="Tests\Unit\Jobs\CleanupOldLogsJobTest" classname="Tests.Unit.Jobs.CleanupOldLogsJobTest" assertions="0" time="0.071921">
          <error type="Error">Tests\Unit\Jobs\CleanupOldLogsJobTest::it_returns_deleted_count
Error: Class "App\Models\Log\ApiLog" not found

/home/user/cmis.marketing.limited/tests/Unit/Jobs/CleanupOldLogsJobTest.php:197</error>
        </testcase>
        <testcase name="it_processes_in_batches" file="/home/user/cmis.marketing.limited/tests/Unit/Jobs/CleanupOldLogsJobTest.php" line="249" class="Tests\Unit\Jobs\CleanupOldLogsJobTest" classname="Tests.Unit.Jobs.CleanupOldLogsJobTest" assertions="0" time="0.103584">
          <error type="Error">Tests\Unit\Jobs\CleanupOldLogsJobTest::it_processes_in_batches
Error: Class "App\Models\Log\ApiLog" not found

/home/user/cmis.marketing.limited/tests/Unit/Jobs/CleanupOldLogsJobTest.php:258</error>
        </testcase>
        <testcase name="it_accepts_custom_retention_days" file="/home/user/cmis.marketing.limited/tests/Unit/Jobs/CleanupOldLogsJobTest.php" line="116" class="Tests\Unit\Jobs\CleanupOldLogsJobTest" classname="Tests.Unit.Jobs.CleanupOldLogsJobTest" assertions="0" time="0.066799">
          <error type="Error">Tests\Unit\Jobs\CleanupOldLogsJobTest::it_accepts_custom_retention_days
Error: Class "App\Models\Log\ApiLog" not found

/home/user/cmis.marketing.limited/tests/Unit/Jobs/CleanupOldLogsJobTest.php:123</error>
        </testcase>
        <testcase name="it_handles_no_logs_to_delete" file="/home/user/cmis.marketing.limited/tests/Unit/Jobs/CleanupOldLogsJobTest.php" line="220" class="Tests\Unit\Jobs\CleanupOldLogsJobTest" classname="Tests.Unit.Jobs.CleanupOldLogsJobTest" assertions="0" time="0.060596">
          <error type="Error">Tests\Unit\Jobs\CleanupOldLogsJobTest::it_handles_no_logs_to_delete
Error: Class "App\Models\Log\ApiLog" not found

/home/user/cmis.marketing.limited/tests/Unit/Jobs/CleanupOldLogsJobTest.php:228</error>
        </testcase>
      </testsuite>
      <testsuite name="Tests\Unit\Models\Log\ApiLogTest" file="/home/user/cmis.marketing.limited/tests/Unit/Models/Log/ApiLogTest.php" tests="14" assertions="0" errors="14" failures="0" skipped="0" time="1.203390">
        <testcase name="it_belongs_to_user" file="/home/user/cmis.marketing.limited/tests/Unit/Models/Log/ApiLogTest.php" line="66" class="Tests\Unit\Models\Log\ApiLogTest" classname="Tests.Unit.Models.Log.ApiLogTest" assertions="0" time="0.303559">
          <error type="Error">Tests\Unit\Models\Log\ApiLogTest::it_belongs_to_user
Error: Class "App\Models\Log\ApiLog" not found

/home/user/cmis.marketing.limited/tests/Unit/Models/Log/ApiLogTest.php:80</error>
        </testcase>
        <testcase name="it_stores_response_payload" file="/home/user/cmis.marketing.limited/tests/Unit/Models/Log/ApiLogTest.php" line="144" class="Tests\Unit\Models\Log\ApiLogTest" classname="Tests.Unit.Models.Log.ApiLogTest" assertions="0" time="0.062406">
          <error type="Error">Tests\Unit\Models\Log\ApiLogTest::it_stores_response_payload
Error: Class "App\Models\Log\ApiLog" not found

/home/user/cmis.marketing.limited/tests/Unit/Models/Log/ApiLogTest.php:157</error>
        </testcase>
        <testcase name="it_stores_request_payload" file="/home/user/cmis.marketing.limited/tests/Unit/Models/Log/ApiLogTest.php" line="117" class="Tests\Unit\Models\Log\ApiLogTest" classname="Tests.Unit.Models.Log.ApiLogTest" assertions="0" time="0.094992">
          <error type="Error">Tests\Unit\Models\Log\ApiLogTest::it_stores_request_payload
Error: Class "App\Models\Log\ApiLog" not found

/home/user/cmis.marketing.limited/tests/Unit/Models/Log/ApiLogTest.php:130</error>
        </testcase>
        <testcase name="it_can_create_api_log" file="/home/user/cmis.marketing.limited/tests/Unit/Models/Log/ApiLogTest.php" line="25" class="Tests\Unit\Models\Log\ApiLogTest" classname="Tests.Unit.Models.Log.ApiLogTest" assertions="0" time="0.065233">
          <error type="Error">Tests\Unit\Models\Log\ApiLogTest::it_can_create_api_log
Error: Class "App\Models\Log\ApiLog" not found

/home/user/cmis.marketing.limited/tests/Unit/Models/Log/ApiLogTest.php:32</error>
        </testcase>
        <testcase name="it_tracks_response_time" file="/home/user/cmis.marketing.limited/tests/Unit/Models/Log/ApiLogTest.php" line="171" class="Tests\Unit\Models\Log\ApiLogTest" classname="Tests.Unit.Models.Log.ApiLogTest" assertions="0" time="0.069692">
          <error type="Error">Tests\Unit\Models\Log\ApiLogTest::it_tracks_response_time
Error: Class "App\Models\Log\ApiLog" not found

/home/user/cmis.marketing.limited/tests/Unit/Models/Log/ApiLogTest.php:178</error>
        </testcase>
        <testcase name="it_has_timestamps" file="/home/user/cmis.marketing.limited/tests/Unit/Models/Log/ApiLogTest.php" line="296" class="Tests\Unit\Models\Log\ApiLogTest" classname="Tests.Unit.Models.Log.ApiLogTest" assertions="0" time="0.066362">
          <error type="Error">Tests\Unit\Models\Log\ApiLogTest::it_has_timestamps
Error: Class "App\Models\Log\ApiLog" not found

/home/user/cmis.marketing.limited/tests/Unit/Models/Log/ApiLogTest.php:303</error>
        </testcase>
        <testcase name="it_uses_uuid_as_primary_key" file="/home/user/cmis.marketing.limited/tests/Unit/Models/Log/ApiLogTest.php" line="277" class="Tests\Unit\Models\Log\ApiLogTest" classname="Tests.Unit.Models.Log.ApiLogTest" assertions="0" time="0.058425">
          <error type="Error">Tests\Unit\Models\Log\ApiLogTest::it_uses_uuid_as_primary_key
Error: Class "App\Models\Log\ApiLog" not found

/home/user/cmis.marketing.limited/tests/Unit/Models/Log/ApiLogTest.php:284</error>
        </testcase>
        <testcase name="it_belongs_to_org" file="/home/user/cmis.marketing.limited/tests/Unit/Models/Log/ApiLogTest.php" line="47" class="Tests\Unit\Models\Log\ApiLogTest" classname="Tests.Unit.Models.Log.ApiLogTest" assertions="0" time="0.058113">
          <error type="Error">Tests\Unit\Models\Log\ApiLogTest::it_belongs_to_org
Error: Class "App\Models\Log\ApiLog" not found

/home/user/cmis.marketing.limited/tests/Unit/Models/Log/ApiLogTest.php:54</error>
        </testcase>
        <testcase name="it_logs_different_http_methods" file="/home/user/cmis.marketing.limited/tests/Unit/Models/Log/ApiLogTest.php" line="93" class="Tests\Unit\Models\Log\ApiLogTest" classname="Tests.Unit.Models.Log.ApiLogTest" assertions="0" time="0.099834">
          <error type="Error">Tests\Unit\Models\Log\ApiLogTest::it_logs_different_http_methods
Error: Class "App\Models\Log\ApiLog" not found

/home/user/cmis.marketing.limited/tests/Unit/Models/Log/ApiLogTest.php:103</error>
        </testcase>
        <testcase name="it_stores_ip_address" file="/home/user/cmis.marketing.limited/tests/Unit/Models/Log/ApiLogTest.php" line="191" class="Tests\Unit\Models\Log\ApiLogTest" classname="Tests.Unit.Models.Log.ApiLogTest" assertions="0" time="0.068342">
          <error type="Error">Tests\Unit\Models\Log\ApiLogTest::it_stores_ip_address
Error: Class "App\Models\Log\ApiLog" not found

/home/user/cmis.marketing.limited/tests/Unit/Models/Log/ApiLogTest.php:198</error>
        </testcase>
        <testcase name="it_logs_different_status_codes" file="/home/user/cmis.marketing.limited/tests/Unit/Models/Log/ApiLogTest.php" line="233" class="Tests\Unit\Models\Log\ApiLogTest" classname="Tests.Unit.Models.Log.ApiLogTest" assertions="0" time="0.070636">
          <error type="Error">Tests\Unit\Models\Log\ApiLogTest::it_logs_different_status_codes
Error: Class "App\Models\Log\ApiLog" not found

/home/user/cmis.marketing.limited/tests/Unit/Models/Log/ApiLogTest.php:243</error>
        </testcase>
        <testcase name="it_respects_rls_policies" file="/home/user/cmis.marketing.limited/tests/Unit/Models/Log/ApiLogTest.php" line="316" class="Tests\Unit\Models\Log\ApiLogTest" classname="Tests.Unit.Models.Log.ApiLogTest" assertions="0" time="0.057164">
          <error type="Error">Tests\Unit\Models\Log\ApiLogTest::it_respects_rls_policies
Error: Class "App\Models\Log\ApiLog" not found

/home/user/cmis.marketing.limited/tests/Unit/Models/Log/ApiLogTest.php:328</error>
        </testcase>
        <testcase name="it_stores_error_message_for_failed_requests" file="/home/user/cmis.marketing.limited/tests/Unit/Models/Log/ApiLogTest.php" line="257" class="Tests\Unit\Models\Log\ApiLogTest" classname="Tests.Unit.Models.Log.ApiLogTest" assertions="0" time="0.056803">
          <error type="Error">Tests\Unit\Models\Log\ApiLogTest::it_stores_error_message_for_failed_requests
Error: Class "App\Models\Log\ApiLog" not found

/home/user/cmis.marketing.limited/tests/Unit/Models/Log/ApiLogTest.php:264</error>
        </testcase>
        <testcase name="it_stores_user_agent" file="/home/user/cmis.marketing.limited/tests/Unit/Models/Log/ApiLogTest.php" line="211" class="Tests\Unit\Models\Log\ApiLogTest" classname="Tests.Unit.Models.Log.ApiLogTest" assertions="0" time="0.071827">
          <error type="Error">Tests\Unit\Models\Log\ApiLogTest::it_stores_user_agent
Error: Class "App\Models\Log\ApiLog" not found

/home/user/cmis.marketing.limited/tests/Unit/Models/Log/ApiLogTest.php:220</error>
        </testcase>
      </testsuite>
      <testsuite name="Tests\Unit\Policies\CampaignPolicyTest" file="/home/user/cmis.marketing.limited/tests/Unit/Policies/CampaignPolicyTest.php" tests="8" assertions="0" errors="8" failures="0" skipped="0" time="2.423728">
        <testcase name="admin_can_delete_campaign" file="/home/user/cmis.marketing.limited/tests/Unit/Policies/CampaignPolicyTest.php" line="259" class="Tests\Unit\Policies\CampaignPolicyTest" classname="Tests.Unit.Policies.CampaignPolicyTest" assertions="0" time="0.325705">
          <error type="Error">Tests\Unit\Policies\CampaignPolicyTest::admin_can_delete_campaign
Error: Class "App\Models\Team\TeamMember" not found

/home/user/cmis.marketing.limited/tests/Unit/Policies/CampaignPolicyTest.php:273</error>
        </testcase>
        <testcase name="owner_can_delete_campaign" file="/home/user/cmis.marketing.limited/tests/Unit/Policies/CampaignPolicyTest.php" line="220" class="Tests\Unit\Policies\CampaignPolicyTest" classname="Tests.Unit.Policies.CampaignPolicyTest" assertions="0" time="0.295666">
          <error type="Error">Tests\Unit\Policies\CampaignPolicyTest::owner_can_delete_campaign
Error: Class "App\Models\Team\TeamMember" not found

/home/user/cmis.marketing.limited/tests/Unit/Policies/CampaignPolicyTest.php:234</error>
        </testcase>
        <testcase name="viewer_can_view_but_not_edit" file="/home/user/cmis.marketing.limited/tests/Unit/Policies/CampaignPolicyTest.php" line="298" class="Tests\Unit\Policies\CampaignPolicyTest" classname="Tests.Unit.Policies.CampaignPolicyTest" assertions="0" time="0.288812">
          <error type="Error">Tests\Unit\Policies\CampaignPolicyTest::viewer_can_view_but_not_edit
Error: Class "App\Models\Team\TeamMember" not found

/home/user/cmis.marketing.limited/tests/Unit/Policies/CampaignPolicyTest.php:312</error>
        </testcase>
        <testcase name="admin_can_create_campaign" file="/home/user/cmis.marketing.limited/tests/Unit/Policies/CampaignPolicyTest.php" line="66" class="Tests\Unit\Policies\CampaignPolicyTest" classname="Tests.Unit.Policies.CampaignPolicyTest" assertions="0" time="0.296276">
          <error type="Error">Tests\Unit\Policies\CampaignPolicyTest::admin_can_create_campaign
Error: Class "App\Models\Team\TeamMember" not found

/home/user/cmis.marketing.limited/tests/Unit/Policies/CampaignPolicyTest.php:80</error>
        </testcase>
        <testcase name="viewer_cannot_delete_campaign" file="/home/user/cmis.marketing.limited/tests/Unit/Policies/CampaignPolicyTest.php" line="137" class="Tests\Unit\Policies\CampaignPolicyTest" classname="Tests.Unit.Policies.CampaignPolicyTest" assertions="0" time="0.291699">
          <error type="Error">Tests\Unit\Policies\CampaignPolicyTest::viewer_cannot_delete_campaign
Error: Class "App\Models\Team\TeamMember" not found

/home/user/cmis.marketing.limited/tests/Unit/Policies/CampaignPolicyTest.php:151</error>
        </testcase>
        <testcase name="owner_can_view_campaign" file="/home/user/cmis.marketing.limited/tests/Unit/Policies/CampaignPolicyTest.php" line="27" class="Tests\Unit\Policies\CampaignPolicyTest" classname="Tests.Unit.Policies.CampaignPolicyTest" assertions="0" time="0.332537">
          <error type="Error">Tests\Unit\Policies\CampaignPolicyTest::owner_can_view_campaign
Error: Class "App\Models\Team\TeamMember" not found

/home/user/cmis.marketing.limited/tests/Unit/Policies/CampaignPolicyTest.php:41</error>
        </testcase>
        <testcase name="user_from_different_org_cannot_view_campaign" file="/home/user/cmis.marketing.limited/tests/Unit/Policies/CampaignPolicyTest.php" line="177" class="Tests\Unit\Policies\CampaignPolicyTest" classname="Tests.Unit.Policies.CampaignPolicyTest" assertions="0" time="0.299512">
          <error type="Error">Tests\Unit\Policies\CampaignPolicyTest::user_from_different_org_cannot_view_campaign
Error: Class "App\Models\Team\TeamMember" not found

/home/user/cmis.marketing.limited/tests/Unit/Policies/CampaignPolicyTest.php:196</error>
        </testcase>
        <testcase name="editor_can_update_campaign" file="/home/user/cmis.marketing.limited/tests/Unit/Policies/CampaignPolicyTest.php" line="98" class="Tests\Unit\Policies\CampaignPolicyTest" classname="Tests.Unit.Policies.CampaignPolicyTest" assertions="0" time="0.293522">
          <error type="Error">Tests\Unit\Policies\CampaignPolicyTest::editor_can_update_campaign
Error: Class "App\Models\Team\TeamMember" not found

/home/user/cmis.marketing.limited/tests/Unit/Policies/CampaignPolicyTest.php:112</error>
        </testcase>
      </testsuite>
      <testsuite name="Tests\Unit\Models\UserTest" file="/home/user/cmis.marketing.limited/tests/Unit/Models/UserTest.php" tests="8" assertions="7" errors="4" failures="2" skipped="0" time="2.647705">
        <testcase name="it_can_create_a_user_with_uuid" file="/home/user/cmis.marketing.limited/tests/Unit/Models/UserTest.php" line="24" class="Tests\Unit\Models\UserTest" classname="Tests.Unit.Models.UserTest" assertions="3" time="0.298268"/>
        <testcase name="it_can_check_organization_membership" file="/home/user/cmis.marketing.limited/tests/Unit/Models/UserTest.php" line="57" class="Tests\Unit\Models\UserTest" classname="Tests.Unit.Models.UserTest" assertions="2" time="0.313770"/>
        <testcase name="it_has_many_organizations" file="/home/user/cmis.marketing.limited/tests/Unit/Models/UserTest.php" line="43" class="Tests\Unit\Models\UserTest" classname="Tests.Unit.Models.UserTest" assertions="0" time="0.333809">
          <error type="Illuminate\Database\QueryException">Tests\Unit\Models\UserTest::it_has_many_organizations
Illuminate\Database\QueryException: SQLSTATE[42703]: Undefined column: 7 ERROR:  column user_orgs.invited_at does not exist
LINE 1: ...is"."user_orgs"."is_active" as "pivot_is_active", "cmis"."us...
                                                             ^
HINT:  Perhaps you meant to reference the column "user_orgs.invited_by". (Connection: pgsql, SQL: select "cmis"."orgs".*, "cmis"."user_orgs"."user_id" as "pivot_user_id", "cmis"."user_orgs"."org_id" as "pivot_org_id", "cmis"."user_orgs"."role_id" as "pivot_role_id", "cmis"."user_orgs"."is_active" as "pivot_is_active", "cmis"."user_orgs"."invited_at" as "pivot_invited_at", "cmis"."user_orgs"."joined_at" as "pivot_joined_at", "cmis"."user_orgs"."created_at" as "pivot_created_at", "cmis"."user_orgs"."updated_at" as "pivot_updated_at" from "cmis"."orgs" inner join "cmis"."user_orgs" on "cmis"."orgs"."org_id" = "cmis"."user_orgs"."org_id" where "cmis"."user_orgs"."user_id" = f96b1680-330f-4c22-be01-56bf2d989027 and "cmis"."user_orgs"."is_active" = 1 and "cmis"."user_orgs"."deleted_at" is null and "cmis"."orgs"."deleted_at" is null)

/home/user/cmis.marketing.limited/vendor/laravel/framework/src/Illuminate/Database/Connection.php:824
/home/user/cmis.marketing.limited/vendor/laravel/framework/src/Illuminate/Database/Connection.php:778
/home/user/cmis.marketing.limited/vendor/laravel/framework/src/Illuminate/Database/Connection.php:397
/home/user/cmis.marketing.limited/vendor/laravel/framework/src/Illuminate/Database/Query/Builder.php:3188
/home/user/cmis.marketing.limited/vendor/laravel/framework/src/Illuminate/Database/Query/Builder.php:3173
/home/user/cmis.marketing.limited/vendor/laravel/framework/src/Illuminate/Database/Query/Builder.php:3763
/home/user/cmis.marketing.limited/vendor/laravel/framework/src/Illuminate/Database/Query/Builder.php:3172
/home/user/cmis.marketing.limited/vendor/laravel/framework/src/Illuminate/Database/Eloquent/Builder.php:902
/home/user/cmis.marketing.limited/vendor/laravel/framework/src/Illuminate/Database/Eloquent/Relations/BelongsToMany.php:910
/home/user/cmis.marketing.limited/vendor/laravel/framework/src/Illuminate/Database/Eloquent/Relations/BelongsToMany.php:894
/home/user/cmis.marketing.limited/vendor/laravel/framework/src/Illuminate/Database/Eloquent/Concerns/HasAttributes.php:635
/home/user/cmis.marketing.limited/vendor/laravel/framework/src/Illuminate/Database/Eloquent/Concerns/HasAttributes.php:573
/home/user/cmis.marketing.limited/vendor/laravel/framework/src/Illuminate/Database/Eloquent/Concerns/HasAttributes.php:494
/home/user/cmis.marketing.limited/vendor/laravel/framework/src/Illuminate/Database/Eloquent/Model.php:2423
/home/user/cmis.marketing.limited/tests/Unit/Models/UserTest.php:49</error>
        </testcase>
        <testcase name="it_can_check_permissions" file="/home/user/cmis.marketing.limited/tests/Unit/Models/UserTest.php" line="76" class="Tests\Unit\Models\UserTest" classname="Tests.Unit.Models.UserTest" assertions="0" time="0.303978">
          <error type="Illuminate\Database\QueryException">Tests\Unit\Models\UserTest::it_can_check_permissions
Illuminate\Database\QueryException: SQLSTATE[23502]: Not null violation: 7 ERROR:  null value in column "user_id" of relation "user_permissions" violates not-null constraint
DETAIL:  Failing row contains (45f4c56d-bbd2-414a-b890-53b53fb06c07, null, 0fed6b17-6baf-45d2-93b5-1e857e926a33, 2e54da3e-8651-48bb-b9d8-f2d488bcb290, t, 2025-11-19 11:04:20+00, null, null, null, null, 2025-11-19 11:04:20+00, 2025-11-19 11:04:20+00). (Connection: pgsql, SQL: insert into "cmis"."user_permissions" ("id", "user_id", "permission_id", "org_id", "granted_at", "updated_at", "created_at") values (45f4c56d-bbd2-414a-b890-53b53fb06c07, ?, 2e54da3e-8651-48bb-b9d8-f2d488bcb290, 0fed6b17-6baf-45d2-93b5-1e857e926a33, 2025-11-19 11:04:20, 2025-11-19 11:04:20, 2025-11-19 11:04:20))

/home/user/cmis.marketing.limited/vendor/laravel/framework/src/Illuminate/Database/Connection.php:824
/home/user/cmis.marketing.limited/vendor/laravel/framework/src/Illuminate/Database/Connection.php:778
/home/user/cmis.marketing.limited/vendor/laravel/framework/src/Illuminate/Database/Connection.php:559
/home/user/cmis.marketing.limited/vendor/laravel/framework/src/Illuminate/Database/Connection.php:523
/home/user/cmis.marketing.limited/vendor/laravel/framework/src/Illuminate/Database/Query/Builder.php:3804
/home/user/cmis.marketing.limited/vendor/laravel/framework/src/Illuminate/Database/Eloquent/Builder.php:2235
/home/user/cmis.marketing.limited/vendor/laravel/framework/src/Illuminate/Database/Eloquent/Model.php:1412
/home/user/cmis.marketing.limited/vendor/laravel/framework/src/Illuminate/Database/Eloquent/Model.php:1240
/home/user/cmis.marketing.limited/vendor/laravel/framework/src/Illuminate/Database/Eloquent/Builder.php:1219
/home/user/cmis.marketing.limited/vendor/laravel/framework/src/Illuminate/Support/helpers.php:390
/home/user/cmis.marketing.limited/vendor/laravel/framework/src/Illuminate/Database/Eloquent/Builder.php:1218
/home/user/cmis.marketing.limited/vendor/laravel/framework/src/Illuminate/Support/Traits/ForwardsCalls.php:23
/home/user/cmis.marketing.limited/vendor/laravel/framework/src/Illuminate/Database/Eloquent/Model.php:2540
/home/user/cmis.marketing.limited/vendor/laravel/framework/src/Illuminate/Database/Eloquent/Model.php:2556
/home/user/cmis.marketing.limited/tests/Unit/Models/UserTest.php:91</error>
        </testcase>
        <testcase name="it_uses_uuid_as_primary_identifier" file="/home/user/cmis.marketing.limited/tests/Unit/Models/UserTest.php" line="157" class="Tests\Unit\Models\UserTest" classname="Tests.Unit.Models.UserTest" assertions="1" time="0.290278">
          <failure type="PHPUnit\Framework\ExpectationFailedException">Tests\Unit\Models\UserTest::it_uses_uuid_as_primary_identifier
Failed asserting that two strings are equal.
--- Expected
+++ Actual
@@ @@
-'6a9c5141-3cc7-4c4d-a092-d7e83ad3b931'
+'443a4a1a-2aca-43f8-99b9-0bb1a27427a9'

/home/user/cmis.marketing.limited/tests/Unit/Models/UserTest.php:168</failure>
        </testcase>
        <testcase name="it_can_be_soft_deleted" file="/home/user/cmis.marketing.limited/tests/Unit/Models/UserTest.php" line="201" class="Tests\Unit\Models\UserTest" classname="Tests.Unit.Models.UserTest" assertions="0" time="0.290554">
          <error type="Illuminate\Database\QueryException">Tests\Unit\Models\UserTest::it_can_be_soft_deleted
Illuminate\Database\QueryException: SQLSTATE[42703]: Undefined column: 7 ERROR:  column "id" does not exist
LINE 1: select * from "cmis"."users" where "id" is null limit 1
                                           ^ (Connection: pgsql, SQL: select * from "cmis"."users" where "id" is null limit 1)

/home/user/cmis.marketing.limited/vendor/laravel/framework/src/Illuminate/Database/Connection.php:824
/home/user/cmis.marketing.limited/vendor/laravel/framework/src/Illuminate/Database/Connection.php:778
/home/user/cmis.marketing.limited/vendor/laravel/framework/src/Illuminate/Database/Connection.php:397
/home/user/cmis.marketing.limited/vendor/laravel/framework/src/Illuminate/Database/Query/Builder.php:3188
/home/user/cmis.marketing.limited/vendor/laravel/framework/src/Illuminate/Database/Query/Builder.php:3173
/home/user/cmis.marketing.limited/vendor/laravel/framework/src/Illuminate/Database/Query/Builder.php:3763
/home/user/cmis.marketing.limited/vendor/laravel/framework/src/Illuminate/Database/Query/Builder.php:3172
/home/user/cmis.marketing.limited/vendor/laravel/framework/src/Illuminate/Database/Concerns/BuildsQueries.php:366
/home/user/cmis.marketing.limited/tests/TestCase.php:243
/home/user/cmis.marketing.limited/tests/Unit/Models/UserTest.php:214</error>
        </testcase>
        <testcase name="it_enforces_unique_email" file="/home/user/cmis.marketing.limited/tests/Unit/Models/UserTest.php" line="181" class="Tests\Unit\Models\UserTest" classname="Tests.Unit.Models.UserTest" assertions="1" time="0.528152">
          <failure type="PHPUnit\Framework\ExpectationFailedException">Tests\Unit\Models\UserTest::it_enforces_unique_email
Failed asserting that exception of type "Illuminate\Database\QueryException" is thrown.</failure>
        </testcase>
        <testcase name="it_belongs_to_multiple_organizations" file="/home/user/cmis.marketing.limited/tests/Unit/Models/UserTest.php" line="110" class="Tests\Unit\Models\UserTest" classname="Tests.Unit.Models.UserTest" assertions="0" time="0.288896">
          <error type="Illuminate\Database\QueryException">Tests\Unit\Models\UserTest::it_belongs_to_multiple_organizations
Illuminate\Database\QueryException: SQLSTATE[23502]: Not null violation: 7 ERROR:  null value in column "user_id" of relation "user_orgs" violates not-null constraint
DETAIL:  Failing row contains (ebd50c83-42fc-43a1-a57a-582b0985f8d4, null, 2aa266a3-136a-4163-9243-713d91e38edc, null, t, 2025-11-19 11:04:22.065744+00, null, null, null, null, 2025-11-19 11:04:22+00, 2025-11-19 11:04:22+00). (Connection: pgsql, SQL: insert into "cmis"."user_orgs" ("id", "user_id", "org_id", "is_active", "updated_at", "created_at") values (ebd50c83-42fc-43a1-a57a-582b0985f8d4, ?, 2aa266a3-136a-4163-9243-713d91e38edc, 1, 2025-11-19 11:04:22, 2025-11-19 11:04:22))

/home/user/cmis.marketing.limited/vendor/laravel/framework/src/Illuminate/Database/Connection.php:824
/home/user/cmis.marketing.limited/vendor/laravel/framework/src/Illuminate/Database/Connection.php:778
/home/user/cmis.marketing.limited/vendor/laravel/framework/src/Illuminate/Database/Connection.php:559
/home/user/cmis.marketing.limited/vendor/laravel/framework/src/Illuminate/Database/Connection.php:523
/home/user/cmis.marketing.limited/vendor/laravel/framework/src/Illuminate/Database/Query/Builder.php:3804
/home/user/cmis.marketing.limited/vendor/laravel/framework/src/Illuminate/Database/Eloquent/Builder.php:2235
/home/user/cmis.marketing.limited/vendor/laravel/framework/src/Illuminate/Database/Eloquent/Model.php:1412
/home/user/cmis.marketing.limited/vendor/laravel/framework/src/Illuminate/Database/Eloquent/Model.php:1240
/home/user/cmis.marketing.limited/vendor/laravel/framework/src/Illuminate/Database/Eloquent/Builder.php:1219
/home/user/cmis.marketing.limited/vendor/laravel/framework/src/Illuminate/Support/helpers.php:390
/home/user/cmis.marketing.limited/vendor/laravel/framework/src/Illuminate/Database/Eloquent/Builder.php:1218
/home/user/cmis.marketing.limited/vendor/laravel/framework/src/Illuminate/Support/Traits/ForwardsCalls.php:23
/home/user/cmis.marketing.limited/vendor/laravel/framework/src/Illuminate/Database/Eloquent/Model.php:2540
/home/user/cmis.marketing.limited/vendor/laravel/framework/src/Illuminate/Database/Eloquent/Model.php:2556
/home/user/cmis.marketing.limited/tests/Unit/Models/UserTest.php:131</error>
        </testcase>
      </testsuite>
      <testsuite name="Tests\Unit\Policies\LeadPolicyTest" file="/home/user/cmis.marketing.limited/tests/Unit/Policies/LeadPolicyTest.php" tests="11" assertions="0" errors="11" failures="0" skipped="0" time="3.291175">
        <testcase name="it_respects_org_boundaries" file="/home/user/cmis.marketing.limited/tests/Unit/Policies/LeadPolicyTest.php" line="413" class="Tests\Unit\Policies\LeadPolicyTest" classname="Tests.Unit.Policies.LeadPolicyTest" assertions="0" time="0.321405">
          <error type="Error">Tests\Unit\Policies\LeadPolicyTest::it_respects_org_boundaries
Error: Class "App\Models\Team\TeamMember" not found

/home/user/cmis.marketing.limited/tests/Unit/Policies/LeadPolicyTest.php:432</error>
        </testcase>
        <testcase name="admin_can_update_leads" file="/home/user/cmis.marketing.limited/tests/Unit/Policies/LeadPolicyTest.php" line="98" class="Tests\Unit\Policies\LeadPolicyTest" classname="Tests.Unit.Policies.LeadPolicyTest" assertions="0" time="0.291835">
          <error type="Error">Tests\Unit\Policies\LeadPolicyTest::admin_can_update_leads
Error: Class "App\Models\Team\TeamMember" not found

/home/user/cmis.marketing.limited/tests/Unit/Policies/LeadPolicyTest.php:112</error>
        </testcase>
        <testcase name="viewer_cannot_update_leads" file="/home/user/cmis.marketing.limited/tests/Unit/Policies/LeadPolicyTest.php" line="372" class="Tests\Unit\Policies\LeadPolicyTest" classname="Tests.Unit.Policies.LeadPolicyTest" assertions="0" time="0.292065">
          <error type="Error">Tests\Unit\Policies\LeadPolicyTest::viewer_cannot_update_leads
Error: Class "App\Models\Team\TeamMember" not found

/home/user/cmis.marketing.limited/tests/Unit/Policies/LeadPolicyTest.php:386</error>
        </testcase>
        <testcase name="admin_can_create_leads" file="/home/user/cmis.marketing.limited/tests/Unit/Policies/LeadPolicyTest.php" line="66" class="Tests\Unit\Policies\LeadPolicyTest" classname="Tests.Unit.Policies.LeadPolicyTest" assertions="0" time="0.288893">
          <error type="Error">Tests\Unit\Policies\LeadPolicyTest::admin_can_create_leads
Error: Class "App\Models\Team\TeamMember" not found

/home/user/cmis.marketing.limited/tests/Unit/Policies/LeadPolicyTest.php:80</error>
        </testcase>
        <testcase name="editor_cannot_delete_leads" file="/home/user/cmis.marketing.limited/tests/Unit/Policies/LeadPolicyTest.php" line="258" class="Tests\Unit\Policies\LeadPolicyTest" classname="Tests.Unit.Policies.LeadPolicyTest" assertions="0" time="0.293064">
          <error type="Error">Tests\Unit\Policies\LeadPolicyTest::editor_cannot_delete_leads
Error: Class "App\Models\Team\TeamMember" not found

/home/user/cmis.marketing.limited/tests/Unit/Policies/LeadPolicyTest.php:272</error>
        </testcase>
        <testcase name="editor_can_update_leads" file="/home/user/cmis.marketing.limited/tests/Unit/Policies/LeadPolicyTest.php" line="218" class="Tests\Unit\Policies\LeadPolicyTest" classname="Tests.Unit.Policies.LeadPolicyTest" assertions="0" time="0.322150">
          <error type="Error">Tests\Unit\Policies\LeadPolicyTest::editor_can_update_leads
Error: Class "App\Models\Team\TeamMember" not found

/home/user/cmis.marketing.limited/tests/Unit/Policies/LeadPolicyTest.php:232</error>
        </testcase>
        <testcase name="viewer_cannot_create_leads" file="/home/user/cmis.marketing.limited/tests/Unit/Policies/LeadPolicyTest.php" line="339" class="Tests\Unit\Policies\LeadPolicyTest" classname="Tests.Unit.Policies.LeadPolicyTest" assertions="0" time="0.291901">
          <error type="Error">Tests\Unit\Policies\LeadPolicyTest::viewer_cannot_create_leads
Error: Class "App\Models\Team\TeamMember" not found

/home/user/cmis.marketing.limited/tests/Unit/Policies/LeadPolicyTest.php:353</error>
        </testcase>
        <testcase name="admin_can_view_leads" file="/home/user/cmis.marketing.limited/tests/Unit/Policies/LeadPolicyTest.php" line="26" class="Tests\Unit\Policies\LeadPolicyTest" classname="Tests.Unit.Policies.LeadPolicyTest" assertions="0" time="0.291165">
          <error type="Error">Tests\Unit\Policies\LeadPolicyTest::admin_can_view_leads
Error: Class "App\Models\Team\TeamMember" not found

/home/user/cmis.marketing.limited/tests/Unit/Policies/LeadPolicyTest.php:40</error>
        </testcase>
        <testcase name="editor_can_view_leads" file="/home/user/cmis.marketing.limited/tests/Unit/Policies/LeadPolicyTest.php" line="178" class="Tests\Unit\Policies\LeadPolicyTest" classname="Tests.Unit.Policies.LeadPolicyTest" assertions="0" time="0.293685">
          <error type="Error">Tests\Unit\Policies\LeadPolicyTest::editor_can_view_leads
Error: Class "App\Models\Team\TeamMember" not found

/home/user/cmis.marketing.limited/tests/Unit/Policies/LeadPolicyTest.php:192</error>
        </testcase>
        <testcase name="admin_can_delete_leads" file="/home/user/cmis.marketing.limited/tests/Unit/Policies/LeadPolicyTest.php" line="138" class="Tests\Unit\Policies\LeadPolicyTest" classname="Tests.Unit.Policies.LeadPolicyTest" assertions="0" time="0.304107">
          <error type="Error">Tests\Unit\Policies\LeadPolicyTest::admin_can_delete_leads
Error: Class "App\Models\Team\TeamMember" not found

/home/user/cmis.marketing.limited/tests/Unit/Policies/LeadPolicyTest.php:152</error>
        </testcase>
        <testcase name="viewer_can_view_leads" file="/home/user/cmis.marketing.limited/tests/Unit/Policies/LeadPolicyTest.php" line="299" class="Tests\Unit\Policies\LeadPolicyTest" classname="Tests.Unit.Policies.LeadPolicyTest" assertions="0" time="0.300905">
          <error type="Error">Tests\Unit\Policies\LeadPolicyTest::viewer_can_view_leads
Error: Class "App\Models\Team\TeamMember" not found

/home/user/cmis.marketing.limited/tests/Unit/Policies/LeadPolicyTest.php:313</error>
        </testcase>
      </testsuite>
      <testsuite name="Tests\Unit\Middleware\RateLimitMiddlewareTest" file="/home/user/cmis.marketing.limited/tests/Unit/Middleware/RateLimitMiddlewareTest.php" tests="10" assertions="10" errors="0" failures="0" skipped="0" time="2.757941">
        <testcase name="it_applies_per_user_limits" file="/home/user/cmis.marketing.limited/tests/Unit/Middleware/RateLimitMiddlewareTest.php" line="189" class="Tests\Unit\Middleware\RateLimitMiddlewareTest" classname="Tests.Unit.Middleware.RateLimitMiddlewareTest" assertions="1" time="0.553106"/>
        <testcase name="it_tracks_remaining_attempts" file="/home/user/cmis.marketing.limited/tests/Unit/Middleware/RateLimitMiddlewareTest.php" line="157" class="Tests\Unit\Middleware\RateLimitMiddlewareTest" classname="Tests.Unit.Middleware.RateLimitMiddlewareTest" assertions="1" time="0.293209"/>
        <testcase name="it_resets_after_time_window" file="/home/user/cmis.marketing.limited/tests/Unit/Middleware/RateLimitMiddlewareTest.php" line="106" class="Tests\Unit\Middleware\RateLimitMiddlewareTest" classname="Tests.Unit.Middleware.RateLimitMiddlewareTest" assertions="1" time="0.289073"/>
        <testcase name="it_uses_different_limits_per_endpoint" file="/home/user/cmis.marketing.limited/tests/Unit/Middleware/RateLimitMiddlewareTest.php" line="81" class="Tests\Unit\Middleware\RateLimitMiddlewareTest" classname="Tests.Unit.Middleware.RateLimitMiddlewareTest" assertions="1" time="0.290983"/>
        <testcase name="it_allows_requests_within_limit" file="/home/user/cmis.marketing.limited/tests/Unit/Middleware/RateLimitMiddlewareTest.php" line="25" class="Tests\Unit\Middleware\RateLimitMiddlewareTest" classname="Tests.Unit.Middleware.RateLimitMiddlewareTest" assertions="1" time="0.301023"/>
        <testcase name="it_blocks_requests_exceeding_limit" file="/home/user/cmis.marketing.limited/tests/Unit/Middleware/RateLimitMiddlewareTest.php" line="51" class="Tests\Unit\Middleware\RateLimitMiddlewareTest" classname="Tests.Unit.Middleware.RateLimitMiddlewareTest" assertions="1" time="0.321825"/>
        <testcase name="it_applies_per_ip_limits_for_guests" file="/home/user/cmis.marketing.limited/tests/Unit/Middleware/RateLimitMiddlewareTest.php" line="220" class="Tests\Unit\Middleware\RateLimitMiddlewareTest" classname="Tests.Unit.Middleware.RateLimitMiddlewareTest" assertions="1" time="0.060193"/>
        <testcase name="it_provides_retry_after_header" file="/home/user/cmis.marketing.limited/tests/Unit/Middleware/RateLimitMiddlewareTest.php" line="133" class="Tests\Unit\Middleware\RateLimitMiddlewareTest" classname="Tests.Unit.Middleware.RateLimitMiddlewareTest" assertions="1" time="0.292324"/>
        <testcase name="it_respects_org_specific_limits" file="/home/user/cmis.marketing.limited/tests/Unit/Middleware/RateLimitMiddlewareTest.php" line="257" class="Tests\Unit\Middleware\RateLimitMiddlewareTest" classname="Tests.Unit.Middleware.RateLimitMiddlewareTest" assertions="1" time="0.063629"/>
        <testcase name="it_exempts_admin_users" file="/home/user/cmis.marketing.limited/tests/Unit/Middleware/RateLimitMiddlewareTest.php" line="232" class="Tests\Unit\Middleware\RateLimitMiddlewareTest" classname="Tests.Unit.Middleware.RateLimitMiddlewareTest" assertions="1" time="0.292577"/>
      </testsuite>
      <testsuite name="Tests\Unit\Services\SMSServiceTest" file="/home/user/cmis.marketing.limited/tests/Unit/Services/SMSServiceTest.php" tests="12" assertions="0" errors="12" failures="0" skipped="0" time="3.741887">
        <testcase name="it_handles_api_errors" file="/home/user/cmis.marketing.limited/tests/Unit/Services/SMSServiceTest.php" line="251" class="Tests\Unit\Services\SMSServiceTest" classname="Tests.Unit.Services.SMSServiceTest" assertions="0" time="0.340952">
          <error type="Error">Tests\Unit\Services\SMSServiceTest::it_handles_api_errors
Error: Call to undefined method Tests\Unit\Services\SMSServiceTest::mockTwilioAPI()

/home/user/cmis.marketing.limited/tests/Unit/Services/SMSServiceTest.php:256</error>
        </testcase>
        <testcase name="it_can_send_personalized_sms" file="/home/user/cmis.marketing.limited/tests/Unit/Services/SMSServiceTest.php" line="109" class="Tests\Unit\Services\SMSServiceTest" classname="Tests.Unit.Services.SMSServiceTest" assertions="0" time="0.301696">
          <error type="Error">Tests\Unit\Services\SMSServiceTest::it_can_send_personalized_sms
Error: Call to undefined method Tests\Unit\Services\SMSServiceTest::mockTwilioAPI()

/home/user/cmis.marketing.limited/tests/Unit/Services/SMSServiceTest.php:114</error>
        </testcase>
        <testcase name="it_handles_rate_limiting" file="/home/user/cmis.marketing.limited/tests/Unit/Services/SMSServiceTest.php" line="273" class="Tests\Unit\Services\SMSServiceTest" classname="Tests.Unit.Services.SMSServiceTest" assertions="0" time="0.304362">
          <error type="Error">Tests\Unit\Services\SMSServiceTest::it_handles_rate_limiting
Error: Class "Tests\Unit\Services\Http" not found

/home/user/cmis.marketing.limited/tests/Unit/Services/SMSServiceTest.php:278</error>
        </testcase>
        <testcase name="it_can_send_sms" file="/home/user/cmis.marketing.limited/tests/Unit/Services/SMSServiceTest.php" line="27" class="Tests\Unit\Services\SMSServiceTest" classname="Tests.Unit.Services.SMSServiceTest" assertions="0" time="0.300797">
          <error type="Error">Tests\Unit\Services\SMSServiceTest::it_can_send_sms
Error: Call to undefined method Tests\Unit\Services\SMSServiceTest::mockTwilioAPI()

/home/user/cmis.marketing.limited/tests/Unit/Services/SMSServiceTest.php:32</error>
        </testcase>
        <testcase name="it_can_schedule_sms" file="/home/user/cmis.marketing.limited/tests/Unit/Services/SMSServiceTest.php" line="137" class="Tests\Unit\Services\SMSServiceTest" classname="Tests.Unit.Services.SMSServiceTest" assertions="0" time="0.302611">
          <error type="Error">Tests\Unit\Services\SMSServiceTest::it_can_schedule_sms
Error: Call to undefined method App\Services\Communication\SMSService::scheduleSMS()

/home/user/cmis.marketing.limited/tests/Unit/Services/SMSServiceTest.php:142</error>
        </testcase>
        <testcase name="it_can_send_unicode_sms" file="/home/user/cmis.marketing.limited/tests/Unit/Services/SMSServiceTest.php" line="299" class="Tests\Unit\Services\SMSServiceTest" classname="Tests.Unit.Services.SMSServiceTest" assertions="0" time="0.325342">
          <error type="Error">Tests\Unit\Services\SMSServiceTest::it_can_send_unicode_sms
Error: Call to undefined method Tests\Unit\Services\SMSServiceTest::mockTwilioAPI()

/home/user/cmis.marketing.limited/tests/Unit/Services/SMSServiceTest.php:304</error>
        </testcase>
        <testcase name="it_validates_message_length" file="/home/user/cmis.marketing.limited/tests/Unit/Services/SMSServiceTest.php" line="229" class="Tests\Unit\Services\SMSServiceTest" classname="Tests.Unit.Services.SMSServiceTest" assertions="0" time="0.302200">
          <error type="Error">Tests\Unit\Services\SMSServiceTest::it_validates_message_length
Error: Call to undefined method App\Services\Communication\SMSService::sendSMS()

/home/user/cmis.marketing.limited/tests/Unit/Services/SMSServiceTest.php:236</error>
        </testcase>
        <testcase name="it_can_send_bulk_sms" file="/home/user/cmis.marketing.limited/tests/Unit/Services/SMSServiceTest.php" line="53" class="Tests\Unit\Services\SMSServiceTest" classname="Tests.Unit.Services.SMSServiceTest" assertions="0" time="0.300738">
          <error type="Error">Tests\Unit\Services\SMSServiceTest::it_can_send_bulk_sms
Error: Call to undefined method Tests\Unit\Services\SMSServiceTest::mockTwilioAPI()

/home/user/cmis.marketing.limited/tests/Unit/Services/SMSServiceTest.php:58</error>
        </testcase>
        <testcase name="it_can_get_message_status" file="/home/user/cmis.marketing.limited/tests/Unit/Services/SMSServiceTest.php" line="158" class="Tests\Unit\Services\SMSServiceTest" classname="Tests.Unit.Services.SMSServiceTest" assertions="0" time="0.299744">
          <error type="Error">Tests\Unit\Services\SMSServiceTest::it_can_get_message_status
Error: Call to undefined method Tests\Unit\Services\SMSServiceTest::mockTwilioAPI()

/home/user/cmis.marketing.limited/tests/Unit/Services/SMSServiceTest.php:163</error>
        </testcase>
        <testcase name="it_can_send_otp_sms" file="/home/user/cmis.marketing.limited/tests/Unit/Services/SMSServiceTest.php" line="84" class="Tests\Unit\Services\SMSServiceTest" classname="Tests.Unit.Services.SMSServiceTest" assertions="0" time="0.329912">
          <error type="Error">Tests\Unit\Services\SMSServiceTest::it_can_send_otp_sms
Error: Call to undefined method Tests\Unit\Services\SMSServiceTest::mockTwilioAPI()

/home/user/cmis.marketing.limited/tests/Unit/Services/SMSServiceTest.php:89</error>
        </testcase>
        <testcase name="it_can_get_delivery_report" file="/home/user/cmis.marketing.limited/tests/Unit/Services/SMSServiceTest.php" line="181" class="Tests\Unit\Services\SMSServiceTest" classname="Tests.Unit.Services.SMSServiceTest" assertions="0" time="0.302667">
          <error type="Error">Tests\Unit\Services\SMSServiceTest::it_can_get_delivery_report
Error: Call to undefined method Tests\Unit\Services\SMSServiceTest::mockTwilioAPI()

/home/user/cmis.marketing.limited/tests/Unit/Services/SMSServiceTest.php:186</error>
        </testcase>
        <testcase name="it_validates_phone_number" file="/home/user/cmis.marketing.limited/tests/Unit/Services/SMSServiceTest.php" line="209" class="Tests\Unit\Services\SMSServiceTest" classname="Tests.Unit.Services.SMSServiceTest" assertions="0" time="0.330866">
          <error type="Error">Tests\Unit\Services\SMSServiceTest::it_validates_phone_number
Error: Call to undefined method App\Services\Communication\SMSService::sendSMS()

/home/user/cmis.marketing.limited/tests/Unit/Services/SMSServiceTest.php:214</error>
        </testcase>
      </testsuite>
      <testsuite name="Tests\Unit\Models\Template\TemplateTest" file="/home/user/cmis.marketing.limited/tests/Unit/Models/Template/TemplateTest.php" tests="13" assertions="0" errors="13" failures="0" skipped="0" time="0.853530">
        <testcase name="it_can_be_soft_deleted" file="/home/user/cmis.marketing.limited/tests/Unit/Models/Template/TemplateTest.php" line="289" class="Tests\Unit\Models\Template\TemplateTest" classname="Tests.Unit.Models.Template.TemplateTest" assertions="0" time="0.063343">
          <error type="Error">Tests\Unit\Models\Template\TemplateTest::it_can_be_soft_deleted
Error: Class "App\Models\Template\Template" not found

/home/user/cmis.marketing.limited/tests/Unit/Models/Template/TemplateTest.php:296</error>
        </testcase>
        <testcase name="it_tracks_usage_count" file="/home/user/cmis.marketing.limited/tests/Unit/Models/Template/TemplateTest.php" line="158" class="Tests\Unit\Models\Template\TemplateTest" classname="Tests.Unit.Models.Template.TemplateTest" assertions="0" time="0.062145">
          <error type="Error">Tests\Unit\Models\Template\TemplateTest::it_tracks_usage_count
Error: Class "App\Models\Template\Template" not found

/home/user/cmis.marketing.limited/tests/Unit/Models/Template/TemplateTest.php:165</error>
        </testcase>
        <testcase name="it_can_be_active_or_inactive" file="/home/user/cmis.marketing.limited/tests/Unit/Models/Template/TemplateTest.php" line="180" class="Tests\Unit\Models\Template\TemplateTest" classname="Tests.Unit.Models.Template.TemplateTest" assertions="0" time="0.062333">
          <error type="Error">Tests\Unit\Models\Template\TemplateTest::it_can_be_active_or_inactive
Error: Class "App\Models\Template\Template" not found

/home/user/cmis.marketing.limited/tests/Unit/Models/Template/TemplateTest.php:187</error>
        </testcase>
        <testcase name="it_respects_rls_policies" file="/home/user/cmis.marketing.limited/tests/Unit/Models/Template/TemplateTest.php" line="314" class="Tests\Unit\Models\Template\TemplateTest" classname="Tests.Unit.Models.Template.TemplateTest" assertions="0" time="0.089197">
          <error type="Error">Tests\Unit\Models\Template\TemplateTest::it_respects_rls_policies
Error: Class "App\Models\Template\Template" not found

/home/user/cmis.marketing.limited/tests/Unit/Models/Template/TemplateTest.php:326</error>
        </testcase>
        <testcase name="it_stores_template_metadata" file="/home/user/cmis.marketing.limited/tests/Unit/Models/Template/TemplateTest.php" line="130" class="Tests\Unit\Models\Template\TemplateTest" classname="Tests.Unit.Models.Template.TemplateTest" assertions="0" time="0.059685">
          <error type="Error">Tests\Unit\Models\Template\TemplateTest::it_stores_template_metadata
Error: Class "App\Models\Template\Template" not found

/home/user/cmis.marketing.limited/tests/Unit/Models/Template/TemplateTest.php:144</error>
        </testcase>
        <testcase name="it_can_create_template" file="/home/user/cmis.marketing.limited/tests/Unit/Models/Template/TemplateTest.php" line="24" class="Tests\Unit\Models\Template\TemplateTest" classname="Tests.Unit.Models.Template.TemplateTest" assertions="0" time="0.056404">
          <error type="Error">Tests\Unit\Models\Template\TemplateTest::it_can_create_template
Error: Class "App\Models\Template\Template" not found

/home/user/cmis.marketing.limited/tests/Unit/Models/Template/TemplateTest.php:31</error>
        </testcase>
        <testcase name="it_belongs_to_org" file="/home/user/cmis.marketing.limited/tests/Unit/Models/Template/TemplateTest.php" line="46" class="Tests\Unit\Models\Template\TemplateTest" classname="Tests.Unit.Models.Template.TemplateTest" assertions="0" time="0.058828">
          <error type="Error">Tests\Unit\Models\Template\TemplateTest::it_belongs_to_org
Error: Class "App\Models\Template\Template" not found

/home/user/cmis.marketing.limited/tests/Unit/Models/Template/TemplateTest.php:53</error>
        </testcase>
        <testcase name="it_stores_template_variables" file="/home/user/cmis.marketing.limited/tests/Unit/Models/Template/TemplateTest.php" line="102" class="Tests\Unit\Models\Template\TemplateTest" classname="Tests.Unit.Models.Template.TemplateTest" assertions="0" time="0.061152">
          <error type="Error">Tests\Unit\Models\Template\TemplateTest::it_stores_template_variables
Error: Class "App\Models\Template\Template" not found

/home/user/cmis.marketing.limited/tests/Unit/Models/Template/TemplateTest.php:116</error>
        </testcase>
        <testcase name="it_stores_category" file="/home/user/cmis.marketing.limited/tests/Unit/Models/Template/TemplateTest.php" line="230" class="Tests\Unit\Models\Template\TemplateTest" classname="Tests.Unit.Models.Template.TemplateTest" assertions="0" time="0.062672">
          <error type="Error">Tests\Unit\Models\Template\TemplateTest::it_stores_category
Error: Class "App\Models\Template\Template" not found

/home/user/cmis.marketing.limited/tests/Unit/Models/Template/TemplateTest.php:237</error>
        </testcase>
        <testcase name="it_can_be_default_template" file="/home/user/cmis.marketing.limited/tests/Unit/Models/Template/TemplateTest.php" line="210" class="Tests\Unit\Models\Template\TemplateTest" classname="Tests.Unit.Models.Template.TemplateTest" assertions="0" time="0.089544">
          <error type="Error">Tests\Unit\Models\Template\TemplateTest::it_can_be_default_template
Error: Class "App\Models\Template\Template" not found

/home/user/cmis.marketing.limited/tests/Unit/Models/Template/TemplateTest.php:217</error>
        </testcase>
        <testcase name="it_has_timestamps" file="/home/user/cmis.marketing.limited/tests/Unit/Models/Template/TemplateTest.php" line="269" class="Tests\Unit\Models\Template\TemplateTest" classname="Tests.Unit.Models.Template.TemplateTest" assertions="0" time="0.062296">
          <error type="Error">Tests\Unit\Models\Template\TemplateTest::it_has_timestamps
Error: Class "App\Models\Template\Template" not found

/home/user/cmis.marketing.limited/tests/Unit/Models/Template/TemplateTest.php:276</error>
        </testcase>
        <testcase name="it_has_different_template_types" file="/home/user/cmis.marketing.limited/tests/Unit/Models/Template/TemplateTest.php" line="65" class="Tests\Unit\Models\Template\TemplateTest" classname="Tests.Unit.Models.Template.TemplateTest" assertions="0" time="0.063930">
          <error type="Error">Tests\Unit\Models\Template\TemplateTest::it_has_different_template_types
Error: Class "App\Models\Template\Template" not found

/home/user/cmis.marketing.limited/tests/Unit/Models/Template/TemplateTest.php:72</error>
        </testcase>
        <testcase name="it_uses_uuid_as_primary_key" file="/home/user/cmis.marketing.limited/tests/Unit/Models/Template/TemplateTest.php" line="250" class="Tests\Unit\Models\Template\TemplateTest" classname="Tests.Unit.Models.Template.TemplateTest" assertions="0" time="0.062001">
          <error type="Error">Tests\Unit\Models\Template\TemplateTest::it_uses_uuid_as_primary_key
Error: Class "App\Models\Template\Template" not found

/home/user/cmis.marketing.limited/tests/Unit/Models/Template/TemplateTest.php:257</error>
        </testcase>
      </testsuite>
      <testsuite name="Tests\Unit\Models\Knowledge\KnowledgeIndexTest" file="/home/user/cmis.marketing.limited/tests/Unit/Models/Knowledge/KnowledgeIndexTest.php" tests="10" assertions="0" errors="10" failures="0" skipped="0" time="0.750857">
        <testcase name="it_can_be_soft_deleted" file="/home/user/cmis.marketing.limited/tests/Unit/Models/Knowledge/KnowledgeIndexTest.php" line="161" class="Tests\Unit\Models\Knowledge\KnowledgeIndexTest" classname="Tests.Unit.Models.Knowledge.KnowledgeIndexTest" assertions="0" time="0.068442">
          <error type="Illuminate\Database\QueryException">Tests\Unit\Models\Knowledge\KnowledgeIndexTest::it_can_be_soft_deleted
Illuminate\Database\QueryException: SQLSTATE[42P01]: Undefined table: 7 ERROR:  relation "cmis.knowledge_index" does not exist
LINE 1: insert into "cmis"."knowledge_index" ("org_id", "content", "...
                    ^ (Connection: pgsql, SQL: insert into "cmis"."knowledge_index" ("org_id", "content", "embedding", "knowledge_id", "updated_at", "created_at") values (4a0d5a09-4ade-42dc-9a65-1231a8266e6d, Soft delete test, [0.1,0.1,0.1,0.1,0.1,0.1,0.1,0.1,0.1,0.1,0.1,0.1,0.1,0.1,0.1,0.1,0.1,0.1,0.1,0.1,0.1,0.1,0.1,0.1,0.1,0.1,0.1,0.1,0.1,0.1,0.1,0.1,0.1,0.1,0.1,0.1,0.1,0.1,0.1,0.1,0.1,0.1,0.1,0.1,0.1,0.1,0.1,0.1,0.1,0.1,0.1,0.1,0.1,0.1,0.1,0.1,0.1,0.1,0.1,0.1,0.1,0.1,0.1,0.1,0.1,0.1,0.1,0.1,0.1,0.1,0.1,0.1,0.1,0.1,0.1,0.1,0.1,0.1,0.1,0.1,0.1,0.1,0.1,0.1,0.1,0.1,0.1,0.1,0.1,0.1,0.1,0.1,0.1,0.1,0.1,0.1,0.1,0.1,0.1,0.1,0.1,0.1,0.1,0.1,0.1,0.1,0.1,0.1,0.1,0.1,0.1,0.1,0.1,0.1,0.1,0.1,0.1,0.1,0.1,0.1,0.1,0.1,0.1,0.1,0.1,0.1,0.1,0.1,0.1,0.1,0.1,0.1,0.1,0.1,0.1,0.1,0.1,0.1,0.1,0.1,0.1,0.1,0.1,0.1,0.1,0.1,0.1,0.1,0.1,0.1,0.1,0.1,0.1,0.1,0.1,0.1,0.1,0.1,0.1,0.1,0.1,0.1,0.1,0.1,0.1,0.1,0.1,0.1,0.1,0.1,0.1,0.1,0.1,0.1,0.1,0.1,0.1,0.1,0.1,0.1,0.1,0.1,0.1,0.1,0.1,0.1,0.1,0.1,0.1,0.1,0.1,0.1,0.1,0.1,0.1,0.1,0.1,0.1,0.1,0.1,0.1,0.1,0.1,0.1,0.1,0.1,0.1,0.1,0.1,0.1,0.1,0.1,0.1,0.1,0.1,0.1,0.1,0.1,0.1,0.1,0.1,0.1,0.1,0.1,0.1,0.1,0.1,0.1,0.1,0.1,0.1,0.1,0.1,0.1,0.1,0.1,0.1,0.1,0.1,0.1,0.1,0.1,0.1,0.1,0.1,0.1,0.1,0.1,0.1,0.1,0.1,0.1,0.1,0.1,0.1,0.1,0.1,0.1,0.1,0.1,0.1,0.1,0.1,0.1,0.1,0.1,0.1,0.1,0.1,0.1,0.1,0.1,0.1,0.1,0.1,0.1,0.1,0.1,0.1,0.1,0.1,0.1,0.1,0.1,0.1,0.1,0.1,0.1,0.1,0.1,0.1,0.1,0.1,0.1,0.1,0.1,0.1,0.1,0.1,0.1,0.1,0.1,0.1,0.1,0.1,0.1,0.1,0.1,0.1,0.1,0.1,0.1,0.1,0.1,0.1,0.1,0.1,0.1,0.1,0.1,0.1,0.1,0.1,0.1,0.1,0.1,0.1,0.1,0.1,0.1,0.1,0.1,0.1,0.1,0.1,0.1,0.1,0.1,0.1,0.1,0.1,0.1,0.1,0.1,0.1,0.1,0.1,0.1,0.1,0.1,0.1,0.1,0.1,0.1,0.1,0.1,0.1,0.1,0.1,0.1,0.1,0.1,0.1,0.1,0.1,0.1,0.1,0.1,0.1,0.1,0.1,0.1,0.1,0.1,0.1,0.1,0.1,0.1,0.1,0.1,0.1,0.1,0.1,0.1,0.1,0.1,0.1,0.1,0.1,0.1,0.1,0.1,0.1,0.1,0.1,0.1,0.1,0.1,0.1,0.1,0.1,0.1,0.1,0.1,0.1,0.1,0.1,0.1,0.1,0.1,0.1,0.1,0.1,0.1,0.1,0.1,0.1,0.1,0.1,0.1,0.1,0.1,0.1,0.1,0.1,0.1,0.1,0.1,0.1,0.1,0.1,0.1,0.1,0.1,0.1,0.1,0.1,0.1,0.1,0.1,0.1,0.1,0.1,0.1,0.1,0.1,0.1,0.1,0.1,0.1,0.1,0.1,0.1,0.1,0.1,0.1,0.1,0.1,0.1,0.1,0.1,0.1,0.1,0.1,0.1,0.1,0.1,0.1,0.1,0.1,0.1,0.1,0.1,0.1,0.1,0.1,0.1,0.1,0.1,0.1,0.1,0.1,0.1,0.1,0.1,0.1,0.1,0.1,0.1,0.1,0.1,0.1,0.1,0.1,0.1,0.1,0.1,0.1,0.1,0.1,0.1,0.1,0.1,0.1,0.1,0.1,0.1,0.1,0.1,0.1,0.1,0.1,0.1,0.1,0.1,0.1,0.1,0.1,0.1,0.1,0.1,0.1,0.1,0.1,0.1,0.1,0.1,0.1,0.1,0.1,0.1,0.1,0.1,0.1,0.1,0.1,0.1,0.1,0.1,0.1,0.1,0.1,0.1,0.1,0.1,0.1,0.1,0.1,0.1,0.1,0.1,0.1,0.1,0.1,0.1,0.1,0.1,0.1,0.1,0.1,0.1,0.1,0.1,0.1,0.1,0.1,0.1,0.1,0.1,0.1,0.1,0.1,0.1,0.1,0.1,0.1,0.1,0.1,0.1,0.1,0.1,0.1,0.1,0.1,0.1,0.1,0.1,0.1,0.1,0.1,0.1,0.1,0.1,0.1,0.1,0.1,0.1,0.1,0.1,0.1,0.1,0.1,0.1,0.1,0.1,0.1,0.1,0.1,0.1,0.1,0.1,0.1,0.1,0.1,0.1,0.1,0.1,0.1,0.1,0.1,0.1,0.1,0.1,0.1,0.1,0.1,0.1,0.1,0.1,0.1,0.1,0.1,0.1,0.1,0.1,0.1,0.1,0.1,0.1,0.1,0.1,0.1,0.1,0.1,0.1,0.1,0.1,0.1,0.1,0.1,0.1,0.1,0.1,0.1,0.1,0.1,0.1,0.1,0.1,0.1,0.1,0.1,0.1,0.1,0.1,0.1,0.1,0.1,0.1,0.1,0.1,0.1,0.1,0.1,0.1,0.1,0.1,0.1,0.1,0.1,0.1,0.1,0.1,0.1,0.1,0.1,0.1,0.1,0.1,0.1,0.1,0.1,0.1,0.1,0.1,0.1,0.1,0.1,0.1,0.1,0.1,0.1,0.1,0.1,0.1,0.1,0.1,0.1,0.1,0.1,0.1,0.1,0.1,0.1,0.1,0.1,0.1,0.1,0.1,0.1,0.1,0.1,0.1,0.1,0.1,0.1,0.1,0.1,0.1,0.1,0.1,0.1,0.1,0.1,0.1,0.1,0.1,0.1,0.1,0.1,0.1,0.1,0.1,0.1,0.1,0.1,0.1,0.1,0.1,0.1,0.1,0.1,0.1,0.1,0.1,0.1,0.1,0.1,0.1,0.1,0.1,0.1,0.1,0.1,0.1,0.1,0.1,0.1], 019a9bc9-9e0a-738d-b572-351bf8f80341, 2025-11-19 11:04:33, 2025-11-19 11:04:33))

/home/user/cmis.marketing.limited/vendor/laravel/framework/src/Illuminate/Database/Connection.php:824
/home/user/cmis.marketing.limited/vendor/laravel/framework/src/Illuminate/Database/Connection.php:778
/home/user/cmis.marketing.limited/vendor/laravel/framework/src/Illuminate/Database/Connection.php:559
/home/user/cmis.marketing.limited/vendor/laravel/framework/src/Illuminate/Database/Connection.php:523
/home/user/cmis.marketing.limited/vendor/laravel/framework/src/Illuminate/Database/Query/Builder.php:3804
/home/user/cmis.marketing.limited/vendor/laravel/framework/src/Illuminate/Database/Eloquent/Builder.php:2235
/home/user/cmis.marketing.limited/vendor/laravel/framework/src/Illuminate/Database/Eloquent/Model.php:1412
/home/user/cmis.marketing.limited/vendor/laravel/framework/src/Illuminate/Database/Eloquent/Model.php:1240
/home/user/cmis.marketing.limited/vendor/laravel/framework/src/Illuminate/Database/Eloquent/Builder.php:1219
/home/user/cmis.marketing.limited/vendor/laravel/framework/src/Illuminate/Support/helpers.php:390
/home/user/cmis.marketing.limited/vendor/laravel/framework/src/Illuminate/Database/Eloquent/Builder.php:1218
/home/user/cmis.marketing.limited/vendor/laravel/framework/src/Illuminate/Support/Traits/ForwardsCalls.php:23
/home/user/cmis.marketing.limited/vendor/laravel/framework/src/Illuminate/Database/Eloquent/Model.php:2540
/home/user/cmis.marketing.limited/vendor/laravel/framework/src/Illuminate/Database/Eloquent/Model.php:2556
/home/user/cmis.marketing.limited/tests/Unit/Models/Knowledge/KnowledgeIndexTest.php:168</error>
        </testcase>
        <testcase name="it_can_create_a_knowledge_index" file="/home/user/cmis.marketing.limited/tests/Unit/Models/Knowledge/KnowledgeIndexTest.php" line="24" class="Tests\Unit\Models\Knowledge\KnowledgeIndexTest" classname="Tests.Unit.Models.Knowledge.KnowledgeIndexTest" assertions="0" time="0.091438">
          <error type="Illuminate\Database\QueryException">Tests\Unit\Models\Knowledge\KnowledgeIndexTest::it_can_create_a_knowledge_index
Illuminate\Database\QueryException: SQLSTATE[42P01]: Undefined table: 7 ERROR:  relation "cmis.knowledge_index" does not exist
LINE 1: insert into "cmis"."knowledge_index" ("org_id", "content", "...
                    ^ (Connection: pgsql, SQL: insert into "cmis"."knowledge_index" ("org_id", "content", "embedding", "knowledge_id", "updated_at", "created_at") values (d7a7b0de-39f1-46ff-a7f0-8131ee120e15, This is a test content for knowledge indexing, [0.1,0.1,0.1,0.1,0.1,0.1,0.1,0.1,0.1,0.1,0.1,0.1,0.1,0.1,0.1,0.1,0.1,0.1,0.1,0.1,0.1,0.1,0.1,0.1,0.1,0.1,0.1,0.1,0.1,0.1,0.1,0.1,0.1,0.1,0.1,0.1,0.1,0.1,0.1,0.1,0.1,0.1,0.1,0.1,0.1,0.1,0.1,0.1,0.1,0.1,0.1,0.1,0.1,0.1,0.1,0.1,0.1,0.1,0.1,0.1,0.1,0.1,0.1,0.1,0.1,0.1,0.1,0.1,0.1,0.1,0.1,0.1,0.1,0.1,0.1,0.1,0.1,0.1,0.1,0.1,0.1,0.1,0.1,0.1,0.1,0.1,0.1,0.1,0.1,0.1,0.1,0.1,0.1,0.1,0.1,0.1,0.1,0.1,0.1,0.1,0.1,0.1,0.1,0.1,0.1,0.1,0.1,0.1,0.1,0.1,0.1,0.1,0.1,0.1,0.1,0.1,0.1,0.1,0.1,0.1,0.1,0.1,0.1,0.1,0.1,0.1,0.1,0.1,0.1,0.1,0.1,0.1,0.1,0.1,0.1,0.1,0.1,0.1,0.1,0.1,0.1,0.1,0.1,0.1,0.1,0.1,0.1,0.1,0.1,0.1,0.1,0.1,0.1,0.1,0.1,0.1,0.1,0.1,0.1,0.1,0.1,0.1,0.1,0.1,0.1,0.1,0.1,0.1,0.1,0.1,0.1,0.1,0.1,0.1,0.1,0.1,0.1,0.1,0.1,0.1,0.1,0.1,0.1,0.1,0.1,0.1,0.1,0.1,0.1,0.1,0.1,0.1,0.1,0.1,0.1,0.1,0.1,0.1,0.1,0.1,0.1,0.1,0.1,0.1,0.1,0.1,0.1,0.1,0.1,0.1,0.1,0.1,0.1,0.1,0.1,0.1,0.1,0.1,0.1,0.1,0.1,0.1,0.1,0.1,0.1,0.1,0.1,0.1,0.1,0.1,0.1,0.1,0.1,0.1,0.1,0.1,0.1,0.1,0.1,0.1,0.1,0.1,0.1,0.1,0.1,0.1,0.1,0.1,0.1,0.1,0.1,0.1,0.1,0.1,0.1,0.1,0.1,0.1,0.1,0.1,0.1,0.1,0.1,0.1,0.1,0.1,0.1,0.1,0.1,0.1,0.1,0.1,0.1,0.1,0.1,0.1,0.1,0.1,0.1,0.1,0.1,0.1,0.1,0.1,0.1,0.1,0.1,0.1,0.1,0.1,0.1,0.1,0.1,0.1,0.1,0.1,0.1,0.1,0.1,0.1,0.1,0.1,0.1,0.1,0.1,0.1,0.1,0.1,0.1,0.1,0.1,0.1,0.1,0.1,0.1,0.1,0.1,0.1,0.1,0.1,0.1,0.1,0.1,0.1,0.1,0.1,0.1,0.1,0.1,0.1,0.1,0.1,0.1,0.1,0.1,0.1,0.1,0.1,0.1,0.1,0.1,0.1,0.1,0.1,0.1,0.1,0.1,0.1,0.1,0.1,0.1,0.1,0.1,0.1,0.1,0.1,0.1,0.1,0.1,0.1,0.1,0.1,0.1,0.1,0.1,0.1,0.1,0.1,0.1,0.1,0.1,0.1,0.1,0.1,0.1,0.1,0.1,0.1,0.1,0.1,0.1,0.1,0.1,0.1,0.1,0.1,0.1,0.1,0.1,0.1,0.1,0.1,0.1,0.1,0.1,0.1,0.1,0.1,0.1,0.1,0.1,0.1,0.1,0.1,0.1,0.1,0.1,0.1,0.1,0.1,0.1,0.1,0.1,0.1,0.1,0.1,0.1,0.1,0.1,0.1,0.1,0.1,0.1,0.1,0.1,0.1,0.1,0.1,0.1,0.1,0.1,0.1,0.1,0.1,0.1,0.1,0.1,0.1,0.1,0.1,0.1,0.1,0.1,0.1,0.1,0.1,0.1,0.1,0.1,0.1,0.1,0.1,0.1,0.1,0.1,0.1,0.1,0.1,0.1,0.1,0.1,0.1,0.1,0.1,0.1,0.1,0.1,0.1,0.1,0.1,0.1,0.1,0.1,0.1,0.1,0.1,0.1,0.1,0.1,0.1,0.1,0.1,0.1,0.1,0.1,0.1,0.1,0.1,0.1,0.1,0.1,0.1,0.1,0.1,0.1,0.1,0.1,0.1,0.1,0.1,0.1,0.1,0.1,0.1,0.1,0.1,0.1,0.1,0.1,0.1,0.1,0.1,0.1,0.1,0.1,0.1,0.1,0.1,0.1,0.1,0.1,0.1,0.1,0.1,0.1,0.1,0.1,0.1,0.1,0.1,0.1,0.1,0.1,0.1,0.1,0.1,0.1,0.1,0.1,0.1,0.1,0.1,0.1,0.1,0.1,0.1,0.1,0.1,0.1,0.1,0.1,0.1,0.1,0.1,0.1,0.1,0.1,0.1,0.1,0.1,0.1,0.1,0.1,0.1,0.1,0.1,0.1,0.1,0.1,0.1,0.1,0.1,0.1,0.1,0.1,0.1,0.1,0.1,0.1,0.1,0.1,0.1,0.1,0.1,0.1,0.1,0.1,0.1,0.1,0.1,0.1,0.1,0.1,0.1,0.1,0.1,0.1,0.1,0.1,0.1,0.1,0.1,0.1,0.1,0.1,0.1,0.1,0.1,0.1,0.1,0.1,0.1,0.1,0.1,0.1,0.1,0.1,0.1,0.1,0.1,0.1,0.1,0.1,0.1,0.1,0.1,0.1,0.1,0.1,0.1,0.1,0.1,0.1,0.1,0.1,0.1,0.1,0.1,0.1,0.1,0.1,0.1,0.1,0.1,0.1,0.1,0.1,0.1,0.1,0.1,0.1,0.1,0.1,0.1,0.1,0.1,0.1,0.1,0.1,0.1,0.1,0.1,0.1,0.1,0.1,0.1,0.1,0.1,0.1,0.1,0.1,0.1,0.1,0.1,0.1,0.1,0.1,0.1,0.1,0.1,0.1,0.1,0.1,0.1,0.1,0.1,0.1,0.1,0.1,0.1,0.1,0.1,0.1,0.1,0.1,0.1,0.1,0.1,0.1,0.1,0.1,0.1,0.1,0.1,0.1,0.1,0.1,0.1,0.1,0.1,0.1,0.1,0.1,0.1,0.1,0.1,0.1,0.1,0.1,0.1,0.1,0.1,0.1,0.1,0.1,0.1,0.1,0.1,0.1,0.1,0.1,0.1,0.1,0.1,0.1,0.1,0.1,0.1,0.1,0.1,0.1,0.1,0.1,0.1,0.1,0.1,0.1,0.1,0.1,0.1,0.1,0.1,0.1,0.1,0.1,0.1,0.1,0.1,0.1,0.1,0.1,0.1,0.1,0.1,0.1,0.1,0.1,0.1], 019a9bc9-9e65-7250-801f-4032dec16e7d, 2025-11-19 11:04:33, 2025-11-19 11:04:33))

/home/user/cmis.marketing.limited/vendor/laravel/framework/src/Illuminate/Database/Connection.php:824
/home/user/cmis.marketing.limited/vendor/laravel/framework/src/Illuminate/Database/Connection.php:778
/home/user/cmis.marketing.limited/vendor/laravel/framework/src/Illuminate/Database/Connection.php:559
/home/user/cmis.marketing.limited/vendor/laravel/framework/src/Illuminate/Database/Connection.php:523
/home/user/cmis.marketing.limited/vendor/laravel/framework/src/Illuminate/Database/Query/Builder.php:3804
/home/user/cmis.marketing.limited/vendor/laravel/framework/src/Illuminate/Database/Eloquent/Builder.php:2235
/home/user/cmis.marketing.limited/vendor/laravel/framework/src/Illuminate/Database/Eloquent/Model.php:1412
/home/user/cmis.marketing.limited/vendor/laravel/framework/src/Illuminate/Database/Eloquent/Model.php:1240
/home/user/cmis.marketing.limited/vendor/laravel/framework/src/Illuminate/Database/Eloquent/Builder.php:1219
/home/user/cmis.marketing.limited/vendor/laravel/framework/src/Illuminate/Support/helpers.php:390
/home/user/cmis.marketing.limited/vendor/laravel/framework/src/Illuminate/Database/Eloquent/Builder.php:1218
/home/user/cmis.marketing.limited/vendor/laravel/framework/src/Illuminate/Support/Traits/ForwardsCalls.php:23
/home/user/cmis.marketing.limited/vendor/laravel/framework/src/Illuminate/Database/Eloquent/Model.php:2540
/home/user/cmis.marketing.limited/vendor/laravel/framework/src/Illuminate/Database/Eloquent/Model.php:2556
/home/user/cmis.marketing.limited/tests/Unit/Models/Knowledge/KnowledgeIndexTest.php:31</error>
        </testcase>
        <testcase name="it_can_calculate_similarity" file="/home/user/cmis.marketing.limited/tests/Unit/Models/Knowledge/KnowledgeIndexTest.php" line="238" class="Tests\Unit\Models\Knowledge\KnowledgeIndexTest" classname="Tests.Unit.Models.Knowledge.KnowledgeIndexTest" assertions="0" time="0.064731">
          <error type="Illuminate\Database\QueryException">Tests\Unit\Models\Knowledge\KnowledgeIndexTest::it_can_calculate_similarity
Illuminate\Database\QueryException: SQLSTATE[42P01]: Undefined table: 7 ERROR:  relation "cmis.knowledge_index" does not exist
LINE 1: insert into "cmis"."knowledge_index" ("org_id", "content", "...
                    ^ (Connection: pgsql, SQL: insert into "cmis"."knowledge_index" ("org_id", "content", "embedding", "knowledge_id", "updated_at", "created_at") values (09ac977d-92e3-43d0-853c-a06b045463c0, Similar content 1, [0.5,0.5,0.5,0.5,0.5,0.5,0.5,0.5,0.5,0.5,0.5,0.5,0.5,0.5,0.5,0.5,0.5,0.5,0.5,0.5,0.5,0.5,0.5,0.5,0.5,0.5,0.5,0.5,0.5,0.5,0.5,0.5,0.5,0.5,0.5,0.5,0.5,0.5,0.5,0.5,0.5,0.5,0.5,0.5,0.5,0.5,0.5,0.5,0.5,0.5,0.5,0.5,0.5,0.5,0.5,0.5,0.5,0.5,0.5,0.5,0.5,0.5,0.5,0.5,0.5,0.5,0.5,0.5,0.5,0.5,0.5,0.5,0.5,0.5,0.5,0.5,0.5,0.5,0.5,0.5,0.5,0.5,0.5,0.5,0.5,0.5,0.5,0.5,0.5,0.5,0.5,0.5,0.5,0.5,0.5,0.5,0.5,0.5,0.5,0.5,0.5,0.5,0.5,0.5,0.5,0.5,0.5,0.5,0.5,0.5,0.5,0.5,0.5,0.5,0.5,0.5,0.5,0.5,0.5,0.5,0.5,0.5,0.5,0.5,0.5,0.5,0.5,0.5,0.5,0.5,0.5,0.5,0.5,0.5,0.5,0.5,0.5,0.5,0.5,0.5,0.5,0.5,0.5,0.5,0.5,0.5,0.5,0.5,0.5,0.5,0.5,0.5,0.5,0.5,0.5,0.5,0.5,0.5,0.5,0.5,0.5,0.5,0.5,0.5,0.5,0.5,0.5,0.5,0.5,0.5,0.5,0.5,0.5,0.5,0.5,0.5,0.5,0.5,0.5,0.5,0.5,0.5,0.5,0.5,0.5,0.5,0.5,0.5,0.5,0.5,0.5,0.5,0.5,0.5,0.5,0.5,0.5,0.5,0.5,0.5,0.5,0.5,0.5,0.5,0.5,0.5,0.5,0.5,0.5,0.5,0.5,0.5,0.5,0.5,0.5,0.5,0.5,0.5,0.5,0.5,0.5,0.5,0.5,0.5,0.5,0.5,0.5,0.5,0.5,0.5,0.5,0.5,0.5,0.5,0.5,0.5,0.5,0.5,0.5,0.5,0.5,0.5,0.5,0.5,0.5,0.5,0.5,0.5,0.5,0.5,0.5,0.5,0.5,0.5,0.5,0.5,0.5,0.5,0.5,0.5,0.5,0.5,0.5,0.5,0.5,0.5,0.5,0.5,0.5,0.5,0.5,0.5,0.5,0.5,0.5,0.5,0.5,0.5,0.5,0.5,0.5,0.5,0.5,0.5,0.5,0.5,0.5,0.5,0.5,0.5,0.5,0.5,0.5,0.5,0.5,0.5,0.5,0.5,0.5,0.5,0.5,0.5,0.5,0.5,0.5,0.5,0.5,0.5,0.5,0.5,0.5,0.5,0.5,0.5,0.5,0.5,0.5,0.5,0.5,0.5,0.5,0.5,0.5,0.5,0.5,0.5,0.5,0.5,0.5,0.5,0.5,0.5,0.5,0.5,0.5,0.5,0.5,0.5,0.5,0.5,0.5,0.5,0.5,0.5,0.5,0.5,0.5,0.5,0.5,0.5,0.5,0.5,0.5,0.5,0.5,0.5,0.5,0.5,0.5,0.5,0.5,0.5,0.5,0.5,0.5,0.5,0.5,0.5,0.5,0.5,0.5,0.5,0.5,0.5,0.5,0.5,0.5,0.5,0.5,0.5,0.5,0.5,0.5,0.5,0.5,0.5,0.5,0.5,0.5,0.5,0.5,0.5,0.5,0.5,0.5,0.5,0.5,0.5,0.5,0.5,0.5,0.5,0.5,0.5,0.5,0.5,0.5,0.5,0.5,0.5,0.5,0.5,0.5,0.5,0.5,0.5,0.5,0.5,0.5,0.5,0.5,0.5,0.5,0.5,0.5,0.5,0.5,0.5,0.5,0.5,0.5,0.5,0.5,0.5,0.5,0.5,0.5,0.5,0.5,0.5,0.5,0.5,0.5,0.5,0.5,0.5,0.5,0.5,0.5,0.5,0.5,0.5,0.5,0.5,0.5,0.5,0.5,0.5,0.5,0.5,0.5,0.5,0.5,0.5,0.5,0.5,0.5,0.5,0.5,0.5,0.5,0.5,0.5,0.5,0.5,0.5,0.5,0.5,0.5,0.5,0.5,0.5,0.5,0.5,0.5,0.5,0.5,0.5,0.5,0.5,0.5,0.5,0.5,0.5,0.5,0.5,0.5,0.5,0.5,0.5,0.5,0.5,0.5,0.5,0.5,0.5,0.5,0.5,0.5,0.5,0.5,0.5,0.5,0.5,0.5,0.5,0.5,0.5,0.5,0.5,0.5,0.5,0.5,0.5,0.5,0.5,0.5,0.5,0.5,0.5,0.5,0.5,0.5,0.5,0.5,0.5,0.5,0.5,0.5,0.5,0.5,0.5,0.5,0.5,0.5,0.5,0.5,0.5,0.5,0.5,0.5,0.5,0.5,0.5,0.5,0.5,0.5,0.5,0.5,0.5,0.5,0.5,0.5,0.5,0.5,0.5,0.5,0.5,0.5,0.5,0.5,0.5,0.5,0.5,0.5,0.5,0.5,0.5,0.5,0.5,0.5,0.5,0.5,0.5,0.5,0.5,0.5,0.5,0.5,0.5,0.5,0.5,0.5,0.5,0.5,0.5,0.5,0.5,0.5,0.5,0.5,0.5,0.5,0.5,0.5,0.5,0.5,0.5,0.5,0.5,0.5,0.5,0.5,0.5,0.5,0.5,0.5,0.5,0.5,0.5,0.5,0.5,0.5,0.5,0.5,0.5,0.5,0.5,0.5,0.5,0.5,0.5,0.5,0.5,0.5,0.5,0.5,0.5,0.5,0.5,0.5,0.5,0.5,0.5,0.5,0.5,0.5,0.5,0.5,0.5,0.5,0.5,0.5,0.5,0.5,0.5,0.5,0.5,0.5,0.5,0.5,0.5,0.5,0.5,0.5,0.5,0.5,0.5,0.5,0.5,0.5,0.5,0.5,0.5,0.5,0.5,0.5,0.5,0.5,0.5,0.5,0.5,0.5,0.5,0.5,0.5,0.5,0.5,0.5,0.5,0.5,0.5,0.5,0.5,0.5,0.5,0.5,0.5,0.5,0.5,0.5,0.5,0.5,0.5,0.5,0.5,0.5,0.5,0.5,0.5,0.5,0.5,0.5,0.5,0.5,0.5,0.5,0.5,0.5,0.5,0.5,0.5,0.5,0.5,0.5,0.5,0.5,0.5,0.5,0.5,0.5,0.5,0.5,0.5,0.5,0.5,0.5,0.5,0.5,0.5,0.5,0.5,0.5,0.5,0.5,0.5,0.5,0.5,0.5,0.5,0.5,0.5,0.5,0.5,0.5,0.5,0.5,0.5,0.5,0.5,0.5,0.5,0.5,0.5,0.5,0.5,0.5,0.5], 019a9bc9-9ea6-72a2-83e1-ccf8f4d0e0ca, 2025-11-19 11:04:33, 2025-11-19 11:04:33))

/home/user/cmis.marketing.limited/vendor/laravel/framework/src/Illuminate/Database/Connection.php:824
/home/user/cmis.marketing.limited/vendor/laravel/framework/src/Illuminate/Database/Connection.php:778
/home/user/cmis.marketing.limited/vendor/laravel/framework/src/Illuminate/Database/Connection.php:559
/home/user/cmis.marketing.limited/vendor/laravel/framework/src/Illuminate/Database/Connection.php:523
/home/user/cmis.marketing.limited/vendor/laravel/framework/src/Illuminate/Database/Query/Builder.php:3804
/home/user/cmis.marketing.limited/vendor/laravel/framework/src/Illuminate/Database/Eloquent/Builder.php:2235
/home/user/cmis.marketing.limited/vendor/laravel/framework/src/Illuminate/Database/Eloquent/Model.php:1412
/home/user/cmis.marketing.limited/vendor/laravel/framework/src/Illuminate/Database/Eloquent/Model.php:1240
/home/user/cmis.marketing.limited/vendor/laravel/framework/src/Illuminate/Database/Eloquent/Builder.php:1219
/home/user/cmis.marketing.limited/vendor/laravel/framework/src/Illuminate/Support/helpers.php:390
/home/user/cmis.marketing.limited/vendor/laravel/framework/src/Illuminate/Database/Eloquent/Builder.php:1218
/home/user/cmis.marketing.limited/vendor/laravel/framework/src/Illuminate/Support/Traits/ForwardsCalls.php:23
/home/user/cmis.marketing.limited/vendor/laravel/framework/src/Illuminate/Database/Eloquent/Model.php:2540
/home/user/cmis.marketing.limited/vendor/laravel/framework/src/Illuminate/Database/Eloquent/Model.php:2556
/home/user/cmis.marketing.limited/tests/Unit/Models/Knowledge/KnowledgeIndexTest.php:249</error>
        </testcase>
        <testcase name="it_has_timestamps" file="/home/user/cmis.marketing.limited/tests/Unit/Models/Knowledge/KnowledgeIndexTest.php" line="184" class="Tests\Unit\Models\Knowledge\KnowledgeIndexTest" classname="Tests.Unit.Models.Knowledge.KnowledgeIndexTest" assertions="0" time="0.066011">
          <error type="Illuminate\Database\QueryException">Tests\Unit\Models\Knowledge\KnowledgeIndexTest::it_has_timestamps
Illuminate\Database\QueryException: SQLSTATE[42P01]: Undefined table: 7 ERROR:  relation "cmis.knowledge_index" does not exist
LINE 1: insert into "cmis"."knowledge_index" ("org_id", "content", "...
                    ^ (Connection: pgsql, SQL: insert into "cmis"."knowledge_index" ("org_id", "content", "embedding", "knowledge_id", "updated_at", "created_at") values (60aeec76-b202-4a4f-ae1c-cad6d4846ac5, Timestamp test, [0.1,0.1,0.1,0.1,0.1,0.1,0.1,0.1,0.1,0.1,0.1,0.1,0.1,0.1,0.1,0.1,0.1,0.1,0.1,0.1,0.1,0.1,0.1,0.1,0.1,0.1,0.1,0.1,0.1,0.1,0.1,0.1,0.1,0.1,0.1,0.1,0.1,0.1,0.1,0.1,0.1,0.1,0.1,0.1,0.1,0.1,0.1,0.1,0.1,0.1,0.1,0.1,0.1,0.1,0.1,0.1,0.1,0.1,0.1,0.1,0.1,0.1,0.1,0.1,0.1,0.1,0.1,0.1,0.1,0.1,0.1,0.1,0.1,0.1,0.1,0.1,0.1,0.1,0.1,0.1,0.1,0.1,0.1,0.1,0.1,0.1,0.1,0.1,0.1,0.1,0.1,0.1,0.1,0.1,0.1,0.1,0.1,0.1,0.1,0.1,0.1,0.1,0.1,0.1,0.1,0.1,0.1,0.1,0.1,0.1,0.1,0.1,0.1,0.1,0.1,0.1,0.1,0.1,0.1,0.1,0.1,0.1,0.1,0.1,0.1,0.1,0.1,0.1,0.1,0.1,0.1,0.1,0.1,0.1,0.1,0.1,0.1,0.1,0.1,0.1,0.1,0.1,0.1,0.1,0.1,0.1,0.1,0.1,0.1,0.1,0.1,0.1,0.1,0.1,0.1,0.1,0.1,0.1,0.1,0.1,0.1,0.1,0.1,0.1,0.1,0.1,0.1,0.1,0.1,0.1,0.1,0.1,0.1,0.1,0.1,0.1,0.1,0.1,0.1,0.1,0.1,0.1,0.1,0.1,0.1,0.1,0.1,0.1,0.1,0.1,0.1,0.1,0.1,0.1,0.1,0.1,0.1,0.1,0.1,0.1,0.1,0.1,0.1,0.1,0.1,0.1,0.1,0.1,0.1,0.1,0.1,0.1,0.1,0.1,0.1,0.1,0.1,0.1,0.1,0.1,0.1,0.1,0.1,0.1,0.1,0.1,0.1,0.1,0.1,0.1,0.1,0.1,0.1,0.1,0.1,0.1,0.1,0.1,0.1,0.1,0.1,0.1,0.1,0.1,0.1,0.1,0.1,0.1,0.1,0.1,0.1,0.1,0.1,0.1,0.1,0.1,0.1,0.1,0.1,0.1,0.1,0.1,0.1,0.1,0.1,0.1,0.1,0.1,0.1,0.1,0.1,0.1,0.1,0.1,0.1,0.1,0.1,0.1,0.1,0.1,0.1,0.1,0.1,0.1,0.1,0.1,0.1,0.1,0.1,0.1,0.1,0.1,0.1,0.1,0.1,0.1,0.1,0.1,0.1,0.1,0.1,0.1,0.1,0.1,0.1,0.1,0.1,0.1,0.1,0.1,0.1,0.1,0.1,0.1,0.1,0.1,0.1,0.1,0.1,0.1,0.1,0.1,0.1,0.1,0.1,0.1,0.1,0.1,0.1,0.1,0.1,0.1,0.1,0.1,0.1,0.1,0.1,0.1,0.1,0.1,0.1,0.1,0.1,0.1,0.1,0.1,0.1,0.1,0.1,0.1,0.1,0.1,0.1,0.1,0.1,0.1,0.1,0.1,0.1,0.1,0.1,0.1,0.1,0.1,0.1,0.1,0.1,0.1,0.1,0.1,0.1,0.1,0.1,0.1,0.1,0.1,0.1,0.1,0.1,0.1,0.1,0.1,0.1,0.1,0.1,0.1,0.1,0.1,0.1,0.1,0.1,0.1,0.1,0.1,0.1,0.1,0.1,0.1,0.1,0.1,0.1,0.1,0.1,0.1,0.1,0.1,0.1,0.1,0.1,0.1,0.1,0.1,0.1,0.1,0.1,0.1,0.1,0.1,0.1,0.1,0.1,0.1,0.1,0.1,0.1,0.1,0.1,0.1,0.1,0.1,0.1,0.1,0.1,0.1,0.1,0.1,0.1,0.1,0.1,0.1,0.1,0.1,0.1,0.1,0.1,0.1,0.1,0.1,0.1,0.1,0.1,0.1,0.1,0.1,0.1,0.1,0.1,0.1,0.1,0.1,0.1,0.1,0.1,0.1,0.1,0.1,0.1,0.1,0.1,0.1,0.1,0.1,0.1,0.1,0.1,0.1,0.1,0.1,0.1,0.1,0.1,0.1,0.1,0.1,0.1,0.1,0.1,0.1,0.1,0.1,0.1,0.1,0.1,0.1,0.1,0.1,0.1,0.1,0.1,0.1,0.1,0.1,0.1,0.1,0.1,0.1,0.1,0.1,0.1,0.1,0.1,0.1,0.1,0.1,0.1,0.1,0.1,0.1,0.1,0.1,0.1,0.1,0.1,0.1,0.1,0.1,0.1,0.1,0.1,0.1,0.1,0.1,0.1,0.1,0.1,0.1,0.1,0.1,0.1,0.1,0.1,0.1,0.1,0.1,0.1,0.1,0.1,0.1,0.1,0.1,0.1,0.1,0.1,0.1,0.1,0.1,0.1,0.1,0.1,0.1,0.1,0.1,0.1,0.1,0.1,0.1,0.1,0.1,0.1,0.1,0.1,0.1,0.1,0.1,0.1,0.1,0.1,0.1,0.1,0.1,0.1,0.1,0.1,0.1,0.1,0.1,0.1,0.1,0.1,0.1,0.1,0.1,0.1,0.1,0.1,0.1,0.1,0.1,0.1,0.1,0.1,0.1,0.1,0.1,0.1,0.1,0.1,0.1,0.1,0.1,0.1,0.1,0.1,0.1,0.1,0.1,0.1,0.1,0.1,0.1,0.1,0.1,0.1,0.1,0.1,0.1,0.1,0.1,0.1,0.1,0.1,0.1,0.1,0.1,0.1,0.1,0.1,0.1,0.1,0.1,0.1,0.1,0.1,0.1,0.1,0.1,0.1,0.1,0.1,0.1,0.1,0.1,0.1,0.1,0.1,0.1,0.1,0.1,0.1,0.1,0.1,0.1,0.1,0.1,0.1,0.1,0.1,0.1,0.1,0.1,0.1,0.1,0.1,0.1,0.1,0.1,0.1,0.1,0.1,0.1,0.1,0.1,0.1,0.1,0.1,0.1,0.1,0.1,0.1,0.1,0.1,0.1,0.1,0.1,0.1,0.1,0.1,0.1,0.1,0.1,0.1,0.1,0.1,0.1,0.1,0.1,0.1,0.1,0.1,0.1,0.1,0.1,0.1,0.1,0.1,0.1,0.1,0.1,0.1,0.1,0.1,0.1,0.1,0.1,0.1,0.1,0.1,0.1,0.1,0.1,0.1,0.1,0.1,0.1,0.1,0.1,0.1,0.1,0.1,0.1,0.1,0.1,0.1,0.1,0.1,0.1,0.1,0.1,0.1,0.1,0.1,0.1,0.1,0.1,0.1,0.1,0.1,0.1,0.1,0.1,0.1,0.1,0.1,0.1,0.1,0.1,0.1,0.1], 019a9bc9-9ee9-72ac-9069-bff883c31f71, 2025-11-19 11:04:33, 2025-11-19 11:04:33))

/home/user/cmis.marketing.limited/vendor/laravel/framework/src/Illuminate/Database/Connection.php:824
/home/user/cmis.marketing.limited/vendor/laravel/framework/src/Illuminate/Database/Connection.php:778
/home/user/cmis.marketing.limited/vendor/laravel/framework/src/Illuminate/Database/Connection.php:559
/home/user/cmis.marketing.limited/vendor/laravel/framework/src/Illuminate/Database/Connection.php:523
/home/user/cmis.marketing.limited/vendor/laravel/framework/src/Illuminate/Database/Query/Builder.php:3804
/home/user/cmis.marketing.limited/vendor/laravel/framework/src/Illuminate/Database/Eloquent/Builder.php:2235
/home/user/cmis.marketing.limited/vendor/laravel/framework/src/Illuminate/Database/Eloquent/Model.php:1412
/home/user/cmis.marketing.limited/vendor/laravel/framework/src/Illuminate/Database/Eloquent/Model.php:1240
/home/user/cmis.marketing.limited/vendor/laravel/framework/src/Illuminate/Database/Eloquent/Builder.php:1219
/home/user/cmis.marketing.limited/vendor/laravel/framework/src/Illuminate/Support/helpers.php:390
/home/user/cmis.marketing.limited/vendor/laravel/framework/src/Illuminate/Database/Eloquent/Builder.php:1218
/home/user/cmis.marketing.limited/vendor/laravel/framework/src/Illuminate/Support/Traits/ForwardsCalls.php:23
/home/user/cmis.marketing.limited/vendor/laravel/framework/src/Illuminate/Database/Eloquent/Model.php:2540
/home/user/cmis.marketing.limited/vendor/laravel/framework/src/Illuminate/Database/Eloquent/Model.php:2556
/home/user/cmis.marketing.limited/tests/Unit/Models/Knowledge/KnowledgeIndexTest.php:191</error>
        </testcase>
        <testcase name="it_uses_uuid_as_primary_key" file="/home/user/cmis.marketing.limited/tests/Unit/Models/Knowledge/KnowledgeIndexTest.php" line="142" class="Tests\Unit\Models\Knowledge\KnowledgeIndexTest" classname="Tests.Unit.Models.Knowledge.KnowledgeIndexTest" assertions="0" time="0.077532">
          <error type="Illuminate\Database\QueryException">Tests\Unit\Models\Knowledge\KnowledgeIndexTest::it_uses_uuid_as_primary_key
Illuminate\Database\QueryException: SQLSTATE[42P01]: Undefined table: 7 ERROR:  relation "cmis.knowledge_index" does not exist
LINE 1: insert into "cmis"."knowledge_index" ("org_id", "content", "...
                    ^ (Connection: pgsql, SQL: insert into "cmis"."knowledge_index" ("org_id", "content", "embedding", "knowledge_id", "updated_at", "created_at") values (81b2d885-ac94-4f6d-84fc-b8ac52bc0b8e, UUID test, [0.1,0.1,0.1,0.1,0.1,0.1,0.1,0.1,0.1,0.1,0.1,0.1,0.1,0.1,0.1,0.1,0.1,0.1,0.1,0.1,0.1,0.1,0.1,0.1,0.1,0.1,0.1,0.1,0.1,0.1,0.1,0.1,0.1,0.1,0.1,0.1,0.1,0.1,0.1,0.1,0.1,0.1,0.1,0.1,0.1,0.1,0.1,0.1,0.1,0.1,0.1,0.1,0.1,0.1,0.1,0.1,0.1,0.1,0.1,0.1,0.1,0.1,0.1,0.1,0.1,0.1,0.1,0.1,0.1,0.1,0.1,0.1,0.1,0.1,0.1,0.1,0.1,0.1,0.1,0.1,0.1,0.1,0.1,0.1,0.1,0.1,0.1,0.1,0.1,0.1,0.1,0.1,0.1,0.1,0.1,0.1,0.1,0.1,0.1,0.1,0.1,0.1,0.1,0.1,0.1,0.1,0.1,0.1,0.1,0.1,0.1,0.1,0.1,0.1,0.1,0.1,0.1,0.1,0.1,0.1,0.1,0.1,0.1,0.1,0.1,0.1,0.1,0.1,0.1,0.1,0.1,0.1,0.1,0.1,0.1,0.1,0.1,0.1,0.1,0.1,0.1,0.1,0.1,0.1,0.1,0.1,0.1,0.1,0.1,0.1,0.1,0.1,0.1,0.1,0.1,0.1,0.1,0.1,0.1,0.1,0.1,0.1,0.1,0.1,0.1,0.1,0.1,0.1,0.1,0.1,0.1,0.1,0.1,0.1,0.1,0.1,0.1,0.1,0.1,0.1,0.1,0.1,0.1,0.1,0.1,0.1,0.1,0.1,0.1,0.1,0.1,0.1,0.1,0.1,0.1,0.1,0.1,0.1,0.1,0.1,0.1,0.1,0.1,0.1,0.1,0.1,0.1,0.1,0.1,0.1,0.1,0.1,0.1,0.1,0.1,0.1,0.1,0.1,0.1,0.1,0.1,0.1,0.1,0.1,0.1,0.1,0.1,0.1,0.1,0.1,0.1,0.1,0.1,0.1,0.1,0.1,0.1,0.1,0.1,0.1,0.1,0.1,0.1,0.1,0.1,0.1,0.1,0.1,0.1,0.1,0.1,0.1,0.1,0.1,0.1,0.1,0.1,0.1,0.1,0.1,0.1,0.1,0.1,0.1,0.1,0.1,0.1,0.1,0.1,0.1,0.1,0.1,0.1,0.1,0.1,0.1,0.1,0.1,0.1,0.1,0.1,0.1,0.1,0.1,0.1,0.1,0.1,0.1,0.1,0.1,0.1,0.1,0.1,0.1,0.1,0.1,0.1,0.1,0.1,0.1,0.1,0.1,0.1,0.1,0.1,0.1,0.1,0.1,0.1,0.1,0.1,0.1,0.1,0.1,0.1,0.1,0.1,0.1,0.1,0.1,0.1,0.1,0.1,0.1,0.1,0.1,0.1,0.1,0.1,0.1,0.1,0.1,0.1,0.1,0.1,0.1,0.1,0.1,0.1,0.1,0.1,0.1,0.1,0.1,0.1,0.1,0.1,0.1,0.1,0.1,0.1,0.1,0.1,0.1,0.1,0.1,0.1,0.1,0.1,0.1,0.1,0.1,0.1,0.1,0.1,0.1,0.1,0.1,0.1,0.1,0.1,0.1,0.1,0.1,0.1,0.1,0.1,0.1,0.1,0.1,0.1,0.1,0.1,0.1,0.1,0.1,0.1,0.1,0.1,0.1,0.1,0.1,0.1,0.1,0.1,0.1,0.1,0.1,0.1,0.1,0.1,0.1,0.1,0.1,0.1,0.1,0.1,0.1,0.1,0.1,0.1,0.1,0.1,0.1,0.1,0.1,0.1,0.1,0.1,0.1,0.1,0.1,0.1,0.1,0.1,0.1,0.1,0.1,0.1,0.1,0.1,0.1,0.1,0.1,0.1,0.1,0.1,0.1,0.1,0.1,0.1,0.1,0.1,0.1,0.1,0.1,0.1,0.1,0.1,0.1,0.1,0.1,0.1,0.1,0.1,0.1,0.1,0.1,0.1,0.1,0.1,0.1,0.1,0.1,0.1,0.1,0.1,0.1,0.1,0.1,0.1,0.1,0.1,0.1,0.1,0.1,0.1,0.1,0.1,0.1,0.1,0.1,0.1,0.1,0.1,0.1,0.1,0.1,0.1,0.1,0.1,0.1,0.1,0.1,0.1,0.1,0.1,0.1,0.1,0.1,0.1,0.1,0.1,0.1,0.1,0.1,0.1,0.1,0.1,0.1,0.1,0.1,0.1,0.1,0.1,0.1,0.1,0.1,0.1,0.1,0.1,0.1,0.1,0.1,0.1,0.1,0.1,0.1,0.1,0.1,0.1,0.1,0.1,0.1,0.1,0.1,0.1,0.1,0.1,0.1,0.1,0.1,0.1,0.1,0.1,0.1,0.1,0.1,0.1,0.1,0.1,0.1,0.1,0.1,0.1,0.1,0.1,0.1,0.1,0.1,0.1,0.1,0.1,0.1,0.1,0.1,0.1,0.1,0.1,0.1,0.1,0.1,0.1,0.1,0.1,0.1,0.1,0.1,0.1,0.1,0.1,0.1,0.1,0.1,0.1,0.1,0.1,0.1,0.1,0.1,0.1,0.1,0.1,0.1,0.1,0.1,0.1,0.1,0.1,0.1,0.1,0.1,0.1,0.1,0.1,0.1,0.1,0.1,0.1,0.1,0.1,0.1,0.1,0.1,0.1,0.1,0.1,0.1,0.1,0.1,0.1,0.1,0.1,0.1,0.1,0.1,0.1,0.1,0.1,0.1,0.1,0.1,0.1,0.1,0.1,0.1,0.1,0.1,0.1,0.1,0.1,0.1,0.1,0.1,0.1,0.1,0.1,0.1,0.1,0.1,0.1,0.1,0.1,0.1,0.1,0.1,0.1,0.1,0.1,0.1,0.1,0.1,0.1,0.1,0.1,0.1,0.1,0.1,0.1,0.1,0.1,0.1,0.1,0.1,0.1,0.1,0.1,0.1,0.1,0.1,0.1,0.1,0.1,0.1,0.1,0.1,0.1,0.1,0.1,0.1,0.1,0.1,0.1,0.1,0.1,0.1,0.1,0.1,0.1,0.1,0.1,0.1,0.1,0.1,0.1,0.1,0.1,0.1,0.1,0.1,0.1,0.1,0.1,0.1,0.1,0.1,0.1,0.1,0.1,0.1,0.1,0.1,0.1,0.1,0.1,0.1,0.1,0.1,0.1,0.1,0.1,0.1,0.1,0.1,0.1,0.1,0.1,0.1,0.1,0.1,0.1,0.1,0.1,0.1,0.1,0.1,0.1,0.1,0.1,0.1,0.1,0.1,0.1,0.1,0.1,0.1,0.1,0.1,0.1,0.1,0.1,0.1,0.1,0.1,0.1,0.1,0.1,0.1], 019a9bc9-9f36-73cc-9a85-cd4ffd9a222d, 2025-11-19 11:04:33, 2025-11-19 11:04:33))

/home/user/cmis.marketing.limited/vendor/laravel/framework/src/Illuminate/Database/Connection.php:824
/home/user/cmis.marketing.limited/vendor/laravel/framework/src/Illuminate/Database/Connection.php:778
/home/user/cmis.marketing.limited/vendor/laravel/framework/src/Illuminate/Database/Connection.php:559
/home/user/cmis.marketing.limited/vendor/laravel/framework/src/Illuminate/Database/Connection.php:523
/home/user/cmis.marketing.limited/vendor/laravel/framework/src/Illuminate/Database/Query/Builder.php:3804
/home/user/cmis.marketing.limited/vendor/laravel/framework/src/Illuminate/Database/Eloquent/Builder.php:2235
/home/user/cmis.marketing.limited/vendor/laravel/framework/src/Illuminate/Database/Eloquent/Model.php:1412
/home/user/cmis.marketing.limited/vendor/laravel/framework/src/Illuminate/Database/Eloquent/Model.php:1240
/home/user/cmis.marketing.limited/vendor/laravel/framework/src/Illuminate/Database/Eloquent/Builder.php:1219
/home/user/cmis.marketing.limited/vendor/laravel/framework/src/Illuminate/Support/helpers.php:390
/home/user/cmis.marketing.limited/vendor/laravel/framework/src/Illuminate/Database/Eloquent/Builder.php:1218
/home/user/cmis.marketing.limited/vendor/laravel/framework/src/Illuminate/Support/Traits/ForwardsCalls.php:23
/home/user/cmis.marketing.limited/vendor/laravel/framework/src/Illuminate/Database/Eloquent/Model.php:2540
/home/user/cmis.marketing.limited/vendor/laravel/framework/src/Illuminate/Database/Eloquent/Model.php:2556
/home/user/cmis.marketing.limited/tests/Unit/Models/Knowledge/KnowledgeIndexTest.php:149</error>
        </testcase>
        <testcase name="it_belongs_to_an_organization" file="/home/user/cmis.marketing.limited/tests/Unit/Models/Knowledge/KnowledgeIndexTest.php" line="46" class="Tests\Unit\Models\Knowledge\KnowledgeIndexTest" classname="Tests.Unit.Models.Knowledge.KnowledgeIndexTest" assertions="0" time="0.073157">
          <error type="Illuminate\Database\QueryException">Tests\Unit\Models\Knowledge\KnowledgeIndexTest::it_belongs_to_an_organization
Illuminate\Database\QueryException: SQLSTATE[42P01]: Undefined table: 7 ERROR:  relation "cmis.knowledge_index" does not exist
LINE 1: insert into "cmis"."knowledge_index" ("org_id", "content", "...
                    ^ (Connection: pgsql, SQL: insert into "cmis"."knowledge_index" ("org_id", "content", "embedding", "knowledge_id", "updated_at", "created_at") values (81cd9194-7722-4aa5-b656-5048173e151c, Test content, [0.1,0.1,0.1,0.1,0.1,0.1,0.1,0.1,0.1,0.1,0.1,0.1,0.1,0.1,0.1,0.1,0.1,0.1,0.1,0.1,0.1,0.1,0.1,0.1,0.1,0.1,0.1,0.1,0.1,0.1,0.1,0.1,0.1,0.1,0.1,0.1,0.1,0.1,0.1,0.1,0.1,0.1,0.1,0.1,0.1,0.1,0.1,0.1,0.1,0.1,0.1,0.1,0.1,0.1,0.1,0.1,0.1,0.1,0.1,0.1,0.1,0.1,0.1,0.1,0.1,0.1,0.1,0.1,0.1,0.1,0.1,0.1,0.1,0.1,0.1,0.1,0.1,0.1,0.1,0.1,0.1,0.1,0.1,0.1,0.1,0.1,0.1,0.1,0.1,0.1,0.1,0.1,0.1,0.1,0.1,0.1,0.1,0.1,0.1,0.1,0.1,0.1,0.1,0.1,0.1,0.1,0.1,0.1,0.1,0.1,0.1,0.1,0.1,0.1,0.1,0.1,0.1,0.1,0.1,0.1,0.1,0.1,0.1,0.1,0.1,0.1,0.1,0.1,0.1,0.1,0.1,0.1,0.1,0.1,0.1,0.1,0.1,0.1,0.1,0.1,0.1,0.1,0.1,0.1,0.1,0.1,0.1,0.1,0.1,0.1,0.1,0.1,0.1,0.1,0.1,0.1,0.1,0.1,0.1,0.1,0.1,0.1,0.1,0.1,0.1,0.1,0.1,0.1,0.1,0.1,0.1,0.1,0.1,0.1,0.1,0.1,0.1,0.1,0.1,0.1,0.1,0.1,0.1,0.1,0.1,0.1,0.1,0.1,0.1,0.1,0.1,0.1,0.1,0.1,0.1,0.1,0.1,0.1,0.1,0.1,0.1,0.1,0.1,0.1,0.1,0.1,0.1,0.1,0.1,0.1,0.1,0.1,0.1,0.1,0.1,0.1,0.1,0.1,0.1,0.1,0.1,0.1,0.1,0.1,0.1,0.1,0.1,0.1,0.1,0.1,0.1,0.1,0.1,0.1,0.1,0.1,0.1,0.1,0.1,0.1,0.1,0.1,0.1,0.1,0.1,0.1,0.1,0.1,0.1,0.1,0.1,0.1,0.1,0.1,0.1,0.1,0.1,0.1,0.1,0.1,0.1,0.1,0.1,0.1,0.1,0.1,0.1,0.1,0.1,0.1,0.1,0.1,0.1,0.1,0.1,0.1,0.1,0.1,0.1,0.1,0.1,0.1,0.1,0.1,0.1,0.1,0.1,0.1,0.1,0.1,0.1,0.1,0.1,0.1,0.1,0.1,0.1,0.1,0.1,0.1,0.1,0.1,0.1,0.1,0.1,0.1,0.1,0.1,0.1,0.1,0.1,0.1,0.1,0.1,0.1,0.1,0.1,0.1,0.1,0.1,0.1,0.1,0.1,0.1,0.1,0.1,0.1,0.1,0.1,0.1,0.1,0.1,0.1,0.1,0.1,0.1,0.1,0.1,0.1,0.1,0.1,0.1,0.1,0.1,0.1,0.1,0.1,0.1,0.1,0.1,0.1,0.1,0.1,0.1,0.1,0.1,0.1,0.1,0.1,0.1,0.1,0.1,0.1,0.1,0.1,0.1,0.1,0.1,0.1,0.1,0.1,0.1,0.1,0.1,0.1,0.1,0.1,0.1,0.1,0.1,0.1,0.1,0.1,0.1,0.1,0.1,0.1,0.1,0.1,0.1,0.1,0.1,0.1,0.1,0.1,0.1,0.1,0.1,0.1,0.1,0.1,0.1,0.1,0.1,0.1,0.1,0.1,0.1,0.1,0.1,0.1,0.1,0.1,0.1,0.1,0.1,0.1,0.1,0.1,0.1,0.1,0.1,0.1,0.1,0.1,0.1,0.1,0.1,0.1,0.1,0.1,0.1,0.1,0.1,0.1,0.1,0.1,0.1,0.1,0.1,0.1,0.1,0.1,0.1,0.1,0.1,0.1,0.1,0.1,0.1,0.1,0.1,0.1,0.1,0.1,0.1,0.1,0.1,0.1,0.1,0.1,0.1,0.1,0.1,0.1,0.1,0.1,0.1,0.1,0.1,0.1,0.1,0.1,0.1,0.1,0.1,0.1,0.1,0.1,0.1,0.1,0.1,0.1,0.1,0.1,0.1,0.1,0.1,0.1,0.1,0.1,0.1,0.1,0.1,0.1,0.1,0.1,0.1,0.1,0.1,0.1,0.1,0.1,0.1,0.1,0.1,0.1,0.1,0.1,0.1,0.1,0.1,0.1,0.1,0.1,0.1,0.1,0.1,0.1,0.1,0.1,0.1,0.1,0.1,0.1,0.1,0.1,0.1,0.1,0.1,0.1,0.1,0.1,0.1,0.1,0.1,0.1,0.1,0.1,0.1,0.1,0.1,0.1,0.1,0.1,0.1,0.1,0.1,0.1,0.1,0.1,0.1,0.1,0.1,0.1,0.1,0.1,0.1,0.1,0.1,0.1,0.1,0.1,0.1,0.1,0.1,0.1,0.1,0.1,0.1,0.1,0.1,0.1,0.1,0.1,0.1,0.1,0.1,0.1,0.1,0.1,0.1,0.1,0.1,0.1,0.1,0.1,0.1,0.1,0.1,0.1,0.1,0.1,0.1,0.1,0.1,0.1,0.1,0.1,0.1,0.1,0.1,0.1,0.1,0.1,0.1,0.1,0.1,0.1,0.1,0.1,0.1,0.1,0.1,0.1,0.1,0.1,0.1,0.1,0.1,0.1,0.1,0.1,0.1,0.1,0.1,0.1,0.1,0.1,0.1,0.1,0.1,0.1,0.1,0.1,0.1,0.1,0.1,0.1,0.1,0.1,0.1,0.1,0.1,0.1,0.1,0.1,0.1,0.1,0.1,0.1,0.1,0.1,0.1,0.1,0.1,0.1,0.1,0.1,0.1,0.1,0.1,0.1,0.1,0.1,0.1,0.1,0.1,0.1,0.1,0.1,0.1,0.1,0.1,0.1,0.1,0.1,0.1,0.1,0.1,0.1,0.1,0.1,0.1,0.1,0.1,0.1,0.1,0.1,0.1,0.1,0.1,0.1,0.1,0.1,0.1,0.1,0.1,0.1,0.1,0.1,0.1,0.1,0.1,0.1,0.1,0.1,0.1,0.1,0.1,0.1,0.1,0.1,0.1,0.1,0.1,0.1,0.1,0.1,0.1,0.1,0.1,0.1,0.1,0.1,0.1,0.1,0.1,0.1,0.1,0.1,0.1,0.1,0.1,0.1,0.1,0.1,0.1,0.1,0.1,0.1,0.1,0.1,0.1,0.1,0.1,0.1,0.1,0.1,0.1,0.1,0.1,0.1,0.1,0.1,0.1,0.1,0.1,0.1,0.1,0.1,0.1,0.1,0.1,0.1,0.1,0.1,0.1], 019a9bc9-9f7f-724a-a99b-c60e83fae1ab, 2025-11-19 11:04:33, 2025-11-19 11:04:33))

/home/user/cmis.marketing.limited/vendor/laravel/framework/src/Illuminate/Database/Connection.php:824
/home/user/cmis.marketing.limited/vendor/laravel/framework/src/Illuminate/Database/Connection.php:778
/home/user/cmis.marketing.limited/vendor/laravel/framework/src/Illuminate/Database/Connection.php:559
/home/user/cmis.marketing.limited/vendor/laravel/framework/src/Illuminate/Database/Connection.php:523
/home/user/cmis.marketing.limited/vendor/laravel/framework/src/Illuminate/Database/Query/Builder.php:3804
/home/user/cmis.marketing.limited/vendor/laravel/framework/src/Illuminate/Database/Eloquent/Builder.php:2235
/home/user/cmis.marketing.limited/vendor/laravel/framework/src/Illuminate/Database/Eloquent/Model.php:1412
/home/user/cmis.marketing.limited/vendor/laravel/framework/src/Illuminate/Database/Eloquent/Model.php:1240
/home/user/cmis.marketing.limited/vendor/laravel/framework/src/Illuminate/Database/Eloquent/Builder.php:1219
/home/user/cmis.marketing.limited/vendor/laravel/framework/src/Illuminate/Support/helpers.php:390
/home/user/cmis.marketing.limited/vendor/laravel/framework/src/Illuminate/Database/Eloquent/Builder.php:1218
/home/user/cmis.marketing.limited/vendor/laravel/framework/src/Illuminate/Support/Traits/ForwardsCalls.php:23
/home/user/cmis.marketing.limited/vendor/laravel/framework/src/Illuminate/Database/Eloquent/Model.php:2540
/home/user/cmis.marketing.limited/vendor/laravel/framework/src/Illuminate/Database/Eloquent/Model.php:2556
/home/user/cmis.marketing.limited/tests/Unit/Models/Knowledge/KnowledgeIndexTest.php:53</error>
        </testcase>
        <testcase name="it_stores_metadata_as_json" file="/home/user/cmis.marketing.limited/tests/Unit/Models/Knowledge/KnowledgeIndexTest.php" line="88" class="Tests\Unit\Models\Knowledge\KnowledgeIndexTest" classname="Tests.Unit.Models.Knowledge.KnowledgeIndexTest" assertions="0" time="0.113016">
          <error type="Illuminate\Database\QueryException">Tests\Unit\Models\Knowledge\KnowledgeIndexTest::it_stores_metadata_as_json
Illuminate\Database\QueryException: SQLSTATE[42P01]: Undefined table: 7 ERROR:  relation "cmis.knowledge_index" does not exist
LINE 1: insert into "cmis"."knowledge_index" ("org_id", "content", "...
                    ^ (Connection: pgsql, SQL: insert into "cmis"."knowledge_index" ("org_id", "content", "embedding", "metadata", "knowledge_id", "updated_at", "created_at") values (30de1405-bb93-435a-8f6e-47f22c118ded, Metadata test, [0.1,0.1,0.1,0.1,0.1,0.1,0.1,0.1,0.1,0.1,0.1,0.1,0.1,0.1,0.1,0.1,0.1,0.1,0.1,0.1,0.1,0.1,0.1,0.1,0.1,0.1,0.1,0.1,0.1,0.1,0.1,0.1,0.1,0.1,0.1,0.1,0.1,0.1,0.1,0.1,0.1,0.1,0.1,0.1,0.1,0.1,0.1,0.1,0.1,0.1,0.1,0.1,0.1,0.1,0.1,0.1,0.1,0.1,0.1,0.1,0.1,0.1,0.1,0.1,0.1,0.1,0.1,0.1,0.1,0.1,0.1,0.1,0.1,0.1,0.1,0.1,0.1,0.1,0.1,0.1,0.1,0.1,0.1,0.1,0.1,0.1,0.1,0.1,0.1,0.1,0.1,0.1,0.1,0.1,0.1,0.1,0.1,0.1,0.1,0.1,0.1,0.1,0.1,0.1,0.1,0.1,0.1,0.1,0.1,0.1,0.1,0.1,0.1,0.1,0.1,0.1,0.1,0.1,0.1,0.1,0.1,0.1,0.1,0.1,0.1,0.1,0.1,0.1,0.1,0.1,0.1,0.1,0.1,0.1,0.1,0.1,0.1,0.1,0.1,0.1,0.1,0.1,0.1,0.1,0.1,0.1,0.1,0.1,0.1,0.1,0.1,0.1,0.1,0.1,0.1,0.1,0.1,0.1,0.1,0.1,0.1,0.1,0.1,0.1,0.1,0.1,0.1,0.1,0.1,0.1,0.1,0.1,0.1,0.1,0.1,0.1,0.1,0.1,0.1,0.1,0.1,0.1,0.1,0.1,0.1,0.1,0.1,0.1,0.1,0.1,0.1,0.1,0.1,0.1,0.1,0.1,0.1,0.1,0.1,0.1,0.1,0.1,0.1,0.1,0.1,0.1,0.1,0.1,0.1,0.1,0.1,0.1,0.1,0.1,0.1,0.1,0.1,0.1,0.1,0.1,0.1,0.1,0.1,0.1,0.1,0.1,0.1,0.1,0.1,0.1,0.1,0.1,0.1,0.1,0.1,0.1,0.1,0.1,0.1,0.1,0.1,0.1,0.1,0.1,0.1,0.1,0.1,0.1,0.1,0.1,0.1,0.1,0.1,0.1,0.1,0.1,0.1,0.1,0.1,0.1,0.1,0.1,0.1,0.1,0.1,0.1,0.1,0.1,0.1,0.1,0.1,0.1,0.1,0.1,0.1,0.1,0.1,0.1,0.1,0.1,0.1,0.1,0.1,0.1,0.1,0.1,0.1,0.1,0.1,0.1,0.1,0.1,0.1,0.1,0.1,0.1,0.1,0.1,0.1,0.1,0.1,0.1,0.1,0.1,0.1,0.1,0.1,0.1,0.1,0.1,0.1,0.1,0.1,0.1,0.1,0.1,0.1,0.1,0.1,0.1,0.1,0.1,0.1,0.1,0.1,0.1,0.1,0.1,0.1,0.1,0.1,0.1,0.1,0.1,0.1,0.1,0.1,0.1,0.1,0.1,0.1,0.1,0.1,0.1,0.1,0.1,0.1,0.1,0.1,0.1,0.1,0.1,0.1,0.1,0.1,0.1,0.1,0.1,0.1,0.1,0.1,0.1,0.1,0.1,0.1,0.1,0.1,0.1,0.1,0.1,0.1,0.1,0.1,0.1,0.1,0.1,0.1,0.1,0.1,0.1,0.1,0.1,0.1,0.1,0.1,0.1,0.1,0.1,0.1,0.1,0.1,0.1,0.1,0.1,0.1,0.1,0.1,0.1,0.1,0.1,0.1,0.1,0.1,0.1,0.1,0.1,0.1,0.1,0.1,0.1,0.1,0.1,0.1,0.1,0.1,0.1,0.1,0.1,0.1,0.1,0.1,0.1,0.1,0.1,0.1,0.1,0.1,0.1,0.1,0.1,0.1,0.1,0.1,0.1,0.1,0.1,0.1,0.1,0.1,0.1,0.1,0.1,0.1,0.1,0.1,0.1,0.1,0.1,0.1,0.1,0.1,0.1,0.1,0.1,0.1,0.1,0.1,0.1,0.1,0.1,0.1,0.1,0.1,0.1,0.1,0.1,0.1,0.1,0.1,0.1,0.1,0.1,0.1,0.1,0.1,0.1,0.1,0.1,0.1,0.1,0.1,0.1,0.1,0.1,0.1,0.1,0.1,0.1,0.1,0.1,0.1,0.1,0.1,0.1,0.1,0.1,0.1,0.1,0.1,0.1,0.1,0.1,0.1,0.1,0.1,0.1,0.1,0.1,0.1,0.1,0.1,0.1,0.1,0.1,0.1,0.1,0.1,0.1,0.1,0.1,0.1,0.1,0.1,0.1,0.1,0.1,0.1,0.1,0.1,0.1,0.1,0.1,0.1,0.1,0.1,0.1,0.1,0.1,0.1,0.1,0.1,0.1,0.1,0.1,0.1,0.1,0.1,0.1,0.1,0.1,0.1,0.1,0.1,0.1,0.1,0.1,0.1,0.1,0.1,0.1,0.1,0.1,0.1,0.1,0.1,0.1,0.1,0.1,0.1,0.1,0.1,0.1,0.1,0.1,0.1,0.1,0.1,0.1,0.1,0.1,0.1,0.1,0.1,0.1,0.1,0.1,0.1,0.1,0.1,0.1,0.1,0.1,0.1,0.1,0.1,0.1,0.1,0.1,0.1,0.1,0.1,0.1,0.1,0.1,0.1,0.1,0.1,0.1,0.1,0.1,0.1,0.1,0.1,0.1,0.1,0.1,0.1,0.1,0.1,0.1,0.1,0.1,0.1,0.1,0.1,0.1,0.1,0.1,0.1,0.1,0.1,0.1,0.1,0.1,0.1,0.1,0.1,0.1,0.1,0.1,0.1,0.1,0.1,0.1,0.1,0.1,0.1,0.1,0.1,0.1,0.1,0.1,0.1,0.1,0.1,0.1,0.1,0.1,0.1,0.1,0.1,0.1,0.1,0.1,0.1,0.1,0.1,0.1,0.1,0.1,0.1,0.1,0.1,0.1,0.1,0.1,0.1,0.1,0.1,0.1,0.1,0.1,0.1,0.1,0.1,0.1,0.1,0.1,0.1,0.1,0.1,0.1,0.1,0.1,0.1,0.1,0.1,0.1,0.1,0.1,0.1,0.1,0.1,0.1,0.1,0.1,0.1,0.1,0.1,0.1,0.1,0.1,0.1,0.1,0.1,0.1,0.1,0.1,0.1,0.1,0.1,0.1,0.1,0.1,0.1,0.1,0.1,0.1,0.1,0.1,0.1,0.1,0.1,0.1,0.1,0.1,0.1,0.1,0.1,0.1,0.1,0.1,0.1,0.1,0.1,0.1,0.1,0.1,0.1,0.1,0.1,0.1,0.1,0.1,0.1,0.1,0.1,0.1,0.1,0.1,0.1,0.1,0.1,0.1,0.1,0.1,0.1,0.1], {"campaign_id":"a1b13205-761c-420b-84ab-e00dc167b87a","campaign_name":"Summer Campaign","created_by":"user_123","tags":["summer","fashion","sale"]}, 019a9bc9-9ff1-70ed-ad72-dc72a4906fc9, 2025-11-19 11:04:33, 2025-11-19 11:04:33))

/home/user/cmis.marketing.limited/vendor/laravel/framework/src/Illuminate/Database/Connection.php:824
/home/user/cmis.marketing.limited/vendor/laravel/framework/src/Illuminate/Database/Connection.php:778
/home/user/cmis.marketing.limited/vendor/laravel/framework/src/Illuminate/Database/Connection.php:559
/home/user/cmis.marketing.limited/vendor/laravel/framework/src/Illuminate/Database/Connection.php:523
/home/user/cmis.marketing.limited/vendor/laravel/framework/src/Illuminate/Database/Query/Builder.php:3804
/home/user/cmis.marketing.limited/vendor/laravel/framework/src/Illuminate/Database/Eloquent/Builder.php:2235
/home/user/cmis.marketing.limited/vendor/laravel/framework/src/Illuminate/Database/Eloquent/Model.php:1412
/home/user/cmis.marketing.limited/vendor/laravel/framework/src/Illuminate/Database/Eloquent/Model.php:1240
/home/user/cmis.marketing.limited/vendor/laravel/framework/src/Illuminate/Database/Eloquent/Builder.php:1219
/home/user/cmis.marketing.limited/vendor/laravel/framework/src/Illuminate/Support/helpers.php:390
/home/user/cmis.marketing.limited/vendor/laravel/framework/src/Illuminate/Database/Eloquent/Builder.php:1218
/home/user/cmis.marketing.limited/vendor/laravel/framework/src/Illuminate/Support/Traits/ForwardsCalls.php:23
/home/user/cmis.marketing.limited/vendor/laravel/framework/src/Illuminate/Database/Eloquent/Model.php:2540
/home/user/cmis.marketing.limited/vendor/laravel/framework/src/Illuminate/Database/Eloquent/Model.php:2556
/home/user/cmis.marketing.limited/tests/Unit/Models/Knowledge/KnowledgeIndexTest.php:102</error>
        </testcase>
        <testcase name="it_stores_embedding_vector" file="/home/user/cmis.marketing.limited/tests/Unit/Models/Knowledge/KnowledgeIndexTest.php" line="65" class="Tests\Unit\Models\Knowledge\KnowledgeIndexTest" classname="Tests.Unit.Models.Knowledge.KnowledgeIndexTest" assertions="0" time="0.065965">
          <error type="Illuminate\Database\QueryException">Tests\Unit\Models\Knowledge\KnowledgeIndexTest::it_stores_embedding_vector
Illuminate\Database\QueryException: SQLSTATE[42P01]: Undefined table: 7 ERROR:  relation "cmis.knowledge_index" does not exist
LINE 1: insert into "cmis"."knowledge_index" ("org_id", "content", "...
                    ^ (Connection: pgsql, SQL: insert into "cmis"."knowledge_index" ("org_id", "content", "embedding", "knowledge_id", "updated_at", "created_at") values (61e7c33d-19f4-41ce-944d-64f741b9af4d, Embedding test content, [0.5,0.5,0.5,0.5,0.5,0.5,0.5,0.5,0.5,0.5,0.5,0.5,0.5,0.5,0.5,0.5,0.5,0.5,0.5,0.5,0.5,0.5,0.5,0.5,0.5,0.5,0.5,0.5,0.5,0.5,0.5,0.5,0.5,0.5,0.5,0.5,0.5,0.5,0.5,0.5,0.5,0.5,0.5,0.5,0.5,0.5,0.5,0.5,0.5,0.5,0.5,0.5,0.5,0.5,0.5,0.5,0.5,0.5,0.5,0.5,0.5,0.5,0.5,0.5,0.5,0.5,0.5,0.5,0.5,0.5,0.5,0.5,0.5,0.5,0.5,0.5,0.5,0.5,0.5,0.5,0.5,0.5,0.5,0.5,0.5,0.5,0.5,0.5,0.5,0.5,0.5,0.5,0.5,0.5,0.5,0.5,0.5,0.5,0.5,0.5,0.5,0.5,0.5,0.5,0.5,0.5,0.5,0.5,0.5,0.5,0.5,0.5,0.5,0.5,0.5,0.5,0.5,0.5,0.5,0.5,0.5,0.5,0.5,0.5,0.5,0.5,0.5,0.5,0.5,0.5,0.5,0.5,0.5,0.5,0.5,0.5,0.5,0.5,0.5,0.5,0.5,0.5,0.5,0.5,0.5,0.5,0.5,0.5,0.5,0.5,0.5,0.5,0.5,0.5,0.5,0.5,0.5,0.5,0.5,0.5,0.5,0.5,0.5,0.5,0.5,0.5,0.5,0.5,0.5,0.5,0.5,0.5,0.5,0.5,0.5,0.5,0.5,0.5,0.5,0.5,0.5,0.5,0.5,0.5,0.5,0.5,0.5,0.5,0.5,0.5,0.5,0.5,0.5,0.5,0.5,0.5,0.5,0.5,0.5,0.5,0.5,0.5,0.5,0.5,0.5,0.5,0.5,0.5,0.5,0.5,0.5,0.5,0.5,0.5,0.5,0.5,0.5,0.5,0.5,0.5,0.5,0.5,0.5,0.5,0.5,0.5,0.5,0.5,0.5,0.5,0.5,0.5,0.5,0.5,0.5,0.5,0.5,0.5,0.5,0.5,0.5,0.5,0.5,0.5,0.5,0.5,0.5,0.5,0.5,0.5,0.5,0.5,0.5,0.5,0.5,0.5,0.5,0.5,0.5,0.5,0.5,0.5,0.5,0.5,0.5,0.5,0.5,0.5,0.5,0.5,0.5,0.5,0.5,0.5,0.5,0.5,0.5,0.5,0.5,0.5,0.5,0.5,0.5,0.5,0.5,0.5,0.5,0.5,0.5,0.5,0.5,0.5,0.5,0.5,0.5,0.5,0.5,0.5,0.5,0.5,0.5,0.5,0.5,0.5,0.5,0.5,0.5,0.5,0.5,0.5,0.5,0.5,0.5,0.5,0.5,0.5,0.5,0.5,0.5,0.5,0.5,0.5,0.5,0.5,0.5,0.5,0.5,0.5,0.5,0.5,0.5,0.5,0.5,0.5,0.5,0.5,0.5,0.5,0.5,0.5,0.5,0.5,0.5,0.5,0.5,0.5,0.5,0.5,0.5,0.5,0.5,0.5,0.5,0.5,0.5,0.5,0.5,0.5,0.5,0.5,0.5,0.5,0.5,0.5,0.5,0.5,0.5,0.5,0.5,0.5,0.5,0.5,0.5,0.5,0.5,0.5,0.5,0.5,0.5,0.5,0.5,0.5,0.5,0.5,0.5,0.5,0.5,0.5,0.5,0.5,0.5,0.5,0.5,0.5,0.5,0.5,0.5,0.5,0.5,0.5,0.5,0.5,0.5,0.5,0.5,0.5,0.5,0.5,0.5,0.5,0.5,0.5,0.5,0.5,0.5,0.5,0.5,0.5,0.5,0.5,0.5,0.5,0.5,0.5,0.5,0.5,0.5,0.5,0.5,0.5,0.5,0.5,0.5,0.5,0.5,0.5,0.5,0.5,0.5,0.5,0.5,0.5,0.5,0.5,0.5,0.5,0.5,0.5,0.5,0.5,0.5,0.5,0.5,0.5,0.5,0.5,0.5,0.5,0.5,0.5,0.5,0.5,0.5,0.5,0.5,0.5,0.5,0.5,0.5,0.5,0.5,0.5,0.5,0.5,0.5,0.5,0.5,0.5,0.5,0.5,0.5,0.5,0.5,0.5,0.5,0.5,0.5,0.5,0.5,0.5,0.5,0.5,0.5,0.5,0.5,0.5,0.5,0.5,0.5,0.5,0.5,0.5,0.5,0.5,0.5,0.5,0.5,0.5,0.5,0.5,0.5,0.5,0.5,0.5,0.5,0.5,0.5,0.5,0.5,0.5,0.5,0.5,0.5,0.5,0.5,0.5,0.5,0.5,0.5,0.5,0.5,0.5,0.5,0.5,0.5,0.5,0.5,0.5,0.5,0.5,0.5,0.5,0.5,0.5,0.5,0.5,0.5,0.5,0.5,0.5,0.5,0.5,0.5,0.5,0.5,0.5,0.5,0.5,0.5,0.5,0.5,0.5,0.5,0.5,0.5,0.5,0.5,0.5,0.5,0.5,0.5,0.5,0.5,0.5,0.5,0.5,0.5,0.5,0.5,0.5,0.5,0.5,0.5,0.5,0.5,0.5,0.5,0.5,0.5,0.5,0.5,0.5,0.5,0.5,0.5,0.5,0.5,0.5,0.5,0.5,0.5,0.5,0.5,0.5,0.5,0.5,0.5,0.5,0.5,0.5,0.5,0.5,0.5,0.5,0.5,0.5,0.5,0.5,0.5,0.5,0.5,0.5,0.5,0.5,0.5,0.5,0.5,0.5,0.5,0.5,0.5,0.5,0.5,0.5,0.5,0.5,0.5,0.5,0.5,0.5,0.5,0.5,0.5,0.5,0.5,0.5,0.5,0.5,0.5,0.5,0.5,0.5,0.5,0.5,0.5,0.5,0.5,0.5,0.5,0.5,0.5,0.5,0.5,0.5,0.5,0.5,0.5,0.5,0.5,0.5,0.5,0.5,0.5,0.5,0.5,0.5,0.5,0.5,0.5,0.5,0.5,0.5,0.5,0.5,0.5,0.5,0.5,0.5,0.5,0.5,0.5,0.5,0.5,0.5,0.5,0.5,0.5,0.5,0.5,0.5,0.5,0.5,0.5,0.5,0.5,0.5,0.5,0.5,0.5,0.5,0.5,0.5,0.5,0.5,0.5,0.5,0.5,0.5,0.5,0.5,0.5,0.5,0.5,0.5,0.5,0.5,0.5,0.5,0.5,0.5,0.5,0.5,0.5,0.5,0.5,0.5,0.5,0.5,0.5,0.5,0.5,0.5,0.5,0.5,0.5,0.5,0.5,0.5,0.5,0.5,0.5,0.5,0.5,0.5,0.5,0.5,0.5,0.5,0.5,0.5,0.5,0.5,0.5,0.5,0.5,0.5,0.5,0.5], 019a9bc9-a033-71f0-a1dd-93d51371fe20, 2025-11-19 11:04:33, 2025-11-19 11:04:33))

/home/user/cmis.marketing.limited/vendor/laravel/framework/src/Illuminate/Database/Connection.php:824
/home/user/cmis.marketing.limited/vendor/laravel/framework/src/Illuminate/Database/Connection.php:778
/home/user/cmis.marketing.limited/vendor/laravel/framework/src/Illuminate/Database/Connection.php:559
/home/user/cmis.marketing.limited/vendor/laravel/framework/src/Illuminate/Database/Connection.php:523
/home/user/cmis.marketing.limited/vendor/laravel/framework/src/Illuminate/Database/Query/Builder.php:3804
/home/user/cmis.marketing.limited/vendor/laravel/framework/src/Illuminate/Database/Eloquent/Builder.php:2235
/home/user/cmis.marketing.limited/vendor/laravel/framework/src/Illuminate/Database/Eloquent/Model.php:1412
/home/user/cmis.marketing.limited/vendor/laravel/framework/src/Illuminate/Database/Eloquent/Model.php:1240
/home/user/cmis.marketing.limited/vendor/laravel/framework/src/Illuminate/Database/Eloquent/Builder.php:1219
/home/user/cmis.marketing.limited/vendor/laravel/framework/src/Illuminate/Support/helpers.php:390
/home/user/cmis.marketing.limited/vendor/laravel/framework/src/Illuminate/Database/Eloquent/Builder.php:1218
/home/user/cmis.marketing.limited/vendor/laravel/framework/src/Illuminate/Support/Traits/ForwardsCalls.php:23
/home/user/cmis.marketing.limited/vendor/laravel/framework/src/Illuminate/Database/Eloquent/Model.php:2540
/home/user/cmis.marketing.limited/vendor/laravel/framework/src/Illuminate/Database/Eloquent/Model.php:2556
/home/user/cmis.marketing.limited/tests/Unit/Models/Knowledge/KnowledgeIndexTest.php:74</error>
        </testcase>
        <testcase name="it_validates_content_type" file="/home/user/cmis.marketing.limited/tests/Unit/Models/Knowledge/KnowledgeIndexTest.php" line="116" class="Tests\Unit\Models\Knowledge\KnowledgeIndexTest" classname="Tests.Unit.Models.Knowledge.KnowledgeIndexTest" assertions="0" time="0.065135">
          <error type="Illuminate\Database\QueryException">Tests\Unit\Models\Knowledge\KnowledgeIndexTest::it_validates_content_type
Illuminate\Database\QueryException: SQLSTATE[42P01]: Undefined table: 7 ERROR:  relation "cmis.knowledge_index" does not exist
LINE 1: insert into "cmis"."knowledge_index" ("org_id", "content", "...
                    ^ (Connection: pgsql, SQL: insert into "cmis"."knowledge_index" ("org_id", "content", "embedding", "knowledge_id", "updated_at", "created_at") values (2cb55a00-047d-4db2-81d0-4bfb9c255687, Content type test, [0.1,0.1,0.1,0.1,0.1,0.1,0.1,0.1,0.1,0.1,0.1,0.1,0.1,0.1,0.1,0.1,0.1,0.1,0.1,0.1,0.1,0.1,0.1,0.1,0.1,0.1,0.1,0.1,0.1,0.1,0.1,0.1,0.1,0.1,0.1,0.1,0.1,0.1,0.1,0.1,0.1,0.1,0.1,0.1,0.1,0.1,0.1,0.1,0.1,0.1,0.1,0.1,0.1,0.1,0.1,0.1,0.1,0.1,0.1,0.1,0.1,0.1,0.1,0.1,0.1,0.1,0.1,0.1,0.1,0.1,0.1,0.1,0.1,0.1,0.1,0.1,0.1,0.1,0.1,0.1,0.1,0.1,0.1,0.1,0.1,0.1,0.1,0.1,0.1,0.1,0.1,0.1,0.1,0.1,0.1,0.1,0.1,0.1,0.1,0.1,0.1,0.1,0.1,0.1,0.1,0.1,0.1,0.1,0.1,0.1,0.1,0.1,0.1,0.1,0.1,0.1,0.1,0.1,0.1,0.1,0.1,0.1,0.1,0.1,0.1,0.1,0.1,0.1,0.1,0.1,0.1,0.1,0.1,0.1,0.1,0.1,0.1,0.1,0.1,0.1,0.1,0.1,0.1,0.1,0.1,0.1,0.1,0.1,0.1,0.1,0.1,0.1,0.1,0.1,0.1,0.1,0.1,0.1,0.1,0.1,0.1,0.1,0.1,0.1,0.1,0.1,0.1,0.1,0.1,0.1,0.1,0.1,0.1,0.1,0.1,0.1,0.1,0.1,0.1,0.1,0.1,0.1,0.1,0.1,0.1,0.1,0.1,0.1,0.1,0.1,0.1,0.1,0.1,0.1,0.1,0.1,0.1,0.1,0.1,0.1,0.1,0.1,0.1,0.1,0.1,0.1,0.1,0.1,0.1,0.1,0.1,0.1,0.1,0.1,0.1,0.1,0.1,0.1,0.1,0.1,0.1,0.1,0.1,0.1,0.1,0.1,0.1,0.1,0.1,0.1,0.1,0.1,0.1,0.1,0.1,0.1,0.1,0.1,0.1,0.1,0.1,0.1,0.1,0.1,0.1,0.1,0.1,0.1,0.1,0.1,0.1,0.1,0.1,0.1,0.1,0.1,0.1,0.1,0.1,0.1,0.1,0.1,0.1,0.1,0.1,0.1,0.1,0.1,0.1,0.1,0.1,0.1,0.1,0.1,0.1,0.1,0.1,0.1,0.1,0.1,0.1,0.1,0.1,0.1,0.1,0.1,0.1,0.1,0.1,0.1,0.1,0.1,0.1,0.1,0.1,0.1,0.1,0.1,0.1,0.1,0.1,0.1,0.1,0.1,0.1,0.1,0.1,0.1,0.1,0.1,0.1,0.1,0.1,0.1,0.1,0.1,0.1,0.1,0.1,0.1,0.1,0.1,0.1,0.1,0.1,0.1,0.1,0.1,0.1,0.1,0.1,0.1,0.1,0.1,0.1,0.1,0.1,0.1,0.1,0.1,0.1,0.1,0.1,0.1,0.1,0.1,0.1,0.1,0.1,0.1,0.1,0.1,0.1,0.1,0.1,0.1,0.1,0.1,0.1,0.1,0.1,0.1,0.1,0.1,0.1,0.1,0.1,0.1,0.1,0.1,0.1,0.1,0.1,0.1,0.1,0.1,0.1,0.1,0.1,0.1,0.1,0.1,0.1,0.1,0.1,0.1,0.1,0.1,0.1,0.1,0.1,0.1,0.1,0.1,0.1,0.1,0.1,0.1,0.1,0.1,0.1,0.1,0.1,0.1,0.1,0.1,0.1,0.1,0.1,0.1,0.1,0.1,0.1,0.1,0.1,0.1,0.1,0.1,0.1,0.1,0.1,0.1,0.1,0.1,0.1,0.1,0.1,0.1,0.1,0.1,0.1,0.1,0.1,0.1,0.1,0.1,0.1,0.1,0.1,0.1,0.1,0.1,0.1,0.1,0.1,0.1,0.1,0.1,0.1,0.1,0.1,0.1,0.1,0.1,0.1,0.1,0.1,0.1,0.1,0.1,0.1,0.1,0.1,0.1,0.1,0.1,0.1,0.1,0.1,0.1,0.1,0.1,0.1,0.1,0.1,0.1,0.1,0.1,0.1,0.1,0.1,0.1,0.1,0.1,0.1,0.1,0.1,0.1,0.1,0.1,0.1,0.1,0.1,0.1,0.1,0.1,0.1,0.1,0.1,0.1,0.1,0.1,0.1,0.1,0.1,0.1,0.1,0.1,0.1,0.1,0.1,0.1,0.1,0.1,0.1,0.1,0.1,0.1,0.1,0.1,0.1,0.1,0.1,0.1,0.1,0.1,0.1,0.1,0.1,0.1,0.1,0.1,0.1,0.1,0.1,0.1,0.1,0.1,0.1,0.1,0.1,0.1,0.1,0.1,0.1,0.1,0.1,0.1,0.1,0.1,0.1,0.1,0.1,0.1,0.1,0.1,0.1,0.1,0.1,0.1,0.1,0.1,0.1,0.1,0.1,0.1,0.1,0.1,0.1,0.1,0.1,0.1,0.1,0.1,0.1,0.1,0.1,0.1,0.1,0.1,0.1,0.1,0.1,0.1,0.1,0.1,0.1,0.1,0.1,0.1,0.1,0.1,0.1,0.1,0.1,0.1,0.1,0.1,0.1,0.1,0.1,0.1,0.1,0.1,0.1,0.1,0.1,0.1,0.1,0.1,0.1,0.1,0.1,0.1,0.1,0.1,0.1,0.1,0.1,0.1,0.1,0.1,0.1,0.1,0.1,0.1,0.1,0.1,0.1,0.1,0.1,0.1,0.1,0.1,0.1,0.1,0.1,0.1,0.1,0.1,0.1,0.1,0.1,0.1,0.1,0.1,0.1,0.1,0.1,0.1,0.1,0.1,0.1,0.1,0.1,0.1,0.1,0.1,0.1,0.1,0.1,0.1,0.1,0.1,0.1,0.1,0.1,0.1,0.1,0.1,0.1,0.1,0.1,0.1,0.1,0.1,0.1,0.1,0.1,0.1,0.1,0.1,0.1,0.1,0.1,0.1,0.1,0.1,0.1,0.1,0.1,0.1,0.1,0.1,0.1,0.1,0.1,0.1,0.1,0.1,0.1,0.1,0.1,0.1,0.1,0.1,0.1,0.1,0.1,0.1,0.1,0.1,0.1,0.1,0.1,0.1,0.1,0.1,0.1,0.1,0.1,0.1,0.1,0.1,0.1,0.1,0.1,0.1,0.1,0.1,0.1,0.1,0.1,0.1,0.1,0.1,0.1,0.1,0.1,0.1,0.1,0.1,0.1,0.1,0.1,0.1,0.1,0.1,0.1,0.1,0.1,0.1,0.1,0.1,0.1,0.1,0.1,0.1,0.1,0.1,0.1,0.1,0.1,0.1,0.1,0.1,0.1,0.1], 019a9bc9-a074-73fb-9908-cafb21fe8ec7, 2025-11-19 11:04:33, 2025-11-19 11:04:33))

/home/user/cmis.marketing.limited/vendor/laravel/framework/src/Illuminate/Database/Connection.php:824
/home/user/cmis.marketing.limited/vendor/laravel/framework/src/Illuminate/Database/Connection.php:778
/home/user/cmis.marketing.limited/vendor/laravel/framework/src/Illuminate/Database/Connection.php:559
/home/user/cmis.marketing.limited/vendor/laravel/framework/src/Illuminate/Database/Connection.php:523
/home/user/cmis.marketing.limited/vendor/laravel/framework/src/Illuminate/Database/Query/Builder.php:3804
/home/user/cmis.marketing.limited/vendor/laravel/framework/src/Illuminate/Database/Eloquent/Builder.php:2235
/home/user/cmis.marketing.limited/vendor/laravel/framework/src/Illuminate/Database/Eloquent/Model.php:1412
/home/user/cmis.marketing.limited/vendor/laravel/framework/src/Illuminate/Database/Eloquent/Model.php:1240
/home/user/cmis.marketing.limited/vendor/laravel/framework/src/Illuminate/Database/Eloquent/Builder.php:1219
/home/user/cmis.marketing.limited/vendor/laravel/framework/src/Illuminate/Support/helpers.php:390
/home/user/cmis.marketing.limited/vendor/laravel/framework/src/Illuminate/Database/Eloquent/Builder.php:1218
/home/user/cmis.marketing.limited/vendor/laravel/framework/src/Illuminate/Support/Traits/ForwardsCalls.php:23
/home/user/cmis.marketing.limited/vendor/laravel/framework/src/Illuminate/Database/Eloquent/Model.php:2540
/home/user/cmis.marketing.limited/vendor/laravel/framework/src/Illuminate/Database/Eloquent/Model.php:2556
/home/user/cmis.marketing.limited/tests/Unit/Models/Knowledge/KnowledgeIndexTest.php:123</error>
        </testcase>
        <testcase name="it_respects_rls_policies" file="/home/user/cmis.marketing.limited/tests/Unit/Models/Knowledge/KnowledgeIndexTest.php" line="204" class="Tests\Unit\Models\Knowledge\KnowledgeIndexTest" classname="Tests.Unit.Models.Knowledge.KnowledgeIndexTest" assertions="0" time="0.065431">
          <error type="Illuminate\Database\QueryException">Tests\Unit\Models\Knowledge\KnowledgeIndexTest::it_respects_rls_policies
Illuminate\Database\QueryException: SQLSTATE[42P01]: Undefined table: 7 ERROR:  relation "cmis.knowledge_index" does not exist
LINE 1: insert into "cmis"."knowledge_index" ("org_id", "content", "...
                    ^ (Connection: pgsql, SQL: insert into "cmis"."knowledge_index" ("org_id", "content", "embedding", "knowledge_id", "updated_at", "created_at") values (62b4b96d-375d-4eb5-9ba0-2427bcce0930, Org 1 knowledge, [0.1,0.1,0.1,0.1,0.1,0.1,0.1,0.1,0.1,0.1,0.1,0.1,0.1,0.1,0.1,0.1,0.1,0.1,0.1,0.1,0.1,0.1,0.1,0.1,0.1,0.1,0.1,0.1,0.1,0.1,0.1,0.1,0.1,0.1,0.1,0.1,0.1,0.1,0.1,0.1,0.1,0.1,0.1,0.1,0.1,0.1,0.1,0.1,0.1,0.1,0.1,0.1,0.1,0.1,0.1,0.1,0.1,0.1,0.1,0.1,0.1,0.1,0.1,0.1,0.1,0.1,0.1,0.1,0.1,0.1,0.1,0.1,0.1,0.1,0.1,0.1,0.1,0.1,0.1,0.1,0.1,0.1,0.1,0.1,0.1,0.1,0.1,0.1,0.1,0.1,0.1,0.1,0.1,0.1,0.1,0.1,0.1,0.1,0.1,0.1,0.1,0.1,0.1,0.1,0.1,0.1,0.1,0.1,0.1,0.1,0.1,0.1,0.1,0.1,0.1,0.1,0.1,0.1,0.1,0.1,0.1,0.1,0.1,0.1,0.1,0.1,0.1,0.1,0.1,0.1,0.1,0.1,0.1,0.1,0.1,0.1,0.1,0.1,0.1,0.1,0.1,0.1,0.1,0.1,0.1,0.1,0.1,0.1,0.1,0.1,0.1,0.1,0.1,0.1,0.1,0.1,0.1,0.1,0.1,0.1,0.1,0.1,0.1,0.1,0.1,0.1,0.1,0.1,0.1,0.1,0.1,0.1,0.1,0.1,0.1,0.1,0.1,0.1,0.1,0.1,0.1,0.1,0.1,0.1,0.1,0.1,0.1,0.1,0.1,0.1,0.1,0.1,0.1,0.1,0.1,0.1,0.1,0.1,0.1,0.1,0.1,0.1,0.1,0.1,0.1,0.1,0.1,0.1,0.1,0.1,0.1,0.1,0.1,0.1,0.1,0.1,0.1,0.1,0.1,0.1,0.1,0.1,0.1,0.1,0.1,0.1,0.1,0.1,0.1,0.1,0.1,0.1,0.1,0.1,0.1,0.1,0.1,0.1,0.1,0.1,0.1,0.1,0.1,0.1,0.1,0.1,0.1,0.1,0.1,0.1,0.1,0.1,0.1,0.1,0.1,0.1,0.1,0.1,0.1,0.1,0.1,0.1,0.1,0.1,0.1,0.1,0.1,0.1,0.1,0.1,0.1,0.1,0.1,0.1,0.1,0.1,0.1,0.1,0.1,0.1,0.1,0.1,0.1,0.1,0.1,0.1,0.1,0.1,0.1,0.1,0.1,0.1,0.1,0.1,0.1,0.1,0.1,0.1,0.1,0.1,0.1,0.1,0.1,0.1,0.1,0.1,0.1,0.1,0.1,0.1,0.1,0.1,0.1,0.1,0.1,0.1,0.1,0.1,0.1,0.1,0.1,0.1,0.1,0.1,0.1,0.1,0.1,0.1,0.1,0.1,0.1,0.1,0.1,0.1,0.1,0.1,0.1,0.1,0.1,0.1,0.1,0.1,0.1,0.1,0.1,0.1,0.1,0.1,0.1,0.1,0.1,0.1,0.1,0.1,0.1,0.1,0.1,0.1,0.1,0.1,0.1,0.1,0.1,0.1,0.1,0.1,0.1,0.1,0.1,0.1,0.1,0.1,0.1,0.1,0.1,0.1,0.1,0.1,0.1,0.1,0.1,0.1,0.1,0.1,0.1,0.1,0.1,0.1,0.1,0.1,0.1,0.1,0.1,0.1,0.1,0.1,0.1,0.1,0.1,0.1,0.1,0.1,0.1,0.1,0.1,0.1,0.1,0.1,0.1,0.1,0.1,0.1,0.1,0.1,0.1,0.1,0.1,0.1,0.1,0.1,0.1,0.1,0.1,0.1,0.1,0.1,0.1,0.1,0.1,0.1,0.1,0.1,0.1,0.1,0.1,0.1,0.1,0.1,0.1,0.1,0.1,0.1,0.1,0.1,0.1,0.1,0.1,0.1,0.1,0.1,0.1,0.1,0.1,0.1,0.1,0.1,0.1,0.1,0.1,0.1,0.1,0.1,0.1,0.1,0.1,0.1,0.1,0.1,0.1,0.1,0.1,0.1,0.1,0.1,0.1,0.1,0.1,0.1,0.1,0.1,0.1,0.1,0.1,0.1,0.1,0.1,0.1,0.1,0.1,0.1,0.1,0.1,0.1,0.1,0.1,0.1,0.1,0.1,0.1,0.1,0.1,0.1,0.1,0.1,0.1,0.1,0.1,0.1,0.1,0.1,0.1,0.1,0.1,0.1,0.1,0.1,0.1,0.1,0.1,0.1,0.1,0.1,0.1,0.1,0.1,0.1,0.1,0.1,0.1,0.1,0.1,0.1,0.1,0.1,0.1,0.1,0.1,0.1,0.1,0.1,0.1,0.1,0.1,0.1,0.1,0.1,0.1,0.1,0.1,0.1,0.1,0.1,0.1,0.1,0.1,0.1,0.1,0.1,0.1,0.1,0.1,0.1,0.1,0.1,0.1,0.1,0.1,0.1,0.1,0.1,0.1,0.1,0.1,0.1,0.1,0.1,0.1,0.1,0.1,0.1,0.1,0.1,0.1,0.1,0.1,0.1,0.1,0.1,0.1,0.1,0.1,0.1,0.1,0.1,0.1,0.1,0.1,0.1,0.1,0.1,0.1,0.1,0.1,0.1,0.1,0.1,0.1,0.1,0.1,0.1,0.1,0.1,0.1,0.1,0.1,0.1,0.1,0.1,0.1,0.1,0.1,0.1,0.1,0.1,0.1,0.1,0.1,0.1,0.1,0.1,0.1,0.1,0.1,0.1,0.1,0.1,0.1,0.1,0.1,0.1,0.1,0.1,0.1,0.1,0.1,0.1,0.1,0.1,0.1,0.1,0.1,0.1,0.1,0.1,0.1,0.1,0.1,0.1,0.1,0.1,0.1,0.1,0.1,0.1,0.1,0.1,0.1,0.1,0.1,0.1,0.1,0.1,0.1,0.1,0.1,0.1,0.1,0.1,0.1,0.1,0.1,0.1,0.1,0.1,0.1,0.1,0.1,0.1,0.1,0.1,0.1,0.1,0.1,0.1,0.1,0.1,0.1,0.1,0.1,0.1,0.1,0.1,0.1,0.1,0.1,0.1,0.1,0.1,0.1,0.1,0.1,0.1,0.1,0.1,0.1,0.1,0.1,0.1,0.1,0.1,0.1,0.1,0.1,0.1,0.1,0.1,0.1,0.1,0.1,0.1,0.1,0.1,0.1,0.1,0.1,0.1,0.1,0.1,0.1,0.1,0.1,0.1,0.1,0.1,0.1,0.1,0.1,0.1,0.1,0.1,0.1,0.1,0.1,0.1,0.1,0.1,0.1,0.1,0.1,0.1,0.1,0.1,0.1,0.1,0.1,0.1,0.1,0.1], 019a9bc9-a0b5-718b-9230-b786b297e263, 2025-11-19 11:04:33, 2025-11-19 11:04:33))

/home/user/cmis.marketing.limited/vendor/laravel/framework/src/Illuminate/Database/Connection.php:824
/home/user/cmis.marketing.limited/vendor/laravel/framework/src/Illuminate/Database/Connection.php:778
/home/user/cmis.marketing.limited/vendor/laravel/framework/src/Illuminate/Database/Connection.php:559
/home/user/cmis.marketing.limited/vendor/laravel/framework/src/Illuminate/Database/Connection.php:523
/home/user/cmis.marketing.limited/vendor/laravel/framework/src/Illuminate/Database/Query/Builder.php:3804
/home/user/cmis.marketing.limited/vendor/laravel/framework/src/Illuminate/Database/Eloquent/Builder.php:2235
/home/user/cmis.marketing.limited/vendor/laravel/framework/src/Illuminate/Database/Eloquent/Model.php:1412
/home/user/cmis.marketing.limited/vendor/laravel/framework/src/Illuminate/Database/Eloquent/Model.php:1240
/home/user/cmis.marketing.limited/vendor/laravel/framework/src/Illuminate/Database/Eloquent/Builder.php:1219
/home/user/cmis.marketing.limited/vendor/laravel/framework/src/Illuminate/Support/helpers.php:390
/home/user/cmis.marketing.limited/vendor/laravel/framework/src/Illuminate/Database/Eloquent/Builder.php:1218
/home/user/cmis.marketing.limited/vendor/laravel/framework/src/Illuminate/Support/Traits/ForwardsCalls.php:23
/home/user/cmis.marketing.limited/vendor/laravel/framework/src/Illuminate/Database/Eloquent/Model.php:2540
/home/user/cmis.marketing.limited/vendor/laravel/framework/src/Illuminate/Database/Eloquent/Model.php:2556
/home/user/cmis.marketing.limited/tests/Unit/Models/Knowledge/KnowledgeIndexTest.php:216</error>
        </testcase>
      </testsuite>
      <testsuite name="Tests\Unit\Models\Workflow\WorkflowTest" file="/home/user/cmis.marketing.limited/tests/Unit/Models/Workflow/WorkflowTest.php" tests="12" assertions="0" errors="12" failures="0" skipped="0" time="0.833434">
        <testcase name="it_can_be_soft_deleted" file="/home/user/cmis.marketing.limited/tests/Unit/Models/Workflow/WorkflowTest.php" line="269" class="Tests\Unit\Models\Workflow\WorkflowTest" classname="Tests.Unit.Models.Workflow.WorkflowTest" assertions="0" time="0.068170">
          <error type="Error">Tests\Unit\Models\Workflow\WorkflowTest::it_can_be_soft_deleted
Error: Class "App\Models\Workflow\Workflow" not found

/home/user/cmis.marketing.limited/tests/Unit/Models/Workflow/WorkflowTest.php:276</error>
        </testcase>
        <testcase name="it_tracks_last_execution_time" file="/home/user/cmis.marketing.limited/tests/Unit/Models/Workflow/WorkflowTest.php" line="213" class="Tests\Unit\Models\Workflow\WorkflowTest" classname="Tests.Unit.Models.Workflow.WorkflowTest" assertions="0" time="0.099261">
          <error type="Error">Tests\Unit\Models\Workflow\WorkflowTest::it_tracks_last_execution_time
Error: Class "App\Models\Workflow\Workflow" not found

/home/user/cmis.marketing.limited/tests/Unit/Models/Workflow/WorkflowTest.php:220</error>
        </testcase>
        <testcase name="it_tracks_execution_count" file="/home/user/cmis.marketing.limited/tests/Unit/Models/Workflow/WorkflowTest.php" line="192" class="Tests\Unit\Models\Workflow\WorkflowTest" classname="Tests.Unit.Models.Workflow.WorkflowTest" assertions="0" time="0.064396">
          <error type="Error">Tests\Unit\Models\Workflow\WorkflowTest::it_tracks_execution_count
Error: Class "App\Models\Workflow\Workflow" not found

/home/user/cmis.marketing.limited/tests/Unit/Models/Workflow/WorkflowTest.php:199</error>
        </testcase>
        <testcase name="it_has_timestamps" file="/home/user/cmis.marketing.limited/tests/Unit/Models/Workflow/WorkflowTest.php" line="250" class="Tests\Unit\Models\Workflow\WorkflowTest" classname="Tests.Unit.Models.Workflow.WorkflowTest" assertions="0" time="0.059710">
          <error type="Error">Tests\Unit\Models\Workflow\WorkflowTest::it_has_timestamps
Error: Class "App\Models\Workflow\Workflow" not found

/home/user/cmis.marketing.limited/tests/Unit/Models/Workflow/WorkflowTest.php:257</error>
        </testcase>
        <testcase name="it_can_be_active_or_inactive" file="/home/user/cmis.marketing.limited/tests/Unit/Models/Workflow/WorkflowTest.php" line="164" class="Tests\Unit\Models\Workflow\WorkflowTest" classname="Tests.Unit.Models.Workflow.WorkflowTest" assertions="0" time="0.060310">
          <error type="Error">Tests\Unit\Models\Workflow\WorkflowTest::it_can_be_active_or_inactive
Error: Class "App\Models\Workflow\Workflow" not found

/home/user/cmis.marketing.limited/tests/Unit/Models/Workflow/WorkflowTest.php:171</error>
        </testcase>
        <testcase name="it_can_create_workflow" file="/home/user/cmis.marketing.limited/tests/Unit/Models/Workflow/WorkflowTest.php" line="24" class="Tests\Unit\Models\Workflow\WorkflowTest" classname="Tests.Unit.Models.Workflow.WorkflowTest" assertions="0" time="0.062023">
          <error type="Error">Tests\Unit\Models\Workflow\WorkflowTest::it_can_create_workflow
Error: Class "App\Models\Workflow\Workflow" not found

/home/user/cmis.marketing.limited/tests/Unit/Models/Workflow/WorkflowTest.php:31</error>
        </testcase>
        <testcase name="it_stores_workflow_conditions" file="/home/user/cmis.marketing.limited/tests/Unit/Models/Workflow/WorkflowTest.php" line="138" class="Tests\Unit\Models\Workflow\WorkflowTest" classname="Tests.Unit.Models.Workflow.WorkflowTest" assertions="0" time="0.062629">
          <error type="Error">Tests\Unit\Models\Workflow\WorkflowTest::it_stores_workflow_conditions
Error: Class "App\Models\Workflow\Workflow" not found

/home/user/cmis.marketing.limited/tests/Unit/Models/Workflow/WorkflowTest.php:151</error>
        </testcase>
        <testcase name="it_uses_uuid_as_primary_key" file="/home/user/cmis.marketing.limited/tests/Unit/Models/Workflow/WorkflowTest.php" line="232" class="Tests\Unit\Models\Workflow\WorkflowTest" classname="Tests.Unit.Models.Workflow.WorkflowTest" assertions="0" time="0.092936">
          <error type="Error">Tests\Unit\Models\Workflow\WorkflowTest::it_uses_uuid_as_primary_key
Error: Class "App\Models\Workflow\Workflow" not found

/home/user/cmis.marketing.limited/tests/Unit/Models/Workflow/WorkflowTest.php:239</error>
        </testcase>
        <testcase name="it_respects_rls_policies" file="/home/user/cmis.marketing.limited/tests/Unit/Models/Workflow/WorkflowTest.php" line="293" class="Tests\Unit\Models\Workflow\WorkflowTest" classname="Tests.Unit.Models.Workflow.WorkflowTest" assertions="0" time="0.062362">
          <error type="Error">Tests\Unit\Models\Workflow\WorkflowTest::it_respects_rls_policies
Error: Class "App\Models\Workflow\Workflow" not found

/home/user/cmis.marketing.limited/tests/Unit/Models/Workflow/WorkflowTest.php:305</error>
        </testcase>
        <testcase name="it_stores_workflow_steps_as_json" file="/home/user/cmis.marketing.limited/tests/Unit/Models/Workflow/WorkflowTest.php" line="94" class="Tests\Unit\Models\Workflow\WorkflowTest" classname="Tests.Unit.Models.Workflow.WorkflowTest" assertions="0" time="0.063127">
          <error type="Error">Tests\Unit\Models\Workflow\WorkflowTest::it_stores_workflow_steps_as_json
Error: Class "App\Models\Workflow\Workflow" not found

/home/user/cmis.marketing.limited/tests/Unit/Models/Workflow/WorkflowTest.php:124</error>
        </testcase>
        <testcase name="it_belongs_to_org" file="/home/user/cmis.marketing.limited/tests/Unit/Models/Workflow/WorkflowTest.php" line="47" class="Tests\Unit\Models\Workflow\WorkflowTest" classname="Tests.Unit.Models.Workflow.WorkflowTest" assertions="0" time="0.060942">
          <error type="Error">Tests\Unit\Models\Workflow\WorkflowTest::it_belongs_to_org
Error: Class "App\Models\Workflow\Workflow" not found

/home/user/cmis.marketing.limited/tests/Unit/Models/Workflow/WorkflowTest.php:54</error>
        </testcase>
        <testcase name="it_has_different_trigger_types" file="/home/user/cmis.marketing.limited/tests/Unit/Models/Workflow/WorkflowTest.php" line="65" class="Tests\Unit\Models\Workflow\WorkflowTest" classname="Tests.Unit.Models.Workflow.WorkflowTest" assertions="0" time="0.077566">
          <error type="Error">Tests\Unit\Models\Workflow\WorkflowTest::it_has_different_trigger_types
Error: Class "App\Models\Workflow\Workflow" not found

/home/user/cmis.marketing.limited/tests/Unit/Models/Workflow/WorkflowTest.php:81</error>
        </testcase>
      </testsuite>
      <testsuite name="Tests\Unit\Events\ContentPublishedEventTest" file="/home/user/cmis.marketing.limited/tests/Unit/Events/ContentPublishedEventTest.php" tests="8" assertions="0" errors="8" failures="0" skipped="0" time="0.548213">
        <testcase name="it_respects_org_context" file="/home/user/cmis.marketing.limited/tests/Unit/Events/ContentPublishedEventTest.php" line="219" class="Tests\Unit\Events\ContentPublishedEventTest" classname="Tests.Unit.Events.ContentPublishedEventTest" assertions="0" time="0.100951">
          <error type="Error">Tests\Unit\Events\ContentPublishedEventTest::it_respects_org_context
Error: Class "App\Models\Content\Content" not found

/home/user/cmis.marketing.limited/tests/Unit/Events/ContentPublishedEventTest.php:233</error>
        </testcase>
        <testcase name="it_can_be_dispatched" file="/home/user/cmis.marketing.limited/tests/Unit/Events/ContentPublishedEventTest.php" line="79" class="Tests\Unit\Events\ContentPublishedEventTest" classname="Tests.Unit.Events.ContentPublishedEventTest" assertions="0" time="0.056836">
          <error type="Error">Tests\Unit\Events\ContentPublishedEventTest::it_can_be_dispatched
Error: Class "App\Models\Content\Content" not found

/home/user/cmis.marketing.limited/tests/Unit/Events/ContentPublishedEventTest.php:88</error>
        </testcase>
        <testcase name="it_contains_content_data" file="/home/user/cmis.marketing.limited/tests/Unit/Events/ContentPublishedEventTest.php" line="53" class="Tests\Unit\Events\ContentPublishedEventTest" classname="Tests.Unit.Events.ContentPublishedEventTest" assertions="0" time="0.059178">
          <error type="Error">Tests\Unit\Events\ContentPublishedEventTest::it_contains_content_data
Error: Class "App\Models\Content\Content" not found

/home/user/cmis.marketing.limited/tests/Unit/Events/ContentPublishedEventTest.php:60</error>
        </testcase>
        <testcase name="it_triggers_platform_distribution" file="/home/user/cmis.marketing.limited/tests/Unit/Events/ContentPublishedEventTest.php" line="162" class="Tests\Unit\Events\ContentPublishedEventTest" classname="Tests.Unit.Events.ContentPublishedEventTest" assertions="0" time="0.060385">
          <error type="Error">Tests\Unit\Events\ContentPublishedEventTest::it_triggers_platform_distribution
Error: Class "App\Models\Content\Content" not found

/home/user/cmis.marketing.limited/tests/Unit/Events/ContentPublishedEventTest.php:171</error>
        </testcase>
        <testcase name="it_can_be_instantiated" file="/home/user/cmis.marketing.limited/tests/Unit/Events/ContentPublishedEventTest.php" line="26" class="Tests\Unit\Events\ContentPublishedEventTest" classname="Tests.Unit.Events.ContentPublishedEventTest" assertions="0" time="0.060875">
          <error type="Error">Tests\Unit\Events\ContentPublishedEventTest::it_can_be_instantiated
Error: Class "App\Models\Content\Content" not found

/home/user/cmis.marketing.limited/tests/Unit/Events/ContentPublishedEventTest.php:33</error>
        </testcase>
        <testcase name="it_includes_platform_information" file="/home/user/cmis.marketing.limited/tests/Unit/Events/ContentPublishedEventTest.php" line="191" class="Tests\Unit\Events\ContentPublishedEventTest" classname="Tests.Unit.Events.ContentPublishedEventTest" assertions="0" time="0.060108">
          <error type="Error">Tests\Unit\Events\ContentPublishedEventTest::it_includes_platform_information
Error: Class "App\Models\Content\Content" not found

/home/user/cmis.marketing.limited/tests/Unit/Events/ContentPublishedEventTest.php:198</error>
        </testcase>
        <testcase name="it_includes_publication_timestamp" file="/home/user/cmis.marketing.limited/tests/Unit/Events/ContentPublishedEventTest.php" line="134" class="Tests\Unit\Events\ContentPublishedEventTest" classname="Tests.Unit.Events.ContentPublishedEventTest" assertions="0" time="0.088978">
          <error type="Error">Tests\Unit\Events\ContentPublishedEventTest::it_includes_publication_timestamp
Error: Class "App\Models\Content\Content" not found

/home/user/cmis.marketing.limited/tests/Unit/Events/ContentPublishedEventTest.php:141</error>
        </testcase>
        <testcase name="it_broadcasts_on_org_channel" file="/home/user/cmis.marketing.limited/tests/Unit/Events/ContentPublishedEventTest.php" line="107" class="Tests\Unit\Events\ContentPublishedEventTest" classname="Tests.Unit.Events.ContentPublishedEventTest" assertions="0" time="0.060902">
          <error type="Error">Tests\Unit\Events\ContentPublishedEventTest::it_broadcasts_on_org_channel
Error: Class "App\Models\Content\Content" not found

/home/user/cmis.marketing.limited/tests/Unit/Events/ContentPublishedEventTest.php:114</error>
        </testcase>
      </testsuite>
      <testsuite name="Tests\Unit\Jobs\GenerateCampaignReportJobTest" file="/home/user/cmis.marketing.limited/tests/Unit/Jobs/GenerateCampaignReportJobTest.php" tests="6" assertions="0" errors="6" failures="0" skipped="0" time="0.426415">
        <testcase name="it_stores_report_file" file="/home/user/cmis.marketing.limited/tests/Unit/Jobs/GenerateCampaignReportJobTest.php" line="163" class="Tests\Unit\Jobs\GenerateCampaignReportJobTest" classname="Tests.Unit.Jobs.GenerateCampaignReportJobTest" assertions="0" time="0.066368">
          <error type="Error">Tests\Unit\Jobs\GenerateCampaignReportJobTest::it_stores_report_file
Error: Class "App\Jobs\Reports\GenerateCampaignReportJob" not found

/home/user/cmis.marketing.limited/tests/Unit/Jobs/GenerateCampaignReportJobTest.php:177</error>
        </testcase>
        <testcase name="it_includes_campaign_analytics" file="/home/user/cmis.marketing.limited/tests/Unit/Jobs/GenerateCampaignReportJobTest.php" line="136" class="Tests\Unit\Jobs\GenerateCampaignReportJobTest" classname="Tests.Unit.Jobs.GenerateCampaignReportJobTest" assertions="0" time="0.067108">
          <error type="Error">Tests\Unit\Jobs\GenerateCampaignReportJobTest::it_includes_campaign_analytics
Error: Class "App\Jobs\Reports\GenerateCampaignReportJob" not found

/home/user/cmis.marketing.limited/tests/Unit/Jobs/GenerateCampaignReportJobTest.php:150</error>
        </testcase>
        <testcase name="it_generates_campaign_report" file="/home/user/cmis.marketing.limited/tests/Unit/Jobs/GenerateCampaignReportJobTest.php" line="29" class="Tests\Unit\Jobs\GenerateCampaignReportJobTest" classname="Tests.Unit.Jobs.GenerateCampaignReportJobTest" assertions="0" time="0.064601">
          <error type="Error">Tests\Unit\Jobs\GenerateCampaignReportJobTest::it_generates_campaign_report
Error: Class "App\Jobs\Reports\GenerateCampaignReportJob" not found

/home/user/cmis.marketing.limited/tests/Unit/Jobs/GenerateCampaignReportJobTest.php:43</error>
        </testcase>
        <testcase name="it_generates_pdf_report" file="/home/user/cmis.marketing.limited/tests/Unit/Jobs/GenerateCampaignReportJobTest.php" line="55" class="Tests\Unit\Jobs\GenerateCampaignReportJobTest" classname="Tests.Unit.Jobs.GenerateCampaignReportJobTest" assertions="0" time="0.096010">
          <error type="Error">Tests\Unit\Jobs\GenerateCampaignReportJobTest::it_generates_pdf_report
Error: Class "App\Jobs\Reports\GenerateCampaignReportJob" not found

/home/user/cmis.marketing.limited/tests/Unit/Jobs/GenerateCampaignReportJobTest.php:69</error>
        </testcase>
        <testcase name="it_can_be_dispatched" file="/home/user/cmis.marketing.limited/tests/Unit/Jobs/GenerateCampaignReportJobTest.php" line="109" class="Tests\Unit\Jobs\GenerateCampaignReportJobTest" classname="Tests.Unit.Jobs.GenerateCampaignReportJobTest" assertions="0" time="0.066826">
          <error type="Error">Tests\Unit\Jobs\GenerateCampaignReportJobTest::it_can_be_dispatched
Error: Class "App\Jobs\Reports\GenerateCampaignReportJob" not found

/home/user/cmis.marketing.limited/tests/Unit/Jobs/GenerateCampaignReportJobTest.php:125</error>
        </testcase>
        <testcase name="it_generates_excel_report" file="/home/user/cmis.marketing.limited/tests/Unit/Jobs/GenerateCampaignReportJobTest.php" line="82" class="Tests\Unit\Jobs\GenerateCampaignReportJobTest" classname="Tests.Unit.Jobs.GenerateCampaignReportJobTest" assertions="0" time="0.065502">
          <error type="Error">Tests\Unit\Jobs\GenerateCampaignReportJobTest::it_generates_excel_report
Error: Class "App\Jobs\Reports\GenerateCampaignReportJob" not found

/home/user/cmis.marketing.limited/tests/Unit/Jobs/GenerateCampaignReportJobTest.php:96</error>
        </testcase>
      </testsuite>
      <testsuite name="Tests\Unit\Models\Permission\PermissionTest" file="/home/user/cmis.marketing.limited/tests/Unit/Models/Permission/PermissionTest.php" tests="12" assertions="0" errors="12" failures="0" skipped="0" time="0.790423">
        <testcase name="it_uses_uuid_as_primary_key" file="/home/user/cmis.marketing.limited/tests/Unit/Models/Permission/PermissionTest.php" line="179" class="Tests\Unit\Models\Permission\PermissionTest" classname="Tests.Unit.Models.Permission.PermissionTest" assertions="0" time="0.072699">
          <error type="Error">Tests\Unit\Models\Permission\PermissionTest::it_uses_uuid_as_primary_key
Error: Class "App\Models\Permission\Permission" not found

/home/user/cmis.marketing.limited/tests/Unit/Models/Permission/PermissionTest.php:181</error>
        </testcase>
        <testcase name="it_has_unique_name" file="/home/user/cmis.marketing.limited/tests/Unit/Models/Permission/PermissionTest.php" line="41" class="Tests\Unit\Models\Permission\PermissionTest" classname="Tests.Unit.Models.Permission.PermissionTest" assertions="0" time="0.062571">
          <error type="Error">Tests\Unit\Models\Permission\PermissionTest::it_has_unique_name
Error: Class "App\Models\Permission\Permission" not found

/home/user/cmis.marketing.limited/tests/Unit/Models/Permission/PermissionTest.php:43</error>
        </testcase>
        <testcase name="it_groups_permissions_by_category" file="/home/user/cmis.marketing.limited/tests/Unit/Models/Permission/PermissionTest.php" line="97" class="Tests\Unit\Models\Permission\PermissionTest" classname="Tests.Unit.Models.Permission.PermissionTest" assertions="0" time="0.064233">
          <error type="Error">Tests\Unit\Models\Permission\PermissionTest::it_groups_permissions_by_category
Error: Class "App\Models\Permission\Permission" not found

/home/user/cmis.marketing.limited/tests/Unit/Models/Permission/PermissionTest.php:102</error>
        </testcase>
        <testcase name="it_has_priority_order" file="/home/user/cmis.marketing.limited/tests/Unit/Models/Permission/PermissionTest.php" line="145" class="Tests\Unit\Models\Permission\PermissionTest" classname="Tests.Unit.Models.Permission.PermissionTest" assertions="0" time="0.095112">
          <error type="Error">Tests\Unit\Models\Permission\PermissionTest::it_has_priority_order
Error: Class "App\Models\Permission\Permission" not found

/home/user/cmis.marketing.limited/tests/Unit/Models/Permission/PermissionTest.php:147</error>
        </testcase>
        <testcase name="it_has_timestamps" file="/home/user/cmis.marketing.limited/tests/Unit/Models/Permission/PermissionTest.php" line="191" class="Tests\Unit\Models\Permission\PermissionTest" classname="Tests.Unit.Models.Permission.PermissionTest" assertions="0" time="0.059832">
          <error type="Error">Tests\Unit\Models\Permission\PermissionTest::it_has_timestamps
Error: Class "App\Models\Permission\Permission" not found

/home/user/cmis.marketing.limited/tests/Unit/Models/Permission/PermissionTest.php:193</error>
        </testcase>
        <testcase name="it_has_category" file="/home/user/cmis.marketing.limited/tests/Unit/Models/Permission/PermissionTest.php" line="84" class="Tests\Unit\Models\Permission\PermissionTest" classname="Tests.Unit.Models.Permission.PermissionTest" assertions="0" time="0.055785">
          <error type="Error">Tests\Unit\Models\Permission\PermissionTest::it_has_category
Error: Class "App\Models\Permission\Permission" not found

/home/user/cmis.marketing.limited/tests/Unit/Models/Permission/PermissionTest.php:86</error>
        </testcase>
        <testcase name="it_can_be_assigned_to_roles" file="/home/user/cmis.marketing.limited/tests/Unit/Models/Permission/PermissionTest.php" line="115" class="Tests\Unit\Models\Permission\PermissionTest" classname="Tests.Unit.Models.Permission.PermissionTest" assertions="0" time="0.056680">
          <error type="Error">Tests\Unit\Models\Permission\PermissionTest::it_can_be_assigned_to_roles
Error: Class "App\Models\Permission\Permission" not found

/home/user/cmis.marketing.limited/tests/Unit/Models/Permission/PermissionTest.php:117</error>
        </testcase>
        <testcase name="it_has_description" file="/home/user/cmis.marketing.limited/tests/Unit/Models/Permission/PermissionTest.php" line="71" class="Tests\Unit\Models\Permission\PermissionTest" classname="Tests.Unit.Models.Permission.PermissionTest" assertions="0" time="0.055372">
          <error type="Error">Tests\Unit\Models\Permission\PermissionTest::it_has_description
Error: Class "App\Models\Permission\Permission" not found

/home/user/cmis.marketing.limited/tests/Unit/Models/Permission/PermissionTest.php:73</error>
        </testcase>
        <testcase name="it_supports_wildcard_permissions" file="/home/user/cmis.marketing.limited/tests/Unit/Models/Permission/PermissionTest.php" line="133" class="Tests\Unit\Models\Permission\PermissionTest" classname="Tests.Unit.Models.Permission.PermissionTest" assertions="0" time="0.056525">
          <error type="Error">Tests\Unit\Models\Permission\PermissionTest::it_supports_wildcard_permissions
Error: Class "App\Models\Permission\Permission" not found

/home/user/cmis.marketing.limited/tests/Unit/Models/Permission/PermissionTest.php:135</error>
        </testcase>
        <testcase name="it_has_display_name" file="/home/user/cmis.marketing.limited/tests/Unit/Models/Permission/PermissionTest.php" line="59" class="Tests\Unit\Models\Permission\PermissionTest" classname="Tests.Unit.Models.Permission.PermissionTest" assertions="0" time="0.089293">
          <error type="Error">Tests\Unit\Models\Permission\PermissionTest::it_has_display_name
Error: Class "App\Models\Permission\Permission" not found

/home/user/cmis.marketing.limited/tests/Unit/Models/Permission/PermissionTest.php:61</error>
        </testcase>
        <testcase name="it_can_create_permission" file="/home/user/cmis.marketing.limited/tests/Unit/Models/Permission/PermissionTest.php" line="25" class="Tests\Unit\Models\Permission\PermissionTest" classname="Tests.Unit.Models.Permission.PermissionTest" assertions="0" time="0.062590">
          <error type="Error">Tests\Unit\Models\Permission\PermissionTest::it_can_create_permission
Error: Class "App\Models\Permission\Permission" not found

/home/user/cmis.marketing.limited/tests/Unit/Models/Permission/PermissionTest.php:27</error>
        </testcase>
        <testcase name="it_can_be_active_or_inactive" file="/home/user/cmis.marketing.limited/tests/Unit/Models/Permission/PermissionTest.php" line="158" class="Tests\Unit\Models\Permission\PermissionTest" classname="Tests.Unit.Models.Permission.PermissionTest" assertions="0" time="0.059731">
          <error type="Error">Tests\Unit\Models\Permission\PermissionTest::it_can_be_active_or_inactive
Error: Class "App\Models\Permission\Permission" not found

/home/user/cmis.marketing.limited/tests/Unit/Models/Permission/PermissionTest.php:160</error>
        </testcase>
      </testsuite>
      <testsuite name="Tests\Unit\Jobs\SyncSocialMediaMetricsJobTest" file="/home/user/cmis.marketing.limited/tests/Unit/Jobs/SyncSocialMediaMetricsJobTest.php" tests="6" assertions="0" errors="6" failures="0" skipped="0" time="0.421825">
        <testcase name="it_syncs_facebook_metrics" file="/home/user/cmis.marketing.limited/tests/Unit/Jobs/SyncSocialMediaMetricsJobTest.php" line="28" class="Tests\Unit\Jobs\SyncSocialMediaMetricsJobTest" classname="Tests.Unit.Jobs.SyncSocialMediaMetricsJobTest" assertions="0" time="0.067986">
          <error type="Error">Tests\Unit\Jobs\SyncSocialMediaMetricsJobTest::it_syncs_facebook_metrics
Error: Class "App\Jobs\Analytics\SyncSocialMediaMetricsJob" not found

/home/user/cmis.marketing.limited/tests/Unit/Jobs/SyncSocialMediaMetricsJobTest.php:53</error>
        </testcase>
        <testcase name="it_handles_api_errors" file="/home/user/cmis.marketing.limited/tests/Unit/Jobs/SyncSocialMediaMetricsJobTest.php" line="130" class="Tests\Unit\Jobs\SyncSocialMediaMetricsJobTest" classname="Tests.Unit.Jobs.SyncSocialMediaMetricsJobTest" assertions="0" time="0.092434">
          <error type="Error">Tests\Unit\Jobs\SyncSocialMediaMetricsJobTest::it_handles_api_errors
Error: Class "App\Jobs\Analytics\SyncSocialMediaMetricsJob" not found

/home/user/cmis.marketing.limited/tests/Unit/Jobs/SyncSocialMediaMetricsJobTest.php:149</error>
        </testcase>
        <testcase name="it_syncs_instagram_metrics" file="/home/user/cmis.marketing.limited/tests/Unit/Jobs/SyncSocialMediaMetricsJobTest.php" line="65" class="Tests\Unit\Jobs\SyncSocialMediaMetricsJobTest" classname="Tests.Unit.Jobs.SyncSocialMediaMetricsJobTest" assertions="0" time="0.064100">
          <error type="Error">Tests\Unit\Jobs\SyncSocialMediaMetricsJobTest::it_syncs_instagram_metrics
Error: Class "App\Jobs\Analytics\SyncSocialMediaMetricsJob" not found

/home/user/cmis.marketing.limited/tests/Unit/Jobs/SyncSocialMediaMetricsJobTest.php:90</error>
        </testcase>
        <testcase name="it_updates_last_synced_timestamp" file="/home/user/cmis.marketing.limited/tests/Unit/Jobs/SyncSocialMediaMetricsJobTest.php" line="166" class="Tests\Unit\Jobs\SyncSocialMediaMetricsJobTest" classname="Tests.Unit.Jobs.SyncSocialMediaMetricsJobTest" assertions="0" time="0.068141">
          <error type="Error">Tests\Unit\Jobs\SyncSocialMediaMetricsJobTest::it_updates_last_synced_timestamp
Error: Class "App\Jobs\Analytics\SyncSocialMediaMetricsJob" not found

/home/user/cmis.marketing.limited/tests/Unit/Jobs/SyncSocialMediaMetricsJobTest.php:187</error>
        </testcase>
        <testcase name="it_stores_metrics_in_database" file="/home/user/cmis.marketing.limited/tests/Unit/Jobs/SyncSocialMediaMetricsJobTest.php" line="200" class="Tests\Unit\Jobs\SyncSocialMediaMetricsJobTest" classname="Tests.Unit.Jobs.SyncSocialMediaMetricsJobTest" assertions="0" time="0.063474">
          <error type="Error">Tests\Unit\Jobs\SyncSocialMediaMetricsJobTest::it_stores_metrics_in_database
Error: Class "App\Jobs\Analytics\SyncSocialMediaMetricsJob" not found

/home/user/cmis.marketing.limited/tests/Unit/Jobs/SyncSocialMediaMetricsJobTest.php:222</error>
        </testcase>
        <testcase name="it_can_be_dispatched" file="/home/user/cmis.marketing.limited/tests/Unit/Jobs/SyncSocialMediaMetricsJobTest.php" line="102" class="Tests\Unit\Jobs\SyncSocialMediaMetricsJobTest" classname="Tests.Unit.Jobs.SyncSocialMediaMetricsJobTest" assertions="0" time="0.065691">
          <error type="Error">Tests\Unit\Jobs\SyncSocialMediaMetricsJobTest::it_can_be_dispatched
Error: Class "App\Jobs\Analytics\SyncSocialMediaMetricsJob" not found

/home/user/cmis.marketing.limited/tests/Unit/Jobs/SyncSocialMediaMetricsJobTest.php:119</error>
        </testcase>
      </testsuite>
      <testsuite name="Tests\Unit\Models\Audience\AudienceTest" file="/home/user/cmis.marketing.limited/tests/Unit/Models/Audience/AudienceTest.php" tests="14" assertions="0" errors="14" failures="0" skipped="0" time="0.957936">
        <testcase name="it_uses_uuid_as_primary_key" file="/home/user/cmis.marketing.limited/tests/Unit/Models/Audience/AudienceTest.php" line="287" class="Tests\Unit\Models\Audience\AudienceTest" classname="Tests.Unit.Models.Audience.AudienceTest" assertions="0" time="0.097619">
          <error type="Error">Tests\Unit\Models\Audience\AudienceTest::it_uses_uuid_as_primary_key
Error: Class "App\Models\Audience\Audience" not found

/home/user/cmis.marketing.limited/tests/Unit/Models/Audience/AudienceTest.php:294</error>
        </testcase>
        <testcase name="it_has_timestamps" file="/home/user/cmis.marketing.limited/tests/Unit/Models/Audience/AudienceTest.php" line="304" class="Tests\Unit\Models\Audience\AudienceTest" classname="Tests.Unit.Models.Audience.AudienceTest" assertions="0" time="0.065232">
          <error type="Error">Tests\Unit\Models\Audience\AudienceTest::it_has_timestamps
Error: Class "App\Models\Audience\Audience" not found

/home/user/cmis.marketing.limited/tests/Unit/Models/Audience/AudienceTest.php:311</error>
        </testcase>
        <testcase name="it_tracks_last_updated_time" file="/home/user/cmis.marketing.limited/tests/Unit/Models/Audience/AudienceTest.php" line="269" class="Tests\Unit\Models\Audience\AudienceTest" classname="Tests.Unit.Models.Audience.AudienceTest" assertions="0" time="0.063329">
          <error type="Error">Tests\Unit\Models\Audience\AudienceTest::it_tracks_last_updated_time
Error: Class "App\Models\Audience\Audience" not found

/home/user/cmis.marketing.limited/tests/Unit/Models/Audience/AudienceTest.php:276</error>
        </testcase>
        <testcase name="it_can_be_active_or_inactive" file="/home/user/cmis.marketing.limited/tests/Unit/Models/Audience/AudienceTest.php" line="160" class="Tests\Unit\Models\Audience\AudienceTest" classname="Tests.Unit.Models.Audience.AudienceTest" assertions="0" time="0.064075">
          <error type="Error">Tests\Unit\Models\Audience\AudienceTest::it_can_be_active_or_inactive
Error: Class "App\Models\Audience\Audience" not found

/home/user/cmis.marketing.limited/tests/Unit/Models/Audience/AudienceTest.php:167</error>
        </testcase>
        <testcase name="it_has_lookalike_source" file="/home/user/cmis.marketing.limited/tests/Unit/Models/Audience/AudienceTest.php" line="241" class="Tests\Unit\Models\Audience\AudienceTest" classname="Tests.Unit.Models.Audience.AudienceTest" assertions="0" time="0.070993">
          <error type="Error">Tests\Unit\Models\Audience\AudienceTest::it_has_lookalike_source
Error: Class "App\Models\Audience\Audience" not found

/home/user/cmis.marketing.limited/tests/Unit/Models/Audience/AudienceTest.php:248</error>
        </testcase>
        <testcase name="it_has_interest_criteria" file="/home/user/cmis.marketing.limited/tests/Unit/Models/Audience/AudienceTest.php" line="90" class="Tests\Unit\Models\Audience\AudienceTest" classname="Tests.Unit.Models.Audience.AudienceTest" assertions="0" time="0.062492">
          <error type="Error">Tests\Unit\Models\Audience\AudienceTest::it_has_interest_criteria
Error: Class "App\Models\Audience\Audience" not found

/home/user/cmis.marketing.limited/tests/Unit/Models/Audience/AudienceTest.php:104</error>
        </testcase>
        <testcase name="it_can_create_audience" file="/home/user/cmis.marketing.limited/tests/Unit/Models/Audience/AudienceTest.php" line="24" class="Tests\Unit\Models\Audience\AudienceTest" classname="Tests.Unit.Models.Audience.AudienceTest" assertions="0" time="0.095299">
          <error type="Error">Tests\Unit\Models\Audience\AudienceTest::it_can_create_audience
Error: Class "App\Models\Audience\Audience" not found

/home/user/cmis.marketing.limited/tests/Unit/Models/Audience/AudienceTest.php:31</error>
        </testcase>
        <testcase name="it_tracks_source_platforms" file="/home/user/cmis.marketing.limited/tests/Unit/Models/Audience/AudienceTest.php" line="220" class="Tests\Unit\Models\Audience\AudienceTest" classname="Tests.Unit.Models.Audience.AudienceTest" assertions="0" time="0.058085">
          <error type="Error">Tests\Unit\Models\Audience\AudienceTest::it_tracks_source_platforms
Error: Class "App\Models\Audience\Audience" not found

/home/user/cmis.marketing.limited/tests/Unit/Models/Audience/AudienceTest.php:229</error>
        </testcase>
        <testcase name="it_tracks_audience_size" file="/home/user/cmis.marketing.limited/tests/Unit/Models/Audience/AudienceTest.php" line="142" class="Tests\Unit\Models\Audience\AudienceTest" classname="Tests.Unit.Models.Audience.AudienceTest" assertions="0" time="0.057481">
          <error type="Error">Tests\Unit\Models\Audience\AudienceTest::it_tracks_audience_size
Error: Class "App\Models\Audience\Audience" not found

/home/user/cmis.marketing.limited/tests/Unit/Models/Audience/AudienceTest.php:149</error>
        </testcase>
        <testcase name="it_has_different_audience_types" file="/home/user/cmis.marketing.limited/tests/Unit/Models/Audience/AudienceTest.php" line="186" class="Tests\Unit\Models\Audience\AudienceTest" classname="Tests.Unit.Models.Audience.AudienceTest" assertions="0" time="0.057696">
          <error type="Error">Tests\Unit\Models\Audience\AudienceTest::it_has_different_audience_types
Error: Class "App\Models\Audience\Audience" not found

/home/user/cmis.marketing.limited/tests/Unit/Models/Audience/AudienceTest.php:193</error>
        </testcase>
        <testcase name="it_has_behavioral_criteria" file="/home/user/cmis.marketing.limited/tests/Unit/Models/Audience/AudienceTest.php" line="116" class="Tests\Unit\Models\Audience\AudienceTest" classname="Tests.Unit.Models.Audience.AudienceTest" assertions="0" time="0.056364">
          <error type="Error">Tests\Unit\Models\Audience\AudienceTest::it_has_behavioral_criteria
Error: Class "App\Models\Audience\Audience" not found

/home/user/cmis.marketing.limited/tests/Unit/Models/Audience/AudienceTest.php:130</error>
        </testcase>
        <testcase name="it_belongs_to_org" file="/home/user/cmis.marketing.limited/tests/Unit/Models/Audience/AudienceTest.php" line="45" class="Tests\Unit\Models\Audience\AudienceTest" classname="Tests.Unit.Models.Audience.AudienceTest" assertions="0" time="0.059752">
          <error type="Error">Tests\Unit\Models\Audience\AudienceTest::it_belongs_to_org
Error: Class "App\Models\Audience\Audience" not found

/home/user/cmis.marketing.limited/tests/Unit/Models/Audience/AudienceTest.php:52</error>
        </testcase>
        <testcase name="it_has_demographic_criteria" file="/home/user/cmis.marketing.limited/tests/Unit/Models/Audience/AudienceTest.php" line="63" class="Tests\Unit\Models\Audience\AudienceTest" classname="Tests.Unit.Models.Audience.AudienceTest" assertions="0" time="0.087002">
          <error type="Error">Tests\Unit\Models\Audience\AudienceTest::it_has_demographic_criteria
Error: Class "App\Models\Audience\Audience" not found

/home/user/cmis.marketing.limited/tests/Unit/Models/Audience/AudienceTest.php:78</error>
        </testcase>
        <testcase name="it_respects_rls_policies" file="/home/user/cmis.marketing.limited/tests/Unit/Models/Audience/AudienceTest.php" line="322" class="Tests\Unit\Models\Audience\AudienceTest" classname="Tests.Unit.Models.Audience.AudienceTest" assertions="0" time="0.062518">
          <error type="Error">Tests\Unit\Models\Audience\AudienceTest::it_respects_rls_policies
Error: Class "App\Models\Audience\Audience" not found

/home/user/cmis.marketing.limited/tests/Unit/Models/Audience/AudienceTest.php:334</error>
        </testcase>
      </testsuite>
      <testsuite name="Tests\Unit\Commands\CleanupExpiredSessionsCommandTest" file="/home/user/cmis.marketing.limited/tests/Unit/Commands/CleanupExpiredSessionsCommandTest.php" tests="9" assertions="9" errors="0" failures="0" skipped="0" time="0.684273">
        <testcase name="it_cleans_redis_sessions" file="/home/user/cmis.marketing.limited/tests/Unit/Commands/CleanupExpiredSessionsCommandTest.php" line="119" class="Tests\Unit\Commands\CleanupExpiredSessionsCommandTest" classname="Tests.Unit.Commands.CleanupExpiredSessionsCommandTest" assertions="1" time="0.075109"/>
        <testcase name="it_cleans_database_sessions" file="/home/user/cmis.marketing.limited/tests/Unit/Commands/CleanupExpiredSessionsCommandTest.php" line="107" class="Tests\Unit\Commands\CleanupExpiredSessionsCommandTest" classname="Tests.Unit.Commands.CleanupExpiredSessionsCommandTest" assertions="1" time="0.066026"/>
        <testcase name="it_shows_cleanup_summary" file="/home/user/cmis.marketing.limited/tests/Unit/Commands/CleanupExpiredSessionsCommandTest.php" line="95" class="Tests\Unit\Commands\CleanupExpiredSessionsCommandTest" classname="Tests.Unit.Commands.CleanupExpiredSessionsCommandTest" assertions="1" time="0.099011"/>
        <testcase name="it_shows_verbose_output" file="/home/user/cmis.marketing.limited/tests/Unit/Commands/CleanupExpiredSessionsCommandTest.php" line="35" class="Tests\Unit\Commands\CleanupExpiredSessionsCommandTest" classname="Tests.Unit.Commands.CleanupExpiredSessionsCommandTest" assertions="1" time="0.063652"/>
        <testcase name="it_limits_batch_size" file="/home/user/cmis.marketing.limited/tests/Unit/Commands/CleanupExpiredSessionsCommandTest.php" line="83" class="Tests\Unit\Commands\CleanupExpiredSessionsCommandTest" classname="Tests.Unit.Commands.CleanupExpiredSessionsCommandTest" assertions="1" time="0.063190"/>
        <testcase name="it_shows_dry_run_mode" file="/home/user/cmis.marketing.limited/tests/Unit/Commands/CleanupExpiredSessionsCommandTest.php" line="47" class="Tests\Unit\Commands\CleanupExpiredSessionsCommandTest" classname="Tests.Unit.Commands.CleanupExpiredSessionsCommandTest" assertions="1" time="0.076237"/>
        <testcase name="it_cleans_up_expired_sessions" file="/home/user/cmis.marketing.limited/tests/Unit/Commands/CleanupExpiredSessionsCommandTest.php" line="23" class="Tests\Unit\Commands\CleanupExpiredSessionsCommandTest" classname="Tests.Unit.Commands.CleanupExpiredSessionsCommandTest" assertions="1" time="0.068629"/>
        <testcase name="it_handles_no_expired_sessions" file="/home/user/cmis.marketing.limited/tests/Unit/Commands/CleanupExpiredSessionsCommandTest.php" line="71" class="Tests\Unit\Commands\CleanupExpiredSessionsCommandTest" classname="Tests.Unit.Commands.CleanupExpiredSessionsCommandTest" assertions="1" time="0.105105"/>
        <testcase name="it_accepts_custom_expiry_time" file="/home/user/cmis.marketing.limited/tests/Unit/Commands/CleanupExpiredSessionsCommandTest.php" line="59" class="Tests\Unit\Commands\CleanupExpiredSessionsCommandTest" classname="Tests.Unit.Commands.CleanupExpiredSessionsCommandTest" assertions="1" time="0.067313"/>
      </testsuite>
      <testsuite name="Tests\Unit\Commands\GenerateAnalyticsReportCommandTest" file="/home/user/cmis.marketing.limited/tests/Unit/Commands/GenerateAnalyticsReportCommandTest.php" tests="8" assertions="9" errors="0" failures="0" skipped="0" time="0.601511">
        <testcase name="it_can_export_to_excel" file="/home/user/cmis.marketing.limited/tests/Unit/Commands/GenerateAnalyticsReportCommandTest.php" line="121" class="Tests\Unit\Commands\GenerateAnalyticsReportCommandTest" classname="Tests.Unit.Commands.GenerateAnalyticsReportCommandTest" assertions="1" time="0.075756"/>
        <testcase name="it_accepts_date_range_parameters" file="/home/user/cmis.marketing.limited/tests/Unit/Commands/GenerateAnalyticsReportCommandTest.php" line="50" class="Tests\Unit\Commands\GenerateAnalyticsReportCommandTest" classname="Tests.Unit.Commands.GenerateAnalyticsReportCommandTest" assertions="1" time="0.103129"/>
        <testcase name="it_validates_org_id" file="/home/user/cmis.marketing.limited/tests/Unit/Commands/GenerateAnalyticsReportCommandTest.php" line="89" class="Tests\Unit\Commands\GenerateAnalyticsReportCommandTest" classname="Tests.Unit.Commands.GenerateAnalyticsReportCommandTest" assertions="1" time="0.058989"/>
        <testcase name="it_can_export_to_pdf" file="/home/user/cmis.marketing.limited/tests/Unit/Commands/GenerateAnalyticsReportCommandTest.php" line="102" class="Tests\Unit\Commands\GenerateAnalyticsReportCommandTest" classname="Tests.Unit.Commands.GenerateAnalyticsReportCommandTest" assertions="1" time="0.066423"/>
        <testcase name="it_handles_errors_gracefully" file="/home/user/cmis.marketing.limited/tests/Unit/Commands/GenerateAnalyticsReportCommandTest.php" line="159" class="Tests\Unit\Commands\GenerateAnalyticsReportCommandTest" classname="Tests.Unit.Commands.GenerateAnalyticsReportCommandTest" assertions="1" time="0.061492"/>
        <testcase name="it_accepts_report_type_option" file="/home/user/cmis.marketing.limited/tests/Unit/Commands/GenerateAnalyticsReportCommandTest.php" line="70" class="Tests\Unit\Commands\GenerateAnalyticsReportCommandTest" classname="Tests.Unit.Commands.GenerateAnalyticsReportCommandTest" assertions="1" time="0.068591"/>
        <testcase name="it_shows_progress_output" file="/home/user/cmis.marketing.limited/tests/Unit/Commands/GenerateAnalyticsReportCommandTest.php" line="140" class="Tests\Unit\Commands\GenerateAnalyticsReportCommandTest" classname="Tests.Unit.Commands.GenerateAnalyticsReportCommandTest" assertions="2" time="0.102002"/>
        <testcase name="it_can_generate_report_for_org" file="/home/user/cmis.marketing.limited/tests/Unit/Commands/GenerateAnalyticsReportCommandTest.php" line="25" class="Tests\Unit\Commands\GenerateAnalyticsReportCommandTest" classname="Tests.Unit.Commands.GenerateAnalyticsReportCommandTest" assertions="1" time="0.065130"/>
      </testsuite>
      <testsuite name="Tests\Unit\Models\Audience\AudienceSegmentTest" file="/home/user/cmis.marketing.limited/tests/Unit/Models/Audience/AudienceSegmentTest.php" tests="13" assertions="0" errors="13" failures="0" skipped="0" time="0.866277">
        <testcase name="it_stores_demographic_criteria" file="/home/user/cmis.marketing.limited/tests/Unit/Models/Audience/AudienceSegmentTest.php" line="169" class="Tests\Unit\Models\Audience\AudienceSegmentTest" classname="Tests.Unit.Models.Audience.AudienceSegmentTest" assertions="0" time="0.068955">
          <error type="Error">Tests\Unit\Models\Audience\AudienceSegmentTest::it_stores_demographic_criteria
Error: Class "App\Models\Audience\AudienceSegment" not found

/home/user/cmis.marketing.limited/tests/Unit/Models/Audience/AudienceSegmentTest.php:185</error>
        </testcase>
        <testcase name="it_belongs_to_org" file="/home/user/cmis.marketing.limited/tests/Unit/Models/Audience/AudienceSegmentTest.php" line="50" class="Tests\Unit\Models\Audience\AudienceSegmentTest" classname="Tests.Unit.Models.Audience.AudienceSegmentTest" assertions="0" time="0.058836">
          <error type="Error">Tests\Unit\Models\Audience\AudienceSegmentTest::it_belongs_to_org
Error: Class "App\Models\Audience\AudienceSegment" not found

/home/user/cmis.marketing.limited/tests/Unit/Models/Audience/AudienceSegmentTest.php:57</error>
        </testcase>
        <testcase name="it_can_create_audience_segment" file="/home/user/cmis.marketing.limited/tests/Unit/Models/Audience/AudienceSegmentTest.php" line="24" class="Tests\Unit\Models\Audience\AudienceSegmentTest" classname="Tests.Unit.Models.Audience.AudienceSegmentTest" assertions="0" time="0.100837">
          <error type="Error">Tests\Unit\Models\Audience\AudienceSegmentTest::it_can_create_audience_segment
Error: Class "App\Models\Audience\AudienceSegment" not found

/home/user/cmis.marketing.limited/tests/Unit/Models/Audience/AudienceSegmentTest.php:31</error>
        </testcase>
        <testcase name="it_can_be_soft_deleted" file="/home/user/cmis.marketing.limited/tests/Unit/Models/Audience/AudienceSegmentTest.php" line="281" class="Tests\Unit\Models\Audience\AudienceSegmentTest" classname="Tests.Unit.Models.Audience.AudienceSegmentTest" assertions="0" time="0.060280">
          <error type="Error">Tests\Unit\Models\Audience\AudienceSegmentTest::it_can_be_soft_deleted
Error: Class "App\Models\Audience\AudienceSegment" not found

/home/user/cmis.marketing.limited/tests/Unit/Models/Audience/AudienceSegmentTest.php:288</error>
        </testcase>
        <testcase name="it_can_be_active_or_inactive" file="/home/user/cmis.marketing.limited/tests/Unit/Models/Audience/AudienceSegmentTest.php" line="113" class="Tests\Unit\Models\Audience\AudienceSegmentTest" classname="Tests.Unit.Models.Audience.AudienceSegmentTest" assertions="0" time="0.060853">
          <error type="Error">Tests\Unit\Models\Audience\AudienceSegmentTest::it_can_be_active_or_inactive
Error: Class "App\Models\Audience\AudienceSegment" not found

/home/user/cmis.marketing.limited/tests/Unit/Models/Audience/AudienceSegmentTest.php:120</error>
        </testcase>
        <testcase name="it_tracks_last_calculated_date" file="/home/user/cmis.marketing.limited/tests/Unit/Models/Audience/AudienceSegmentTest.php" line="225" class="Tests\Unit\Models\Audience\AudienceSegmentTest" classname="Tests.Unit.Models.Audience.AudienceSegmentTest" assertions="0" time="0.062596">
          <error type="Error">Tests\Unit\Models\Audience\AudienceSegmentTest::it_tracks_last_calculated_date
Error: Class "App\Models\Audience\AudienceSegment" not found

/home/user/cmis.marketing.limited/tests/Unit/Models/Audience/AudienceSegmentTest.php:232</error>
        </testcase>
        <testcase name="it_stores_behavioral_criteria" file="/home/user/cmis.marketing.limited/tests/Unit/Models/Audience/AudienceSegmentTest.php" line="197" class="Tests\Unit\Models\Audience\AudienceSegmentTest" classname="Tests.Unit.Models.Audience.AudienceSegmentTest" assertions="0" time="0.059385">
          <error type="Error">Tests\Unit\Models\Audience\AudienceSegmentTest::it_stores_behavioral_criteria
Error: Class "App\Models\Audience\AudienceSegment" not found

/home/user/cmis.marketing.limited/tests/Unit/Models/Audience/AudienceSegmentTest.php:213</error>
        </testcase>
        <testcase name="it_tracks_audience_size" file="/home/user/cmis.marketing.limited/tests/Unit/Models/Audience/AudienceSegmentTest.php" line="94" class="Tests\Unit\Models\Audience\AudienceSegmentTest" classname="Tests.Unit.Models.Audience.AudienceSegmentTest" assertions="0" time="0.090720">
          <error type="Error">Tests\Unit\Models\Audience\AudienceSegmentTest::it_tracks_audience_size
Error: Class "App\Models\Audience\AudienceSegment" not found

/home/user/cmis.marketing.limited/tests/Unit/Models/Audience/AudienceSegmentTest.php:101</error>
        </testcase>
        <testcase name="it_has_timestamps" file="/home/user/cmis.marketing.limited/tests/Unit/Models/Audience/AudienceSegmentTest.php" line="262" class="Tests\Unit\Models\Audience\AudienceSegmentTest" classname="Tests.Unit.Models.Audience.AudienceSegmentTest" assertions="0" time="0.065313">
          <error type="Error">Tests\Unit\Models\Audience\AudienceSegmentTest::it_has_timestamps
Error: Class "App\Models\Audience\AudienceSegment" not found

/home/user/cmis.marketing.limited/tests/Unit/Models/Audience/AudienceSegmentTest.php:269</error>
        </testcase>
        <testcase name="it_respects_rls_policies" file="/home/user/cmis.marketing.limited/tests/Unit/Models/Audience/AudienceSegmentTest.php" line="305" class="Tests\Unit\Models\Audience\AudienceSegmentTest" classname="Tests.Unit.Models.Audience.AudienceSegmentTest" assertions="0" time="0.060432">
          <error type="Error">Tests\Unit\Models\Audience\AudienceSegmentTest::it_respects_rls_policies
Error: Class "App\Models\Audience\AudienceSegment" not found

/home/user/cmis.marketing.limited/tests/Unit/Models/Audience/AudienceSegmentTest.php:317</error>
        </testcase>
        <testcase name="it_supports_dynamic_and_static_segments" file="/home/user/cmis.marketing.limited/tests/Unit/Models/Audience/AudienceSegmentTest.php" line="141" class="Tests\Unit\Models\Audience\AudienceSegmentTest" classname="Tests.Unit.Models.Audience.AudienceSegmentTest" assertions="0" time="0.057532">
          <error type="Error">Tests\Unit\Models\Audience\AudienceSegmentTest::it_supports_dynamic_and_static_segments
Error: Class "App\Models\Audience\AudienceSegment" not found

/home/user/cmis.marketing.limited/tests/Unit/Models/Audience/AudienceSegmentTest.php:148</error>
        </testcase>
        <testcase name="it_uses_uuid_as_primary_key" file="/home/user/cmis.marketing.limited/tests/Unit/Models/Audience/AudienceSegmentTest.php" line="244" class="Tests\Unit\Models\Audience\AudienceSegmentTest" classname="Tests.Unit.Models.Audience.AudienceSegmentTest" assertions="0" time="0.061523">
          <error type="Error">Tests\Unit\Models\Audience\AudienceSegmentTest::it_uses_uuid_as_primary_key
Error: Class "App\Models\Audience\AudienceSegment" not found

/home/user/cmis.marketing.limited/tests/Unit/Models/Audience/AudienceSegmentTest.php:251</error>
        </testcase>
        <testcase name="it_stores_criteria_as_json" file="/home/user/cmis.marketing.limited/tests/Unit/Models/Audience/AudienceSegmentTest.php" line="68" class="Tests\Unit\Models\Audience\AudienceSegmentTest" classname="Tests.Unit.Models.Audience.AudienceSegmentTest" assertions="0" time="0.059016">
          <error type="Error">Tests\Unit\Models\Audience\AudienceSegmentTest::it_stores_criteria_as_json
Error: Class "App\Models\Audience\AudienceSegment" not found

/home/user/cmis.marketing.limited/tests/Unit/Models/Audience/AudienceSegmentTest.php:82</error>
        </testcase>
      </testsuite>
      <testsuite name="Tests\Unit\Models\Setting\SettingTest" file="/home/user/cmis.marketing.limited/tests/Unit/Models/Setting/SettingTest.php" tests="11" assertions="0" errors="11" failures="0" skipped="0" time="0.707077">
        <testcase name="it_has_unique_key_per_org" file="/home/user/cmis.marketing.limited/tests/Unit/Models/Setting/SettingTest.php" line="74" class="Tests\Unit\Models\Setting\SettingTest" classname="Tests.Unit.Models.Setting.SettingTest" assertions="0" time="0.090955">
          <error type="Error">Tests\Unit\Models\Setting\SettingTest::it_has_unique_key_per_org
Error: Class "App\Models\Setting\Setting" not found

/home/user/cmis.marketing.limited/tests/Unit/Models/Setting/SettingTest.php:81</error>
        </testcase>
        <testcase name="it_uses_uuid_as_primary_key" file="/home/user/cmis.marketing.limited/tests/Unit/Models/Setting/SettingTest.php" line="230" class="Tests\Unit\Models\Setting\SettingTest" classname="Tests.Unit.Models.Setting.SettingTest" assertions="0" time="0.056862">
          <error type="Error">Tests\Unit\Models\Setting\SettingTest::it_uses_uuid_as_primary_key
Error: Class "App\Models\Setting\Setting" not found

/home/user/cmis.marketing.limited/tests/Unit/Models/Setting/SettingTest.php:237</error>
        </testcase>
        <testcase name="it_respects_rls_policies" file="/home/user/cmis.marketing.limited/tests/Unit/Models/Setting/SettingTest.php" line="277" class="Tests\Unit\Models\Setting\SettingTest" classname="Tests.Unit.Models.Setting.SettingTest" assertions="0" time="0.062283">
          <error type="Error">Tests\Unit\Models\Setting\SettingTest::it_respects_rls_policies
Error: Class "App\Models\Setting\Setting" not found

/home/user/cmis.marketing.limited/tests/Unit/Models/Setting/SettingTest.php:289</error>
        </testcase>
        <testcase name="it_can_create_setting" file="/home/user/cmis.marketing.limited/tests/Unit/Models/Setting/SettingTest.php" line="25" class="Tests\Unit\Models\Setting\SettingTest" classname="Tests.Unit.Models.Setting.SettingTest" assertions="0" time="0.059134">
          <error type="Error">Tests\Unit\Models\Setting\SettingTest::it_can_create_setting
Error: Class "App\Models\Setting\Setting" not found

/home/user/cmis.marketing.limited/tests/Unit/Models/Setting/SettingTest.php:32</error>
        </testcase>
        <testcase name="it_stores_different_value_types" file="/home/user/cmis.marketing.limited/tests/Unit/Models/Setting/SettingTest.php" line="98" class="Tests\Unit\Models\Setting\SettingTest" classname="Tests.Unit.Models.Setting.SettingTest" assertions="0" time="0.058073">
          <error type="Error">Tests\Unit\Models\Setting\SettingTest::it_stores_different_value_types
Error: Class "App\Models\Setting\Setting" not found

/home/user/cmis.marketing.limited/tests/Unit/Models/Setting/SettingTest.php:106</error>
        </testcase>
        <testcase name="it_can_store_json_metadata" file="/home/user/cmis.marketing.limited/tests/Unit/Models/Setting/SettingTest.php" line="313" class="Tests\Unit\Models\Setting\SettingTest" classname="Tests.Unit.Models.Setting.SettingTest" assertions="0" time="0.089218">
          <error type="Error">Tests\Unit\Models\Setting\SettingTest::it_can_store_json_metadata
Error: Class "App\Models\Setting\Setting" not found

/home/user/cmis.marketing.limited/tests/Unit/Models/Setting/SettingTest.php:331</error>
        </testcase>
        <testcase name="it_has_category_grouping" file="/home/user/cmis.marketing.limited/tests/Unit/Models/Setting/SettingTest.php" line="140" class="Tests\Unit\Models\Setting\SettingTest" classname="Tests.Unit.Models.Setting.SettingTest" assertions="0" time="0.057170">
          <error type="Error">Tests\Unit\Models\Setting\SettingTest::it_has_category_grouping
Error: Class "App\Models\Setting\Setting" not found

/home/user/cmis.marketing.limited/tests/Unit/Models/Setting/SettingTest.php:147</error>
        </testcase>
        <testcase name="it_belongs_to_org" file="/home/user/cmis.marketing.limited/tests/Unit/Models/Setting/SettingTest.php" line="51" class="Tests\Unit\Models\Setting\SettingTest" classname="Tests.Unit.Models.Setting.SettingTest" assertions="0" time="0.059565">
          <error type="Error">Tests\Unit\Models\Setting\SettingTest::it_belongs_to_org
Error: Class "App\Models\Setting\Setting" not found

/home/user/cmis.marketing.limited/tests/Unit/Models/Setting/SettingTest.php:58</error>
        </testcase>
        <testcase name="it_can_be_public_or_private" file="/home/user/cmis.marketing.limited/tests/Unit/Models/Setting/SettingTest.php" line="197" class="Tests\Unit\Models\Setting\SettingTest" classname="Tests.Unit.Models.Setting.SettingTest" assertions="0" time="0.057735">
          <error type="Error">Tests\Unit\Models\Setting\SettingTest::it_can_be_public_or_private
Error: Class "App\Models\Setting\Setting" not found

/home/user/cmis.marketing.limited/tests/Unit/Models/Setting/SettingTest.php:204</error>
        </testcase>
        <testcase name="it_tracks_description" file="/home/user/cmis.marketing.limited/tests/Unit/Models/Setting/SettingTest.php" line="173" class="Tests\Unit\Models\Setting\SettingTest" classname="Tests.Unit.Models.Setting.SettingTest" assertions="0" time="0.055721">
          <error type="Error">Tests\Unit\Models\Setting\SettingTest::it_tracks_description
Error: Class "App\Models\Setting\Setting" not found

/home/user/cmis.marketing.limited/tests/Unit/Models/Setting/SettingTest.php:180</error>
        </testcase>
        <testcase name="it_has_timestamps" file="/home/user/cmis.marketing.limited/tests/Unit/Models/Setting/SettingTest.php" line="253" class="Tests\Unit\Models\Setting\SettingTest" classname="Tests.Unit.Models.Setting.SettingTest" assertions="0" time="0.060362">
          <error type="Error">Tests\Unit\Models\Setting\SettingTest::it_has_timestamps
Error: Class "App\Models\Setting\Setting" not found

/home/user/cmis.marketing.limited/tests/Unit/Models/Setting/SettingTest.php:260</error>
        </testcase>
      </testsuite>
      <testsuite name="Tests\Unit\Models\Budget\BudgetTest" file="/home/user/cmis.marketing.limited/tests/Unit/Models/Budget/BudgetTest.php" tests="13" assertions="0" errors="13" failures="0" skipped="0" time="1.183501">
        <testcase name="it_respects_rls_policies" file="/home/user/cmis.marketing.limited/tests/Unit/Models/Budget/BudgetTest.php" line="365" class="Tests\Unit\Models\Budget\BudgetTest" classname="Tests.Unit.Models.Budget.BudgetTest" assertions="0" time="0.101335">
          <error type="Error">Tests\Unit\Models\Budget\BudgetTest::it_respects_rls_policies
Error: Class "App\Models\Budget\Budget" not found

/home/user/cmis.marketing.limited/tests/Unit/Models/Budget/BudgetTest.php:377</error>
        </testcase>
        <testcase name="it_tracks_spent_amount" file="/home/user/cmis.marketing.limited/tests/Unit/Models/Budget/BudgetTest.php" line="114" class="Tests\Unit\Models\Budget\BudgetTest" classname="Tests.Unit.Models.Budget.BudgetTest" assertions="0" time="0.059916">
          <error type="Error">Tests\Unit\Models\Budget\BudgetTest::it_tracks_spent_amount
Error: Class "App\Models\Budget\Budget" not found

/home/user/cmis.marketing.limited/tests/Unit/Models/Budget/BudgetTest.php:121</error>
        </testcase>
        <testcase name="it_has_timestamps" file="/home/user/cmis.marketing.limited/tests/Unit/Models/Budget/BudgetTest.php" line="341" class="Tests\Unit\Models\Budget\BudgetTest" classname="Tests.Unit.Models.Budget.BudgetTest" assertions="0" time="0.060277">
          <error type="Error">Tests\Unit\Models\Budget\BudgetTest::it_has_timestamps
Error: Class "App\Models\Budget\Budget" not found

/home/user/cmis.marketing.limited/tests/Unit/Models/Budget/BudgetTest.php:348</error>
        </testcase>
        <testcase name="it_calculates_remaining_amount" file="/home/user/cmis.marketing.limited/tests/Unit/Models/Budget/BudgetTest.php" line="138" class="Tests\Unit\Models\Budget\BudgetTest" classname="Tests.Unit.Models.Budget.BudgetTest" assertions="0" time="0.072555">
          <error type="Error">Tests\Unit\Models\Budget\BudgetTest::it_calculates_remaining_amount
Error: Class "App\Models\Budget\Budget" not found

/home/user/cmis.marketing.limited/tests/Unit/Models/Budget/BudgetTest.php:145</error>
        </testcase>
        <testcase name="it_can_have_budget_breakdown" file="/home/user/cmis.marketing.limited/tests/Unit/Models/Budget/BudgetTest.php" line="220" class="Tests\Unit\Models\Budget\BudgetTest" classname="Tests.Unit.Models.Budget.BudgetTest" assertions="0" time="0.060402">
          <error type="Error">Tests\Unit\Models\Budget\BudgetTest::it_can_have_budget_breakdown
Error: Class "App\Models\Budget\Budget" not found

/home/user/cmis.marketing.limited/tests/Unit/Models/Budget/BudgetTest.php:233</error>
        </testcase>
        <testcase name="it_supports_different_currencies" file="/home/user/cmis.marketing.limited/tests/Unit/Models/Budget/BudgetTest.php" line="163" class="Tests\Unit\Models\Budget\BudgetTest" classname="Tests.Unit.Models.Budget.BudgetTest" assertions="0" time="0.104426">
          <error type="Error">Tests\Unit\Models\Budget\BudgetTest::it_supports_different_currencies
Error: Class "App\Models\Budget\Budget" not found

/home/user/cmis.marketing.limited/tests/Unit/Models/Budget/BudgetTest.php:170</error>
        </testcase>
        <testcase name="it_belongs_to_campaign" file="/home/user/cmis.marketing.limited/tests/Unit/Models/Budget/BudgetTest.php" line="83" class="Tests\Unit\Models\Budget\BudgetTest" classname="Tests.Unit.Models.Budget.BudgetTest" assertions="0" time="0.069624">
          <error type="Error">Tests\Unit\Models\Budget\BudgetTest::it_belongs_to_campaign
Error: Class "App\Models\Budget\Budget" not found

/home/user/cmis.marketing.limited/tests/Unit/Models/Budget/BudgetTest.php:97</error>
        </testcase>
        <testcase name="it_uses_uuid_as_primary_key" file="/home/user/cmis.marketing.limited/tests/Unit/Models/Budget/BudgetTest.php" line="318" class="Tests\Unit\Models\Budget\BudgetTest" classname="Tests.Unit.Models.Budget.BudgetTest" assertions="0" time="0.063847">
          <error type="Error">Tests\Unit\Models\Budget\BudgetTest::it_uses_uuid_as_primary_key
Error: Class "App\Models\Budget\Budget" not found

/home/user/cmis.marketing.limited/tests/Unit/Models/Budget/BudgetTest.php:325</error>
        </testcase>
        <testcase name="it_stores_approval_information" file="/home/user/cmis.marketing.limited/tests/Unit/Models/Budget/BudgetTest.php" line="285" class="Tests\Unit\Models\Budget\BudgetTest" classname="Tests.Unit.Models.Budget.BudgetTest" assertions="0" time="0.295811">
          <error type="Error">Tests\Unit\Models\Budget\BudgetTest::it_stores_approval_information
Error: Class "App\Models\Budget\Budget" not found

/home/user/cmis.marketing.limited/tests/Unit/Models/Budget/BudgetTest.php:299</error>
        </testcase>
        <testcase name="it_can_create_budget" file="/home/user/cmis.marketing.limited/tests/Unit/Models/Budget/BudgetTest.php" line="26" class="Tests\Unit\Models\Budget\BudgetTest" classname="Tests.Unit.Models.Budget.BudgetTest" assertions="0" time="0.073268">
          <error type="Error">Tests\Unit\Models\Budget\BudgetTest::it_can_create_budget
Error: Class "App\Models\Budget\Budget" not found

/home/user/cmis.marketing.limited/tests/Unit/Models/Budget/BudgetTest.php:40</error>
        </testcase>
        <testcase name="it_has_start_and_end_dates" file="/home/user/cmis.marketing.limited/tests/Unit/Models/Budget/BudgetTest.php" line="194" class="Tests\Unit\Models\Budget\BudgetTest" classname="Tests.Unit.Models.Budget.BudgetTest" assertions="0" time="0.065898">
          <error type="Error">Tests\Unit\Models\Budget\BudgetTest::it_has_start_and_end_dates
Error: Class "App\Models\Budget\Budget" not found

/home/user/cmis.marketing.limited/tests/Unit/Models/Budget/BudgetTest.php:201</error>
        </testcase>
        <testcase name="it_tracks_budget_status" file="/home/user/cmis.marketing.limited/tests/Unit/Models/Budget/BudgetTest.php" line="251" class="Tests\Unit\Models\Budget\BudgetTest" classname="Tests.Unit.Models.Budget.BudgetTest" assertions="0" time="0.091653">
          <error type="Error">Tests\Unit\Models\Budget\BudgetTest::it_tracks_budget_status
Error: Class "App\Models\Budget\Budget" not found

/home/user/cmis.marketing.limited/tests/Unit/Models/Budget/BudgetTest.php:258</error>
        </testcase>
        <testcase name="it_belongs_to_org" file="/home/user/cmis.marketing.limited/tests/Unit/Models/Budget/BudgetTest.php" line="60" class="Tests\Unit\Models\Budget\BudgetTest" classname="Tests.Unit.Models.Budget.BudgetTest" assertions="0" time="0.064490">
          <error type="Error">Tests\Unit\Models\Budget\BudgetTest::it_belongs_to_org
Error: Class "App\Models\Budget\Budget" not found

/home/user/cmis.marketing.limited/tests/Unit/Models/Budget/BudgetTest.php:67</error>
        </testcase>
      </testsuite>
      <testsuite name="Tests\Unit\Models\Creative\CreativeBriefTest" file="/home/user/cmis.marketing.limited/tests/Unit/Models/Creative/CreativeBriefTest.php" tests="9" assertions="9" errors="5" failures="0" skipped="0" time="0.656337">
        <testcase name="it_uses_uuid_as_primary_key" file="/home/user/cmis.marketing.limited/tests/Unit/Models/Creative/CreativeBriefTest.php" line="101" class="Tests\Unit\Models\Creative\CreativeBriefTest" classname="Tests.Unit.Models.Creative.CreativeBriefTest" assertions="0" time="0.065443">
          <error type="Illuminate\Database\QueryException">Tests\Unit\Models\Creative\CreativeBriefTest::it_uses_uuid_as_primary_key
Illuminate\Database\QueryException: SQLSTATE[23502]: Not null violation: 7 ERROR:  null value in column "brief_data" of relation "creative_briefs" violates not-null constraint
DETAIL:  Failing row contains (d314727c-9981-4893-90ef-f6c37a89dd66, 8f06b973-197f-4725-9e8a-171f971d59e5, UUID Brief, null, 2025-11-19 11:04:41+00, null, null, 2025-11-19 11:04:41+00). (Connection: pgsql, SQL: insert into "cmis"."creative_briefs" ("brief_id", "org_id", "name", "updated_at", "created_at") values (d314727c-9981-4893-90ef-f6c37a89dd66, 8f06b973-197f-4725-9e8a-171f971d59e5, UUID Brief, 2025-11-19 11:04:41, 2025-11-19 11:04:41))

/home/user/cmis.marketing.limited/vendor/laravel/framework/src/Illuminate/Database/Connection.php:824
/home/user/cmis.marketing.limited/vendor/laravel/framework/src/Illuminate/Database/Connection.php:778
/home/user/cmis.marketing.limited/vendor/laravel/framework/src/Illuminate/Database/Connection.php:559
/home/user/cmis.marketing.limited/vendor/laravel/framework/src/Illuminate/Database/Connection.php:523
/home/user/cmis.marketing.limited/vendor/laravel/framework/src/Illuminate/Database/Query/Builder.php:3804
/home/user/cmis.marketing.limited/vendor/laravel/framework/src/Illuminate/Database/Eloquent/Builder.php:2235
/home/user/cmis.marketing.limited/vendor/laravel/framework/src/Illuminate/Database/Eloquent/Model.php:1412
/home/user/cmis.marketing.limited/vendor/laravel/framework/src/Illuminate/Database/Eloquent/Model.php:1240
/home/user/cmis.marketing.limited/vendor/laravel/framework/src/Illuminate/Database/Eloquent/Builder.php:1219
/home/user/cmis.marketing.limited/vendor/laravel/framework/src/Illuminate/Support/helpers.php:390
/home/user/cmis.marketing.limited/vendor/laravel/framework/src/Illuminate/Database/Eloquent/Builder.php:1218
/home/user/cmis.marketing.limited/vendor/laravel/framework/src/Illuminate/Support/Traits/ForwardsCalls.php:23
/home/user/cmis.marketing.limited/vendor/laravel/framework/src/Illuminate/Database/Eloquent/Model.php:2540
/home/user/cmis.marketing.limited/vendor/laravel/framework/src/Illuminate/Database/Eloquent/Model.php:2556
/home/user/cmis.marketing.limited/tests/Unit/Models/Creative/CreativeBriefTest.php:108</error>
        </testcase>
        <testcase name="it_has_timestamps" file="/home/user/cmis.marketing.limited/tests/Unit/Models/Creative/CreativeBriefTest.php" line="208" class="Tests\Unit\Models\Creative\CreativeBriefTest" classname="Tests.Unit.Models.Creative.CreativeBriefTest" assertions="0" time="0.057885">
          <error type="Illuminate\Database\QueryException">Tests\Unit\Models\Creative\CreativeBriefTest::it_has_timestamps
Illuminate\Database\QueryException: SQLSTATE[23502]: Not null violation: 7 ERROR:  null value in column "brief_data" of relation "creative_briefs" violates not-null constraint
DETAIL:  Failing row contains (4b284eeb-33dc-44d4-a812-2bad27760bb2, 268420da-00d1-4c02-b99a-8387fa534006, Timestamp Brief, null, 2025-11-19 11:04:41+00, null, null, 2025-11-19 11:04:41+00). (Connection: pgsql, SQL: insert into "cmis"."creative_briefs" ("brief_id", "org_id", "name", "updated_at", "created_at") values (4b284eeb-33dc-44d4-a812-2bad27760bb2, 268420da-00d1-4c02-b99a-8387fa534006, Timestamp Brief, 2025-11-19 11:04:41, 2025-11-19 11:04:41))

/home/user/cmis.marketing.limited/vendor/laravel/framework/src/Illuminate/Database/Connection.php:824
/home/user/cmis.marketing.limited/vendor/laravel/framework/src/Illuminate/Database/Connection.php:778
/home/user/cmis.marketing.limited/vendor/laravel/framework/src/Illuminate/Database/Connection.php:559
/home/user/cmis.marketing.limited/vendor/laravel/framework/src/Illuminate/Database/Connection.php:523
/home/user/cmis.marketing.limited/vendor/laravel/framework/src/Illuminate/Database/Query/Builder.php:3804
/home/user/cmis.marketing.limited/vendor/laravel/framework/src/Illuminate/Database/Eloquent/Builder.php:2235
/home/user/cmis.marketing.limited/vendor/laravel/framework/src/Illuminate/Database/Eloquent/Model.php:1412
/home/user/cmis.marketing.limited/vendor/laravel/framework/src/Illuminate/Database/Eloquent/Model.php:1240
/home/user/cmis.marketing.limited/vendor/laravel/framework/src/Illuminate/Database/Eloquent/Builder.php:1219
/home/user/cmis.marketing.limited/vendor/laravel/framework/src/Illuminate/Support/helpers.php:390
/home/user/cmis.marketing.limited/vendor/laravel/framework/src/Illuminate/Database/Eloquent/Builder.php:1218
/home/user/cmis.marketing.limited/vendor/laravel/framework/src/Illuminate/Support/Traits/ForwardsCalls.php:23
/home/user/cmis.marketing.limited/vendor/laravel/framework/src/Illuminate/Database/Eloquent/Model.php:2540
/home/user/cmis.marketing.limited/vendor/laravel/framework/src/Illuminate/Database/Eloquent/Model.php:2556
/home/user/cmis.marketing.limited/tests/Unit/Models/Creative/CreativeBriefTest.php:215</error>
        </testcase>
        <testcase name="it_stores_brief_data_as_json" file="/home/user/cmis.marketing.limited/tests/Unit/Models/Creative/CreativeBriefTest.php" line="65" class="Tests\Unit\Models\Creative\CreativeBriefTest" classname="Tests.Unit.Models.Creative.CreativeBriefTest" assertions="3" time="0.068718"/>
        <testcase name="it_can_create_a_creative_brief" file="/home/user/cmis.marketing.limited/tests/Unit/Models/Creative/CreativeBriefTest.php" line="24" class="Tests\Unit\Models\Creative\CreativeBriefTest" classname="Tests.Unit.Models.Creative.CreativeBriefTest" assertions="1" time="0.116083"/>
        <testcase name="it_validates_marketing_objectives" file="/home/user/cmis.marketing.limited/tests/Unit/Models/Creative/CreativeBriefTest.php" line="139" class="Tests\Unit\Models\Creative\CreativeBriefTest" classname="Tests.Unit.Models.Creative.CreativeBriefTest" assertions="1" time="0.065229"/>
        <testcase name="it_can_be_soft_deleted" file="/home/user/cmis.marketing.limited/tests/Unit/Models/Creative/CreativeBriefTest.php" line="118" class="Tests\Unit\Models\Creative\CreativeBriefTest" classname="Tests.Unit.Models.Creative.CreativeBriefTest" assertions="0" time="0.065160">
          <error type="Illuminate\Database\QueryException">Tests\Unit\Models\Creative\CreativeBriefTest::it_can_be_soft_deleted
Illuminate\Database\QueryException: SQLSTATE[23502]: Not null violation: 7 ERROR:  null value in column "brief_data" of relation "creative_briefs" violates not-null constraint
DETAIL:  Failing row contains (63f77c3d-6f30-4fac-8c39-41f262cd5753, e9506339-cf59-4dd1-9690-372522db5c52, Soft Delete Brief, null, 2025-11-19 11:04:42+00, null, null, 2025-11-19 11:04:42+00). (Connection: pgsql, SQL: insert into "cmis"."creative_briefs" ("brief_id", "org_id", "name", "updated_at", "created_at") values (63f77c3d-6f30-4fac-8c39-41f262cd5753, e9506339-cf59-4dd1-9690-372522db5c52, Soft Delete Brief, 2025-11-19 11:04:42, 2025-11-19 11:04:42))

/home/user/cmis.marketing.limited/vendor/laravel/framework/src/Illuminate/Database/Connection.php:824
/home/user/cmis.marketing.limited/vendor/laravel/framework/src/Illuminate/Database/Connection.php:778
/home/user/cmis.marketing.limited/vendor/laravel/framework/src/Illuminate/Database/Connection.php:559
/home/user/cmis.marketing.limited/vendor/laravel/framework/src/Illuminate/Database/Connection.php:523
/home/user/cmis.marketing.limited/vendor/laravel/framework/src/Illuminate/Database/Query/Builder.php:3804
/home/user/cmis.marketing.limited/vendor/laravel/framework/src/Illuminate/Database/Eloquent/Builder.php:2235
/home/user/cmis.marketing.limited/vendor/laravel/framework/src/Illuminate/Database/Eloquent/Model.php:1412
/home/user/cmis.marketing.limited/vendor/laravel/framework/src/Illuminate/Database/Eloquent/Model.php:1240
/home/user/cmis.marketing.limited/vendor/laravel/framework/src/Illuminate/Database/Eloquent/Builder.php:1219
/home/user/cmis.marketing.limited/vendor/laravel/framework/src/Illuminate/Support/helpers.php:390
/home/user/cmis.marketing.limited/vendor/laravel/framework/src/Illuminate/Database/Eloquent/Builder.php:1218
/home/user/cmis.marketing.limited/vendor/laravel/framework/src/Illuminate/Support/Traits/ForwardsCalls.php:23
/home/user/cmis.marketing.limited/vendor/laravel/framework/src/Illuminate/Database/Eloquent/Model.php:2540
/home/user/cmis.marketing.limited/vendor/laravel/framework/src/Illuminate/Database/Eloquent/Model.php:2556
/home/user/cmis.marketing.limited/tests/Unit/Models/Creative/CreativeBriefTest.php:125</error>
        </testcase>
        <testcase name="it_belongs_to_an_organization" file="/home/user/cmis.marketing.limited/tests/Unit/Models/Creative/CreativeBriefTest.php" line="48" class="Tests\Unit\Models\Creative\CreativeBriefTest" classname="Tests.Unit.Models.Creative.CreativeBriefTest" assertions="0" time="0.061985">
          <error type="Illuminate\Database\QueryException">Tests\Unit\Models\Creative\CreativeBriefTest::it_belongs_to_an_organization
Illuminate\Database\QueryException: SQLSTATE[23502]: Not null violation: 7 ERROR:  null value in column "brief_data" of relation "creative_briefs" violates not-null constraint
DETAIL:  Failing row contains (31bbdbdb-2f9e-41b6-b206-2accf1d5aa9e, 2ce8841e-2ce7-4881-b65b-332f3f742c4d, Test Brief, null, 2025-11-19 11:04:42+00, null, null, 2025-11-19 11:04:42+00). (Connection: pgsql, SQL: insert into "cmis"."creative_briefs" ("brief_id", "org_id", "name", "updated_at", "created_at") values (31bbdbdb-2f9e-41b6-b206-2accf1d5aa9e, 2ce8841e-2ce7-4881-b65b-332f3f742c4d, Test Brief, 2025-11-19 11:04:42, 2025-11-19 11:04:42))

/home/user/cmis.marketing.limited/vendor/laravel/framework/src/Illuminate/Database/Connection.php:824
/home/user/cmis.marketing.limited/vendor/laravel/framework/src/Illuminate/Database/Connection.php:778
/home/user/cmis.marketing.limited/vendor/laravel/framework/src/Illuminate/Database/Connection.php:559
/home/user/cmis.marketing.limited/vendor/laravel/framework/src/Illuminate/Database/Connection.php:523
/home/user/cmis.marketing.limited/vendor/laravel/framework/src/Illuminate/Database/Query/Builder.php:3804
/home/user/cmis.marketing.limited/vendor/laravel/framework/src/Illuminate/Database/Eloquent/Builder.php:2235
/home/user/cmis.marketing.limited/vendor/laravel/framework/src/Illuminate/Database/Eloquent/Model.php:1412
/home/user/cmis.marketing.limited/vendor/laravel/framework/src/Illuminate/Database/Eloquent/Model.php:1240
/home/user/cmis.marketing.limited/vendor/laravel/framework/src/Illuminate/Database/Eloquent/Builder.php:1219
/home/user/cmis.marketing.limited/vendor/laravel/framework/src/Illuminate/Support/helpers.php:390
/home/user/cmis.marketing.limited/vendor/laravel/framework/src/Illuminate/Database/Eloquent/Builder.php:1218
/home/user/cmis.marketing.limited/vendor/laravel/framework/src/Illuminate/Support/Traits/ForwardsCalls.php:23
/home/user/cmis.marketing.limited/vendor/laravel/framework/src/Illuminate/Database/Eloquent/Model.php:2540
/home/user/cmis.marketing.limited/vendor/laravel/framework/src/Illuminate/Database/Eloquent/Model.php:2556
/home/user/cmis.marketing.limited/tests/Unit/Models/Creative/CreativeBriefTest.php:55</error>
        </testcase>
        <testcase name="it_respects_rls_policies" file="/home/user/cmis.marketing.limited/tests/Unit/Models/Creative/CreativeBriefTest.php" line="226" class="Tests\Unit\Models\Creative\CreativeBriefTest" classname="Tests.Unit.Models.Creative.CreativeBriefTest" assertions="0" time="0.061069">
          <error type="Illuminate\Database\QueryException">Tests\Unit\Models\Creative\CreativeBriefTest::it_respects_rls_policies
Illuminate\Database\QueryException: SQLSTATE[23502]: Not null violation: 7 ERROR:  null value in column "brief_data" of relation "creative_briefs" violates not-null constraint
DETAIL:  Failing row contains (d7bd53b9-c14a-4525-a8e0-86f2430852e9, f8c92e35-08ff-4ba3-a517-bf255b31bddc, Org 1 Brief, null, 2025-11-19 11:04:42+00, null, null, 2025-11-19 11:04:42+00). (Connection: pgsql, SQL: insert into "cmis"."creative_briefs" ("brief_id", "org_id", "name", "updated_at", "created_at") values (d7bd53b9-c14a-4525-a8e0-86f2430852e9, f8c92e35-08ff-4ba3-a517-bf255b31bddc, Org 1 Brief, 2025-11-19 11:04:42, 2025-11-19 11:04:42))

/home/user/cmis.marketing.limited/vendor/laravel/framework/src/Illuminate/Database/Connection.php:824
/home/user/cmis.marketing.limited/vendor/laravel/framework/src/Illuminate/Database/Connection.php:778
/home/user/cmis.marketing.limited/vendor/laravel/framework/src/Illuminate/Database/Connection.php:559
/home/user/cmis.marketing.limited/vendor/laravel/framework/src/Illuminate/Database/Connection.php:523
/home/user/cmis.marketing.limited/vendor/laravel/framework/src/Illuminate/Database/Query/Builder.php:3804
/home/user/cmis.marketing.limited/vendor/laravel/framework/src/Illuminate/Database/Eloquent/Builder.php:2235
/home/user/cmis.marketing.limited/vendor/laravel/framework/src/Illuminate/Database/Eloquent/Model.php:1412
/home/user/cmis.marketing.limited/vendor/laravel/framework/src/Illuminate/Database/Eloquent/Model.php:1240
/home/user/cmis.marketing.limited/vendor/laravel/framework/src/Illuminate/Database/Eloquent/Builder.php:1219
/home/user/cmis.marketing.limited/vendor/laravel/framework/src/Illuminate/Support/helpers.php:390
/home/user/cmis.marketing.limited/vendor/laravel/framework/src/Illuminate/Database/Eloquent/Builder.php:1218
/home/user/cmis.marketing.limited/vendor/laravel/framework/src/Illuminate/Support/Traits/ForwardsCalls.php:23
/home/user/cmis.marketing.limited/vendor/laravel/framework/src/Illuminate/Database/Eloquent/Model.php:2540
/home/user/cmis.marketing.limited/vendor/laravel/framework/src/Illuminate/Database/Eloquent/Model.php:2556
/home/user/cmis.marketing.limited/tests/Unit/Models/Creative/CreativeBriefTest.php:238</error>
        </testcase>
        <testcase name="it_stores_complete_art_direction" file="/home/user/cmis.marketing.limited/tests/Unit/Models/Creative/CreativeBriefTest.php" line="164" class="Tests\Unit\Models\Creative\CreativeBriefTest" classname="Tests.Unit.Models.Creative.CreativeBriefTest" assertions="4" time="0.094765"/>
      </testsuite>
      <testsuite name="Tests\Unit\Models\Report\ReportTest" file="/home/user/cmis.marketing.limited/tests/Unit/Models/Report/ReportTest.php" tests="14" assertions="17" errors="2" failures="1" skipped="0" time="1.245321">
        <testcase name="it_can_create_report" file="/home/user/cmis.marketing.limited/tests/Unit/Models/Report/ReportTest.php" line="25" class="Tests\Unit\Models\Report\ReportTest" classname="Tests.Unit.Models.Report.ReportTest" assertions="1" time="0.069854"/>
        <testcase name="it_has_timestamps" file="/home/user/cmis.marketing.limited/tests/Unit/Models/Report/ReportTest.php" line="330" class="Tests\Unit\Models\Report\ReportTest" classname="Tests.Unit.Models.Report.ReportTest" assertions="2" time="0.063233"/>
        <testcase name="it_stores_filter_parameters" file="/home/user/cmis.marketing.limited/tests/Unit/Models/Report/ReportTest.php" line="191" class="Tests\Unit\Models\Report\ReportTest" classname="Tests.Unit.Models.Report.ReportTest" assertions="0" time="0.069225">
          <error type="ErrorException">Tests\Unit\Models\Report\ReportTest::it_stores_filter_parameters
ErrorException: Trying to access array offset on null

/home/user/cmis.marketing.limited/vendor/laravel/framework/src/Illuminate/Foundation/Bootstrap/HandleExceptions.php:258
/home/user/cmis.marketing.limited/tests/Unit/Models/Report/ReportTest.php:214</error>
        </testcase>
        <testcase name="it_stores_report_data_as_json" file="/home/user/cmis.marketing.limited/tests/Unit/Models/Report/ReportTest.php" line="161" class="Tests\Unit\Models\Report\ReportTest" classname="Tests.Unit.Models.Report.ReportTest" assertions="0" time="0.065661">
          <error type="ErrorException">Tests\Unit\Models\Report\ReportTest::it_stores_report_data_as_json
ErrorException: Trying to access array offset on null

/home/user/cmis.marketing.limited/vendor/laravel/framework/src/Illuminate/Foundation/Bootstrap/HandleExceptions.php:258
/home/user/cmis.marketing.limited/tests/Unit/Models/Report/ReportTest.php:186</error>
        </testcase>
        <testcase name="it_belongs_to_user" file="/home/user/cmis.marketing.limited/tests/Unit/Models/Report/ReportTest.php" line="66" class="Tests\Unit\Models\Report\ReportTest" classname="Tests.Unit.Models.Report.ReportTest" assertions="1" time="0.332591"/>
        <testcase name="it_respects_rls_policies" file="/home/user/cmis.marketing.limited/tests/Unit/Models/Report/ReportTest.php" line="350" class="Tests\Unit\Models\Report\ReportTest" classname="Tests.Unit.Models.Report.ReportTest" assertions="2" time="0.064220"/>
        <testcase name="it_tracks_generation_time" file="/home/user/cmis.marketing.limited/tests/Unit/Models/Report/ReportTest.php" line="269" class="Tests\Unit\Models\Report\ReportTest" classname="Tests.Unit.Models.Report.ReportTest" assertions="1" time="0.067127"/>
        <testcase name="it_stores_file_path" file="/home/user/cmis.marketing.limited/tests/Unit/Models/Report/ReportTest.php" line="219" class="Tests\Unit\Models\Report\ReportTest" classname="Tests.Unit.Models.Report.ReportTest" assertions="1" time="0.064277"/>
        <testcase name="it_uses_uuid_as_primary_key" file="/home/user/cmis.marketing.limited/tests/Unit/Models/Report/ReportTest.php" line="311" class="Tests\Unit\Models\Report\ReportTest" classname="Tests.Unit.Models.Report.ReportTest" assertions="1" time="0.064013"/>
        <testcase name="it_belongs_to_org" file="/home/user/cmis.marketing.limited/tests/Unit/Models/Report/ReportTest.php" line="47" class="Tests\Unit\Models\Report\ReportTest" classname="Tests.Unit.Models.Report.ReportTest" assertions="1" time="0.065426"/>
        <testcase name="it_can_be_scheduled" file="/home/user/cmis.marketing.limited/tests/Unit/Models/Report/ReportTest.php" line="289" class="Tests\Unit\Models\Report\ReportTest" classname="Tests.Unit.Models.Report.ReportTest" assertions="1" time="0.109128">
          <failure type="PHPUnit\Framework\ExpectationFailedException">Tests\Unit\Models\Report\ReportTest::it_can_be_scheduled
Failed asserting that null is true.

/home/user/cmis.marketing.limited/tests/Unit/Models/Report/ReportTest.php:306</failure>
        </testcase>
        <testcase name="it_has_format_type" file="/home/user/cmis.marketing.limited/tests/Unit/Models/Report/ReportTest.php" line="239" class="Tests\Unit\Models\Report\ReportTest" classname="Tests.Unit.Models.Report.ReportTest" assertions="2" time="0.064620"/>
        <testcase name="it_has_different_statuses" file="/home/user/cmis.marketing.limited/tests/Unit/Models/Report/ReportTest.php" line="124" class="Tests\Unit\Models\Report\ReportTest" classname="Tests.Unit.Models.Report.ReportTest" assertions="3" time="0.069730"/>
        <testcase name="it_has_different_report_types" file="/home/user/cmis.marketing.limited/tests/Unit/Models/Report/ReportTest.php" line="93" class="Tests\Unit\Models\Report\ReportTest" classname="Tests.Unit.Models.Report.ReportTest" assertions="1" time="0.076214"/>
      </testsuite>
      <testsuite name="Tests\Unit\Jobs\ProcessWebhookJobTest" file="/home/user/cmis.marketing.limited/tests/Unit/Jobs/ProcessWebhookJobTest.php" tests="8" assertions="0" errors="8" failures="0" skipped="0" time="0.586843">
        <testcase name="it_generates_signature_when_secret_is_set" file="/home/user/cmis.marketing.limited/tests/Unit/Jobs/ProcessWebhookJobTest.php" line="151" class="Tests\Unit\Jobs\ProcessWebhookJobTest" classname="Tests.Unit.Jobs.ProcessWebhookJobTest" assertions="0" time="0.068772">
          <error type="Error">Tests\Unit\Jobs\ProcessWebhookJobTest::it_generates_signature_when_secret_is_set
Error: Class "App\Models\Webhook\Webhook" not found

/home/user/cmis.marketing.limited/tests/Unit/Jobs/ProcessWebhookJobTest.php:158</error>
        </testcase>
        <testcase name="it_handles_failed_deliveries" file="/home/user/cmis.marketing.limited/tests/Unit/Jobs/ProcessWebhookJobTest.php" line="187" class="Tests\Unit\Jobs\ProcessWebhookJobTest" classname="Tests.Unit.Jobs.ProcessWebhookJobTest" assertions="0" time="0.103912">
          <error type="Error">Tests\Unit\Jobs\ProcessWebhookJobTest::it_handles_failed_deliveries
Error: Class "App\Models\Webhook\Webhook" not found

/home/user/cmis.marketing.limited/tests/Unit/Jobs/ProcessWebhookJobTest.php:194</error>
        </testcase>
        <testcase name="it_can_be_dispatched" file="/home/user/cmis.marketing.limited/tests/Unit/Jobs/ProcessWebhookJobTest.php" line="263" class="Tests\Unit\Jobs\ProcessWebhookJobTest" classname="Tests.Unit.Jobs.ProcessWebhookJobTest" assertions="0" time="0.061510">
          <error type="Error">Tests\Unit\Jobs\ProcessWebhookJobTest::it_can_be_dispatched
Error: Class "App\Models\Webhook\Webhook" not found

/home/user/cmis.marketing.limited/tests/Unit/Jobs/ProcessWebhookJobTest.php:272</error>
        </testcase>
        <testcase name="it_sends_post_request_to_webhook_url" file="/home/user/cmis.marketing.limited/tests/Unit/Jobs/ProcessWebhookJobTest.php" line="76" class="Tests\Unit\Jobs\ProcessWebhookJobTest" classname="Tests.Unit.Jobs.ProcessWebhookJobTest" assertions="0" time="0.058705">
          <error type="Error">Tests\Unit\Jobs\ProcessWebhookJobTest::it_sends_post_request_to_webhook_url
Error: Class "App\Models\Webhook\Webhook" not found

/home/user/cmis.marketing.limited/tests/Unit/Jobs/ProcessWebhookJobTest.php:83</error>
        </testcase>
        <testcase name="it_includes_custom_headers" file="/home/user/cmis.marketing.limited/tests/Unit/Jobs/ProcessWebhookJobTest.php" line="113" class="Tests\Unit\Jobs\ProcessWebhookJobTest" classname="Tests.Unit.Jobs.ProcessWebhookJobTest" assertions="0" time="0.062177">
          <error type="Error">Tests\Unit\Jobs\ProcessWebhookJobTest::it_includes_custom_headers
Error: Class "App\Models\Webhook\Webhook" not found

/home/user/cmis.marketing.limited/tests/Unit/Jobs/ProcessWebhookJobTest.php:120</error>
        </testcase>
        <testcase name="it_updates_delivery_statistics" file="/home/user/cmis.marketing.limited/tests/Unit/Jobs/ProcessWebhookJobTest.php" line="225" class="Tests\Unit\Jobs\ProcessWebhookJobTest" classname="Tests.Unit.Jobs.ProcessWebhookJobTest" assertions="0" time="0.066918">
          <error type="Error">Tests\Unit\Jobs\ProcessWebhookJobTest::it_updates_delivery_statistics
Error: Class "App\Models\Webhook\Webhook" not found

/home/user/cmis.marketing.limited/tests/Unit/Jobs/ProcessWebhookJobTest.php:232</error>
        </testcase>
        <testcase name="it_processes_webhook_delivery" file="/home/user/cmis.marketing.limited/tests/Unit/Jobs/ProcessWebhookJobTest.php" line="29" class="Tests\Unit\Jobs\ProcessWebhookJobTest" classname="Tests.Unit.Jobs.ProcessWebhookJobTest" assertions="0" time="0.102794">
          <error type="Error">Tests\Unit\Jobs\ProcessWebhookJobTest::it_processes_webhook_delivery
Error: Class "App\Models\Webhook\Webhook" not found

/home/user/cmis.marketing.limited/tests/Unit/Jobs/ProcessWebhookJobTest.php:36</error>
        </testcase>
        <testcase name="it_retries_on_failure" file="/home/user/cmis.marketing.limited/tests/Unit/Jobs/ProcessWebhookJobTest.php" line="294" class="Tests\Unit\Jobs\ProcessWebhookJobTest" classname="Tests.Unit.Jobs.ProcessWebhookJobTest" assertions="0" time="0.062055">
          <error type="Error">Tests\Unit\Jobs\ProcessWebhookJobTest::it_retries_on_failure
Error: Class "App\Models\Webhook\Webhook" not found

/home/user/cmis.marketing.limited/tests/Unit/Jobs/ProcessWebhookJobTest.php:301</error>
        </testcase>
      </testsuite>
      <testsuite name="Tests\Unit\Validators\LeadValidatorTest" file="/home/user/cmis.marketing.limited/tests/Unit/Validators/LeadValidatorTest.php" tests="10" assertions="0" errors="10" failures="0" skipped="0" time="0.000000">
        <testcase name="it_validates_email_format" file="/home/user/cmis.marketing.limited/tests/Unit/Validators/LeadValidatorTest.php" line="46" class="Tests\Unit\Validators\LeadValidatorTest" classname="Tests.Unit.Validators.LeadValidatorTest" assertions="0" time="0.000000">
          <error type="Error">Tests\Unit\Validators\LeadValidatorTest::it_validates_email_format
Error: Class "App\Validators\LeadValidator" not found

/home/user/cmis.marketing.limited/tests/Unit/Validators/LeadValidatorTest.php:22</error>
        </testcase>
        <testcase name="it_validates_phone_format" file="/home/user/cmis.marketing.limited/tests/Unit/Validators/LeadValidatorTest.php" line="67" class="Tests\Unit\Validators\LeadValidatorTest" classname="Tests.Unit.Validators.LeadValidatorTest" assertions="0" time="0.000000">
          <error type="Error">Tests\Unit\Validators\LeadValidatorTest::it_validates_phone_format
Error: Class "App\Validators\LeadValidator" not found

/home/user/cmis.marketing.limited/tests/Unit/Validators/LeadValidatorTest.php:22</error>
        </testcase>
        <testcase name="it_accepts_valid_sources" file="/home/user/cmis.marketing.limited/tests/Unit/Validators/LeadValidatorTest.php" line="110" class="Tests\Unit\Validators\LeadValidatorTest" classname="Tests.Unit.Validators.LeadValidatorTest" assertions="0" time="0.000000">
          <error type="Error">Tests\Unit\Validators\LeadValidatorTest::it_accepts_valid_sources
Error: Class "App\Validators\LeadValidator" not found

/home/user/cmis.marketing.limited/tests/Unit/Validators/LeadValidatorTest.php:22</error>
        </testcase>
        <testcase name="it_validates_custom_fields_as_array" file="/home/user/cmis.marketing.limited/tests/Unit/Validators/LeadValidatorTest.php" line="178" class="Tests\Unit\Validators\LeadValidatorTest" classname="Tests.Unit.Validators.LeadValidatorTest" assertions="0" time="0.000000">
          <error type="Error">Tests\Unit\Validators\LeadValidatorTest::it_validates_custom_fields_as_array
Error: Class "App\Validators\LeadValidator" not found

/home/user/cmis.marketing.limited/tests/Unit/Validators/LeadValidatorTest.php:22</error>
        </testcase>
        <testcase name="it_validates_utm_parameters" file="/home/user/cmis.marketing.limited/tests/Unit/Validators/LeadValidatorTest.php" line="200" class="Tests\Unit\Validators\LeadValidatorTest" classname="Tests.Unit.Validators.LeadValidatorTest" assertions="0" time="0.000000">
          <error type="Error">Tests\Unit\Validators\LeadValidatorTest::it_validates_utm_parameters
Error: Class "App\Validators\LeadValidator" not found

/home/user/cmis.marketing.limited/tests/Unit/Validators/LeadValidatorTest.php:22</error>
        </testcase>
        <testcase name="it_accepts_valid_lead_data" file="/home/user/cmis.marketing.limited/tests/Unit/Validators/LeadValidatorTest.php" line="222" class="Tests\Unit\Validators\LeadValidatorTest" classname="Tests.Unit.Validators.LeadValidatorTest" assertions="0" time="0.000000">
          <error type="Error">Tests\Unit\Validators\LeadValidatorTest::it_accepts_valid_lead_data
Error: Class "App\Validators\LeadValidator" not found

/home/user/cmis.marketing.limited/tests/Unit/Validators/LeadValidatorTest.php:22</error>
        </testcase>
        <testcase name="it_validates_status_enum" file="/home/user/cmis.marketing.limited/tests/Unit/Validators/LeadValidatorTest.php" line="134" class="Tests\Unit\Validators\LeadValidatorTest" classname="Tests.Unit.Validators.LeadValidatorTest" assertions="0" time="0.000000">
          <error type="Error">Tests\Unit\Validators\LeadValidatorTest::it_validates_status_enum
Error: Class "App\Validators\LeadValidator" not found

/home/user/cmis.marketing.limited/tests/Unit/Validators/LeadValidatorTest.php:22</error>
        </testcase>
        <testcase name="it_validates_required_name" file="/home/user/cmis.marketing.limited/tests/Unit/Validators/LeadValidatorTest.php" line="26" class="Tests\Unit\Validators\LeadValidatorTest" classname="Tests.Unit.Validators.LeadValidatorTest" assertions="0" time="0.000000">
          <error type="Error">Tests\Unit\Validators\LeadValidatorTest::it_validates_required_name
Error: Class "App\Validators\LeadValidator" not found

/home/user/cmis.marketing.limited/tests/Unit/Validators/LeadValidatorTest.php:22</error>
        </testcase>
        <testcase name="it_validates_score_range" file="/home/user/cmis.marketing.limited/tests/Unit/Validators/LeadValidatorTest.php" line="156" class="Tests\Unit\Validators\LeadValidatorTest" classname="Tests.Unit.Validators.LeadValidatorTest" assertions="0" time="0.000000">
          <error type="Error">Tests\Unit\Validators\LeadValidatorTest::it_validates_score_range
Error: Class "App\Validators\LeadValidator" not found

/home/user/cmis.marketing.limited/tests/Unit/Validators/LeadValidatorTest.php:22</error>
        </testcase>
        <testcase name="it_validates_source_enum" file="/home/user/cmis.marketing.limited/tests/Unit/Validators/LeadValidatorTest.php" line="89" class="Tests\Unit\Validators\LeadValidatorTest" classname="Tests.Unit.Validators.LeadValidatorTest" assertions="0" time="0.000000">
          <error type="Error">Tests\Unit\Validators\LeadValidatorTest::it_validates_source_enum
Error: Class "App\Validators\LeadValidator" not found

/home/user/cmis.marketing.limited/tests/Unit/Validators/LeadValidatorTest.php:22</error>
        </testcase>
      </testsuite>
      <testsuite name="Tests\Unit\Formatters\DateFormatterTest" file="/home/user/cmis.marketing.limited/tests/Unit/Formatters/DateFormatterTest.php" tests="13" assertions="19" errors="0" failures="0" skipped="0" time="1.164700">
        <testcase name="it_checks_if_date_is_past" file="/home/user/cmis.marketing.limited/tests/Unit/Formatters/DateFormatterTest.php" line="183" class="Tests\Unit\Formatters\DateFormatterTest" classname="Tests.Unit.Formatters.DateFormatterTest" assertions="2" time="0.057115"/>
        <testcase name="it_checks_if_date_is_future" file="/home/user/cmis.marketing.limited/tests/Unit/Formatters/DateFormatterTest.php" line="204" class="Tests\Unit\Formatters\DateFormatterTest" classname="Tests.Unit.Formatters.DateFormatterTest" assertions="2" time="0.056787"/>
        <testcase name="it_formats_month_year" file="/home/user/cmis.marketing.limited/tests/Unit/Formatters/DateFormatterTest.php" line="225" class="Tests\Unit\Formatters\DateFormatterTest" classname="Tests.Unit.Formatters.DateFormatterTest" assertions="1" time="0.052160"/>
        <testcase name="it_formats_date_for_display" file="/home/user/cmis.marketing.limited/tests/Unit/Formatters/DateFormatterTest.php" line="21" class="Tests\Unit\Formatters\DateFormatterTest" classname="Tests.Unit.Formatters.DateFormatterTest" assertions="1" time="0.052908"/>
        <testcase name="it_formats_date_for_humans" file="/home/user/cmis.marketing.limited/tests/Unit/Formatters/DateFormatterTest.php" line="61" class="Tests\Unit\Formatters\DateFormatterTest" classname="Tests.Unit.Formatters.DateFormatterTest" assertions="1" time="0.265042"/>
        <testcase name="it_gets_quarter_from_date" file="/home/user/cmis.marketing.limited/tests/Unit/Formatters/DateFormatterTest.php" line="245" class="Tests\Unit\Formatters\DateFormatterTest" classname="Tests.Unit.Formatters.DateFormatterTest" assertions="4" time="0.054417"/>
        <testcase name="it_formats_arabic_dates" file="/home/user/cmis.marketing.limited/tests/Unit/Formatters/DateFormatterTest.php" line="81" class="Tests\Unit\Formatters\DateFormatterTest" classname="Tests.Unit.Formatters.DateFormatterTest" assertions="1" time="0.259578"/>
        <testcase name="it_calculates_age_from_date" file="/home/user/cmis.marketing.limited/tests/Unit/Formatters/DateFormatterTest.php" line="163" class="Tests\Unit\Formatters\DateFormatterTest" classname="Tests.Unit.Formatters.DateFormatterTest" assertions="1" time="0.059818"/>
        <testcase name="it_gets_end_of_day" file="/home/user/cmis.marketing.limited/tests/Unit/Formatters/DateFormatterTest.php" line="143" class="Tests\Unit\Formatters\DateFormatterTest" classname="Tests.Unit.Formatters.DateFormatterTest" assertions="1" time="0.059429"/>
        <testcase name="it_formats_iso8601" file="/home/user/cmis.marketing.limited/tests/Unit/Formatters/DateFormatterTest.php" line="270" class="Tests\Unit\Formatters\DateFormatterTest" classname="Tests.Unit.Formatters.DateFormatterTest" assertions="2" time="0.061777"/>
        <testcase name="it_formats_date_with_time" file="/home/user/cmis.marketing.limited/tests/Unit/Formatters/DateFormatterTest.php" line="41" class="Tests\Unit\Formatters\DateFormatterTest" classname="Tests.Unit.Formatters.DateFormatterTest" assertions="1" time="0.057858"/>
        <testcase name="it_converts_to_timezone" file="/home/user/cmis.marketing.limited/tests/Unit/Formatters/DateFormatterTest.php" line="103" class="Tests\Unit\Formatters\DateFormatterTest" classname="Tests.Unit.Formatters.DateFormatterTest" assertions="1" time="0.059706"/>
        <testcase name="it_gets_start_of_day" file="/home/user/cmis.marketing.limited/tests/Unit/Formatters/DateFormatterTest.php" line="123" class="Tests\Unit\Formatters\DateFormatterTest" classname="Tests.Unit.Formatters.DateFormatterTest" assertions="1" time="0.068105"/>
      </testsuite>
      <testsuite name="Tests\Unit\Factories\CampaignFactoryTest" file="/home/user/cmis.marketing.limited/tests/Unit/Factories/CampaignFactoryTest.php" tests="10" assertions="19" errors="0" failures="1" skipped="0" time="0.628234">
        <testcase name="it_creates_active_campaign" file="/home/user/cmis.marketing.limited/tests/Unit/Factories/CampaignFactoryTest.php" line="128" class="Tests\Unit\Factories\CampaignFactoryTest" classname="Tests.Unit.Factories.CampaignFactoryTest" assertions="1" time="0.064577"/>
        <testcase name="it_creates_multiple_campaigns" file="/home/user/cmis.marketing.limited/tests/Unit/Factories/CampaignFactoryTest.php" line="50" class="Tests\Unit\Factories\CampaignFactoryTest" classname="Tests.Unit.Factories.CampaignFactoryTest" assertions="1" time="0.061017"/>
        <testcase name="it_creates_completed_campaign" file="/home/user/cmis.marketing.limited/tests/Unit/Factories/CampaignFactoryTest.php" line="151" class="Tests\Unit\Factories\CampaignFactoryTest" classname="Tests.Unit.Factories.CampaignFactoryTest" assertions="2" time="0.057633">
          <failure type="PHPUnit\Framework\ExpectationFailedException">Tests\Unit\Factories\CampaignFactoryTest::it_creates_completed_campaign
Failed asserting that null is not null.

/home/user/cmis.marketing.limited/tests/Unit/Factories/CampaignFactoryTest.php:167</failure>
        </testcase>
        <testcase name="it_creates_campaign_with_dates" file="/home/user/cmis.marketing.limited/tests/Unit/Factories/CampaignFactoryTest.php" line="204" class="Tests\Unit\Factories\CampaignFactoryTest" classname="Tests.Unit.Factories.CampaignFactoryTest" assertions="3" time="0.063876"/>
        <testcase name="it_respects_org_relationship" file="/home/user/cmis.marketing.limited/tests/Unit/Factories/CampaignFactoryTest.php" line="231" class="Tests\Unit\Factories\CampaignFactoryTest" classname="Tests.Unit.Factories.CampaignFactoryTest" assertions="2" time="0.061780"/>
        <testcase name="it_creates_campaign_with_budget" file="/home/user/cmis.marketing.limited/tests/Unit/Factories/CampaignFactoryTest.php" line="176" class="Tests\Unit\Factories\CampaignFactoryTest" classname="Tests.Unit.Factories.CampaignFactoryTest" assertions="4" time="0.060617"/>
        <testcase name="it_creates_campaign_with_custom_attributes" file="/home/user/cmis.marketing.limited/tests/Unit/Factories/CampaignFactoryTest.php" line="77" class="Tests\Unit\Factories\CampaignFactoryTest" classname="Tests.Unit.Factories.CampaignFactoryTest" assertions="2" time="0.068133"/>
        <testcase name="it_generates_unique_campaign_ids" file="/home/user/cmis.marketing.limited/tests/Unit/Factories/CampaignFactoryTest.php" line="255" class="Tests\Unit\Factories\CampaignFactoryTest" classname="Tests.Unit.Factories.CampaignFactoryTest" assertions="1" time="0.064115"/>
        <testcase name="it_creates_campaign_with_factory" file="/home/user/cmis.marketing.limited/tests/Unit/Factories/CampaignFactoryTest.php" line="24" class="Tests\Unit\Factories\CampaignFactoryTest" classname="Tests.Unit.Factories.CampaignFactoryTest" assertions="2" time="0.065227"/>
        <testcase name="it_creates_draft_campaign" file="/home/user/cmis.marketing.limited/tests/Unit/Factories/CampaignFactoryTest.php" line="105" class="Tests\Unit\Factories\CampaignFactoryTest" classname="Tests.Unit.Factories.CampaignFactoryTest" assertions="1" time="0.061259"/>
      </testsuite>
      <testsuite name="Tests\Unit\Requests\UpdateCampaignRequestTest" file="/home/user/cmis.marketing.limited/tests/Unit/Requests/UpdateCampaignRequestTest.php" tests="12" assertions="18" errors="0" failures="0" skipped="0" time="0.750523">
        <testcase name="it_validates_budget_is_numeric" file="/home/user/cmis.marketing.limited/tests/Unit/Requests/UpdateCampaignRequestTest.php" line="94" class="Tests\Unit\Requests\UpdateCampaignRequestTest" classname="Tests.Unit.Requests.UpdateCampaignRequestTest" assertions="2" time="0.062239"/>
        <testcase name="it_validates_campaign_type" file="/home/user/cmis.marketing.limited/tests/Unit/Requests/UpdateCampaignRequestTest.php" line="36" class="Tests\Unit\Requests\UpdateCampaignRequestTest" classname="Tests.Unit.Requests.UpdateCampaignRequestTest" assertions="2" time="0.058718"/>
        <testcase name="it_validates_target_audience_is_array" file="/home/user/cmis.marketing.limited/tests/Unit/Requests/UpdateCampaignRequestTest.php" line="204" class="Tests\Unit\Requests\UpdateCampaignRequestTest" classname="Tests.Unit.Requests.UpdateCampaignRequestTest" assertions="2" time="0.060261"/>
        <testcase name="it_validates_end_date_after_start_date" file="/home/user/cmis.marketing.limited/tests/Unit/Requests/UpdateCampaignRequestTest.php" line="171" class="Tests\Unit\Requests\UpdateCampaignRequestTest" classname="Tests.Unit.Requests.UpdateCampaignRequestTest" assertions="2" time="0.058071"/>
        <testcase name="it_validates_status" file="/home/user/cmis.marketing.limited/tests/Unit/Requests/UpdateCampaignRequestTest.php" line="65" class="Tests\Unit\Requests\UpdateCampaignRequestTest" classname="Tests.Unit.Requests.UpdateCampaignRequestTest" assertions="2" time="0.057826"/>
        <testcase name="all_fields_are_optional" file="/home/user/cmis.marketing.limited/tests/Unit/Requests/UpdateCampaignRequestTest.php" line="323" class="Tests\Unit\Requests\UpdateCampaignRequestTest" classname="Tests.Unit.Requests.UpdateCampaignRequestTest" assertions="1" time="0.056910"/>
        <testcase name="it_validates_channels_is_array" file="/home/user/cmis.marketing.limited/tests/Unit/Requests/UpdateCampaignRequestTest.php" line="259" class="Tests\Unit\Requests\UpdateCampaignRequestTest" classname="Tests.Unit.Requests.UpdateCampaignRequestTest" assertions="1" time="0.060413"/>
        <testcase name="it_validates_campaign_name_max_length" file="/home/user/cmis.marketing.limited/tests/Unit/Requests/UpdateCampaignRequestTest.php" line="17" class="Tests\Unit\Requests\UpdateCampaignRequestTest" classname="Tests.Unit.Requests.UpdateCampaignRequestTest" assertions="1" time="0.118091"/>
        <testcase name="it_validates_objectives_is_array" file="/home/user/cmis.marketing.limited/tests/Unit/Requests/UpdateCampaignRequestTest.php" line="236" class="Tests\Unit\Requests\UpdateCampaignRequestTest" classname="Tests.Unit.Requests.UpdateCampaignRequestTest" assertions="1" time="0.052777"/>
        <testcase name="it_allows_valid_campaign_data" file="/home/user/cmis.marketing.limited/tests/Unit/Requests/UpdateCampaignRequestTest.php" line="278" class="Tests\Unit\Requests\UpdateCampaignRequestTest" classname="Tests.Unit.Requests.UpdateCampaignRequestTest" assertions="1" time="0.056700"/>
        <testcase name="it_validates_date_format" file="/home/user/cmis.marketing.limited/tests/Unit/Requests/UpdateCampaignRequestTest.php" line="142" class="Tests\Unit\Requests\UpdateCampaignRequestTest" classname="Tests.Unit.Requests.UpdateCampaignRequestTest" assertions="2" time="0.053954"/>
        <testcase name="it_validates_budget_minimum_value" file="/home/user/cmis.marketing.limited/tests/Unit/Requests/UpdateCampaignRequestTest.php" line="123" class="Tests\Unit\Requests\UpdateCampaignRequestTest" classname="Tests.Unit.Requests.UpdateCampaignRequestTest" assertions="1" time="0.054561"/>
      </testsuite>
      <testsuite name="Tests\Unit\Repositories\ContentRepositoryTest" file="/home/user/cmis.marketing.limited/tests/Unit/Repositories/ContentRepositoryTest.php" tests="10" assertions="0" errors="10" failures="0" skipped="0" time="0.000000">
        <testcase name="it_can_get_content_for_campaign" file="/home/user/cmis.marketing.limited/tests/Unit/Repositories/ContentRepositoryTest.php" line="60" class="Tests\Unit\Repositories\ContentRepositoryTest" classname="Tests.Unit.Repositories.ContentRepositoryTest" assertions="0" time="0.000000">
          <error type="Illuminate\Contracts\Container\BindingResolutionException">Tests\Unit\Repositories\ContentRepositoryTest::it_can_get_content_for_campaign
Illuminate\Contracts\Container\BindingResolutionException: Target [App\Repositories\Contracts\ContentRepositoryInterface] is not instantiable.

/home/user/cmis.marketing.limited/vendor/laravel/framework/src/Illuminate/Container/Container.php:1456
/home/user/cmis.marketing.limited/vendor/laravel/framework/src/Illuminate/Container/Container.php:1170
/home/user/cmis.marketing.limited/vendor/laravel/framework/src/Illuminate/Container/Container.php:972
/home/user/cmis.marketing.limited/vendor/laravel/framework/src/Illuminate/Foundation/Application.php:1078
/home/user/cmis.marketing.limited/vendor/laravel/framework/src/Illuminate/Container/Container.php:903
/home/user/cmis.marketing.limited/vendor/laravel/framework/src/Illuminate/Foundation/Application.php:1058
/home/user/cmis.marketing.limited/vendor/laravel/framework/src/Illuminate/Foundation/helpers.php:138
/home/user/cmis.marketing.limited/tests/Unit/Repositories/ContentRepositoryTest.php:24</error>
        </testcase>
        <testcase name="it_can_find_similar_content" file="/home/user/cmis.marketing.limited/tests/Unit/Repositories/ContentRepositoryTest.php" line="227" class="Tests\Unit\Repositories\ContentRepositoryTest" classname="Tests.Unit.Repositories.ContentRepositoryTest" assertions="0" time="0.000000">
          <error type="Illuminate\Contracts\Container\BindingResolutionException">Tests\Unit\Repositories\ContentRepositoryTest::it_can_find_similar_content
Illuminate\Contracts\Container\BindingResolutionException: Target [App\Repositories\Contracts\ContentRepositoryInterface] is not instantiable.

/home/user/cmis.marketing.limited/vendor/laravel/framework/src/Illuminate/Container/Container.php:1456
/home/user/cmis.marketing.limited/vendor/laravel/framework/src/Illuminate/Container/Container.php:1170
/home/user/cmis.marketing.limited/vendor/laravel/framework/src/Illuminate/Container/Container.php:972
/home/user/cmis.marketing.limited/vendor/laravel/framework/src/Illuminate/Foundation/Application.php:1078
/home/user/cmis.marketing.limited/vendor/laravel/framework/src/Illuminate/Container/Container.php:903
/home/user/cmis.marketing.limited/vendor/laravel/framework/src/Illuminate/Foundation/Application.php:1058
/home/user/cmis.marketing.limited/vendor/laravel/framework/src/Illuminate/Foundation/helpers.php:138
/home/user/cmis.marketing.limited/tests/Unit/Repositories/ContentRepositoryTest.php:24</error>
        </testcase>
        <testcase name="it_can_get_content_by_platform" file="/home/user/cmis.marketing.limited/tests/Unit/Repositories/ContentRepositoryTest.php" line="190" class="Tests\Unit\Repositories\ContentRepositoryTest" classname="Tests.Unit.Repositories.ContentRepositoryTest" assertions="0" time="0.000000">
          <error type="Illuminate\Contracts\Container\BindingResolutionException">Tests\Unit\Repositories\ContentRepositoryTest::it_can_get_content_by_platform
Illuminate\Contracts\Container\BindingResolutionException: Target [App\Repositories\Contracts\ContentRepositoryInterface] is not instantiable.

/home/user/cmis.marketing.limited/vendor/laravel/framework/src/Illuminate/Container/Container.php:1456
/home/user/cmis.marketing.limited/vendor/laravel/framework/src/Illuminate/Container/Container.php:1170
/home/user/cmis.marketing.limited/vendor/laravel/framework/src/Illuminate/Container/Container.php:972
/home/user/cmis.marketing.limited/vendor/laravel/framework/src/Illuminate/Foundation/Application.php:1078
/home/user/cmis.marketing.limited/vendor/laravel/framework/src/Illuminate/Container/Container.php:903
/home/user/cmis.marketing.limited/vendor/laravel/framework/src/Illuminate/Foundation/Application.php:1058
/home/user/cmis.marketing.limited/vendor/laravel/framework/src/Illuminate/Foundation/helpers.php:138
/home/user/cmis.marketing.limited/tests/Unit/Repositories/ContentRepositoryTest.php:24</error>
        </testcase>
        <testcase name="it_can_create_content_with_context" file="/home/user/cmis.marketing.limited/tests/Unit/Repositories/ContentRepositoryTest.php" line="28" class="Tests\Unit\Repositories\ContentRepositoryTest" classname="Tests.Unit.Repositories.ContentRepositoryTest" assertions="0" time="0.000000">
          <error type="Illuminate\Contracts\Container\BindingResolutionException">Tests\Unit\Repositories\ContentRepositoryTest::it_can_create_content_with_context
Illuminate\Contracts\Container\BindingResolutionException: Target [App\Repositories\Contracts\ContentRepositoryInterface] is not instantiable.

/home/user/cmis.marketing.limited/vendor/laravel/framework/src/Illuminate/Container/Container.php:1456
/home/user/cmis.marketing.limited/vendor/laravel/framework/src/Illuminate/Container/Container.php:1170
/home/user/cmis.marketing.limited/vendor/laravel/framework/src/Illuminate/Container/Container.php:972
/home/user/cmis.marketing.limited/vendor/laravel/framework/src/Illuminate/Foundation/Application.php:1078
/home/user/cmis.marketing.limited/vendor/laravel/framework/src/Illuminate/Container/Container.php:903
/home/user/cmis.marketing.limited/vendor/laravel/framework/src/Illuminate/Foundation/Application.php:1058
/home/user/cmis.marketing.limited/vendor/laravel/framework/src/Illuminate/Foundation/helpers.php:138
/home/user/cmis.marketing.limited/tests/Unit/Repositories/ContentRepositoryTest.php:24</error>
        </testcase>
        <testcase name="it_can_search_content_by_keyword" file="/home/user/cmis.marketing.limited/tests/Unit/Repositories/ContentRepositoryTest.php" line="158" class="Tests\Unit\Repositories\ContentRepositoryTest" classname="Tests.Unit.Repositories.ContentRepositoryTest" assertions="0" time="0.000000">
          <error type="Illuminate\Contracts\Container\BindingResolutionException">Tests\Unit\Repositories\ContentRepositoryTest::it_can_search_content_by_keyword
Illuminate\Contracts\Container\BindingResolutionException: Target [App\Repositories\Contracts\ContentRepositoryInterface] is not instantiable.

/home/user/cmis.marketing.limited/vendor/laravel/framework/src/Illuminate/Container/Container.php:1456
/home/user/cmis.marketing.limited/vendor/laravel/framework/src/Illuminate/Container/Container.php:1170
/home/user/cmis.marketing.limited/vendor/laravel/framework/src/Illuminate/Container/Container.php:972
/home/user/cmis.marketing.limited/vendor/laravel/framework/src/Illuminate/Foundation/Application.php:1078
/home/user/cmis.marketing.limited/vendor/laravel/framework/src/Illuminate/Container/Container.php:903
/home/user/cmis.marketing.limited/vendor/laravel/framework/src/Illuminate/Foundation/Application.php:1058
/home/user/cmis.marketing.limited/vendor/laravel/framework/src/Illuminate/Foundation/helpers.php:138
/home/user/cmis.marketing.limited/tests/Unit/Repositories/ContentRepositoryTest.php:24</error>
        </testcase>
        <testcase name="it_can_filter_content_by_status" file="/home/user/cmis.marketing.limited/tests/Unit/Repositories/ContentRepositoryTest.php" line="92" class="Tests\Unit\Repositories\ContentRepositoryTest" classname="Tests.Unit.Repositories.ContentRepositoryTest" assertions="0" time="0.000000">
          <error type="Illuminate\Contracts\Container\BindingResolutionException">Tests\Unit\Repositories\ContentRepositoryTest::it_can_filter_content_by_status
Illuminate\Contracts\Container\BindingResolutionException: Target [App\Repositories\Contracts\ContentRepositoryInterface] is not instantiable.

/home/user/cmis.marketing.limited/vendor/laravel/framework/src/Illuminate/Container/Container.php:1456
/home/user/cmis.marketing.limited/vendor/laravel/framework/src/Illuminate/Container/Container.php:1170
/home/user/cmis.marketing.limited/vendor/laravel/framework/src/Illuminate/Container/Container.php:972
/home/user/cmis.marketing.limited/vendor/laravel/framework/src/Illuminate/Foundation/Application.php:1078
/home/user/cmis.marketing.limited/vendor/laravel/framework/src/Illuminate/Container/Container.php:903
/home/user/cmis.marketing.limited/vendor/laravel/framework/src/Illuminate/Foundation/Application.php:1058
/home/user/cmis.marketing.limited/vendor/laravel/framework/src/Illuminate/Foundation/helpers.php:138
/home/user/cmis.marketing.limited/tests/Unit/Repositories/ContentRepositoryTest.php:24</error>
        </testcase>
        <testcase name="it_can_get_scheduled_content" file="/home/user/cmis.marketing.limited/tests/Unit/Repositories/ContentRepositoryTest.php" line="125" class="Tests\Unit\Repositories\ContentRepositoryTest" classname="Tests.Unit.Repositories.ContentRepositoryTest" assertions="0" time="0.000000">
          <error type="Illuminate\Contracts\Container\BindingResolutionException">Tests\Unit\Repositories\ContentRepositoryTest::it_can_get_scheduled_content
Illuminate\Contracts\Container\BindingResolutionException: Target [App\Repositories\Contracts\ContentRepositoryInterface] is not instantiable.

/home/user/cmis.marketing.limited/vendor/laravel/framework/src/Illuminate/Container/Container.php:1456
/home/user/cmis.marketing.limited/vendor/laravel/framework/src/Illuminate/Container/Container.php:1170
/home/user/cmis.marketing.limited/vendor/laravel/framework/src/Illuminate/Container/Container.php:972
/home/user/cmis.marketing.limited/vendor/laravel/framework/src/Illuminate/Foundation/Application.php:1078
/home/user/cmis.marketing.limited/vendor/laravel/framework/src/Illuminate/Container/Container.php:903
/home/user/cmis.marketing.limited/vendor/laravel/framework/src/Illuminate/Foundation/Application.php:1058
/home/user/cmis.marketing.limited/vendor/laravel/framework/src/Illuminate/Foundation/helpers.php:138
/home/user/cmis.marketing.limited/tests/Unit/Repositories/ContentRepositoryTest.php:24</error>
        </testcase>
        <testcase name="it_respects_transaction_context" file="/home/user/cmis.marketing.limited/tests/Unit/Repositories/ContentRepositoryTest.php" line="258" class="Tests\Unit\Repositories\ContentRepositoryTest" classname="Tests.Unit.Repositories.ContentRepositoryTest" assertions="0" time="0.000000">
          <error type="Illuminate\Contracts\Container\BindingResolutionException">Tests\Unit\Repositories\ContentRepositoryTest::it_respects_transaction_context
Illuminate\Contracts\Container\BindingResolutionException: Target [App\Repositories\Contracts\ContentRepositoryInterface] is not instantiable.

/home/user/cmis.marketing.limited/vendor/laravel/framework/src/Illuminate/Container/Container.php:1456
/home/user/cmis.marketing.limited/vendor/laravel/framework/src/Illuminate/Container/Container.php:1170
/home/user/cmis.marketing.limited/vendor/laravel/framework/src/Illuminate/Container/Container.php:972
/home/user/cmis.marketing.limited/vendor/laravel/framework/src/Illuminate/Foundation/Application.php:1078
/home/user/cmis.marketing.limited/vendor/laravel/framework/src/Illuminate/Container/Container.php:903
/home/user/cmis.marketing.limited/vendor/laravel/framework/src/Illuminate/Foundation/Application.php:1058
/home/user/cmis.marketing.limited/vendor/laravel/framework/src/Illuminate/Foundation/helpers.php:138
/home/user/cmis.marketing.limited/tests/Unit/Repositories/ContentRepositoryTest.php:24</error>
        </testcase>
        <testcase name="it_can_bulk_update_content_status" file="/home/user/cmis.marketing.limited/tests/Unit/Repositories/ContentRepositoryTest.php" line="326" class="Tests\Unit\Repositories\ContentRepositoryTest" classname="Tests.Unit.Repositories.ContentRepositoryTest" assertions="0" time="0.000000">
          <error type="Illuminate\Contracts\Container\BindingResolutionException">Tests\Unit\Repositories\ContentRepositoryTest::it_can_bulk_update_content_status
Illuminate\Contracts\Container\BindingResolutionException: Target [App\Repositories\Contracts\ContentRepositoryInterface] is not instantiable.

/home/user/cmis.marketing.limited/vendor/laravel/framework/src/Illuminate/Container/Container.php:1456
/home/user/cmis.marketing.limited/vendor/laravel/framework/src/Illuminate/Container/Container.php:1170
/home/user/cmis.marketing.limited/vendor/laravel/framework/src/Illuminate/Container/Container.php:972
/home/user/cmis.marketing.limited/vendor/laravel/framework/src/Illuminate/Foundation/Application.php:1078
/home/user/cmis.marketing.limited/vendor/laravel/framework/src/Illuminate/Container/Container.php:903
/home/user/cmis.marketing.limited/vendor/laravel/framework/src/Illuminate/Foundation/Application.php:1058
/home/user/cmis.marketing.limited/vendor/laravel/framework/src/Illuminate/Foundation/helpers.php:138
/home/user/cmis.marketing.limited/tests/Unit/Repositories/ContentRepositoryTest.php:24</error>
        </testcase>
        <testcase name="it_can_get_content_performance" file="/home/user/cmis.marketing.limited/tests/Unit/Repositories/ContentRepositoryTest.php" line="294" class="Tests\Unit\Repositories\ContentRepositoryTest" classname="Tests.Unit.Repositories.ContentRepositoryTest" assertions="0" time="0.000000">
          <error type="Illuminate\Contracts\Container\BindingResolutionException">Tests\Unit\Repositories\ContentRepositoryTest::it_can_get_content_performance
Illuminate\Contracts\Container\BindingResolutionException: Target [App\Repositories\Contracts\ContentRepositoryInterface] is not instantiable.

/home/user/cmis.marketing.limited/vendor/laravel/framework/src/Illuminate/Container/Container.php:1456
/home/user/cmis.marketing.limited/vendor/laravel/framework/src/Illuminate/Container/Container.php:1170
/home/user/cmis.marketing.limited/vendor/laravel/framework/src/Illuminate/Container/Container.php:972
/home/user/cmis.marketing.limited/vendor/laravel/framework/src/Illuminate/Foundation/Application.php:1078
/home/user/cmis.marketing.limited/vendor/laravel/framework/src/Illuminate/Container/Container.php:903
/home/user/cmis.marketing.limited/vendor/laravel/framework/src/Illuminate/Foundation/Application.php:1058
/home/user/cmis.marketing.limited/vendor/laravel/framework/src/Illuminate/Foundation/helpers.php:138
/home/user/cmis.marketing.limited/tests/Unit/Repositories/ContentRepositoryTest.php:24</error>
        </testcase>
      </testsuite>
      <testsuite name="Tests\Unit\Jobs\SendNotificationJobTest" file="/home/user/cmis.marketing.limited/tests/Unit/Jobs/SendNotificationJobTest.php" tests="10" assertions="0" errors="10" failures="0" skipped="0" time="3.885378">
        <testcase name="it_sends_notification_to_user" file="/home/user/cmis.marketing.limited/tests/Unit/Jobs/SendNotificationJobTest.php" line="28" class="Tests\Unit\Jobs\SendNotificationJobTest" classname="Tests.Unit.Jobs.SendNotificationJobTest" assertions="0" time="0.291942">
          <error type="Error">Tests\Unit\Jobs\SendNotificationJobTest::it_sends_notification_to_user
Error: Class "App\Jobs\Notifications\SendNotificationJob" not found

/home/user/cmis.marketing.limited/tests/Unit/Jobs/SendNotificationJobTest.php:44</error>
        </testcase>
        <testcase name="it_sends_database_notification" file="/home/user/cmis.marketing.limited/tests/Unit/Jobs/SendNotificationJobTest.php" line="92" class="Tests\Unit\Jobs\SendNotificationJobTest" classname="Tests.Unit.Jobs.SendNotificationJobTest" assertions="0" time="0.302675">
          <error type="Error">Tests\Unit\Jobs\SendNotificationJobTest::it_sends_database_notification
Error: Class "App\Jobs\Notifications\SendNotificationJob" not found

/home/user/cmis.marketing.limited/tests/Unit/Jobs/SendNotificationJobTest.php:108</error>
        </testcase>
        <testcase name="it_includes_action_url" file="/home/user/cmis.marketing.limited/tests/Unit/Jobs/SendNotificationJobTest.php" line="232" class="Tests\Unit\Jobs\SendNotificationJobTest" classname="Tests.Unit.Jobs.SendNotificationJobTest" assertions="0" time="0.340555">
          <error type="Error">Tests\Unit\Jobs\SendNotificationJobTest::it_includes_action_url
Error: Class "App\Jobs\Notifications\SendNotificationJob" not found

/home/user/cmis.marketing.limited/tests/Unit/Jobs/SendNotificationJobTest.php:243</error>
        </testcase>
        <testcase name="it_can_be_dispatched" file="/home/user/cmis.marketing.limited/tests/Unit/Jobs/SendNotificationJobTest.php" line="124" class="Tests\Unit\Jobs\SendNotificationJobTest" classname="Tests.Unit.Jobs.SendNotificationJobTest" assertions="0" time="0.293505">
          <error type="Error">Tests\Unit\Jobs\SendNotificationJobTest::it_can_be_dispatched
Error: Class "App\Jobs\Notifications\SendNotificationJob" not found

/home/user/cmis.marketing.limited/tests/Unit/Jobs/SendNotificationJobTest.php:135</error>
        </testcase>
        <testcase name="it_queues_with_delay" file="/home/user/cmis.marketing.limited/tests/Unit/Jobs/SendNotificationJobTest.php" line="290" class="Tests\Unit\Jobs\SendNotificationJobTest" classname="Tests.Unit.Jobs.SendNotificationJobTest" assertions="0" time="0.290913">
          <error type="Error">Tests\Unit\Jobs\SendNotificationJobTest::it_queues_with_delay
Error: Class "App\Jobs\Notifications\SendNotificationJob" not found

/home/user/cmis.marketing.limited/tests/Unit/Jobs/SendNotificationJobTest.php:301</error>
        </testcase>
        <testcase name="it_supports_multiple_channels" file="/home/user/cmis.marketing.limited/tests/Unit/Jobs/SendNotificationJobTest.php" line="146" class="Tests\Unit\Jobs\SendNotificationJobTest" classname="Tests.Unit.Jobs.SendNotificationJobTest" assertions="0" time="0.289669">
          <error type="Error">Tests\Unit\Jobs\SendNotificationJobTest::it_supports_multiple_channels
Error: Class "App\Jobs\Notifications\SendNotificationJob" not found

/home/user/cmis.marketing.limited/tests/Unit/Jobs/SendNotificationJobTest.php:157</error>
        </testcase>
        <testcase name="it_sends_email_notification" file="/home/user/cmis.marketing.limited/tests/Unit/Jobs/SendNotificationJobTest.php" line="60" class="Tests\Unit\Jobs\SendNotificationJobTest" classname="Tests.Unit.Jobs.SendNotificationJobTest" assertions="0" time="0.288172">
          <error type="Error">Tests\Unit\Jobs\SendNotificationJobTest::it_sends_email_notification
Error: Class "App\Jobs\Notifications\SendNotificationJob" not found

/home/user/cmis.marketing.limited/tests/Unit/Jobs/SendNotificationJobTest.php:76</error>
        </testcase>
        <testcase name="it_sends_bulk_notifications" file="/home/user/cmis.marketing.limited/tests/Unit/Jobs/SendNotificationJobTest.php" line="201" class="Tests\Unit\Jobs\SendNotificationJobTest" classname="Tests.Unit.Jobs.SendNotificationJobTest" assertions="0" time="1.201845">
          <error type="Error">Tests\Unit\Jobs\SendNotificationJobTest::it_sends_bulk_notifications
Error: Class "App\Jobs\Notifications\SendNotificationJob" not found

/home/user/cmis.marketing.limited/tests/Unit/Jobs/SendNotificationJobTest.php:216</error>
        </testcase>
        <testcase name="it_handles_notification_preferences" file="/home/user/cmis.marketing.limited/tests/Unit/Jobs/SendNotificationJobTest.php" line="173" class="Tests\Unit\Jobs\SendNotificationJobTest" classname="Tests.Unit.Jobs.SendNotificationJobTest" assertions="0" time="0.292155">
          <error type="Error">Tests\Unit\Jobs\SendNotificationJobTest::it_handles_notification_preferences
Error: Class "App\Jobs\Notifications\SendNotificationJob" not found

/home/user/cmis.marketing.limited/tests/Unit/Jobs/SendNotificationJobTest.php:184</error>
        </testcase>
        <testcase name="it_handles_failed_delivery" file="/home/user/cmis.marketing.limited/tests/Unit/Jobs/SendNotificationJobTest.php" line="260" class="Tests\Unit\Jobs\SendNotificationJobTest" classname="Tests.Unit.Jobs.SendNotificationJobTest" assertions="0" time="0.293947">
          <error type="Error">Tests\Unit\Jobs\SendNotificationJobTest::it_handles_failed_delivery
Error: Class "App\Jobs\Notifications\SendNotificationJob" not found

/home/user/cmis.marketing.limited/tests/Unit/Jobs/SendNotificationJobTest.php:271</error>
        </testcase>
      </testsuite>
      <testsuite name="Tests\Unit\Services\CampaignServiceTest" file="/home/user/cmis.marketing.limited/tests/Unit/Services/CampaignServiceTest.php" tests="6" assertions="2" errors="4" failures="0" skipped="0" time="2.164373">
        <testcase name="it_can_get_campaign_contexts" file="/home/user/cmis.marketing.limited/tests/Unit/Services/CampaignServiceTest.php" line="124" class="Tests\Unit\Services\CampaignServiceTest" classname="Tests.Unit.Services.CampaignServiceTest" assertions="1" time="0.324235"/>
        <testcase name="it_can_update_campaign" file="/home/user/cmis.marketing.limited/tests/Unit/Services/CampaignServiceTest.php" line="63" class="Tests\Unit\Services\CampaignServiceTest" classname="Tests.Unit.Services.CampaignServiceTest" assertions="0" time="0.314255">
          <error type="TypeError">Tests\Unit\Services\CampaignServiceTest::it_can_update_campaign
TypeError: App\Services\CampaignService::update(): Argument #1 ($campaign) must be of type App\Models\Campaign, string given, called in /home/user/cmis.marketing.limited/tests/Unit/Services/CampaignServiceTest.php on line 76

/home/user/cmis.marketing.limited/app/Services/CampaignService.php:181
/home/user/cmis.marketing.limited/tests/Unit/Services/CampaignServiceTest.php:76</error>
        </testcase>
        <testcase name="it_enforces_org_isolation" file="/home/user/cmis.marketing.limited/tests/Unit/Services/CampaignServiceTest.php" line="145" class="Tests\Unit\Services\CampaignServiceTest" classname="Tests.Unit.Services.CampaignServiceTest" assertions="0" time="0.544329">
          <error type="Error">Tests\Unit\Services\CampaignServiceTest::it_enforces_org_isolation
Error: Call to undefined method App\Services\CampaignService::getCampaign()

/home/user/cmis.marketing.limited/tests/Unit/Services/CampaignServiceTest.php:158</error>
        </testcase>
        <testcase name="it_can_create_campaign_with_context" file="/home/user/cmis.marketing.limited/tests/Unit/Services/CampaignServiceTest.php" line="26" class="Tests\Unit\Services\CampaignServiceTest" classname="Tests.Unit.Services.CampaignServiceTest" assertions="0" time="0.305877">
          <error type="ArgumentCountError">Tests\Unit\Services\CampaignServiceTest::it_can_create_campaign_with_context
ArgumentCountError: Too few arguments to function App\Services\CampaignService::createWithContext(), 1 passed in /home/user/cmis.marketing.limited/tests/Unit/Services/CampaignServiceTest.php on line 45 and exactly 2 expected

/home/user/cmis.marketing.limited/app/Services/CampaignService.php:31
/home/user/cmis.marketing.limited/tests/Unit/Services/CampaignServiceTest.php:45</error>
        </testcase>
        <testcase name="it_handles_campaign_deletion" file="/home/user/cmis.marketing.limited/tests/Unit/Services/CampaignServiceTest.php" line="170" class="Tests\Unit\Services\CampaignServiceTest" classname="Tests.Unit.Services.CampaignServiceTest" assertions="0" time="0.359075">
          <error type="TypeError">Tests\Unit\Services\CampaignServiceTest::it_handles_campaign_deletion
TypeError: App\Services\CampaignService::delete(): Argument #1 ($campaign) must be of type App\Models\Campaign, string given, called in /home/user/cmis.marketing.limited/tests/Unit/Services/CampaignServiceTest.php on line 181

/home/user/cmis.marketing.limited/app/Services/CampaignService.php:213
/home/user/cmis.marketing.limited/tests/Unit/Services/CampaignServiceTest.php:181</error>
        </testcase>
        <testcase name="it_can_find_related_campaigns" file="/home/user/cmis.marketing.limited/tests/Unit/Services/CampaignServiceTest.php" line="95" class="Tests\Unit\Services\CampaignServiceTest" classname="Tests.Unit.Services.CampaignServiceTest" assertions="1" time="0.316602"/>
      </testsuite>
      <testsuite name="Tests\Unit\Helpers\DateHelperTest" file="/home/user/cmis.marketing.limited/tests/Unit/Helpers/DateHelperTest.php" tests="8" assertions="12" errors="0" failures="0" skipped="0" time="0.806692">
        <testcase name="it_gets_end_of_month" file="/home/user/cmis.marketing.limited/tests/Unit/Helpers/DateHelperTest.php" line="87" class="Tests\Unit\Helpers\DateHelperTest" classname="Tests.Unit.Helpers.DateHelperTest" assertions="1" time="0.077529"/>
        <testcase name="it_calculates_days_difference" file="/home/user/cmis.marketing.limited/tests/Unit/Helpers/DateHelperTest.php" line="27" class="Tests\Unit\Helpers\DateHelperTest" classname="Tests.Unit.Helpers.DateHelperTest" assertions="1" time="0.063013"/>
        <testcase name="it_gets_start_of_month" file="/home/user/cmis.marketing.limited/tests/Unit/Helpers/DateHelperTest.php" line="73" class="Tests\Unit\Helpers\DateHelperTest" classname="Tests.Unit.Helpers.DateHelperTest" assertions="1" time="0.073254"/>
        <testcase name="it_formats_time_ago" file="/home/user/cmis.marketing.limited/tests/Unit/Helpers/DateHelperTest.php" line="101" class="Tests\Unit\Helpers\DateHelperTest" classname="Tests.Unit.Helpers.DateHelperTest" assertions="1" time="0.328614"/>
        <testcase name="it_formats_date_for_display" file="/home/user/cmis.marketing.limited/tests/Unit/Helpers/DateHelperTest.php" line="13" class="Tests\Unit\Helpers\DateHelperTest" classname="Tests.Unit.Helpers.DateHelperTest" assertions="1" time="0.065801"/>
        <testcase name="it_checks_if_date_is_past" file="/home/user/cmis.marketing.limited/tests/Unit/Helpers/DateHelperTest.php" line="43" class="Tests\Unit\Helpers\DateHelperTest" classname="Tests.Unit.Helpers.DateHelperTest" assertions="2" time="0.066763"/>
        <testcase name="it_checks_if_date_is_future" file="/home/user/cmis.marketing.limited/tests/Unit/Helpers/DateHelperTest.php" line="58" class="Tests\Unit\Helpers\DateHelperTest" classname="Tests.Unit.Helpers.DateHelperTest" assertions="2" time="0.065163"/>
        <testcase name="it_gets_date_range_array" file="/home/user/cmis.marketing.limited/tests/Unit/Helpers/DateHelperTest.php" line="115" class="Tests\Unit\Helpers\DateHelperTest" classname="Tests.Unit.Helpers.DateHelperTest" assertions="3" time="0.066554"/>
      </testsuite>
      <testsuite name="Tests\Unit\Services\SnapchatServiceTest" file="/home/user/cmis.marketing.limited/tests/Unit/Services/SnapchatServiceTest.php" tests="11" assertions="0" errors="11" failures="0" skipped="0" time="3.303871">
        <testcase name="it_can_get_audience_insights" file="/home/user/cmis.marketing.limited/tests/Unit/Services/SnapchatServiceTest.php" line="150" class="Tests\Unit\Services\SnapchatServiceTest" classname="Tests.Unit.Services.SnapchatServiceTest" assertions="0" time="0.313582">
          <error type="Illuminate\Database\Eloquent\InvalidCastException">Tests\Unit\Services\SnapchatServiceTest::it_can_get_audience_insights
Illuminate\Database\Eloquent\InvalidCastException: Call to undefined cast [Illuminate\Database\Eloquent\Casts\Encrypted] on column [access_token] in model [App\Models\Core\Integration].

/home/user/cmis.marketing.limited/vendor/laravel/framework/src/Illuminate/Database/Eloquent/Concerns/HasAttributes.php:1768
/home/user/cmis.marketing.limited/vendor/laravel/framework/src/Illuminate/Database/Eloquent/Concerns/HasAttributes.php:1084
/home/user/cmis.marketing.limited/vendor/laravel/framework/src/Illuminate/Database/Eloquent/Model.php:619
/home/user/cmis.marketing.limited/vendor/laravel/framework/src/Illuminate/Database/Eloquent/Model.php:713
/home/user/cmis.marketing.limited/vendor/laravel/framework/src/Illuminate/Database/Eloquent/Builder.php:1747
/home/user/cmis.marketing.limited/vendor/laravel/framework/src/Illuminate/Database/Eloquent/Builder.php:1218
/home/user/cmis.marketing.limited/vendor/laravel/framework/src/Illuminate/Support/Traits/ForwardsCalls.php:23
/home/user/cmis.marketing.limited/vendor/laravel/framework/src/Illuminate/Database/Eloquent/Model.php:2540
/home/user/cmis.marketing.limited/vendor/laravel/framework/src/Illuminate/Database/Eloquent/Model.php:2556
/home/user/cmis.marketing.limited/tests/Traits/CreatesTestData.php:105
/home/user/cmis.marketing.limited/tests/Unit/Services/SnapchatServiceTest.php:155</error>
        </testcase>
        <testcase name="it_handles_rate_limiting" file="/home/user/cmis.marketing.limited/tests/Unit/Services/SnapchatServiceTest.php" line="309" class="Tests\Unit\Services\SnapchatServiceTest" classname="Tests.Unit.Services.SnapchatServiceTest" assertions="0" time="0.299428">
          <error type="Illuminate\Database\Eloquent\InvalidCastException">Tests\Unit\Services\SnapchatServiceTest::it_handles_rate_limiting
Illuminate\Database\Eloquent\InvalidCastException: Call to undefined cast [Illuminate\Database\Eloquent\Casts\Encrypted] on column [access_token] in model [App\Models\Core\Integration].

/home/user/cmis.marketing.limited/vendor/laravel/framework/src/Illuminate/Database/Eloquent/Concerns/HasAttributes.php:1768
/home/user/cmis.marketing.limited/vendor/laravel/framework/src/Illuminate/Database/Eloquent/Concerns/HasAttributes.php:1084
/home/user/cmis.marketing.limited/vendor/laravel/framework/src/Illuminate/Database/Eloquent/Model.php:619
/home/user/cmis.marketing.limited/vendor/laravel/framework/src/Illuminate/Database/Eloquent/Model.php:713
/home/user/cmis.marketing.limited/vendor/laravel/framework/src/Illuminate/Database/Eloquent/Builder.php:1747
/home/user/cmis.marketing.limited/vendor/laravel/framework/src/Illuminate/Database/Eloquent/Builder.php:1218
/home/user/cmis.marketing.limited/vendor/laravel/framework/src/Illuminate/Support/Traits/ForwardsCalls.php:23
/home/user/cmis.marketing.limited/vendor/laravel/framework/src/Illuminate/Database/Eloquent/Model.php:2540
/home/user/cmis.marketing.limited/vendor/laravel/framework/src/Illuminate/Database/Eloquent/Model.php:2556
/home/user/cmis.marketing.limited/tests/Traits/CreatesTestData.php:105
/home/user/cmis.marketing.limited/tests/Unit/Services/SnapchatServiceTest.php:314</error>
        </testcase>
        <testcase name="it_can_get_ad_statistics" file="/home/user/cmis.marketing.limited/tests/Unit/Services/SnapchatServiceTest.php" line="118" class="Tests\Unit\Services\SnapchatServiceTest" classname="Tests.Unit.Services.SnapchatServiceTest" assertions="0" time="0.298394">
          <error type="Illuminate\Database\Eloquent\InvalidCastException">Tests\Unit\Services\SnapchatServiceTest::it_can_get_ad_statistics
Illuminate\Database\Eloquent\InvalidCastException: Call to undefined cast [Illuminate\Database\Eloquent\Casts\Encrypted] on column [access_token] in model [App\Models\Core\Integration].

/home/user/cmis.marketing.limited/vendor/laravel/framework/src/Illuminate/Database/Eloquent/Concerns/HasAttributes.php:1768
/home/user/cmis.marketing.limited/vendor/laravel/framework/src/Illuminate/Database/Eloquent/Concerns/HasAttributes.php:1084
/home/user/cmis.marketing.limited/vendor/laravel/framework/src/Illuminate/Database/Eloquent/Model.php:619
/home/user/cmis.marketing.limited/vendor/laravel/framework/src/Illuminate/Database/Eloquent/Model.php:713
/home/user/cmis.marketing.limited/vendor/laravel/framework/src/Illuminate/Database/Eloquent/Builder.php:1747
/home/user/cmis.marketing.limited/vendor/laravel/framework/src/Illuminate/Database/Eloquent/Builder.php:1218
/home/user/cmis.marketing.limited/vendor/laravel/framework/src/Illuminate/Support/Traits/ForwardsCalls.php:23
/home/user/cmis.marketing.limited/vendor/laravel/framework/src/Illuminate/Database/Eloquent/Model.php:2540
/home/user/cmis.marketing.limited/vendor/laravel/framework/src/Illuminate/Database/Eloquent/Model.php:2556
/home/user/cmis.marketing.limited/tests/Traits/CreatesTestData.php:105
/home/user/cmis.marketing.limited/tests/Unit/Services/SnapchatServiceTest.php:123</error>
        </testcase>
        <testcase name="it_can_create_story_ad" file="/home/user/cmis.marketing.limited/tests/Unit/Services/SnapchatServiceTest.php" line="58" class="Tests\Unit\Services\SnapchatServiceTest" classname="Tests.Unit.Services.SnapchatServiceTest" assertions="0" time="0.297973">
          <error type="Illuminate\Database\Eloquent\InvalidCastException">Tests\Unit\Services\SnapchatServiceTest::it_can_create_story_ad
Illuminate\Database\Eloquent\InvalidCastException: Call to undefined cast [Illuminate\Database\Eloquent\Casts\Encrypted] on column [access_token] in model [App\Models\Core\Integration].

/home/user/cmis.marketing.limited/vendor/laravel/framework/src/Illuminate/Database/Eloquent/Concerns/HasAttributes.php:1768
/home/user/cmis.marketing.limited/vendor/laravel/framework/src/Illuminate/Database/Eloquent/Concerns/HasAttributes.php:1084
/home/user/cmis.marketing.limited/vendor/laravel/framework/src/Illuminate/Database/Eloquent/Model.php:619
/home/user/cmis.marketing.limited/vendor/laravel/framework/src/Illuminate/Database/Eloquent/Model.php:713
/home/user/cmis.marketing.limited/vendor/laravel/framework/src/Illuminate/Database/Eloquent/Builder.php:1747
/home/user/cmis.marketing.limited/vendor/laravel/framework/src/Illuminate/Database/Eloquent/Builder.php:1218
/home/user/cmis.marketing.limited/vendor/laravel/framework/src/Illuminate/Support/Traits/ForwardsCalls.php:23
/home/user/cmis.marketing.limited/vendor/laravel/framework/src/Illuminate/Database/Eloquent/Model.php:2540
/home/user/cmis.marketing.limited/vendor/laravel/framework/src/Illuminate/Database/Eloquent/Model.php:2556
/home/user/cmis.marketing.limited/tests/Traits/CreatesTestData.php:105
/home/user/cmis.marketing.limited/tests/Unit/Services/SnapchatServiceTest.php:63</error>
        </testcase>
        <testcase name="it_can_update_ad_status" file="/home/user/cmis.marketing.limited/tests/Unit/Services/SnapchatServiceTest.php" line="239" class="Tests\Unit\Services\SnapchatServiceTest" classname="Tests.Unit.Services.SnapchatServiceTest" assertions="0" time="0.301374">
          <error type="Illuminate\Database\Eloquent\InvalidCastException">Tests\Unit\Services\SnapchatServiceTest::it_can_update_ad_status
Illuminate\Database\Eloquent\InvalidCastException: Call to undefined cast [Illuminate\Database\Eloquent\Casts\Encrypted] on column [access_token] in model [App\Models\Core\Integration].

/home/user/cmis.marketing.limited/vendor/laravel/framework/src/Illuminate/Database/Eloquent/Concerns/HasAttributes.php:1768
/home/user/cmis.marketing.limited/vendor/laravel/framework/src/Illuminate/Database/Eloquent/Concerns/HasAttributes.php:1084
/home/user/cmis.marketing.limited/vendor/laravel/framework/src/Illuminate/Database/Eloquent/Model.php:619
/home/user/cmis.marketing.limited/vendor/laravel/framework/src/Illuminate/Database/Eloquent/Model.php:713
/home/user/cmis.marketing.limited/vendor/laravel/framework/src/Illuminate/Database/Eloquent/Builder.php:1747
/home/user/cmis.marketing.limited/vendor/laravel/framework/src/Illuminate/Database/Eloquent/Builder.php:1218
/home/user/cmis.marketing.limited/vendor/laravel/framework/src/Illuminate/Support/Traits/ForwardsCalls.php:23
/home/user/cmis.marketing.limited/vendor/laravel/framework/src/Illuminate/Database/Eloquent/Model.php:2540
/home/user/cmis.marketing.limited/vendor/laravel/framework/src/Illuminate/Database/Eloquent/Model.php:2556
/home/user/cmis.marketing.limited/tests/Traits/CreatesTestData.php:105
/home/user/cmis.marketing.limited/tests/Unit/Services/SnapchatServiceTest.php:244</error>
        </testcase>
        <testcase name="it_can_upload_media" file="/home/user/cmis.marketing.limited/tests/Unit/Services/SnapchatServiceTest.php" line="88" class="Tests\Unit\Services\SnapchatServiceTest" classname="Tests.Unit.Services.SnapchatServiceTest" assertions="0" time="0.299844">
          <error type="Illuminate\Database\Eloquent\InvalidCastException">Tests\Unit\Services\SnapchatServiceTest::it_can_upload_media
Illuminate\Database\Eloquent\InvalidCastException: Call to undefined cast [Illuminate\Database\Eloquent\Casts\Encrypted] on column [access_token] in model [App\Models\Core\Integration].

/home/user/cmis.marketing.limited/vendor/laravel/framework/src/Illuminate/Database/Eloquent/Concerns/HasAttributes.php:1768
/home/user/cmis.marketing.limited/vendor/laravel/framework/src/Illuminate/Database/Eloquent/Concerns/HasAttributes.php:1084
/home/user/cmis.marketing.limited/vendor/laravel/framework/src/Illuminate/Database/Eloquent/Model.php:619
/home/user/cmis.marketing.limited/vendor/laravel/framework/src/Illuminate/Database/Eloquent/Model.php:713
/home/user/cmis.marketing.limited/vendor/laravel/framework/src/Illuminate/Database/Eloquent/Builder.php:1747
/home/user/cmis.marketing.limited/vendor/laravel/framework/src/Illuminate/Database/Eloquent/Builder.php:1218
/home/user/cmis.marketing.limited/vendor/laravel/framework/src/Illuminate/Support/Traits/ForwardsCalls.php:23
/home/user/cmis.marketing.limited/vendor/laravel/framework/src/Illuminate/Database/Eloquent/Model.php:2540
/home/user/cmis.marketing.limited/vendor/laravel/framework/src/Illuminate/Database/Eloquent/Model.php:2556
/home/user/cmis.marketing.limited/tests/Traits/CreatesTestData.php:105
/home/user/cmis.marketing.limited/tests/Unit/Services/SnapchatServiceTest.php:93</error>
        </testcase>
        <testcase name="it_can_create_pixel" file="/home/user/cmis.marketing.limited/tests/Unit/Services/SnapchatServiceTest.php" line="183" class="Tests\Unit\Services\SnapchatServiceTest" classname="Tests.Unit.Services.SnapchatServiceTest" assertions="0" time="0.302522">
          <error type="Illuminate\Database\Eloquent\InvalidCastException">Tests\Unit\Services\SnapchatServiceTest::it_can_create_pixel
Illuminate\Database\Eloquent\InvalidCastException: Call to undefined cast [Illuminate\Database\Eloquent\Casts\Encrypted] on column [access_token] in model [App\Models\Core\Integration].

/home/user/cmis.marketing.limited/vendor/laravel/framework/src/Illuminate/Database/Eloquent/Concerns/HasAttributes.php:1768
/home/user/cmis.marketing.limited/vendor/laravel/framework/src/Illuminate/Database/Eloquent/Concerns/HasAttributes.php:1084
/home/user/cmis.marketing.limited/vendor/laravel/framework/src/Illuminate/Database/Eloquent/Model.php:619
/home/user/cmis.marketing.limited/vendor/laravel/framework/src/Illuminate/Database/Eloquent/Model.php:713
/home/user/cmis.marketing.limited/vendor/laravel/framework/src/Illuminate/Database/Eloquent/Builder.php:1747
/home/user/cmis.marketing.limited/vendor/laravel/framework/src/Illuminate/Database/Eloquent/Builder.php:1218
/home/user/cmis.marketing.limited/vendor/laravel/framework/src/Illuminate/Support/Traits/ForwardsCalls.php:23
/home/user/cmis.marketing.limited/vendor/laravel/framework/src/Illuminate/Database/Eloquent/Model.php:2540
/home/user/cmis.marketing.limited/vendor/laravel/framework/src/Illuminate/Database/Eloquent/Model.php:2556
/home/user/cmis.marketing.limited/tests/Traits/CreatesTestData.php:105
/home/user/cmis.marketing.limited/tests/Unit/Services/SnapchatServiceTest.php:188</error>
        </testcase>
        <testcase name="it_can_get_pixel_events" file="/home/user/cmis.marketing.limited/tests/Unit/Services/SnapchatServiceTest.php" line="212" class="Tests\Unit\Services\SnapchatServiceTest" classname="Tests.Unit.Services.SnapchatServiceTest" assertions="0" time="0.296502">
          <error type="Illuminate\Database\Eloquent\InvalidCastException">Tests\Unit\Services\SnapchatServiceTest::it_can_get_pixel_events
Illuminate\Database\Eloquent\InvalidCastException: Call to undefined cast [Illuminate\Database\Eloquent\Casts\Encrypted] on column [access_token] in model [App\Models\Core\Integration].

/home/user/cmis.marketing.limited/vendor/laravel/framework/src/Illuminate/Database/Eloquent/Concerns/HasAttributes.php:1768
/home/user/cmis.marketing.limited/vendor/laravel/framework/src/Illuminate/Database/Eloquent/Concerns/HasAttributes.php:1084
/home/user/cmis.marketing.limited/vendor/laravel/framework/src/Illuminate/Database/Eloquent/Model.php:619
/home/user/cmis.marketing.limited/vendor/laravel/framework/src/Illuminate/Database/Eloquent/Model.php:713
/home/user/cmis.marketing.limited/vendor/laravel/framework/src/Illuminate/Database/Eloquent/Builder.php:1747
/home/user/cmis.marketing.limited/vendor/laravel/framework/src/Illuminate/Database/Eloquent/Builder.php:1218
/home/user/cmis.marketing.limited/vendor/laravel/framework/src/Illuminate/Support/Traits/ForwardsCalls.php:23
/home/user/cmis.marketing.limited/vendor/laravel/framework/src/Illuminate/Database/Eloquent/Model.php:2540
/home/user/cmis.marketing.limited/vendor/laravel/framework/src/Illuminate/Database/Eloquent/Model.php:2556
/home/user/cmis.marketing.limited/tests/Traits/CreatesTestData.php:105
/home/user/cmis.marketing.limited/tests/Unit/Services/SnapchatServiceTest.php:217</error>
        </testcase>
        <testcase name="it_validates_ad_account_id" file="/home/user/cmis.marketing.limited/tests/Unit/Services/SnapchatServiceTest.php" line="264" class="Tests\Unit\Services\SnapchatServiceTest" classname="Tests.Unit.Services.SnapchatServiceTest" assertions="0" time="0.305960">
          <error type="Illuminate\Database\Eloquent\InvalidCastException">Tests\Unit\Services\SnapchatServiceTest::it_validates_ad_account_id
Illuminate\Database\Eloquent\InvalidCastException: Call to undefined cast [Illuminate\Database\Eloquent\Casts\Encrypted] on column [access_token] in model [App\Models\Core\Integration].

/home/user/cmis.marketing.limited/vendor/laravel/framework/src/Illuminate/Database/Eloquent/Concerns/HasAttributes.php:1768
/home/user/cmis.marketing.limited/vendor/laravel/framework/src/Illuminate/Database/Eloquent/Concerns/HasAttributes.php:1084
/home/user/cmis.marketing.limited/vendor/laravel/framework/src/Illuminate/Database/Eloquent/Model.php:619
/home/user/cmis.marketing.limited/vendor/laravel/framework/src/Illuminate/Database/Eloquent/Model.php:713
/home/user/cmis.marketing.limited/vendor/laravel/framework/src/Illuminate/Database/Eloquent/Builder.php:1747
/home/user/cmis.marketing.limited/vendor/laravel/framework/src/Illuminate/Database/Eloquent/Builder.php:1218
/home/user/cmis.marketing.limited/vendor/laravel/framework/src/Illuminate/Support/Traits/ForwardsCalls.php:23
/home/user/cmis.marketing.limited/vendor/laravel/framework/src/Illuminate/Database/Eloquent/Model.php:2540
/home/user/cmis.marketing.limited/vendor/laravel/framework/src/Illuminate/Database/Eloquent/Model.php:2556
/home/user/cmis.marketing.limited/tests/Traits/CreatesTestData.php:105
/home/user/cmis.marketing.limited/tests/Unit/Services/SnapchatServiceTest.php:269</error>
        </testcase>
        <testcase name="it_can_create_snap_ad" file="/home/user/cmis.marketing.limited/tests/Unit/Services/SnapchatServiceTest.php" line="27" class="Tests\Unit\Services\SnapchatServiceTest" classname="Tests.Unit.Services.SnapchatServiceTest" assertions="0" time="0.294543">
          <error type="Illuminate\Database\Eloquent\InvalidCastException">Tests\Unit\Services\SnapchatServiceTest::it_can_create_snap_ad
Illuminate\Database\Eloquent\InvalidCastException: Call to undefined cast [Illuminate\Database\Eloquent\Casts\Encrypted] on column [access_token] in model [App\Models\Core\Integration].

/home/user/cmis.marketing.limited/vendor/laravel/framework/src/Illuminate/Database/Eloquent/Concerns/HasAttributes.php:1768
/home/user/cmis.marketing.limited/vendor/laravel/framework/src/Illuminate/Database/Eloquent/Concerns/HasAttributes.php:1084
/home/user/cmis.marketing.limited/vendor/laravel/framework/src/Illuminate/Database/Eloquent/Model.php:619
/home/user/cmis.marketing.limited/vendor/laravel/framework/src/Illuminate/Database/Eloquent/Model.php:713
/home/user/cmis.marketing.limited/vendor/laravel/framework/src/Illuminate/Database/Eloquent/Builder.php:1747
/home/user/cmis.marketing.limited/vendor/laravel/framework/src/Illuminate/Database/Eloquent/Builder.php:1218
/home/user/cmis.marketing.limited/vendor/laravel/framework/src/Illuminate/Support/Traits/ForwardsCalls.php:23
/home/user/cmis.marketing.limited/vendor/laravel/framework/src/Illuminate/Database/Eloquent/Model.php:2540
/home/user/cmis.marketing.limited/vendor/laravel/framework/src/Illuminate/Database/Eloquent/Model.php:2556
/home/user/cmis.marketing.limited/tests/Traits/CreatesTestData.php:105
/home/user/cmis.marketing.limited/tests/Unit/Services/SnapchatServiceTest.php:32</error>
        </testcase>
        <testcase name="it_handles_api_errors" file="/home/user/cmis.marketing.limited/tests/Unit/Services/SnapchatServiceTest.php" line="285" class="Tests\Unit\Services\SnapchatServiceTest" classname="Tests.Unit.Services.SnapchatServiceTest" assertions="0" time="0.293748">
          <error type="Illuminate\Database\Eloquent\InvalidCastException">Tests\Unit\Services\SnapchatServiceTest::it_handles_api_errors
Illuminate\Database\Eloquent\InvalidCastException: Call to undefined cast [Illuminate\Database\Eloquent\Casts\Encrypted] on column [access_token] in model [App\Models\Core\Integration].

/home/user/cmis.marketing.limited/vendor/laravel/framework/src/Illuminate/Database/Eloquent/Concerns/HasAttributes.php:1768
/home/user/cmis.marketing.limited/vendor/laravel/framework/src/Illuminate/Database/Eloquent/Concerns/HasAttributes.php:1084
/home/user/cmis.marketing.limited/vendor/laravel/framework/src/Illuminate/Database/Eloquent/Model.php:619
/home/user/cmis.marketing.limited/vendor/laravel/framework/src/Illuminate/Database/Eloquent/Model.php:713
/home/user/cmis.marketing.limited/vendor/laravel/framework/src/Illuminate/Database/Eloquent/Builder.php:1747
/home/user/cmis.marketing.limited/vendor/laravel/framework/src/Illuminate/Database/Eloquent/Builder.php:1218
/home/user/cmis.marketing.limited/vendor/laravel/framework/src/Illuminate/Support/Traits/ForwardsCalls.php:23
/home/user/cmis.marketing.limited/vendor/laravel/framework/src/Illuminate/Database/Eloquent/Model.php:2540
/home/user/cmis.marketing.limited/vendor/laravel/framework/src/Illuminate/Database/Eloquent/Model.php:2556
/home/user/cmis.marketing.limited/tests/Traits/CreatesTestData.php:105
/home/user/cmis.marketing.limited/tests/Unit/Services/SnapchatServiceTest.php:290</error>
        </testcase>
      </testsuite>
      <testsuite name="Tests\Unit\Models\OrgTest" file="/home/user/cmis.marketing.limited/tests/Unit/Models/OrgTest.php" tests="10" assertions="13" errors="2" failures="1" skipped="0" time="1.196946">
        <testcase name="it_enforces_unique_name_constraint" file="/home/user/cmis.marketing.limited/tests/Unit/Models/OrgTest.php" line="117" class="Tests\Unit\Models\OrgTest" classname="Tests.Unit.Models.OrgTest" assertions="1" time="0.061892">
          <failure type="PHPUnit\Framework\ExpectationFailedException">Tests\Unit\Models\OrgTest::it_enforces_unique_name_constraint
Failed asserting that exception of type "Illuminate\Database\QueryException" is thrown.</failure>
        </testcase>
        <testcase name="it_stores_settings_as_json" file="/home/user/cmis.marketing.limited/tests/Unit/Models/OrgTest.php" line="151" class="Tests\Unit\Models\OrgTest" classname="Tests.Unit.Models.OrgTest" assertions="0" time="0.058456">
          <error type="ErrorException">Tests\Unit\Models\OrgTest::it_stores_settings_as_json
ErrorException: Trying to access array offset on null

/home/user/cmis.marketing.limited/vendor/laravel/framework/src/Illuminate/Foundation/Bootstrap/HandleExceptions.php:258
/home/user/cmis.marketing.limited/tests/Unit/Models/OrgTest.php:163</error>
        </testcase>
        <testcase name="it_has_many_campaigns" file="/home/user/cmis.marketing.limited/tests/Unit/Models/OrgTest.php" line="80" class="Tests\Unit\Models\OrgTest" classname="Tests.Unit.Models.OrgTest" assertions="1" time="0.063143"/>
        <testcase name="it_can_create_an_organization" file="/home/user/cmis.marketing.limited/tests/Unit/Models/OrgTest.php" line="25" class="Tests\Unit\Models\OrgTest" classname="Tests.Unit.Models.OrgTest" assertions="1" time="0.176285"/>
        <testcase name="it_can_be_soft_deleted" file="/home/user/cmis.marketing.limited/tests/Unit/Models/OrgTest.php" line="133" class="Tests\Unit\Models\OrgTest" classname="Tests.Unit.Models.OrgTest" assertions="4" time="0.068471"/>
        <testcase name="it_has_many_users" file="/home/user/cmis.marketing.limited/tests/Unit/Models/OrgTest.php" line="41" class="Tests\Unit\Models\OrgTest" classname="Tests.Unit.Models.OrgTest" assertions="0" time="0.525894">
          <error type="Illuminate\Database\QueryException">Tests\Unit\Models\OrgTest::it_has_many_users
Illuminate\Database\QueryException: SQLSTATE[23502]: Not null violation: 7 ERROR:  null value in column "user_id" of relation "user_orgs" violates not-null constraint
DETAIL:  Failing row contains (ecefec08-15c9-46e4-b14d-de7af8adc388, null, b2c47e44-e802-4076-bd92-811299dcf88c, null, t, 2025-11-19 11:04:58.735204+00, null, null, null, null, 2025-11-19 11:04:59+00, 2025-11-19 11:04:59+00). (Connection: pgsql, SQL: insert into "cmis"."user_orgs" ("id", "user_id", "org_id", "is_active", "updated_at", "created_at") values (ecefec08-15c9-46e4-b14d-de7af8adc388, ?, b2c47e44-e802-4076-bd92-811299dcf88c, 1, 2025-11-19 11:04:59, 2025-11-19 11:04:59))

/home/user/cmis.marketing.limited/vendor/laravel/framework/src/Illuminate/Database/Connection.php:824
/home/user/cmis.marketing.limited/vendor/laravel/framework/src/Illuminate/Database/Connection.php:778
/home/user/cmis.marketing.limited/vendor/laravel/framework/src/Illuminate/Database/Connection.php:559
/home/user/cmis.marketing.limited/vendor/laravel/framework/src/Illuminate/Database/Connection.php:523
/home/user/cmis.marketing.limited/vendor/laravel/framework/src/Illuminate/Database/Query/Builder.php:3804
/home/user/cmis.marketing.limited/vendor/laravel/framework/src/Illuminate/Database/Eloquent/Builder.php:2235
/home/user/cmis.marketing.limited/vendor/laravel/framework/src/Illuminate/Database/Eloquent/Model.php:1412
/home/user/cmis.marketing.limited/vendor/laravel/framework/src/Illuminate/Database/Eloquent/Model.php:1240
/home/user/cmis.marketing.limited/vendor/laravel/framework/src/Illuminate/Database/Eloquent/Builder.php:1219
/home/user/cmis.marketing.limited/vendor/laravel/framework/src/Illuminate/Support/helpers.php:390
/home/user/cmis.marketing.limited/vendor/laravel/framework/src/Illuminate/Database/Eloquent/Builder.php:1218
/home/user/cmis.marketing.limited/vendor/laravel/framework/src/Illuminate/Support/Traits/ForwardsCalls.php:23
/home/user/cmis.marketing.limited/vendor/laravel/framework/src/Illuminate/Database/Eloquent/Model.php:2540
/home/user/cmis.marketing.limited/vendor/laravel/framework/src/Illuminate/Database/Eloquent/Model.php:2556
/home/user/cmis.marketing.limited/tests/Unit/Models/OrgTest.php:62</error>
        </testcase>
        <testcase name="it_has_timestamps" file="/home/user/cmis.marketing.limited/tests/Unit/Models/OrgTest.php" line="169" class="Tests\Unit\Models\OrgTest" classname="Tests.Unit.Models.OrgTest" assertions="2" time="0.062342"/>
        <testcase name="it_uses_uuid_as_primary_key" file="/home/user/cmis.marketing.limited/tests/Unit/Models/OrgTest.php" line="105" class="Tests\Unit\Models\OrgTest" classname="Tests.Unit.Models.OrgTest" assertions="2" time="0.061647"/>
        <testcase name="it_can_count_active_campaigns" file="/home/user/cmis.marketing.limited/tests/Unit/Models/OrgTest.php" line="181" class="Tests\Unit\Models\OrgTest" classname="Tests.Unit.Models.OrgTest" assertions="1" time="0.065174"/>
        <testcase name="it_validates_required_fields" file="/home/user/cmis.marketing.limited/tests/Unit/Models/OrgTest.php" line="214" class="Tests\Unit\Models\OrgTest" classname="Tests.Unit.Models.OrgTest" assertions="1" time="0.053642"/>
      </testsuite>
      <testsuite name="Tests\Unit\Events\CampaignCompletedEventTest" file="/home/user/cmis.marketing.limited/tests/Unit/Events/CampaignCompletedEventTest.php" tests="6" assertions="0" errors="6" failures="0" skipped="0" time="0.391230">
        <testcase name="it_can_be_dispatched" file="/home/user/cmis.marketing.limited/tests/Unit/Events/CampaignCompletedEventTest.php" line="53" class="Tests\Unit\Events\CampaignCompletedEventTest" classname="Tests.Unit.Events.CampaignCompletedEventTest" assertions="0" time="0.067343">
          <error type="Error">Tests\Unit\Events\CampaignCompletedEventTest::it_can_be_dispatched
Error: Class "App\Events\Campaign\CampaignCompletedEvent" not found

/home/user/cmis.marketing.limited/tests/Unit/Events/CampaignCompletedEventTest.php:69</error>
        </testcase>
        <testcase name="it_contains_campaign_data" file="/home/user/cmis.marketing.limited/tests/Unit/Events/CampaignCompletedEventTest.php" line="80" class="Tests\Unit\Events\CampaignCompletedEventTest" classname="Tests.Unit.Events.CampaignCompletedEventTest" assertions="0" time="0.064691">
          <error type="Error">Tests\Unit\Events\CampaignCompletedEventTest::it_contains_campaign_data
Error: Class "App\Events\Campaign\CampaignCompletedEvent" not found

/home/user/cmis.marketing.limited/tests/Unit/Events/CampaignCompletedEventTest.php:95</error>
        </testcase>
        <testcase name="it_broadcasts_on_private_channel" file="/home/user/cmis.marketing.limited/tests/Unit/Events/CampaignCompletedEventTest.php" line="108" class="Tests\Unit\Events\CampaignCompletedEventTest" classname="Tests.Unit.Events.CampaignCompletedEventTest" assertions="0" time="0.066482">
          <error type="Error">Tests\Unit\Events\CampaignCompletedEventTest::it_broadcasts_on_private_channel
Error: Class "App\Events\Campaign\CampaignCompletedEvent" not found

/home/user/cmis.marketing.limited/tests/Unit/Events/CampaignCompletedEventTest.php:122</error>
        </testcase>
        <testcase name="it_can_be_listened_to" file="/home/user/cmis.marketing.limited/tests/Unit/Events/CampaignCompletedEventTest.php" line="134" class="Tests\Unit\Events\CampaignCompletedEventTest" classname="Tests.Unit.Events.CampaignCompletedEventTest" assertions="0" time="0.067588">
          <error type="Error">Tests\Unit\Events\CampaignCompletedEventTest::it_can_be_listened_to
Error: Class "App\Events\Campaign\CampaignCompletedEvent" not found

/home/user/cmis.marketing.limited/tests/Unit/Events/CampaignCompletedEventTest.php:150</error>
        </testcase>
        <testcase name="it_includes_completion_timestamp" file="/home/user/cmis.marketing.limited/tests/Unit/Events/CampaignCompletedEventTest.php" line="163" class="Tests\Unit\Events\CampaignCompletedEventTest" classname="Tests.Unit.Events.CampaignCompletedEventTest" assertions="0" time="0.061876">
          <error type="Error">Tests\Unit\Events\CampaignCompletedEventTest::it_includes_completion_timestamp
Error: Class "App\Events\Campaign\CampaignCompletedEvent" not found

/home/user/cmis.marketing.limited/tests/Unit/Events/CampaignCompletedEventTest.php:178</error>
        </testcase>
        <testcase name="it_can_be_instantiated" file="/home/user/cmis.marketing.limited/tests/Unit/Events/CampaignCompletedEventTest.php" line="27" class="Tests\Unit\Events\CampaignCompletedEventTest" classname="Tests.Unit.Events.CampaignCompletedEventTest" assertions="0" time="0.063250">
          <error type="Error">Tests\Unit\Events\CampaignCompletedEventTest::it_can_be_instantiated
Error: Class "App\Events\Campaign\CampaignCompletedEvent" not found

/home/user/cmis.marketing.limited/tests/Unit/Events/CampaignCompletedEventTest.php:41</error>
        </testcase>
      </testsuite>
      <testsuite name="Tests\Unit\Models\Operations\AuditLogTest" file="/home/user/cmis.marketing.limited/tests/Unit/Models/Operations/AuditLogTest.php" tests="13" assertions="0" errors="13" failures="0" skipped="0" time="1.309049">
        <testcase name="it_can_create_audit_log" file="/home/user/cmis.marketing.limited/tests/Unit/Models/Operations/AuditLogTest.php" line="25" class="Tests\Unit\Models\Operations\AuditLogTest" classname="Tests.Unit.Models.Operations.AuditLogTest" assertions="0" time="0.296478">
          <error type="Illuminate\Database\QueryException">Tests\Unit\Models\Operations\AuditLogTest::it_can_create_audit_log
Illuminate\Database\QueryException: SQLSTATE[42P01]: Undefined table: 7 ERROR:  relation "cmis.audit_logs" does not exist
LINE 1: insert into "cmis"."audit_logs" ("org_id", "user_id", "actio...
                    ^ (Connection: pgsql, SQL: insert into "cmis"."audit_logs" ("org_id", "user_id", "action", "entity_type", "entity_id", "ip_address", "log_id", "updated_at", "created_at") values (ad5250e7-48e7-4109-ad30-0f9ebb41ad05, 09fd5eb1-e04d-4542-a262-841c7caf2d40, created, Campaign, 2be600a6-c39f-4af8-8001-fbf4d26a83fc, 192.168.1.1, 019a9bca-07ea-7359-9b73-de0a28bc5560, 2025-11-19 11:05:00, 2025-11-19 11:05:00))

/home/user/cmis.marketing.limited/vendor/laravel/framework/src/Illuminate/Database/Connection.php:824
/home/user/cmis.marketing.limited/vendor/laravel/framework/src/Illuminate/Database/Connection.php:778
/home/user/cmis.marketing.limited/vendor/laravel/framework/src/Illuminate/Database/Connection.php:559
/home/user/cmis.marketing.limited/vendor/laravel/framework/src/Illuminate/Database/Connection.php:523
/home/user/cmis.marketing.limited/vendor/laravel/framework/src/Illuminate/Database/Query/Builder.php:3804
/home/user/cmis.marketing.limited/vendor/laravel/framework/src/Illuminate/Database/Eloquent/Builder.php:2235
/home/user/cmis.marketing.limited/vendor/laravel/framework/src/Illuminate/Database/Eloquent/Model.php:1412
/home/user/cmis.marketing.limited/vendor/laravel/framework/src/Illuminate/Database/Eloquent/Model.php:1240
/home/user/cmis.marketing.limited/vendor/laravel/framework/src/Illuminate/Database/Eloquent/Builder.php:1219
/home/user/cmis.marketing.limited/vendor/laravel/framework/src/Illuminate/Support/helpers.php:390
/home/user/cmis.marketing.limited/vendor/laravel/framework/src/Illuminate/Database/Eloquent/Builder.php:1218
/home/user/cmis.marketing.limited/vendor/laravel/framework/src/Illuminate/Support/Traits/ForwardsCalls.php:23
/home/user/cmis.marketing.limited/vendor/laravel/framework/src/Illuminate/Database/Eloquent/Model.php:2540
/home/user/cmis.marketing.limited/vendor/laravel/framework/src/Illuminate/Database/Eloquent/Model.php:2556
/home/user/cmis.marketing.limited/tests/Unit/Models/Operations/AuditLogTest.php:39</error>
        </testcase>
        <testcase name="it_belongs_to_org" file="/home/user/cmis.marketing.limited/tests/Unit/Models/Operations/AuditLogTest.php" line="61" class="Tests\Unit\Models\Operations\AuditLogTest" classname="Tests.Unit.Models.Operations.AuditLogTest" assertions="0" time="0.059555">
          <error type="Illuminate\Database\QueryException">Tests\Unit\Models\Operations\AuditLogTest::it_belongs_to_org
Illuminate\Database\QueryException: SQLSTATE[42P01]: Undefined table: 7 ERROR:  relation "cmis.audit_logs" does not exist
LINE 1: insert into "cmis"."audit_logs" ("org_id", "action", "entity...
                    ^ (Connection: pgsql, SQL: insert into "cmis"."audit_logs" ("org_id", "action", "entity_type", "log_id", "updated_at", "created_at") values (ef005e3c-6da0-4a4c-ac2e-378f1f60fadb, updated, Content, 019a9bca-0826-7336-a05e-4dfe6f33ae9a, 2025-11-19 11:05:00, 2025-11-19 11:05:00))

/home/user/cmis.marketing.limited/vendor/laravel/framework/src/Illuminate/Database/Connection.php:824
/home/user/cmis.marketing.limited/vendor/laravel/framework/src/Illuminate/Database/Connection.php:778
/home/user/cmis.marketing.limited/vendor/laravel/framework/src/Illuminate/Database/Connection.php:559
/home/user/cmis.marketing.limited/vendor/laravel/framework/src/Illuminate/Database/Connection.php:523
/home/user/cmis.marketing.limited/vendor/laravel/framework/src/Illuminate/Database/Query/Builder.php:3804
/home/user/cmis.marketing.limited/vendor/laravel/framework/src/Illuminate/Database/Eloquent/Builder.php:2235
/home/user/cmis.marketing.limited/vendor/laravel/framework/src/Illuminate/Database/Eloquent/Model.php:1412
/home/user/cmis.marketing.limited/vendor/laravel/framework/src/Illuminate/Database/Eloquent/Model.php:1240
/home/user/cmis.marketing.limited/vendor/laravel/framework/src/Illuminate/Database/Eloquent/Builder.php:1219
/home/user/cmis.marketing.limited/vendor/laravel/framework/src/Illuminate/Support/helpers.php:390
/home/user/cmis.marketing.limited/vendor/laravel/framework/src/Illuminate/Database/Eloquent/Builder.php:1218
/home/user/cmis.marketing.limited/vendor/laravel/framework/src/Illuminate/Support/Traits/ForwardsCalls.php:23
/home/user/cmis.marketing.limited/vendor/laravel/framework/src/Illuminate/Database/Eloquent/Model.php:2540
/home/user/cmis.marketing.limited/vendor/laravel/framework/src/Illuminate/Database/Eloquent/Model.php:2556
/home/user/cmis.marketing.limited/tests/Unit/Models/Operations/AuditLogTest.php:68</error>
        </testcase>
        <testcase name="it_stores_old_and_new_values" file="/home/user/cmis.marketing.limited/tests/Unit/Models/Operations/AuditLogTest.php" line="169" class="Tests\Unit\Models\Operations\AuditLogTest" classname="Tests.Unit.Models.Operations.AuditLogTest" assertions="0" time="0.057717">
          <error type="Illuminate\Database\QueryException">Tests\Unit\Models\Operations\AuditLogTest::it_stores_old_and_new_values
Illuminate\Database\QueryException: SQLSTATE[42P01]: Undefined table: 7 ERROR:  relation "cmis.audit_logs" does not exist
LINE 1: insert into "cmis"."audit_logs" ("org_id", "action", "entity...
                    ^ (Connection: pgsql, SQL: insert into "cmis"."audit_logs" ("org_id", "action", "entity_type", "old_values", "new_values", "log_id", "updated_at", "created_at") values (b9f1b56d-d97d-4a84-8ae2-4548af4fc64b, updated, Campaign, {"name":"Old Campaign Name","status":"draft"}, {"name":"New Campaign Name","status":"active"}, 019a9bca-085f-726b-896e-f722eb8a614f, 2025-11-19 11:05:00, 2025-11-19 11:05:00))

/home/user/cmis.marketing.limited/vendor/laravel/framework/src/Illuminate/Database/Connection.php:824
/home/user/cmis.marketing.limited/vendor/laravel/framework/src/Illuminate/Database/Connection.php:778
/home/user/cmis.marketing.limited/vendor/laravel/framework/src/Illuminate/Database/Connection.php:559
/home/user/cmis.marketing.limited/vendor/laravel/framework/src/Illuminate/Database/Connection.php:523
/home/user/cmis.marketing.limited/vendor/laravel/framework/src/Illuminate/Database/Query/Builder.php:3804
/home/user/cmis.marketing.limited/vendor/laravel/framework/src/Illuminate/Database/Eloquent/Builder.php:2235
/home/user/cmis.marketing.limited/vendor/laravel/framework/src/Illuminate/Database/Eloquent/Model.php:1412
/home/user/cmis.marketing.limited/vendor/laravel/framework/src/Illuminate/Database/Eloquent/Model.php:1240
/home/user/cmis.marketing.limited/vendor/laravel/framework/src/Illuminate/Database/Eloquent/Builder.php:1219
/home/user/cmis.marketing.limited/vendor/laravel/framework/src/Illuminate/Support/helpers.php:390
/home/user/cmis.marketing.limited/vendor/laravel/framework/src/Illuminate/Database/Eloquent/Builder.php:1218
/home/user/cmis.marketing.limited/vendor/laravel/framework/src/Illuminate/Support/Traits/ForwardsCalls.php:23
/home/user/cmis.marketing.limited/vendor/laravel/framework/src/Illuminate/Database/Eloquent/Model.php:2540
/home/user/cmis.marketing.limited/vendor/laravel/framework/src/Illuminate/Database/Eloquent/Model.php:2556
/home/user/cmis.marketing.limited/tests/Unit/Models/Operations/AuditLogTest.php:186</error>
        </testcase>
        <testcase name="it_stores_entity_information" file="/home/user/cmis.marketing.limited/tests/Unit/Models/Operations/AuditLogTest.php" line="142" class="Tests\Unit\Models\Operations\AuditLogTest" classname="Tests.Unit.Models.Operations.AuditLogTest" assertions="0" time="0.056968">
          <error type="Illuminate\Database\QueryException">Tests\Unit\Models\Operations\AuditLogTest::it_stores_entity_information
Illuminate\Database\QueryException: SQLSTATE[42P01]: Undefined table: 7 ERROR:  relation "cmis.audit_logs" does not exist
LINE 1: insert into "cmis"."audit_logs" ("org_id", "action", "entity...
                    ^ (Connection: pgsql, SQL: insert into "cmis"."audit_logs" ("org_id", "action", "entity_type", "entity_id", "log_id", "updated_at", "created_at") values (277043c9-c234-421c-93aa-2a39b0b5e600, updated, Campaign, b68f597d-e080-4363-a349-47fe0aec167d, 019a9bca-0899-71b0-999d-319fdfd5fa50, 2025-11-19 11:05:00, 2025-11-19 11:05:00))

/home/user/cmis.marketing.limited/vendor/laravel/framework/src/Illuminate/Database/Connection.php:824
/home/user/cmis.marketing.limited/vendor/laravel/framework/src/Illuminate/Database/Connection.php:778
/home/user/cmis.marketing.limited/vendor/laravel/framework/src/Illuminate/Database/Connection.php:559
/home/user/cmis.marketing.limited/vendor/laravel/framework/src/Illuminate/Database/Connection.php:523
/home/user/cmis.marketing.limited/vendor/laravel/framework/src/Illuminate/Database/Query/Builder.php:3804
/home/user/cmis.marketing.limited/vendor/laravel/framework/src/Illuminate/Database/Eloquent/Builder.php:2235
/home/user/cmis.marketing.limited/vendor/laravel/framework/src/Illuminate/Database/Eloquent/Model.php:1412
/home/user/cmis.marketing.limited/vendor/laravel/framework/src/Illuminate/Database/Eloquent/Model.php:1240
/home/user/cmis.marketing.limited/vendor/laravel/framework/src/Illuminate/Database/Eloquent/Builder.php:1219
/home/user/cmis.marketing.limited/vendor/laravel/framework/src/Illuminate/Support/helpers.php:390
/home/user/cmis.marketing.limited/vendor/laravel/framework/src/Illuminate/Database/Eloquent/Builder.php:1218
/home/user/cmis.marketing.limited/vendor/laravel/framework/src/Illuminate/Support/Traits/ForwardsCalls.php:23
/home/user/cmis.marketing.limited/vendor/laravel/framework/src/Illuminate/Database/Eloquent/Model.php:2540
/home/user/cmis.marketing.limited/vendor/laravel/framework/src/Illuminate/Database/Eloquent/Model.php:2556
/home/user/cmis.marketing.limited/tests/Unit/Models/Operations/AuditLogTest.php:151</error>
        </testcase>
        <testcase name="it_uses_uuid_as_primary_key" file="/home/user/cmis.marketing.limited/tests/Unit/Models/Operations/AuditLogTest.php" line="286" class="Tests\Unit\Models\Operations\AuditLogTest" classname="Tests.Unit.Models.Operations.AuditLogTest" assertions="0" time="0.057395">
          <error type="Illuminate\Database\QueryException">Tests\Unit\Models\Operations\AuditLogTest::it_uses_uuid_as_primary_key
Illuminate\Database\QueryException: SQLSTATE[42P01]: Undefined table: 7 ERROR:  relation "cmis.audit_logs" does not exist
LINE 1: insert into "cmis"."audit_logs" ("org_id", "action", "entity...
                    ^ (Connection: pgsql, SQL: insert into "cmis"."audit_logs" ("org_id", "action", "entity_type", "log_id", "updated_at", "created_at") values (5d4e171b-4ce1-420f-a9c1-978c713cf7bb, created, Content, 019a9bca-08d2-730f-ad68-f292febbc8eb, 2025-11-19 11:05:00, 2025-11-19 11:05:00))

/home/user/cmis.marketing.limited/vendor/laravel/framework/src/Illuminate/Database/Connection.php:824
/home/user/cmis.marketing.limited/vendor/laravel/framework/src/Illuminate/Database/Connection.php:778
/home/user/cmis.marketing.limited/vendor/laravel/framework/src/Illuminate/Database/Connection.php:559
/home/user/cmis.marketing.limited/vendor/laravel/framework/src/Illuminate/Database/Connection.php:523
/home/user/cmis.marketing.limited/vendor/laravel/framework/src/Illuminate/Database/Query/Builder.php:3804
/home/user/cmis.marketing.limited/vendor/laravel/framework/src/Illuminate/Database/Eloquent/Builder.php:2235
/home/user/cmis.marketing.limited/vendor/laravel/framework/src/Illuminate/Database/Eloquent/Model.php:1412
/home/user/cmis.marketing.limited/vendor/laravel/framework/src/Illuminate/Database/Eloquent/Model.php:1240
/home/user/cmis.marketing.limited/vendor/laravel/framework/src/Illuminate/Database/Eloquent/Builder.php:1219
/home/user/cmis.marketing.limited/vendor/laravel/framework/src/Illuminate/Support/helpers.php:390
/home/user/cmis.marketing.limited/vendor/laravel/framework/src/Illuminate/Database/Eloquent/Builder.php:1218
/home/user/cmis.marketing.limited/vendor/laravel/framework/src/Illuminate/Support/Traits/ForwardsCalls.php:23
/home/user/cmis.marketing.limited/vendor/laravel/framework/src/Illuminate/Database/Eloquent/Model.php:2540
/home/user/cmis.marketing.limited/vendor/laravel/framework/src/Illuminate/Database/Eloquent/Model.php:2556
/home/user/cmis.marketing.limited/tests/Unit/Models/Operations/AuditLogTest.php:293</error>
        </testcase>
        <testcase name="it_tracks_action_type" file="/home/user/cmis.marketing.limited/tests/Unit/Models/Operations/AuditLogTest.php" line="115" class="Tests\Unit\Models\Operations\AuditLogTest" classname="Tests.Unit.Models.Operations.AuditLogTest" assertions="0" time="0.111287">
          <error type="Illuminate\Database\QueryException">Tests\Unit\Models\Operations\AuditLogTest::it_tracks_action_type
Illuminate\Database\QueryException: SQLSTATE[42P01]: Undefined table: 7 ERROR:  relation "cmis.audit_logs" does not exist
LINE 1: insert into "cmis"."audit_logs" ("org_id", "action", "entity...
                    ^ (Connection: pgsql, SQL: insert into "cmis"."audit_logs" ("org_id", "action", "entity_type", "log_id", "updated_at", "created_at") values (b6e2c186-6689-404a-88e4-aad10db6fdb4, created, Campaign, 019a9bca-0941-73f6-91dd-f21852d3af2e, 2025-11-19 11:05:00, 2025-11-19 11:05:00))

/home/user/cmis.marketing.limited/vendor/laravel/framework/src/Illuminate/Database/Connection.php:824
/home/user/cmis.marketing.limited/vendor/laravel/framework/src/Illuminate/Database/Connection.php:778
/home/user/cmis.marketing.limited/vendor/laravel/framework/src/Illuminate/Database/Connection.php:559
/home/user/cmis.marketing.limited/vendor/laravel/framework/src/Illuminate/Database/Connection.php:523
/home/user/cmis.marketing.limited/vendor/laravel/framework/src/Illuminate/Database/Query/Builder.php:3804
/home/user/cmis.marketing.limited/vendor/laravel/framework/src/Illuminate/Database/Eloquent/Builder.php:2235
/home/user/cmis.marketing.limited/vendor/laravel/framework/src/Illuminate/Database/Eloquent/Model.php:1412
/home/user/cmis.marketing.limited/vendor/laravel/framework/src/Illuminate/Database/Eloquent/Model.php:1240
/home/user/cmis.marketing.limited/vendor/laravel/framework/src/Illuminate/Database/Eloquent/Builder.php:1219
/home/user/cmis.marketing.limited/vendor/laravel/framework/src/Illuminate/Support/helpers.php:390
/home/user/cmis.marketing.limited/vendor/laravel/framework/src/Illuminate/Database/Eloquent/Builder.php:1218
/home/user/cmis.marketing.limited/vendor/laravel/framework/src/Illuminate/Support/Traits/ForwardsCalls.php:23
/home/user/cmis.marketing.limited/vendor/laravel/framework/src/Illuminate/Database/Eloquent/Model.php:2540
/home/user/cmis.marketing.limited/vendor/laravel/framework/src/Illuminate/Database/Eloquent/Model.php:2556
/home/user/cmis.marketing.limited/tests/Unit/Models/Operations/AuditLogTest.php:125</error>
        </testcase>
        <testcase name="it_stores_additional_metadata" file="/home/user/cmis.marketing.limited/tests/Unit/Models/Operations/AuditLogTest.php" line="255" class="Tests\Unit\Models\Operations\AuditLogTest" classname="Tests.Unit.Models.Operations.AuditLogTest" assertions="0" time="0.061097">
          <error type="Illuminate\Database\QueryException">Tests\Unit\Models\Operations\AuditLogTest::it_stores_additional_metadata
Illuminate\Database\QueryException: SQLSTATE[42P01]: Undefined table: 7 ERROR:  relation "cmis.audit_logs" does not exist
LINE 1: insert into "cmis"."audit_logs" ("org_id", "action", "entity...
                    ^ (Connection: pgsql, SQL: insert into "cmis"."audit_logs" ("org_id", "action", "entity_type", "metadata", "log_id", "updated_at", "created_at") values (7110a2d7-9182-4859-af20-0559734c3f7d, exported, Analytics, {"browser":"Chrome","device":"Desktop","location":"Riyadh, Saudi Arabia"}, 019a9bca-097f-7168-a614-2a929fa353d6, 2025-11-19 11:05:00, 2025-11-19 11:05:00))

/home/user/cmis.marketing.limited/vendor/laravel/framework/src/Illuminate/Database/Connection.php:824
/home/user/cmis.marketing.limited/vendor/laravel/framework/src/Illuminate/Database/Connection.php:778
/home/user/cmis.marketing.limited/vendor/laravel/framework/src/Illuminate/Database/Connection.php:559
/home/user/cmis.marketing.limited/vendor/laravel/framework/src/Illuminate/Database/Connection.php:523
/home/user/cmis.marketing.limited/vendor/laravel/framework/src/Illuminate/Database/Query/Builder.php:3804
/home/user/cmis.marketing.limited/vendor/laravel/framework/src/Illuminate/Database/Eloquent/Builder.php:2235
/home/user/cmis.marketing.limited/vendor/laravel/framework/src/Illuminate/Database/Eloquent/Model.php:1412
/home/user/cmis.marketing.limited/vendor/laravel/framework/src/Illuminate/Database/Eloquent/Model.php:1240
/home/user/cmis.marketing.limited/vendor/laravel/framework/src/Illuminate/Database/Eloquent/Builder.php:1219
/home/user/cmis.marketing.limited/vendor/laravel/framework/src/Illuminate/Support/helpers.php:390
/home/user/cmis.marketing.limited/vendor/laravel/framework/src/Illuminate/Database/Eloquent/Builder.php:1218
/home/user/cmis.marketing.limited/vendor/laravel/framework/src/Illuminate/Support/Traits/ForwardsCalls.php:23
/home/user/cmis.marketing.limited/vendor/laravel/framework/src/Illuminate/Database/Eloquent/Model.php:2540
/home/user/cmis.marketing.limited/vendor/laravel/framework/src/Illuminate/Database/Eloquent/Model.php:2556
/home/user/cmis.marketing.limited/tests/Unit/Models/Operations/AuditLogTest.php:268</error>
        </testcase>
        <testcase name="it_tracks_user_agent" file="/home/user/cmis.marketing.limited/tests/Unit/Models/Operations/AuditLogTest.php" line="229" class="Tests\Unit\Models\Operations\AuditLogTest" classname="Tests.Unit.Models.Operations.AuditLogTest" assertions="0" time="0.063797">
          <error type="Illuminate\Database\QueryException">Tests\Unit\Models\Operations\AuditLogTest::it_tracks_user_agent
Illuminate\Database\QueryException: SQLSTATE[42P01]: Undefined table: 7 ERROR:  relation "cmis.audit_logs" does not exist
LINE 1: insert into "cmis"."audit_logs" ("org_id", "action", "entity...
                    ^ (Connection: pgsql, SQL: insert into "cmis"."audit_logs" ("org_id", "action", "entity_type", "user_agent", "log_id", "updated_at", "created_at") values (2e8ee4f4-5964-4eed-8207-8235e27f263d, viewed, Report, Mozilla/5.0 (Windows NT 10.0; Win64; x64), 019a9bca-09be-71c9-b1e8-70d450295dd5, 2025-11-19 11:05:00, 2025-11-19 11:05:00))

/home/user/cmis.marketing.limited/vendor/laravel/framework/src/Illuminate/Database/Connection.php:824
/home/user/cmis.marketing.limited/vendor/laravel/framework/src/Illuminate/Database/Connection.php:778
/home/user/cmis.marketing.limited/vendor/laravel/framework/src/Illuminate/Database/Connection.php:559
/home/user/cmis.marketing.limited/vendor/laravel/framework/src/Illuminate/Database/Connection.php:523
/home/user/cmis.marketing.limited/vendor/laravel/framework/src/Illuminate/Database/Query/Builder.php:3804
/home/user/cmis.marketing.limited/vendor/laravel/framework/src/Illuminate/Database/Eloquent/Builder.php:2235
/home/user/cmis.marketing.limited/vendor/laravel/framework/src/Illuminate/Database/Eloquent/Model.php:1412
/home/user/cmis.marketing.limited/vendor/laravel/framework/src/Illuminate/Database/Eloquent/Model.php:1240
/home/user/cmis.marketing.limited/vendor/laravel/framework/src/Illuminate/Database/Eloquent/Builder.php:1219
/home/user/cmis.marketing.limited/vendor/laravel/framework/src/Illuminate/Support/helpers.php:390
/home/user/cmis.marketing.limited/vendor/laravel/framework/src/Illuminate/Database/Eloquent/Builder.php:1218
/home/user/cmis.marketing.limited/vendor/laravel/framework/src/Illuminate/Support/Traits/ForwardsCalls.php:23
/home/user/cmis.marketing.limited/vendor/laravel/framework/src/Illuminate/Database/Eloquent/Model.php:2540
/home/user/cmis.marketing.limited/vendor/laravel/framework/src/Illuminate/Database/Eloquent/Model.php:2556
/home/user/cmis.marketing.limited/tests/Unit/Models/Operations/AuditLogTest.php:238</error>
        </testcase>
        <testcase name="it_respects_rls_policies" file="/home/user/cmis.marketing.limited/tests/Unit/Models/Operations/AuditLogTest.php" line="332" class="Tests\Unit\Models\Operations\AuditLogTest" classname="Tests.Unit.Models.Operations.AuditLogTest" assertions="0" time="0.061884">
          <error type="Illuminate\Database\QueryException">Tests\Unit\Models\Operations\AuditLogTest::it_respects_rls_policies
Illuminate\Database\QueryException: SQLSTATE[42P01]: Undefined table: 7 ERROR:  relation "cmis.audit_logs" does not exist
LINE 1: insert into "cmis"."audit_logs" ("org_id", "action", "entity...
                    ^ (Connection: pgsql, SQL: insert into "cmis"."audit_logs" ("org_id", "action", "entity_type", "log_id", "updated_at", "created_at") values (bca50804-a387-4143-a84f-7372755e8393, created, Campaign, 019a9bca-09fd-731e-9347-57da2668bbe3, 2025-11-19 11:05:00, 2025-11-19 11:05:00))

/home/user/cmis.marketing.limited/vendor/laravel/framework/src/Illuminate/Database/Connection.php:824
/home/user/cmis.marketing.limited/vendor/laravel/framework/src/Illuminate/Database/Connection.php:778
/home/user/cmis.marketing.limited/vendor/laravel/framework/src/Illuminate/Database/Connection.php:559
/home/user/cmis.marketing.limited/vendor/laravel/framework/src/Illuminate/Database/Connection.php:523
/home/user/cmis.marketing.limited/vendor/laravel/framework/src/Illuminate/Database/Query/Builder.php:3804
/home/user/cmis.marketing.limited/vendor/laravel/framework/src/Illuminate/Database/Eloquent/Builder.php:2235
/home/user/cmis.marketing.limited/vendor/laravel/framework/src/Illuminate/Database/Eloquent/Model.php:1412
/home/user/cmis.marketing.limited/vendor/laravel/framework/src/Illuminate/Database/Eloquent/Model.php:1240
/home/user/cmis.marketing.limited/vendor/laravel/framework/src/Illuminate/Database/Eloquent/Builder.php:1219
/home/user/cmis.marketing.limited/vendor/laravel/framework/src/Illuminate/Support/helpers.php:390
/home/user/cmis.marketing.limited/vendor/laravel/framework/src/Illuminate/Database/Eloquent/Builder.php:1218
/home/user/cmis.marketing.limited/vendor/laravel/framework/src/Illuminate/Support/Traits/ForwardsCalls.php:23
/home/user/cmis.marketing.limited/vendor/laravel/framework/src/Illuminate/Database/Eloquent/Model.php:2540
/home/user/cmis.marketing.limited/vendor/laravel/framework/src/Illuminate/Database/Eloquent/Model.php:2556
/home/user/cmis.marketing.limited/tests/Unit/Models/Operations/AuditLogTest.php:344</error>
        </testcase>
        <testcase name="it_tracks_ip_address" file="/home/user/cmis.marketing.limited/tests/Unit/Models/Operations/AuditLogTest.php" line="205" class="Tests\Unit\Models\Operations\AuditLogTest" classname="Tests.Unit.Models.Operations.AuditLogTest" assertions="0" time="0.057296">
          <error type="Illuminate\Database\QueryException">Tests\Unit\Models\Operations\AuditLogTest::it_tracks_ip_address
Illuminate\Database\QueryException: SQLSTATE[42P01]: Undefined table: 7 ERROR:  relation "cmis.audit_logs" does not exist
LINE 1: insert into "cmis"."audit_logs" ("org_id", "action", "entity...
                    ^ (Connection: pgsql, SQL: insert into "cmis"."audit_logs" ("org_id", "action", "entity_type", "ip_address", "log_id", "updated_at", "created_at") values (f973b6b8-236c-44c0-ac34-e746f6241f1c, created, Lead, 203.0.113.42, 019a9bca-0a36-71fb-83ab-a77ed5380a60, 2025-11-19 11:05:00, 2025-11-19 11:05:00))

/home/user/cmis.marketing.limited/vendor/laravel/framework/src/Illuminate/Database/Connection.php:824
/home/user/cmis.marketing.limited/vendor/laravel/framework/src/Illuminate/Database/Connection.php:778
/home/user/cmis.marketing.limited/vendor/laravel/framework/src/Illuminate/Database/Connection.php:559
/home/user/cmis.marketing.limited/vendor/laravel/framework/src/Illuminate/Database/Connection.php:523
/home/user/cmis.marketing.limited/vendor/laravel/framework/src/Illuminate/Database/Query/Builder.php:3804
/home/user/cmis.marketing.limited/vendor/laravel/framework/src/Illuminate/Database/Eloquent/Builder.php:2235
/home/user/cmis.marketing.limited/vendor/laravel/framework/src/Illuminate/Database/Eloquent/Model.php:1412
/home/user/cmis.marketing.limited/vendor/laravel/framework/src/Illuminate/Database/Eloquent/Model.php:1240
/home/user/cmis.marketing.limited/vendor/laravel/framework/src/Illuminate/Database/Eloquent/Builder.php:1219
/home/user/cmis.marketing.limited/vendor/laravel/framework/src/Illuminate/Support/helpers.php:390
/home/user/cmis.marketing.limited/vendor/laravel/framework/src/Illuminate/Database/Eloquent/Builder.php:1218
/home/user/cmis.marketing.limited/vendor/laravel/framework/src/Illuminate/Support/Traits/ForwardsCalls.php:23
/home/user/cmis.marketing.limited/vendor/laravel/framework/src/Illuminate/Database/Eloquent/Model.php:2540
/home/user/cmis.marketing.limited/vendor/laravel/framework/src/Illuminate/Database/Eloquent/Model.php:2556
/home/user/cmis.marketing.limited/tests/Unit/Models/Operations/AuditLogTest.php:212</error>
        </testcase>
        <testcase name="it_can_query_by_entity_type" file="/home/user/cmis.marketing.limited/tests/Unit/Models/Operations/AuditLogTest.php" line="368" class="Tests\Unit\Models\Operations\AuditLogTest" classname="Tests.Unit.Models.Operations.AuditLogTest" assertions="0" time="0.062568">
          <error type="Illuminate\Database\QueryException">Tests\Unit\Models\Operations\AuditLogTest::it_can_query_by_entity_type
Illuminate\Database\QueryException: SQLSTATE[42P01]: Undefined table: 7 ERROR:  relation "cmis.audit_logs" does not exist
LINE 1: insert into "cmis"."audit_logs" ("org_id", "action", "entity...
                    ^ (Connection: pgsql, SQL: insert into "cmis"."audit_logs" ("org_id", "action", "entity_type", "log_id", "updated_at", "created_at") values (fb217b5c-6118-4493-a602-080700f174e9, created, Campaign, 019a9bca-0a74-73b7-8c74-b4439f5c529b, 2025-11-19 11:05:00, 2025-11-19 11:05:00))

/home/user/cmis.marketing.limited/vendor/laravel/framework/src/Illuminate/Database/Connection.php:824
/home/user/cmis.marketing.limited/vendor/laravel/framework/src/Illuminate/Database/Connection.php:778
/home/user/cmis.marketing.limited/vendor/laravel/framework/src/Illuminate/Database/Connection.php:559
/home/user/cmis.marketing.limited/vendor/laravel/framework/src/Illuminate/Database/Connection.php:523
/home/user/cmis.marketing.limited/vendor/laravel/framework/src/Illuminate/Database/Query/Builder.php:3804
/home/user/cmis.marketing.limited/vendor/laravel/framework/src/Illuminate/Database/Eloquent/Builder.php:2235
/home/user/cmis.marketing.limited/vendor/laravel/framework/src/Illuminate/Database/Eloquent/Model.php:1412
/home/user/cmis.marketing.limited/vendor/laravel/framework/src/Illuminate/Database/Eloquent/Model.php:1240
/home/user/cmis.marketing.limited/vendor/laravel/framework/src/Illuminate/Database/Eloquent/Builder.php:1219
/home/user/cmis.marketing.limited/vendor/laravel/framework/src/Illuminate/Support/helpers.php:390
/home/user/cmis.marketing.limited/vendor/laravel/framework/src/Illuminate/Database/Eloquent/Builder.php:1218
/home/user/cmis.marketing.limited/vendor/laravel/framework/src/Illuminate/Support/Traits/ForwardsCalls.php:23
/home/user/cmis.marketing.limited/vendor/laravel/framework/src/Illuminate/Database/Eloquent/Model.php:2540
/home/user/cmis.marketing.limited/vendor/laravel/framework/src/Illuminate/Database/Eloquent/Model.php:2556
/home/user/cmis.marketing.limited/tests/Unit/Models/Operations/AuditLogTest.php:375</error>
        </testcase>
        <testcase name="it_has_timestamps" file="/home/user/cmis.marketing.limited/tests/Unit/Models/Operations/AuditLogTest.php" line="309" class="Tests\Unit\Models\Operations\AuditLogTest" classname="Tests.Unit.Models.Operations.AuditLogTest" assertions="0" time="0.063988">
          <error type="Illuminate\Database\QueryException">Tests\Unit\Models\Operations\AuditLogTest::it_has_timestamps
Illuminate\Database\QueryException: SQLSTATE[42P01]: Undefined table: 7 ERROR:  relation "cmis.audit_logs" does not exist
LINE 1: insert into "cmis"."audit_logs" ("org_id", "action", "entity...
                    ^ (Connection: pgsql, SQL: insert into "cmis"."audit_logs" ("org_id", "action", "entity_type", "log_id", "updated_at", "created_at") values (e940e86b-9acc-4ec9-89a7-24c5ef6a8d0e, updated, Campaign, 019a9bca-0ab5-7090-a074-821974669f47, 2025-11-19 11:05:00, 2025-11-19 11:05:00))

/home/user/cmis.marketing.limited/vendor/laravel/framework/src/Illuminate/Database/Connection.php:824
/home/user/cmis.marketing.limited/vendor/laravel/framework/src/Illuminate/Database/Connection.php:778
/home/user/cmis.marketing.limited/vendor/laravel/framework/src/Illuminate/Database/Connection.php:559
/home/user/cmis.marketing.limited/vendor/laravel/framework/src/Illuminate/Database/Connection.php:523
/home/user/cmis.marketing.limited/vendor/laravel/framework/src/Illuminate/Database/Query/Builder.php:3804
/home/user/cmis.marketing.limited/vendor/laravel/framework/src/Illuminate/Database/Eloquent/Builder.php:2235
/home/user/cmis.marketing.limited/vendor/laravel/framework/src/Illuminate/Database/Eloquent/Model.php:1412
/home/user/cmis.marketing.limited/vendor/laravel/framework/src/Illuminate/Database/Eloquent/Model.php:1240
/home/user/cmis.marketing.limited/vendor/laravel/framework/src/Illuminate/Database/Eloquent/Builder.php:1219
/home/user/cmis.marketing.limited/vendor/laravel/framework/src/Illuminate/Support/helpers.php:390
/home/user/cmis.marketing.limited/vendor/laravel/framework/src/Illuminate/Database/Eloquent/Builder.php:1218
/home/user/cmis.marketing.limited/vendor/laravel/framework/src/Illuminate/Support/Traits/ForwardsCalls.php:23
/home/user/cmis.marketing.limited/vendor/laravel/framework/src/Illuminate/Database/Eloquent/Model.php:2540
/home/user/cmis.marketing.limited/vendor/laravel/framework/src/Illuminate/Database/Eloquent/Model.php:2556
/home/user/cmis.marketing.limited/tests/Unit/Models/Operations/AuditLogTest.php:316</error>
        </testcase>
        <testcase name="it_belongs_to_user" file="/home/user/cmis.marketing.limited/tests/Unit/Models/Operations/AuditLogTest.php" line="84" class="Tests\Unit\Models\Operations\AuditLogTest" classname="Tests.Unit.Models.Operations.AuditLogTest" assertions="0" time="0.299020">
          <error type="Illuminate\Database\QueryException">Tests\Unit\Models\Operations\AuditLogTest::it_belongs_to_user
Illuminate\Database\QueryException: SQLSTATE[42P01]: Undefined table: 7 ERROR:  relation "cmis.audit_logs" does not exist
LINE 1: insert into "cmis"."audit_logs" ("org_id", "user_id", "actio...
                    ^ (Connection: pgsql, SQL: insert into "cmis"."audit_logs" ("org_id", "user_id", "action", "entity_type", "log_id", "updated_at", "created_at") values (09d8041c-6073-4f30-a262-ce991295fd2a, 88a42a02-71de-4112-b475-5ea56d684a93, deleted, Lead, 019a9bca-0bdf-703f-8254-cbcd3683e47e, 2025-11-19 11:05:01, 2025-11-19 11:05:01))

/home/user/cmis.marketing.limited/vendor/laravel/framework/src/Illuminate/Database/Connection.php:824
/home/user/cmis.marketing.limited/vendor/laravel/framework/src/Illuminate/Database/Connection.php:778
/home/user/cmis.marketing.limited/vendor/laravel/framework/src/Illuminate/Database/Connection.php:559
/home/user/cmis.marketing.limited/vendor/laravel/framework/src/Illuminate/Database/Connection.php:523
/home/user/cmis.marketing.limited/vendor/laravel/framework/src/Illuminate/Database/Query/Builder.php:3804
/home/user/cmis.marketing.limited/vendor/laravel/framework/src/Illuminate/Database/Eloquent/Builder.php:2235
/home/user/cmis.marketing.limited/vendor/laravel/framework/src/Illuminate/Database/Eloquent/Model.php:1412
/home/user/cmis.marketing.limited/vendor/laravel/framework/src/Illuminate/Database/Eloquent/Model.php:1240
/home/user/cmis.marketing.limited/vendor/laravel/framework/src/Illuminate/Database/Eloquent/Builder.php:1219
/home/user/cmis.marketing.limited/vendor/laravel/framework/src/Illuminate/Support/helpers.php:390
/home/user/cmis.marketing.limited/vendor/laravel/framework/src/Illuminate/Database/Eloquent/Builder.php:1218
/home/user/cmis.marketing.limited/vendor/laravel/framework/src/Illuminate/Support/Traits/ForwardsCalls.php:23
/home/user/cmis.marketing.limited/vendor/laravel/framework/src/Illuminate/Database/Eloquent/Model.php:2540
/home/user/cmis.marketing.limited/vendor/laravel/framework/src/Illuminate/Database/Eloquent/Model.php:2556
/home/user/cmis.marketing.limited/tests/Unit/Models/Operations/AuditLogTest.php:98</error>
        </testcase>
      </testsuite>
      <testsuite name="Tests\Unit\Events\CampaignStatusChangedEventTest" file="/home/user/cmis.marketing.limited/tests/Unit/Events/CampaignStatusChangedEventTest.php" tests="9" assertions="0" errors="9" failures="0" skipped="0" time="0.676149">
        <testcase name="it_contains_old_and_new_status" file="/home/user/cmis.marketing.limited/tests/Unit/Events/CampaignStatusChangedEventTest.php" line="52" class="Tests\Unit\Events\CampaignStatusChangedEventTest" classname="Tests.Unit.Events.CampaignStatusChangedEventTest" assertions="0" time="0.070076">
          <error type="Error">Tests\Unit\Events\CampaignStatusChangedEventTest::it_contains_old_and_new_status
Error: Class "App\Events\Campaign\CampaignStatusChangedEvent" not found

/home/user/cmis.marketing.limited/tests/Unit/Events/CampaignStatusChangedEventTest.php:66</error>
        </testcase>
        <testcase name="it_can_be_dispatched" file="/home/user/cmis.marketing.limited/tests/Unit/Events/CampaignStatusChangedEventTest.php" line="78" class="Tests\Unit\Events\CampaignStatusChangedEventTest" classname="Tests.Unit.Events.CampaignStatusChangedEventTest" assertions="0" time="0.061459">
          <error type="Error">Tests\Unit\Events\CampaignStatusChangedEventTest::it_can_be_dispatched
Error: Class "App\Events\Campaign\CampaignStatusChangedEvent" not found

/home/user/cmis.marketing.limited/tests/Unit/Events/CampaignStatusChangedEventTest.php:94</error>
        </testcase>
        <testcase name="it_includes_timestamp" file="/home/user/cmis.marketing.limited/tests/Unit/Events/CampaignStatusChangedEventTest.php" line="159" class="Tests\Unit\Events\CampaignStatusChangedEventTest" classname="Tests.Unit.Events.CampaignStatusChangedEventTest" assertions="0" time="0.064834">
          <error type="Error">Tests\Unit\Events\CampaignStatusChangedEventTest::it_includes_timestamp
Error: Class "App\Events\Campaign\CampaignStatusChangedEvent" not found

/home/user/cmis.marketing.limited/tests/Unit/Events/CampaignStatusChangedEventTest.php:173</error>
        </testcase>
        <testcase name="it_triggers_notifications_for_important_changes" file="/home/user/cmis.marketing.limited/tests/Unit/Events/CampaignStatusChangedEventTest.php" line="131" class="Tests\Unit\Events\CampaignStatusChangedEventTest" classname="Tests.Unit.Events.CampaignStatusChangedEventTest" assertions="0" time="0.117060">
          <error type="Error">Tests\Unit\Events\CampaignStatusChangedEventTest::it_triggers_notifications_for_important_changes
Error: Class "App\Events\Campaign\CampaignStatusChangedEvent" not found

/home/user/cmis.marketing.limited/tests/Unit/Events/CampaignStatusChangedEventTest.php:147</error>
        </testcase>
        <testcase name="it_tracks_active_to_paused_transition" file="/home/user/cmis.marketing.limited/tests/Unit/Events/CampaignStatusChangedEventTest.php" line="213" class="Tests\Unit\Events\CampaignStatusChangedEventTest" classname="Tests.Unit.Events.CampaignStatusChangedEventTest" assertions="0" time="0.063861">
          <error type="Error">Tests\Unit\Events\CampaignStatusChangedEventTest::it_tracks_active_to_paused_transition
Error: Class "App\Events\Campaign\CampaignStatusChangedEvent" not found

/home/user/cmis.marketing.limited/tests/Unit/Events/CampaignStatusChangedEventTest.php:229</error>
        </testcase>
        <testcase name="it_broadcasts_on_org_channel" file="/home/user/cmis.marketing.limited/tests/Unit/Events/CampaignStatusChangedEventTest.php" line="105" class="Tests\Unit\Events\CampaignStatusChangedEventTest" classname="Tests.Unit.Events.CampaignStatusChangedEventTest" assertions="0" time="0.064749">
          <error type="Error">Tests\Unit\Events\CampaignStatusChangedEventTest::it_broadcasts_on_org_channel
Error: Class "App\Events\Campaign\CampaignStatusChangedEvent" not found

/home/user/cmis.marketing.limited/tests/Unit/Events/CampaignStatusChangedEventTest.php:119</error>
        </testcase>
        <testcase name="it_respects_org_context" file="/home/user/cmis.marketing.limited/tests/Unit/Events/CampaignStatusChangedEventTest.php" line="241" class="Tests\Unit\Events\CampaignStatusChangedEventTest" classname="Tests.Unit.Events.CampaignStatusChangedEventTest" assertions="0" time="0.064988">
          <error type="Error">Tests\Unit\Events\CampaignStatusChangedEventTest::it_respects_org_context
Error: Class "App\Events\Campaign\CampaignStatusChangedEvent" not found

/home/user/cmis.marketing.limited/tests/Unit/Events/CampaignStatusChangedEventTest.php:269</error>
        </testcase>
        <testcase name="it_can_be_instantiated" file="/home/user/cmis.marketing.limited/tests/Unit/Events/CampaignStatusChangedEventTest.php" line="26" class="Tests\Unit\Events\CampaignStatusChangedEventTest" classname="Tests.Unit.Events.CampaignStatusChangedEventTest" assertions="0" time="0.061061">
          <error type="Error">Tests\Unit\Events\CampaignStatusChangedEventTest::it_can_be_instantiated
Error: Class "App\Events\Campaign\CampaignStatusChangedEvent" not found

/home/user/cmis.marketing.limited/tests/Unit/Events/CampaignStatusChangedEventTest.php:40</error>
        </testcase>
        <testcase name="it_tracks_draft_to_active_transition" file="/home/user/cmis.marketing.limited/tests/Unit/Events/CampaignStatusChangedEventTest.php" line="185" class="Tests\Unit\Events\CampaignStatusChangedEventTest" classname="Tests.Unit.Events.CampaignStatusChangedEventTest" assertions="0" time="0.108061">
          <error type="Error">Tests\Unit\Events\CampaignStatusChangedEventTest::it_tracks_draft_to_active_transition
Error: Class "App\Events\Campaign\CampaignStatusChangedEvent" not found

/home/user/cmis.marketing.limited/tests/Unit/Events/CampaignStatusChangedEventTest.php:201</error>
        </testcase>
      </testsuite>
      <testsuite name="Tests\Unit\Helpers\ArrayHelperTest" file="/home/user/cmis.marketing.limited/tests/Unit/Helpers/ArrayHelperTest.php" tests="10" assertions="18" errors="0" failures="0" skipped="0" time="0.605348">
        <testcase name="it_groups_array_by_key" file="/home/user/cmis.marketing.limited/tests/Unit/Helpers/ArrayHelperTest.php" line="81" class="Tests\Unit\Helpers\ArrayHelperTest" classname="Tests.Unit.Helpers.ArrayHelperTest" assertions="2" time="0.058414"/>
        <testcase name="it_checks_if_associative" file="/home/user/cmis.marketing.limited/tests/Unit/Helpers/ArrayHelperTest.php" line="293" class="Tests\Unit\Helpers\ArrayHelperTest" classname="Tests.Unit.Helpers.ArrayHelperTest" assertions="2" time="0.055656"/>
        <testcase name="it_gets_nested_value" file="/home/user/cmis.marketing.limited/tests/Unit/Helpers/ArrayHelperTest.php" line="196" class="Tests\Unit\Helpers\ArrayHelperTest" classname="Tests.Unit.Helpers.ArrayHelperTest" assertions="1" time="0.054320"/>
        <testcase name="it_sorts_by_key" file="/home/user/cmis.marketing.limited/tests/Unit/Helpers/ArrayHelperTest.php" line="162" class="Tests\Unit\Helpers\ArrayHelperTest" classname="Tests.Unit.Helpers.ArrayHelperTest" assertions="2" time="0.055078"/>
        <testcase name="it_merges_recursive" file="/home/user/cmis.marketing.limited/tests/Unit/Helpers/ArrayHelperTest.php" line="260" class="Tests\Unit\Helpers\ArrayHelperTest" classname="Tests.Unit.Helpers.ArrayHelperTest" assertions="2" time="0.056698"/>
        <testcase name="it_flattens_nested_arrays" file="/home/user/cmis.marketing.limited/tests/Unit/Helpers/ArrayHelperTest.php" line="21" class="Tests\Unit\Helpers\ArrayHelperTest" classname="Tests.Unit.Helpers.ArrayHelperTest" assertions="1" time="0.096104"/>
        <testcase name="it_sets_nested_value" file="/home/user/cmis.marketing.limited/tests/Unit/Helpers/ArrayHelperTest.php" line="231" class="Tests\Unit\Helpers\ArrayHelperTest" classname="Tests.Unit.Helpers.ArrayHelperTest" assertions="1" time="0.060658"/>
        <testcase name="it_removes_null_values" file="/home/user/cmis.marketing.limited/tests/Unit/Helpers/ArrayHelperTest.php" line="112" class="Tests\Unit\Helpers\ArrayHelperTest" classname="Tests.Unit.Helpers.ArrayHelperTest" assertions="2" time="0.054275"/>
        <testcase name="it_removes_empty_values" file="/home/user/cmis.marketing.limited/tests/Unit/Helpers/ArrayHelperTest.php" line="136" class="Tests\Unit\Helpers\ArrayHelperTest" classname="Tests.Unit.Helpers.ArrayHelperTest" assertions="4" time="0.058533"/>
        <testcase name="it_plucks_values_by_key" file="/home/user/cmis.marketing.limited/tests/Unit/Helpers/ArrayHelperTest.php" line="54" class="Tests\Unit\Helpers\ArrayHelperTest" classname="Tests.Unit.Helpers.ArrayHelperTest" assertions="1" time="0.055610"/>
      </testsuite>
      <testsuite name="Tests\Unit\Repositories\CampaignRepositoryTest" file="/home/user/cmis.marketing.limited/tests/Unit/Repositories/CampaignRepositoryTest.php" tests="4" assertions="0" errors="4" failures="0" skipped="0" time="1.525739">
        <testcase name="it_respects_transaction_context" file="/home/user/cmis.marketing.limited/tests/Unit/Repositories/CampaignRepositoryTest.php" line="119" class="Tests\Unit\Repositories\CampaignRepositoryTest" classname="Tests.Unit.Repositories.CampaignRepositoryTest" assertions="0" time="0.590452">
          <error type="Error">Tests\Unit\Repositories\CampaignRepositoryTest::it_respects_transaction_context
Error: Call to undefined method App\Repositories\CMIS\CampaignRepository::getCampaignsForOrg()

/home/user/cmis.marketing.limited/tests/Unit/Repositories/CampaignRepositoryTest.php:136</error>
        </testcase>
        <testcase name="it_can_find_related_campaigns" file="/home/user/cmis.marketing.limited/tests/Unit/Repositories/CampaignRepositoryTest.php" line="56" class="Tests\Unit\Repositories\CampaignRepositoryTest" classname="Tests.Unit.Repositories.CampaignRepositoryTest" assertions="0" time="0.310171">
          <error type="Illuminate\Database\QueryException">Tests\Unit\Repositories\CampaignRepositoryTest::it_can_find_related_campaigns
Illuminate\Database\QueryException: SQLSTATE[42883]: Undefined function: 7 ERROR:  function cmis.find_related_campaigns(unknown, unknown) does not exist
LINE 1: SELECT * FROM cmis.find_related_campaigns($1, $2)
                      ^
HINT:  No function matches the given name and argument types. You might need to add explicit type casts. (Connection: pgsql, SQL: SELECT * FROM cmis.find_related_campaigns(2ee5f491-c880-4f26-9e9e-f916906403c2, 10))

/home/user/cmis.marketing.limited/vendor/laravel/framework/src/Illuminate/Database/Connection.php:824
/home/user/cmis.marketing.limited/vendor/laravel/framework/src/Illuminate/Database/Connection.php:778
/home/user/cmis.marketing.limited/vendor/laravel/framework/src/Illuminate/Database/Connection.php:397
/home/user/cmis.marketing.limited/vendor/laravel/framework/src/Illuminate/Database/DatabaseManager.php:489
/home/user/cmis.marketing.limited/vendor/laravel/framework/src/Illuminate/Support/Facades/Facade.php:363
/home/user/cmis.marketing.limited/app/Repositories/CMIS/CampaignRepository.php:55
/home/user/cmis.marketing.limited/tests/Unit/Repositories/CampaignRepositoryTest.php:81</error>
        </testcase>
        <testcase name="it_can_create_campaign_with_context" file="/home/user/cmis.marketing.limited/tests/Unit/Repositories/CampaignRepositoryTest.php" line="25" class="Tests\Unit\Repositories\CampaignRepositoryTest" classname="Tests.Unit.Repositories.CampaignRepositoryTest" assertions="0" time="0.307183">
          <error type="TypeError">Tests\Unit\Repositories\CampaignRepositoryTest::it_can_create_campaign_with_context
TypeError: App\Repositories\CMIS\CampaignRepository::createCampaignWithContext(): Argument #1 ($orgId) must be of type string, array given, called in /home/user/cmis.marketing.limited/tests/Unit/Repositories/CampaignRepositoryTest.php on line 43

/home/user/cmis.marketing.limited/app/Repositories/CMIS/CampaignRepository.php:28
/home/user/cmis.marketing.limited/tests/Unit/Repositories/CampaignRepositoryTest.php:43</error>
        </testcase>
        <testcase name="it_can_get_campaign_contexts" file="/home/user/cmis.marketing.limited/tests/Unit/Repositories/CampaignRepositoryTest.php" line="95" class="Tests\Unit\Repositories\CampaignRepositoryTest" classname="Tests.Unit.Repositories.CampaignRepositoryTest" assertions="0" time="0.317932">
          <error type="Illuminate\Database\QueryException">Tests\Unit\Repositories\CampaignRepositoryTest::it_can_get_campaign_contexts
Illuminate\Database\QueryException: SQLSTATE[42883]: Undefined function: 7 ERROR:  function cmis.get_campaign_contexts(unknown, unknown) does not exist
LINE 1: SELECT * FROM cmis.get_campaign_contexts($1, $2)
                      ^
HINT:  No function matches the given name and argument types. You might need to add explicit type casts. (Connection: pgsql, SQL: SELECT * FROM cmis.get_campaign_contexts(b3802e4f-854b-413e-8103-627c4a4c4bd1, 1))

/home/user/cmis.marketing.limited/vendor/laravel/framework/src/Illuminate/Database/Connection.php:824
/home/user/cmis.marketing.limited/vendor/laravel/framework/src/Illuminate/Database/Connection.php:778
/home/user/cmis.marketing.limited/vendor/laravel/framework/src/Illuminate/Database/Connection.php:397
/home/user/cmis.marketing.limited/vendor/laravel/framework/src/Illuminate/Database/DatabaseManager.php:489
/home/user/cmis.marketing.limited/vendor/laravel/framework/src/Illuminate/Support/Facades/Facade.php:363
/home/user/cmis.marketing.limited/app/Repositories/CMIS/CampaignRepository.php:73
/home/user/cmis.marketing.limited/tests/Unit/Repositories/CampaignRepositoryTest.php:105</error>
        </testcase>
      </testsuite>
      <testsuite name="Tests\Unit\Listeners\SendWebhookNotificationListenerTest" file="/home/user/cmis.marketing.limited/tests/Unit/Listeners/SendWebhookNotificationListenerTest.php" tests="8" assertions="0" errors="8" failures="0" skipped="0" time="0.612429">
        <testcase name="it_sends_webhook_on_campaign_published" file="/home/user/cmis.marketing.limited/tests/Unit/Listeners/SendWebhookNotificationListenerTest.php" line="63" class="Tests\Unit\Listeners\SendWebhookNotificationListenerTest" classname="Tests.Unit.Listeners.SendWebhookNotificationListenerTest" assertions="0" time="0.111335">
          <error type="Error">Tests\Unit\Listeners\SendWebhookNotificationListenerTest::it_sends_webhook_on_campaign_published
Error: Class "App\Models\Webhook\Webhook" not found

/home/user/cmis.marketing.limited/tests/Unit/Listeners/SendWebhookNotificationListenerTest.php:74</error>
        </testcase>
        <testcase name="it_handles_webhook_failures_gracefully" file="/home/user/cmis.marketing.limited/tests/Unit/Listeners/SendWebhookNotificationListenerTest.php" line="211" class="Tests\Unit\Listeners\SendWebhookNotificationListenerTest" classname="Tests.Unit.Listeners.SendWebhookNotificationListenerTest" assertions="0" time="0.064816">
          <error type="Error">Tests\Unit\Listeners\SendWebhookNotificationListenerTest::it_handles_webhook_failures_gracefully
Error: Class "App\Models\Webhook\Webhook" not found

/home/user/cmis.marketing.limited/tests/Unit/Listeners/SendWebhookNotificationListenerTest.php:222</error>
        </testcase>
        <testcase name="it_sends_webhook_on_campaign_created" file="/home/user/cmis.marketing.limited/tests/Unit/Listeners/SendWebhookNotificationListenerTest.php" line="27" class="Tests\Unit\Listeners\SendWebhookNotificationListenerTest" classname="Tests.Unit.Listeners.SendWebhookNotificationListenerTest" assertions="0" time="0.064666">
          <error type="Error">Tests\Unit\Listeners\SendWebhookNotificationListenerTest::it_sends_webhook_on_campaign_created
Error: Class "App\Models\Webhook\Webhook" not found

/home/user/cmis.marketing.limited/tests/Unit/Listeners/SendWebhookNotificationListenerTest.php:38</error>
        </testcase>
        <testcase name="it_skips_inactive_webhooks" file="/home/user/cmis.marketing.limited/tests/Unit/Listeners/SendWebhookNotificationListenerTest.php" line="177" class="Tests\Unit\Listeners\SendWebhookNotificationListenerTest" classname="Tests.Unit.Listeners.SendWebhookNotificationListenerTest" assertions="0" time="0.063267">
          <error type="Error">Tests\Unit\Listeners\SendWebhookNotificationListenerTest::it_skips_inactive_webhooks
Error: Class "App\Models\Webhook\Webhook" not found

/home/user/cmis.marketing.limited/tests/Unit/Listeners/SendWebhookNotificationListenerTest.php:186</error>
        </testcase>
        <testcase name="it_includes_event_data_in_payload" file="/home/user/cmis.marketing.limited/tests/Unit/Listeners/SendWebhookNotificationListenerTest.php" line="99" class="Tests\Unit\Listeners\SendWebhookNotificationListenerTest" classname="Tests.Unit.Listeners.SendWebhookNotificationListenerTest" assertions="0" time="0.064982">
          <error type="Error">Tests\Unit\Listeners\SendWebhookNotificationListenerTest::it_includes_event_data_in_payload
Error: Class "App\Models\Webhook\Webhook" not found

/home/user/cmis.marketing.limited/tests/Unit/Listeners/SendWebhookNotificationListenerTest.php:110</error>
        </testcase>
        <testcase name="it_queues_webhook_delivery" file="/home/user/cmis.marketing.limited/tests/Unit/Listeners/SendWebhookNotificationListenerTest.php" line="247" class="Tests\Unit\Listeners\SendWebhookNotificationListenerTest" classname="Tests.Unit.Listeners.SendWebhookNotificationListenerTest" assertions="0" time="0.068995">
          <error type="Error">Tests\Unit\Listeners\SendWebhookNotificationListenerTest::it_queues_webhook_delivery
Error: Class "App\Models\Webhook\Webhook" not found

/home/user/cmis.marketing.limited/tests/Unit/Listeners/SendWebhookNotificationListenerTest.php:256</error>
        </testcase>
        <testcase name="it_respects_org_isolation" file="/home/user/cmis.marketing.limited/tests/Unit/Listeners/SendWebhookNotificationListenerTest.php" line="281" class="Tests\Unit\Listeners\SendWebhookNotificationListenerTest" classname="Tests.Unit.Listeners.SendWebhookNotificationListenerTest" assertions="0" time="0.110074">
          <error type="Error">Tests\Unit\Listeners\SendWebhookNotificationListenerTest::it_respects_org_isolation
Error: Class "App\Models\Webhook\Webhook" not found

/home/user/cmis.marketing.limited/tests/Unit/Listeners/SendWebhookNotificationListenerTest.php:295</error>
        </testcase>
        <testcase name="it_only_sends_to_matching_webhooks" file="/home/user/cmis.marketing.limited/tests/Unit/Listeners/SendWebhookNotificationListenerTest.php" line="135" class="Tests\Unit\Listeners\SendWebhookNotificationListenerTest" classname="Tests.Unit.Listeners.SendWebhookNotificationListenerTest" assertions="0" time="0.064294">
          <error type="Error">Tests\Unit\Listeners\SendWebhookNotificationListenerTest::it_only_sends_to_matching_webhooks
Error: Class "App\Models\Webhook\Webhook" not found

/home/user/cmis.marketing.limited/tests/Unit/Listeners/SendWebhookNotificationListenerTest.php:144</error>
        </testcase>
      </testsuite>
      <testsuite name="Tests\Unit\Jobs\SendEmailCampaignJobTest" file="/home/user/cmis.marketing.limited/tests/Unit/Jobs/SendEmailCampaignJobTest.php" tests="5" assertions="0" errors="5" failures="0" skipped="0" time="0.350432">
        <testcase name="it_sends_email_to_recipients" file="/home/user/cmis.marketing.limited/tests/Unit/Jobs/SendEmailCampaignJobTest.php" line="28" class="Tests\Unit\Jobs\SendEmailCampaignJobTest" classname="Tests.Unit.Jobs.SendEmailCampaignJobTest" assertions="0" time="0.062275">
          <error type="Error">Tests\Unit\Jobs\SendEmailCampaignJobTest::it_sends_email_to_recipients
Error: Class "App\Models\Contact\Contact" not found

/home/user/cmis.marketing.limited/tests/Unit/Jobs/SendEmailCampaignJobTest.php:38</error>
        </testcase>
        <testcase name="it_tracks_sent_emails" file="/home/user/cmis.marketing.limited/tests/Unit/Jobs/SendEmailCampaignJobTest.php" line="129" class="Tests\Unit\Jobs\SendEmailCampaignJobTest" classname="Tests.Unit.Jobs.SendEmailCampaignJobTest" assertions="0" time="0.060149">
          <error type="Error">Tests\Unit\Jobs\SendEmailCampaignJobTest::it_tracks_sent_emails
Error: Class "App\Models\Contact\Contact" not found

/home/user/cmis.marketing.limited/tests/Unit/Jobs/SendEmailCampaignJobTest.php:138</error>
        </testcase>
        <testcase name="it_handles_errors_gracefully" file="/home/user/cmis.marketing.limited/tests/Unit/Jobs/SendEmailCampaignJobTest.php" line="164" class="Tests\Unit\Jobs\SendEmailCampaignJobTest" classname="Tests.Unit.Jobs.SendEmailCampaignJobTest" assertions="0" time="0.058797">
          <error type="Error">Tests\Unit\Jobs\SendEmailCampaignJobTest::it_handles_errors_gracefully
Error: Class "App\Models\Contact\Contact" not found

/home/user/cmis.marketing.limited/tests/Unit/Jobs/SendEmailCampaignJobTest.php:171</error>
        </testcase>
        <testcase name="it_personalizes_content" file="/home/user/cmis.marketing.limited/tests/Unit/Jobs/SendEmailCampaignJobTest.php" line="94" class="Tests\Unit\Jobs\SendEmailCampaignJobTest" classname="Tests.Unit.Jobs.SendEmailCampaignJobTest" assertions="0" time="0.108722">
          <error type="Error">Tests\Unit\Jobs\SendEmailCampaignJobTest::it_personalizes_content
Error: Class "App\Models\Contact\Contact" not found

/home/user/cmis.marketing.limited/tests/Unit/Jobs/SendEmailCampaignJobTest.php:103</error>
        </testcase>
        <testcase name="it_can_be_dispatched" file="/home/user/cmis.marketing.limited/tests/Unit/Jobs/SendEmailCampaignJobTest.php" line="71" class="Tests\Unit\Jobs\SendEmailCampaignJobTest" classname="Tests.Unit.Jobs.SendEmailCampaignJobTest" assertions="0" time="0.060489">
          <error type="Error">Tests\Unit\Jobs\SendEmailCampaignJobTest::it_can_be_dispatched
Error: Class "App\Jobs\Email\SendEmailCampaignJob" not found

/home/user/cmis.marketing.limited/tests/Unit/Jobs/SendEmailCampaignJobTest.php:83</error>
        </testcase>
      </testsuite>
      <testsuite name="Tests\Unit\Services\Social\FacebookSyncServiceTest" file="/home/user/cmis.marketing.limited/tests/Unit/Services/Social/FacebookSyncServiceTest.php" tests="8" assertions="0" errors="8" failures="0" skipped="0" time="0.000000">
        <testcase name="test_refresh_token_returns_true" file="/home/user/cmis.marketing.limited/tests/Unit/Services/Social/FacebookSyncServiceTest.php" line="181" class="Tests\Unit\Services\Social\FacebookSyncServiceTest" classname="Tests.Unit.Services.Social.FacebookSyncServiceTest" assertions="0" time="0.000000">
          <error type="Error">Tests\Unit\Services\Social\FacebookSyncServiceTest::test_refresh_token_returns_true
Error: Class "App\Models\Integration" not found

/home/user/cmis.marketing.limited/tests/Unit/Services/Social/FacebookSyncServiceTest.php:23</error>
        </testcase>
        <testcase name="test_sync_posts_with_empty_response" file="/home/user/cmis.marketing.limited/tests/Unit/Services/Social/FacebookSyncServiceTest.php" line="134" class="Tests\Unit\Services\Social\FacebookSyncServiceTest" classname="Tests.Unit.Services.Social.FacebookSyncServiceTest" assertions="0" time="0.000000">
          <error type="Error">Tests\Unit\Services\Social\FacebookSyncServiceTest::test_sync_posts_with_empty_response
Error: Class "App\Models\Integration" not found

/home/user/cmis.marketing.limited/tests/Unit/Services/Social/FacebookSyncServiceTest.php:23</error>
        </testcase>
        <testcase name="test_get_configuration_returns_correct_structure" file="/home/user/cmis.marketing.limited/tests/Unit/Services/Social/FacebookSyncServiceTest.php" line="32" class="Tests\Unit\Services\Social\FacebookSyncServiceTest" classname="Tests.Unit.Services.Social.FacebookSyncServiceTest" assertions="0" time="0.000000">
          <error type="Error">Tests\Unit\Services\Social\FacebookSyncServiceTest::test_get_configuration_returns_correct_structure
Error: Class "App\Models\Integration" not found

/home/user/cmis.marketing.limited/tests/Unit/Services/Social/FacebookSyncServiceTest.php:23</error>
        </testcase>
        <testcase name="test_sync_account_successfully" file="/home/user/cmis.marketing.limited/tests/Unit/Services/Social/FacebookSyncServiceTest.php" line="57" class="Tests\Unit\Services\Social\FacebookSyncServiceTest" classname="Tests.Unit.Services.Social.FacebookSyncServiceTest" assertions="0" time="0.000000">
          <error type="Error">Tests\Unit\Services\Social\FacebookSyncServiceTest::test_sync_account_successfully
Error: Class "App\Models\Integration" not found

/home/user/cmis.marketing.limited/tests/Unit/Services/Social/FacebookSyncServiceTest.php:23</error>
        </testcase>
        <testcase name="test_sync_account_with_invalid_token" file="/home/user/cmis.marketing.limited/tests/Unit/Services/Social/FacebookSyncServiceTest.php" line="47" class="Tests\Unit\Services\Social\FacebookSyncServiceTest" classname="Tests.Unit.Services.Social.FacebookSyncServiceTest" assertions="0" time="0.000000">
          <error type="Error">Tests\Unit\Services\Social\FacebookSyncServiceTest::test_sync_account_with_invalid_token
Error: Class "App\Models\Integration" not found

/home/user/cmis.marketing.limited/tests/Unit/Services/Social/FacebookSyncServiceTest.php:23</error>
        </testcase>
        <testcase name="test_sync_posts_successfully" file="/home/user/cmis.marketing.limited/tests/Unit/Services/Social/FacebookSyncServiceTest.php" line="98" class="Tests\Unit\Services\Social\FacebookSyncServiceTest" classname="Tests.Unit.Services.Social.FacebookSyncServiceTest" assertions="0" time="0.000000">
          <error type="Error">Tests\Unit\Services\Social\FacebookSyncServiceTest::test_sync_posts_successfully
Error: Class "App\Models\Integration" not found

/home/user/cmis.marketing.limited/tests/Unit/Services/Social/FacebookSyncServiceTest.php:23</error>
        </testcase>
        <testcase name="test_sync_account_with_api_failure" file="/home/user/cmis.marketing.limited/tests/Unit/Services/Social/FacebookSyncServiceTest.php" line="86" class="Tests\Unit\Services\Social\FacebookSyncServiceTest" classname="Tests.Unit.Services.Social.FacebookSyncServiceTest" assertions="0" time="0.000000">
          <error type="Error">Tests\Unit\Services\Social\FacebookSyncServiceTest::test_sync_account_with_api_failure
Error: Class "App\Models\Integration" not found

/home/user/cmis.marketing.limited/tests/Unit/Services/Social/FacebookSyncServiceTest.php:23</error>
        </testcase>
        <testcase name="test_sync_posts_filters_by_date_range" file="/home/user/cmis.marketing.limited/tests/Unit/Services/Social/FacebookSyncServiceTest.php" line="146" class="Tests\Unit\Services\Social\FacebookSyncServiceTest" classname="Tests.Unit.Services.Social.FacebookSyncServiceTest" assertions="0" time="0.000000">
          <error type="Error">Tests\Unit\Services\Social\FacebookSyncServiceTest::test_sync_posts_filters_by_date_range
Error: Class "App\Models\Integration" not found

/home/user/cmis.marketing.limited/tests/Unit/Services/Social/FacebookSyncServiceTest.php:23</error>
        </testcase>
      </testsuite>
      <testsuite name="Tests\Unit\Models\Team\TeamMemberTest" file="/home/user/cmis.marketing.limited/tests/Unit/Models/Team/TeamMemberTest.php" tests="11" assertions="0" errors="11" failures="0" skipped="0" time="3.833644">
        <testcase name="it_tracks_last_access_time" file="/home/user/cmis.marketing.limited/tests/Unit/Models/Team/TeamMemberTest.php" line="216" class="Tests\Unit\Models\Team\TeamMemberTest" classname="Tests.Unit.Models.Team.TeamMemberTest" assertions="0" time="0.354076">
          <error type="Error">Tests\Unit\Models\Team\TeamMemberTest::it_tracks_last_access_time
Error: Class "App\Models\Team\TeamMember" not found

/home/user/cmis.marketing.limited/tests/Unit/Models/Team/TeamMemberTest.php:230</error>
        </testcase>
        <testcase name="it_tracks_invitation_details" file="/home/user/cmis.marketing.limited/tests/Unit/Models/Team/TeamMemberTest.php" line="155" class="Tests\Unit\Models\Team\TeamMemberTest" classname="Tests.Unit.Models.Team.TeamMemberTest" assertions="0" time="0.308028">
          <error type="Error">Tests\Unit\Models\Team\TeamMemberTest::it_tracks_invitation_details
Error: Class "App\Models\Team\TeamMember" not found

/home/user/cmis.marketing.limited/tests/Unit/Models/Team/TeamMemberTest.php:169</error>
        </testcase>
        <testcase name="it_belongs_to_org_and_user" file="/home/user/cmis.marketing.limited/tests/Unit/Models/Team/TeamMemberTest.php" line="54" class="Tests\Unit\Models\Team\TeamMemberTest" classname="Tests.Unit.Models.Team.TeamMemberTest" assertions="0" time="0.294623">
          <error type="Error">Tests\Unit\Models\Team\TeamMemberTest::it_belongs_to_org_and_user
Error: Class "App\Models\Team\TeamMember" not found

/home/user/cmis.marketing.limited/tests/Unit/Models/Team/TeamMemberTest.php:68</error>
        </testcase>
        <testcase name="it_can_be_soft_deleted" file="/home/user/cmis.marketing.limited/tests/Unit/Models/Team/TeamMemberTest.php" line="293" class="Tests\Unit\Models\Team\TeamMemberTest" classname="Tests.Unit.Models.Team.TeamMemberTest" assertions="0" time="0.294153">
          <error type="Error">Tests\Unit\Models\Team\TeamMemberTest::it_can_be_soft_deleted
Error: Class "App\Models\Team\TeamMember" not found

/home/user/cmis.marketing.limited/tests/Unit/Models/Team/TeamMemberTest.php:307</error>
        </testcase>
        <testcase name="it_can_create_team_member" file="/home/user/cmis.marketing.limited/tests/Unit/Models/Team/TeamMemberTest.php" line="25" class="Tests\Unit\Models\Team\TeamMemberTest" classname="Tests.Unit.Models.Team.TeamMemberTest" assertions="0" time="0.298140">
          <error type="Error">Tests\Unit\Models\Team\TeamMemberTest::it_can_create_team_member
Error: Class "App\Models\Team\TeamMember" not found

/home/user/cmis.marketing.limited/tests/Unit/Models/Team/TeamMemberTest.php:39</error>
        </testcase>
        <testcase name="it_has_different_roles" file="/home/user/cmis.marketing.limited/tests/Unit/Models/Team/TeamMemberTest.php" line="80" class="Tests\Unit\Models\Team\TeamMemberTest" classname="Tests.Unit.Models.Team.TeamMemberTest" assertions="0" time="0.297077">
          <error type="Error">Tests\Unit\Models\Team\TeamMemberTest::it_has_different_roles
Error: Class "App\Models\Team\TeamMember" not found

/home/user/cmis.marketing.limited/tests/Unit/Models/Team/TeamMemberTest.php:98</error>
        </testcase>
        <testcase name="it_has_timestamps" file="/home/user/cmis.marketing.limited/tests/Unit/Models/Team/TeamMemberTest.php" line="267" class="Tests\Unit\Models\Team\TeamMemberTest" classname="Tests.Unit.Models.Team.TeamMemberTest" assertions="0" time="0.348772">
          <error type="Error">Tests\Unit\Models\Team\TeamMemberTest::it_has_timestamps
Error: Class "App\Models\Team\TeamMember" not found

/home/user/cmis.marketing.limited/tests/Unit/Models/Team/TeamMemberTest.php:281</error>
        </testcase>
        <testcase name="it_uses_uuid_as_primary_key" file="/home/user/cmis.marketing.limited/tests/Unit/Models/Team/TeamMemberTest.php" line="242" class="Tests\Unit\Models\Team\TeamMemberTest" classname="Tests.Unit.Models.Team.TeamMemberTest" assertions="0" time="0.294451">
          <error type="Error">Tests\Unit\Models\Team\TeamMemberTest::it_uses_uuid_as_primary_key
Error: Class "App\Models\Team\TeamMember" not found

/home/user/cmis.marketing.limited/tests/Unit/Models/Team/TeamMemberTest.php:256</error>
        </testcase>
        <testcase name="it_respects_rls_policies" file="/home/user/cmis.marketing.limited/tests/Unit/Models/Team/TeamMemberTest.php" line="324" class="Tests\Unit\Models\Team\TeamMemberTest" classname="Tests.Unit.Models.Team.TeamMemberTest" assertions="0" time="0.527494">
          <error type="Error">Tests\Unit\Models\Team\TeamMemberTest::it_respects_rls_policies
Error: Class "App\Models\Team\TeamMember" not found

/home/user/cmis.marketing.limited/tests/Unit/Models/Team/TeamMemberTest.php:350</error>
        </testcase>
        <testcase name="it_stores_permissions_as_json" file="/home/user/cmis.marketing.limited/tests/Unit/Models/Team/TeamMemberTest.php" line="183" class="Tests\Unit\Models\Team\TeamMemberTest" classname="Tests.Unit.Models.Team.TeamMemberTest" assertions="0" time="0.293320">
          <error type="Error">Tests\Unit\Models\Team\TeamMemberTest::it_stores_permissions_as_json
Error: Class "App\Models\Team\TeamMember" not found

/home/user/cmis.marketing.limited/tests/Unit/Models/Team/TeamMemberTest.php:203</error>
        </testcase>
        <testcase name="it_can_be_active_or_inactive" file="/home/user/cmis.marketing.limited/tests/Unit/Models/Team/TeamMemberTest.php" line="113" class="Tests\Unit\Models\Team\TeamMemberTest" classname="Tests.Unit.Models.Team.TeamMemberTest" assertions="0" time="0.523510">
          <error type="Error">Tests\Unit\Models\Team\TeamMemberTest::it_can_be_active_or_inactive
Error: Class "App\Models\Team\TeamMember" not found

/home/user/cmis.marketing.limited/tests/Unit/Models/Team/TeamMemberTest.php:134</error>
        </testcase>
      </testsuite>
      <testsuite name="Tests\Unit\Jobs\PublishToInstagramJobTest" file="/home/user/cmis.marketing.limited/tests/Unit/Jobs/PublishToInstagramJobTest.php" tests="7" assertions="0" errors="7" failures="0" skipped="0" time="2.224968">
        <testcase name="it_retries_on_failure" file="/home/user/cmis.marketing.limited/tests/Unit/Jobs/PublishToInstagramJobTest.php" line="157" class="Tests\Unit\Jobs\PublishToInstagramJobTest" classname="Tests.Unit.Jobs.PublishToInstagramJobTest" assertions="0" time="0.357051">
          <error type="Error">Tests\Unit\Jobs\PublishToInstagramJobTest::it_retries_on_failure
Error: Class "App\Jobs\PublishToInstagramJob" not found

/home/user/cmis.marketing.limited/tests/Unit/Jobs/PublishToInstagramJobTest.php:176</error>
        </testcase>
        <testcase name="it_publishes_story_to_instagram" file="/home/user/cmis.marketing.limited/tests/Unit/Jobs/PublishToInstagramJobTest.php" line="88" class="Tests\Unit\Jobs\PublishToInstagramJobTest" classname="Tests.Unit.Jobs.PublishToInstagramJobTest" assertions="0" time="0.309915">
          <error type="Illuminate\Database\Eloquent\InvalidCastException">Tests\Unit\Jobs\PublishToInstagramJobTest::it_publishes_story_to_instagram
Illuminate\Database\Eloquent\InvalidCastException: Call to undefined cast [Illuminate\Database\Eloquent\Casts\Encrypted] on column [access_token] in model [App\Models\Core\Integration].

/home/user/cmis.marketing.limited/vendor/laravel/framework/src/Illuminate/Database/Eloquent/Concerns/HasAttributes.php:1768
/home/user/cmis.marketing.limited/vendor/laravel/framework/src/Illuminate/Database/Eloquent/Concerns/HasAttributes.php:1084
/home/user/cmis.marketing.limited/vendor/laravel/framework/src/Illuminate/Database/Eloquent/Model.php:619
/home/user/cmis.marketing.limited/vendor/laravel/framework/src/Illuminate/Database/Eloquent/Model.php:713
/home/user/cmis.marketing.limited/vendor/laravel/framework/src/Illuminate/Database/Eloquent/Builder.php:1747
/home/user/cmis.marketing.limited/vendor/laravel/framework/src/Illuminate/Database/Eloquent/Builder.php:1218
/home/user/cmis.marketing.limited/vendor/laravel/framework/src/Illuminate/Support/Traits/ForwardsCalls.php:23
/home/user/cmis.marketing.limited/vendor/laravel/framework/src/Illuminate/Database/Eloquent/Model.php:2540
/home/user/cmis.marketing.limited/vendor/laravel/framework/src/Illuminate/Database/Eloquent/Model.php:2556
/home/user/cmis.marketing.limited/tests/Traits/CreatesTestData.php:105
/home/user/cmis.marketing.limited/tests/Unit/Jobs/PublishToInstagramJobTest.php:99</error>
        </testcase>
        <testcase name="it_updates_post_metadata_after_publishing" file="/home/user/cmis.marketing.limited/tests/Unit/Jobs/PublishToInstagramJobTest.php" line="183" class="Tests\Unit\Jobs\PublishToInstagramJobTest" classname="Tests.Unit.Jobs.PublishToInstagramJobTest" assertions="0" time="0.311646">
          <error type="Illuminate\Database\Eloquent\InvalidCastException">Tests\Unit\Jobs\PublishToInstagramJobTest::it_updates_post_metadata_after_publishing
Illuminate\Database\Eloquent\InvalidCastException: Call to undefined cast [Illuminate\Database\Eloquent\Casts\Encrypted] on column [access_token] in model [App\Models\Core\Integration].

/home/user/cmis.marketing.limited/vendor/laravel/framework/src/Illuminate/Database/Eloquent/Concerns/HasAttributes.php:1768
/home/user/cmis.marketing.limited/vendor/laravel/framework/src/Illuminate/Database/Eloquent/Concerns/HasAttributes.php:1084
/home/user/cmis.marketing.limited/vendor/laravel/framework/src/Illuminate/Database/Eloquent/Model.php:619
/home/user/cmis.marketing.limited/vendor/laravel/framework/src/Illuminate/Database/Eloquent/Model.php:713
/home/user/cmis.marketing.limited/vendor/laravel/framework/src/Illuminate/Database/Eloquent/Builder.php:1747
/home/user/cmis.marketing.limited/vendor/laravel/framework/src/Illuminate/Database/Eloquent/Builder.php:1218
/home/user/cmis.marketing.limited/vendor/laravel/framework/src/Illuminate/Support/Traits/ForwardsCalls.php:23
/home/user/cmis.marketing.limited/vendor/laravel/framework/src/Illuminate/Database/Eloquent/Model.php:2540
/home/user/cmis.marketing.limited/vendor/laravel/framework/src/Illuminate/Database/Eloquent/Model.php:2556
/home/user/cmis.marketing.limited/tests/Traits/CreatesTestData.php:105
/home/user/cmis.marketing.limited/tests/Unit/Jobs/PublishToInstagramJobTest.php:195</error>
        </testcase>
        <testcase name="it_can_be_dispatched" file="/home/user/cmis.marketing.limited/tests/Unit/Jobs/PublishToInstagramJobTest.php" line="27" class="Tests\Unit\Jobs\PublishToInstagramJobTest" classname="Tests.Unit.Jobs.PublishToInstagramJobTest" assertions="0" time="0.301283">
          <error type="Error">Tests\Unit\Jobs\PublishToInstagramJobTest::it_can_be_dispatched
Error: Class "App\Jobs\PublishToInstagramJob" not found

/home/user/cmis.marketing.limited/tests/Unit/Jobs/PublishToInstagramJobTest.php:46</error>
        </testcase>
        <testcase name="it_handles_api_errors" file="/home/user/cmis.marketing.limited/tests/Unit/Jobs/PublishToInstagramJobTest.php" line="122" class="Tests\Unit\Jobs\PublishToInstagramJobTest" classname="Tests.Unit.Jobs.PublishToInstagramJobTest" assertions="0" time="0.298100">
          <error type="Illuminate\Database\Eloquent\InvalidCastException">Tests\Unit\Jobs\PublishToInstagramJobTest::it_handles_api_errors
Illuminate\Database\Eloquent\InvalidCastException: Call to undefined cast [Illuminate\Database\Eloquent\Casts\Encrypted] on column [access_token] in model [App\Models\Core\Integration].

/home/user/cmis.marketing.limited/vendor/laravel/framework/src/Illuminate/Database/Eloquent/Concerns/HasAttributes.php:1768
/home/user/cmis.marketing.limited/vendor/laravel/framework/src/Illuminate/Database/Eloquent/Concerns/HasAttributes.php:1084
/home/user/cmis.marketing.limited/vendor/laravel/framework/src/Illuminate/Database/Eloquent/Model.php:619
/home/user/cmis.marketing.limited/vendor/laravel/framework/src/Illuminate/Database/Eloquent/Model.php:713
/home/user/cmis.marketing.limited/vendor/laravel/framework/src/Illuminate/Database/Eloquent/Builder.php:1747
/home/user/cmis.marketing.limited/vendor/laravel/framework/src/Illuminate/Database/Eloquent/Builder.php:1218
/home/user/cmis.marketing.limited/vendor/laravel/framework/src/Illuminate/Support/Traits/ForwardsCalls.php:23
/home/user/cmis.marketing.limited/vendor/laravel/framework/src/Illuminate/Database/Eloquent/Model.php:2540
/home/user/cmis.marketing.limited/vendor/laravel/framework/src/Illuminate/Database/Eloquent/Model.php:2556
/home/user/cmis.marketing.limited/tests/Traits/CreatesTestData.php:105
/home/user/cmis.marketing.limited/tests/Unit/Jobs/PublishToInstagramJobTest.php:136</error>
        </testcase>
        <testcase name="it_validates_required_fields_before_publishing" file="/home/user/cmis.marketing.limited/tests/Unit/Jobs/PublishToInstagramJobTest.php" line="217" class="Tests\Unit\Jobs\PublishToInstagramJobTest" classname="Tests.Unit.Jobs.PublishToInstagramJobTest" assertions="0" time="0.346022">
          <error type="Error">Tests\Unit\Jobs\PublishToInstagramJobTest::it_validates_required_fields_before_publishing
Error: Class "App\Jobs\PublishToInstagramJob" not found

/home/user/cmis.marketing.limited/tests/Unit/Jobs/PublishToInstagramJobTest.php:236</error>
        </testcase>
        <testcase name="it_publishes_feed_post_to_instagram" file="/home/user/cmis.marketing.limited/tests/Unit/Jobs/PublishToInstagramJobTest.php" line="52" class="Tests\Unit\Jobs\PublishToInstagramJobTest" classname="Tests.Unit.Jobs.PublishToInstagramJobTest" assertions="0" time="0.300950">
          <error type="Illuminate\Database\Eloquent\InvalidCastException">Tests\Unit\Jobs\PublishToInstagramJobTest::it_publishes_feed_post_to_instagram
Illuminate\Database\Eloquent\InvalidCastException: Call to undefined cast [Illuminate\Database\Eloquent\Casts\Encrypted] on column [access_token] in model [App\Models\Core\Integration].

/home/user/cmis.marketing.limited/vendor/laravel/framework/src/Illuminate/Database/Eloquent/Concerns/HasAttributes.php:1768
/home/user/cmis.marketing.limited/vendor/laravel/framework/src/Illuminate/Database/Eloquent/Concerns/HasAttributes.php:1084
/home/user/cmis.marketing.limited/vendor/laravel/framework/src/Illuminate/Database/Eloquent/Model.php:619
/home/user/cmis.marketing.limited/vendor/laravel/framework/src/Illuminate/Database/Eloquent/Model.php:713
/home/user/cmis.marketing.limited/vendor/laravel/framework/src/Illuminate/Database/Eloquent/Builder.php:1747
/home/user/cmis.marketing.limited/vendor/laravel/framework/src/Illuminate/Database/Eloquent/Builder.php:1218
/home/user/cmis.marketing.limited/vendor/laravel/framework/src/Illuminate/Support/Traits/ForwardsCalls.php:23
/home/user/cmis.marketing.limited/vendor/laravel/framework/src/Illuminate/Database/Eloquent/Model.php:2540
/home/user/cmis.marketing.limited/vendor/laravel/framework/src/Illuminate/Database/Eloquent/Model.php:2556
/home/user/cmis.marketing.limited/tests/Traits/CreatesTestData.php:105
/home/user/cmis.marketing.limited/tests/Unit/Jobs/PublishToInstagramJobTest.php:64</error>
        </testcase>
      </testsuite>
      <testsuite name="Tests\Unit\Jobs\UpdateCampaignStatsJobTest" file="/home/user/cmis.marketing.limited/tests/Unit/Jobs/UpdateCampaignStatsJobTest.php" tests="12" assertions="1" errors="11" failures="0" skipped="0" time="0.920862">
        <testcase name="it_updates_campaign_statistics" file="/home/user/cmis.marketing.limited/tests/Unit/Jobs/UpdateCampaignStatsJobTest.php" line="27" class="Tests\Unit\Jobs\UpdateCampaignStatsJobTest" classname="Tests.Unit.Jobs.UpdateCampaignStatsJobTest" assertions="0" time="0.068706">
          <error type="Error">Tests\Unit\Jobs\UpdateCampaignStatsJobTest::it_updates_campaign_statistics
Error: Class "App\Jobs\Campaign\UpdateCampaignStatsJob" not found

/home/user/cmis.marketing.limited/tests/Unit/Jobs/UpdateCampaignStatsJobTest.php:41</error>
        </testcase>
        <testcase name="it_respects_org_isolation" file="/home/user/cmis.marketing.limited/tests/Unit/Jobs/UpdateCampaignStatsJobTest.php" line="328" class="Tests\Unit\Jobs\UpdateCampaignStatsJobTest" classname="Tests.Unit.Jobs.UpdateCampaignStatsJobTest" assertions="1" time="0.063590"/>
        <testcase name="it_aggregates_platform_stats" file="/home/user/cmis.marketing.limited/tests/Unit/Jobs/UpdateCampaignStatsJobTest.php" line="134" class="Tests\Unit\Jobs\UpdateCampaignStatsJobTest" classname="Tests.Unit.Jobs.UpdateCampaignStatsJobTest" assertions="0" time="0.069257">
          <error type="Error">Tests\Unit\Jobs\UpdateCampaignStatsJobTest::it_aggregates_platform_stats
Error: Class "App\Jobs\Campaign\UpdateCampaignStatsJob" not found

/home/user/cmis.marketing.limited/tests/Unit/Jobs/UpdateCampaignStatsJobTest.php:148</error>
        </testcase>
        <testcase name="it_calculates_conversion_rate" file="/home/user/cmis.marketing.limited/tests/Unit/Jobs/UpdateCampaignStatsJobTest.php" line="80" class="Tests\Unit\Jobs\UpdateCampaignStatsJobTest" classname="Tests.Unit.Jobs.UpdateCampaignStatsJobTest" assertions="0" time="0.119260">
          <error type="Error">Tests\Unit\Jobs\UpdateCampaignStatsJobTest::it_calculates_conversion_rate
Error: Class "App\Jobs\Campaign\UpdateCampaignStatsJob" not found

/home/user/cmis.marketing.limited/tests/Unit/Jobs/UpdateCampaignStatsJobTest.php:94</error>
        </testcase>
        <testcase name="it_can_be_dispatched" file="/home/user/cmis.marketing.limited/tests/Unit/Jobs/UpdateCampaignStatsJobTest.php" line="161" class="Tests\Unit\Jobs\UpdateCampaignStatsJobTest" classname="Tests.Unit.Jobs.UpdateCampaignStatsJobTest" assertions="0" time="0.067595">
          <error type="Error">Tests\Unit\Jobs\UpdateCampaignStatsJobTest::it_can_be_dispatched
Error: Class "App\Jobs\Campaign\UpdateCampaignStatsJob" not found

/home/user/cmis.marketing.limited/tests/Unit/Jobs/UpdateCampaignStatsJobTest.php:177</error>
        </testcase>
        <testcase name="it_handles_campaigns_with_no_data" file="/home/user/cmis.marketing.limited/tests/Unit/Jobs/UpdateCampaignStatsJobTest.php" line="275" class="Tests\Unit\Jobs\UpdateCampaignStatsJobTest" classname="Tests.Unit.Jobs.UpdateCampaignStatsJobTest" assertions="0" time="0.067707">
          <error type="Error">Tests\Unit\Jobs\UpdateCampaignStatsJobTest::it_handles_campaigns_with_no_data
Error: Class "App\Jobs\Campaign\UpdateCampaignStatsJob" not found

/home/user/cmis.marketing.limited/tests/Unit/Jobs/UpdateCampaignStatsJobTest.php:289</error>
        </testcase>
        <testcase name="it_updates_roi_metrics" file="/home/user/cmis.marketing.limited/tests/Unit/Jobs/UpdateCampaignStatsJobTest.php" line="107" class="Tests\Unit\Jobs\UpdateCampaignStatsJobTest" classname="Tests.Unit.Jobs.UpdateCampaignStatsJobTest" assertions="0" time="0.063633">
          <error type="Error">Tests\Unit\Jobs\UpdateCampaignStatsJobTest::it_updates_roi_metrics
Error: Class "App\Jobs\Campaign\UpdateCampaignStatsJob" not found

/home/user/cmis.marketing.limited/tests/Unit/Jobs/UpdateCampaignStatsJobTest.php:121</error>
        </testcase>
        <testcase name="it_stores_stats_snapshot" file="/home/user/cmis.marketing.limited/tests/Unit/Jobs/UpdateCampaignStatsJobTest.php" line="301" class="Tests\Unit\Jobs\UpdateCampaignStatsJobTest" classname="Tests.Unit.Jobs.UpdateCampaignStatsJobTest" assertions="0" time="0.067708">
          <error type="Error">Tests\Unit\Jobs\UpdateCampaignStatsJobTest::it_stores_stats_snapshot
Error: Class "App\Jobs\Campaign\UpdateCampaignStatsJob" not found

/home/user/cmis.marketing.limited/tests/Unit/Jobs/UpdateCampaignStatsJobTest.php:315</error>
        </testcase>
        <testcase name="it_tracks_cost_per_click" file="/home/user/cmis.marketing.limited/tests/Unit/Jobs/UpdateCampaignStatsJobTest.php" line="218" class="Tests\Unit\Jobs\UpdateCampaignStatsJobTest" classname="Tests.Unit.Jobs.UpdateCampaignStatsJobTest" assertions="0" time="0.063387">
          <error type="Error">Tests\Unit\Jobs\UpdateCampaignStatsJobTest::it_tracks_cost_per_click
Error: Class "App\Jobs\Campaign\UpdateCampaignStatsJob" not found

/home/user/cmis.marketing.limited/tests/Unit/Jobs/UpdateCampaignStatsJobTest.php:232</error>
        </testcase>
        <testcase name="it_calculates_engagement_metrics" file="/home/user/cmis.marketing.limited/tests/Unit/Jobs/UpdateCampaignStatsJobTest.php" line="53" class="Tests\Unit\Jobs\UpdateCampaignStatsJobTest" classname="Tests.Unit.Jobs.UpdateCampaignStatsJobTest" assertions="0" time="0.127996">
          <error type="Error">Tests\Unit\Jobs\UpdateCampaignStatsJobTest::it_calculates_engagement_metrics
Error: Class "App\Jobs\Campaign\UpdateCampaignStatsJob" not found

/home/user/cmis.marketing.limited/tests/Unit/Jobs/UpdateCampaignStatsJobTest.php:67</error>
        </testcase>
        <testcase name="it_updates_reach_metrics" file="/home/user/cmis.marketing.limited/tests/Unit/Jobs/UpdateCampaignStatsJobTest.php" line="248" class="Tests\Unit\Jobs\UpdateCampaignStatsJobTest" classname="Tests.Unit.Jobs.UpdateCampaignStatsJobTest" assertions="0" time="0.070423">
          <error type="Error">Tests\Unit\Jobs\UpdateCampaignStatsJobTest::it_updates_reach_metrics
Error: Class "App\Jobs\Campaign\UpdateCampaignStatsJob" not found

/home/user/cmis.marketing.limited/tests/Unit/Jobs/UpdateCampaignStatsJobTest.php:262</error>
        </testcase>
        <testcase name="it_calculates_click_through_rate" file="/home/user/cmis.marketing.limited/tests/Unit/Jobs/UpdateCampaignStatsJobTest.php" line="188" class="Tests\Unit\Jobs\UpdateCampaignStatsJobTest" classname="Tests.Unit.Jobs.UpdateCampaignStatsJobTest" assertions="0" time="0.071601">
          <error type="Error">Tests\Unit\Jobs\UpdateCampaignStatsJobTest::it_calculates_click_through_rate
Error: Class "App\Jobs\Campaign\UpdateCampaignStatsJob" not found

/home/user/cmis.marketing.limited/tests/Unit/Jobs/UpdateCampaignStatsJobTest.php:202</error>
        </testcase>
      </testsuite>
      <testsuite name="Tests\Unit\Formatters\CurrencyFormatterTest" file="/home/user/cmis.marketing.limited/tests/Unit/Formatters/CurrencyFormatterTest.php" tests="10" assertions="15" errors="0" failures="0" skipped="0" time="0.788187">
        <testcase name="it_formats_with_custom_decimals" file="/home/user/cmis.marketing.limited/tests/Unit/Formatters/CurrencyFormatterTest.php" line="93" class="Tests\Unit\Formatters\CurrencyFormatterTest" classname="Tests.Unit.Formatters.CurrencyFormatterTest" assertions="1" time="0.076144"/>
        <testcase name="it_formats_without_decimals" file="/home/user/cmis.marketing.limited/tests/Unit/Formatters/CurrencyFormatterTest.php" line="154" class="Tests\Unit\Formatters\CurrencyFormatterTest" classname="Tests.Unit.Formatters.CurrencyFormatterTest" assertions="1" time="0.070194"/>
        <testcase name="it_formats_sar_currency" file="/home/user/cmis.marketing.limited/tests/Unit/Formatters/CurrencyFormatterTest.php" line="21" class="Tests\Unit\Formatters\CurrencyFormatterTest" classname="Tests.Unit.Formatters.CurrencyFormatterTest" assertions="1" time="0.132958"/>
        <testcase name="it_calculates_percentage_of_budget" file="/home/user/cmis.marketing.limited/tests/Unit/Formatters/CurrencyFormatterTest.php" line="204" class="Tests\Unit\Formatters\CurrencyFormatterTest" classname="Tests.Unit.Formatters.CurrencyFormatterTest" assertions="1" time="0.063177"/>
        <testcase name="it_converts_sar_to_usd" file="/home/user/cmis.marketing.limited/tests/Unit/Formatters/CurrencyFormatterTest.php" line="57" class="Tests\Unit\Formatters\CurrencyFormatterTest" classname="Tests.Unit.Formatters.CurrencyFormatterTest" assertions="1" time="0.068375"/>
        <testcase name="it_converts_usd_to_sar" file="/home/user/cmis.marketing.limited/tests/Unit/Formatters/CurrencyFormatterTest.php" line="75" class="Tests\Unit\Formatters\CurrencyFormatterTest" classname="Tests.Unit.Formatters.CurrencyFormatterTest" assertions="1" time="0.067714"/>
        <testcase name="it_formats_usd_currency" file="/home/user/cmis.marketing.limited/tests/Unit/Formatters/CurrencyFormatterTest.php" line="39" class="Tests\Unit\Formatters\CurrencyFormatterTest" classname="Tests.Unit.Formatters.CurrencyFormatterTest" assertions="1" time="0.062994"/>
        <testcase name="it_supports_multiple_currencies" file="/home/user/cmis.marketing.limited/tests/Unit/Formatters/CurrencyFormatterTest.php" line="172" class="Tests\Unit\Formatters\CurrencyFormatterTest" classname="Tests.Unit.Formatters.CurrencyFormatterTest" assertions="3" time="0.067780"/>
        <testcase name="it_formats_large_amounts" file="/home/user/cmis.marketing.limited/tests/Unit/Formatters/CurrencyFormatterTest.php" line="111" class="Tests\Unit\Formatters\CurrencyFormatterTest" classname="Tests.Unit.Formatters.CurrencyFormatterTest" assertions="3" time="0.117130"/>
        <testcase name="it_handles_negative_amounts" file="/home/user/cmis.marketing.limited/tests/Unit/Formatters/CurrencyFormatterTest.php" line="135" class="Tests\Unit\Formatters\CurrencyFormatterTest" classname="Tests.Unit.Formatters.CurrencyFormatterTest" assertions="2" time="0.061720"/>
      </testsuite>
      <testsuite name="Tests\Unit\Jobs\GenerateInvoiceJobTest" file="/home/user/cmis.marketing.limited/tests/Unit/Jobs/GenerateInvoiceJobTest.php" tests="10" assertions="0" errors="10" failures="0" skipped="0" time="0.783554">
        <testcase name="it_stores_invoice_pdf" file="/home/user/cmis.marketing.limited/tests/Unit/Jobs/GenerateInvoiceJobTest.php" line="237" class="Tests\Unit\Jobs\GenerateInvoiceJobTest" classname="Tests.Unit.Jobs.GenerateInvoiceJobTest" assertions="0" time="0.075292">
          <error type="Error">Tests\Unit\Jobs\GenerateInvoiceJobTest::it_stores_invoice_pdf
Error: Class "App\Models\Subscription\Subscription" not found

/home/user/cmis.marketing.limited/tests/Unit/Jobs/GenerateInvoiceJobTest.php:244</error>
        </testcase>
        <testcase name="it_includes_line_items" file="/home/user/cmis.marketing.limited/tests/Unit/Jobs/GenerateInvoiceJobTest.php" line="298" class="Tests\Unit\Jobs\GenerateInvoiceJobTest" classname="Tests.Unit.Jobs.GenerateInvoiceJobTest" assertions="0" time="0.071351">
          <error type="Error">Tests\Unit\Jobs\GenerateInvoiceJobTest::it_includes_line_items
Error: Class "App\Models\Subscription\Subscription" not found

/home/user/cmis.marketing.limited/tests/Unit/Jobs/GenerateInvoiceJobTest.php:305</error>
        </testcase>
        <testcase name="it_can_be_dispatched" file="/home/user/cmis.marketing.limited/tests/Unit/Jobs/GenerateInvoiceJobTest.php" line="115" class="Tests\Unit\Jobs\GenerateInvoiceJobTest" classname="Tests.Unit.Jobs.GenerateInvoiceJobTest" assertions="0" time="0.114548">
          <error type="Error">Tests\Unit\Jobs\GenerateInvoiceJobTest::it_can_be_dispatched
Error: Class "App\Models\Subscription\Subscription" not found

/home/user/cmis.marketing.limited/tests/Unit/Jobs/GenerateInvoiceJobTest.php:124</error>
        </testcase>
        <testcase name="it_includes_billing_address" file="/home/user/cmis.marketing.limited/tests/Unit/Jobs/GenerateInvoiceJobTest.php" line="174" class="Tests\Unit\Jobs\GenerateInvoiceJobTest" classname="Tests.Unit.Jobs.GenerateInvoiceJobTest" assertions="0" time="0.068640">
          <error type="Error">Tests\Unit\Jobs\GenerateInvoiceJobTest::it_includes_billing_address
Error: Class "App\Models\Subscription\Subscription" not found

/home/user/cmis.marketing.limited/tests/Unit/Jobs/GenerateInvoiceJobTest.php:181</error>
        </testcase>
        <testcase name="it_generates_unique_invoice_number" file="/home/user/cmis.marketing.limited/tests/Unit/Jobs/GenerateInvoiceJobTest.php" line="144" class="Tests\Unit\Jobs\GenerateInvoiceJobTest" classname="Tests.Unit.Jobs.GenerateInvoiceJobTest" assertions="0" time="0.065013">
          <error type="Error">Tests\Unit\Jobs\GenerateInvoiceJobTest::it_generates_unique_invoice_number
Error: Class "App\Models\Subscription\Subscription" not found

/home/user/cmis.marketing.limited/tests/Unit/Jobs/GenerateInvoiceJobTest.php:151</error>
        </testcase>
        <testcase name="it_applies_tax_to_invoice" file="/home/user/cmis.marketing.limited/tests/Unit/Jobs/GenerateInvoiceJobTest.php" line="86" class="Tests\Unit\Jobs\GenerateInvoiceJobTest" classname="Tests.Unit.Jobs.GenerateInvoiceJobTest" assertions="0" time="0.066226">
          <error type="Error">Tests\Unit\Jobs\GenerateInvoiceJobTest::it_applies_tax_to_invoice
Error: Class "App\Models\Subscription\Subscription" not found

/home/user/cmis.marketing.limited/tests/Unit/Jobs/GenerateInvoiceJobTest.php:93</error>
        </testcase>
        <testcase name="it_generates_invoice_for_subscription" file="/home/user/cmis.marketing.limited/tests/Unit/Jobs/GenerateInvoiceJobTest.php" line="28" class="Tests\Unit\Jobs\GenerateInvoiceJobTest" classname="Tests.Unit.Jobs.GenerateInvoiceJobTest" assertions="0" time="0.065747">
          <error type="Error">Tests\Unit\Jobs\GenerateInvoiceJobTest::it_generates_invoice_for_subscription
Error: Class "App\Models\Subscription\Subscription" not found

/home/user/cmis.marketing.limited/tests/Unit/Jobs/GenerateInvoiceJobTest.php:35</error>
        </testcase>
        <testcase name="it_handles_different_currencies" file="/home/user/cmis.marketing.limited/tests/Unit/Jobs/GenerateInvoiceJobTest.php" line="266" class="Tests\Unit\Jobs\GenerateInvoiceJobTest" classname="Tests.Unit.Jobs.GenerateInvoiceJobTest" assertions="0" time="0.065139">
          <error type="Error">Tests\Unit\Jobs\GenerateInvoiceJobTest::it_handles_different_currencies
Error: Class "App\Models\Subscription\Subscription" not found

/home/user/cmis.marketing.limited/tests/Unit/Jobs/GenerateInvoiceJobTest.php:276</error>
        </testcase>
        <testcase name="it_sends_invoice_notification" file="/home/user/cmis.marketing.limited/tests/Unit/Jobs/GenerateInvoiceJobTest.php" line="208" class="Tests\Unit\Jobs\GenerateInvoiceJobTest" classname="Tests.Unit.Jobs.GenerateInvoiceJobTest" assertions="0" time="0.119279">
          <error type="Error">Tests\Unit\Jobs\GenerateInvoiceJobTest::it_sends_invoice_notification
Error: Class "App\Models\Subscription\Subscription" not found

/home/user/cmis.marketing.limited/tests/Unit/Jobs/GenerateInvoiceJobTest.php:215</error>
        </testcase>
        <testcase name="it_calculates_invoice_total" file="/home/user/cmis.marketing.limited/tests/Unit/Jobs/GenerateInvoiceJobTest.php" line="57" class="Tests\Unit\Jobs\GenerateInvoiceJobTest" classname="Tests.Unit.Jobs.GenerateInvoiceJobTest" assertions="0" time="0.072319">
          <error type="Error">Tests\Unit\Jobs\GenerateInvoiceJobTest::it_calculates_invoice_total
Error: Class "App\Models\Subscription\Subscription" not found

/home/user/cmis.marketing.limited/tests/Unit/Jobs/GenerateInvoiceJobTest.php:64</error>
        </testcase>
      </testsuite>
      <testsuite name="Tests\Unit\Models\Lead\LeadTest" file="/home/user/cmis.marketing.limited/tests/Unit/Models/Lead/LeadTest.php" tests="16" assertions="0" errors="16" failures="0" skipped="0" time="1.428581">
        <testcase name="it_respects_rls_policies" file="/home/user/cmis.marketing.limited/tests/Unit/Models/Lead/LeadTest.php" line="399" class="Tests\Unit\Models\Lead\LeadTest" classname="Tests.Unit.Models.Lead.LeadTest" assertions="0" time="0.071781">
          <error type="Error">Tests\Unit\Models\Lead\LeadTest::it_respects_rls_policies
Error: Class "App\Models\Lead\Lead" not found

/home/user/cmis.marketing.limited/tests/Unit/Models/Lead/LeadTest.php:411</error>
        </testcase>
        <testcase name="it_tracks_conversion_date" file="/home/user/cmis.marketing.limited/tests/Unit/Models/Lead/LeadTest.php" line="239" class="Tests\Unit\Models\Lead\LeadTest" classname="Tests.Unit.Models.Lead.LeadTest" assertions="0" time="0.072301">
          <error type="Error">Tests\Unit\Models\Lead\LeadTest::it_tracks_conversion_date
Error: Class "App\Models\Lead\Lead" not found

/home/user/cmis.marketing.limited/tests/Unit/Models/Lead/LeadTest.php:246</error>
        </testcase>
        <testcase name="it_has_timestamps" file="/home/user/cmis.marketing.limited/tests/Unit/Models/Lead/LeadTest.php" line="354" class="Tests\Unit\Models\Lead\LeadTest" classname="Tests.Unit.Models.Lead.LeadTest" assertions="0" time="0.064352">
          <error type="Error">Tests\Unit\Models\Lead\LeadTest::it_has_timestamps
Error: Class "App\Models\Lead\Lead" not found

/home/user/cmis.marketing.limited/tests/Unit/Models/Lead/LeadTest.php:361</error>
        </testcase>
        <testcase name="it_can_create_lead" file="/home/user/cmis.marketing.limited/tests/Unit/Models/Lead/LeadTest.php" line="25" class="Tests\Unit\Models\Lead\LeadTest" classname="Tests.Unit.Models.Lead.LeadTest" assertions="0" time="0.109734">
          <error type="Error">Tests\Unit\Models\Lead\LeadTest::it_can_create_lead
Error: Class "App\Models\Lead\Lead" not found

/home/user/cmis.marketing.limited/tests/Unit/Models/Lead/LeadTest.php:32</error>
        </testcase>
        <testcase name="it_belongs_to_org" file="/home/user/cmis.marketing.limited/tests/Unit/Models/Lead/LeadTest.php" line="48" class="Tests\Unit\Models\Lead\LeadTest" classname="Tests.Unit.Models.Lead.LeadTest" assertions="0" time="0.065421">
          <error type="Error">Tests\Unit\Models\Lead\LeadTest::it_belongs_to_org
Error: Class "App\Models\Lead\Lead" not found

/home/user/cmis.marketing.limited/tests/Unit/Models/Lead/LeadTest.php:55</error>
        </testcase>
        <testcase name="it_has_different_lead_statuses" file="/home/user/cmis.marketing.limited/tests/Unit/Models/Lead/LeadTest.php" line="94" class="Tests\Unit\Models\Lead\LeadTest" classname="Tests.Unit.Models.Lead.LeadTest" assertions="0" time="0.061999">
          <error type="Error">Tests\Unit\Models\Lead\LeadTest::it_has_different_lead_statuses
Error: Class "App\Models\Lead\Lead" not found

/home/user/cmis.marketing.limited/tests/Unit/Models/Lead/LeadTest.php:101</error>
        </testcase>
        <testcase name="it_tracks_last_contact_date" file="/home/user/cmis.marketing.limited/tests/Unit/Models/Lead/LeadTest.php" line="219" class="Tests\Unit\Models\Lead\LeadTest" classname="Tests.Unit.Models.Lead.LeadTest" assertions="0" time="0.065627">
          <error type="Error">Tests\Unit\Models\Lead\LeadTest::it_tracks_last_contact_date
Error: Class "App\Models\Lead\Lead" not found

/home/user/cmis.marketing.limited/tests/Unit/Models/Lead/LeadTest.php:226</error>
        </testcase>
        <testcase name="it_stores_lead_source" file="/home/user/cmis.marketing.limited/tests/Unit/Models/Lead/LeadTest.php" line="140" class="Tests\Unit\Models\Lead\LeadTest" classname="Tests.Unit.Models.Lead.LeadTest" assertions="0" time="0.068661">
          <error type="Error">Tests\Unit\Models\Lead\LeadTest::it_stores_lead_source
Error: Class "App\Models\Lead\Lead" not found

/home/user/cmis.marketing.limited/tests/Unit/Models/Lead/LeadTest.php:147</error>
        </testcase>
        <testcase name="it_stores_additional_data_as_json" file="/home/user/cmis.marketing.limited/tests/Unit/Models/Lead/LeadTest.php" line="190" class="Tests\Unit\Models\Lead\LeadTest" classname="Tests.Unit.Models.Lead.LeadTest" assertions="0" time="0.065737">
          <error type="Error">Tests\Unit\Models\Lead\LeadTest::it_stores_additional_data_as_json
Error: Class "App\Models\Lead\Lead" not found

/home/user/cmis.marketing.limited/tests/Unit/Models/Lead/LeadTest.php:205</error>
        </testcase>
        <testcase name="it_uses_uuid_as_primary_key" file="/home/user/cmis.marketing.limited/tests/Unit/Models/Lead/LeadTest.php" line="335" class="Tests\Unit\Models\Lead\LeadTest" classname="Tests.Unit.Models.Lead.LeadTest" assertions="0" time="0.108983">
          <error type="Error">Tests\Unit\Models\Lead\LeadTest::it_uses_uuid_as_primary_key
Error: Class "App\Models\Lead\Lead" not found

/home/user/cmis.marketing.limited/tests/Unit/Models/Lead/LeadTest.php:342</error>
        </testcase>
        <testcase name="it_assigns_lead_to_user" file="/home/user/cmis.marketing.limited/tests/Unit/Models/Lead/LeadTest.php" line="308" class="Tests\Unit\Models\Lead\LeadTest" classname="Tests.Unit.Models.Lead.LeadTest" assertions="0" time="0.295311">
          <error type="Error">Tests\Unit\Models\Lead\LeadTest::it_assigns_lead_to_user
Error: Class "App\Models\Lead\Lead" not found

/home/user/cmis.marketing.limited/tests/Unit/Models/Lead/LeadTest.php:322</error>
        </testcase>
        <testcase name="it_can_belong_to_campaign" file="/home/user/cmis.marketing.limited/tests/Unit/Models/Lead/LeadTest.php" line="67" class="Tests\Unit\Models\Lead\LeadTest" classname="Tests.Unit.Models.Lead.LeadTest" assertions="0" time="0.069182">
          <error type="Error">Tests\Unit\Models\Lead\LeadTest::it_can_belong_to_campaign
Error: Class "App\Models\Lead\Lead" not found

/home/user/cmis.marketing.limited/tests/Unit/Models/Lead/LeadTest.php:81</error>
        </testcase>
        <testcase name="it_tracks_lead_value" file="/home/user/cmis.marketing.limited/tests/Unit/Models/Lead/LeadTest.php" line="288" class="Tests\Unit\Models\Lead\LeadTest" classname="Tests.Unit.Models.Lead.LeadTest" assertions="0" time="0.068238">
          <error type="Error">Tests\Unit\Models\Lead\LeadTest::it_tracks_lead_value
Error: Class "App\Models\Lead\Lead" not found

/home/user/cmis.marketing.limited/tests/Unit/Models/Lead/LeadTest.php:295</error>
        </testcase>
        <testcase name="it_stores_utm_parameters" file="/home/user/cmis.marketing.limited/tests/Unit/Models/Lead/LeadTest.php" line="259" class="Tests\Unit\Models\Lead\LeadTest" classname="Tests.Unit.Models.Lead.LeadTest" assertions="0" time="0.064111">
          <error type="Error">Tests\Unit\Models\Lead\LeadTest::it_stores_utm_parameters
Error: Class "App\Models\Lead\Lead" not found

/home/user/cmis.marketing.limited/tests/Unit/Models/Lead/LeadTest.php:274</error>
        </testcase>
        <testcase name="it_stores_lead_score" file="/home/user/cmis.marketing.limited/tests/Unit/Models/Lead/LeadTest.php" line="170" class="Tests\Unit\Models\Lead\LeadTest" classname="Tests.Unit.Models.Lead.LeadTest" assertions="0" time="0.064720">
          <error type="Error">Tests\Unit\Models\Lead\LeadTest::it_stores_lead_score
Error: Class "App\Models\Lead\Lead" not found

/home/user/cmis.marketing.limited/tests/Unit/Models/Lead/LeadTest.php:177</error>
        </testcase>
        <testcase name="it_can_be_soft_deleted" file="/home/user/cmis.marketing.limited/tests/Unit/Models/Lead/LeadTest.php" line="374" class="Tests\Unit\Models\Lead\LeadTest" classname="Tests.Unit.Models.Lead.LeadTest" assertions="0" time="0.112424">
          <error type="Error">Tests\Unit\Models\Lead\LeadTest::it_can_be_soft_deleted
Error: Class "App\Models\Lead\Lead" not found

/home/user/cmis.marketing.limited/tests/Unit/Models/Lead/LeadTest.php:381</error>
        </testcase>
      </testsuite>
      <testsuite name="Tests\Unit\Formatters\NumberFormatterTest" file="/home/user/cmis.marketing.limited/tests/Unit/Formatters/NumberFormatterTest.php" tests="13" assertions="22" errors="0" failures="0" skipped="0" time="0.910613">
        <testcase name="it_calculates_average" file="/home/user/cmis.marketing.limited/tests/Unit/Formatters/NumberFormatterTest.php" line="211" class="Tests\Unit\Formatters\NumberFormatterTest" classname="Tests.Unit.Formatters.NumberFormatterTest" assertions="1" time="0.069968"/>
        <testcase name="it_formats_phone_number" file="/home/user/cmis.marketing.limited/tests/Unit/Formatters/NumberFormatterTest.php" line="126" class="Tests\Unit\Formatters\NumberFormatterTest" classname="Tests.Unit.Formatters.NumberFormatterTest" assertions="1" time="0.061441"/>
        <testcase name="it_formats_currency" file="/home/user/cmis.marketing.limited/tests/Unit/Formatters/NumberFormatterTest.php" line="21" class="Tests\Unit\Formatters\NumberFormatterTest" classname="Tests.Unit.Formatters.NumberFormatterTest" assertions="1" time="0.062679"/>
        <testcase name="it_formats_with_thousand_separator" file="/home/user/cmis.marketing.limited/tests/Unit/Formatters/NumberFormatterTest.php" line="233" class="Tests\Unit\Formatters\NumberFormatterTest" classname="Tests.Unit.Formatters.NumberFormatterTest" assertions="2" time="0.064517"/>
        <testcase name="it_formats_rating" file="/home/user/cmis.marketing.limited/tests/Unit/Formatters/NumberFormatterTest.php" line="270" class="Tests\Unit\Formatters\NumberFormatterTest" classname="Tests.Unit.Formatters.NumberFormatterTest" assertions="1" time="0.100392"/>
        <testcase name="it_formats_decimal_with_arabic_numbers" file="/home/user/cmis.marketing.limited/tests/Unit/Formatters/NumberFormatterTest.php" line="190" class="Tests\Unit\Formatters\NumberFormatterTest" classname="Tests.Unit.Formatters.NumberFormatterTest" assertions="1" time="0.061925"/>
        <testcase name="it_calculates_discount_amount" file="/home/user/cmis.marketing.limited/tests/Unit/Formatters/NumberFormatterTest.php" line="251" class="Tests\Unit\Formatters\NumberFormatterTest" classname="Tests.Unit.Formatters.NumberFormatterTest" assertions="1" time="0.066433"/>
        <testcase name="it_formats_saudi_riyal" file="/home/user/cmis.marketing.limited/tests/Unit/Formatters/NumberFormatterTest.php" line="40" class="Tests\Unit\Formatters\NumberFormatterTest" classname="Tests.Unit.Formatters.NumberFormatterTest" assertions="1" time="0.062105"/>
        <testcase name="it_calculates_percentage_change" file="/home/user/cmis.marketing.limited/tests/Unit/Formatters/NumberFormatterTest.php" line="149" class="Tests\Unit\Formatters\NumberFormatterTest" classname="Tests.Unit.Formatters.NumberFormatterTest" assertions="3" time="0.061329"/>
        <testcase name="it_rounds_to_nearest" file="/home/user/cmis.marketing.limited/tests/Unit/Formatters/NumberFormatterTest.php" line="171" class="Tests\Unit\Formatters\NumberFormatterTest" classname="Tests.Unit.Formatters.NumberFormatterTest" assertions="3" time="0.061737"/>
        <testcase name="it_formats_large_numbers" file="/home/user/cmis.marketing.limited/tests/Unit/Formatters/NumberFormatterTest.php" line="78" class="Tests\Unit\Formatters\NumberFormatterTest" classname="Tests.Unit.Formatters.NumberFormatterTest" assertions="3" time="0.115461"/>
        <testcase name="it_formats_file_size" file="/home/user/cmis.marketing.limited/tests/Unit/Formatters/NumberFormatterTest.php" line="102" class="Tests\Unit\Formatters\NumberFormatterTest" classname="Tests.Unit.Formatters.NumberFormatterTest" assertions="3" time="0.060484"/>
        <testcase name="it_formats_percentage" file="/home/user/cmis.marketing.limited/tests/Unit/Formatters/NumberFormatterTest.php" line="59" class="Tests\Unit\Formatters\NumberFormatterTest" classname="Tests.Unit.Formatters.NumberFormatterTest" assertions="1" time="0.062144"/>
      </testsuite>
      <testsuite name="Tests\Unit\Services\CampaignOrchestratorServiceTest" file="/home/user/cmis.marketing.limited/tests/Unit/Services/CampaignOrchestratorServiceTest.php" tests="10" assertions="0" errors="10" failures="0" skipped="0" time="3.366163">
        <testcase name="it_validates_campaign_date_range" file="/home/user/cmis.marketing.limited/tests/Unit/Services/CampaignOrchestratorServiceTest.php" line="77" class="Tests\Unit\Services\CampaignOrchestratorServiceTest" classname="Tests.Unit.Services.CampaignOrchestratorServiceTest" assertions="0" time="0.306343">
          <error type="Error">Tests\Unit\Services\CampaignOrchestratorServiceTest::it_validates_campaign_date_range
Error: Call to undefined method App\Services\CampaignOrchestratorService::createCampaign()

/home/user/cmis.marketing.limited/tests/Unit/Services/CampaignOrchestratorServiceTest.php:92</error>
        </testcase>
        <testcase name="it_respects_org_isolation" file="/home/user/cmis.marketing.limited/tests/Unit/Services/CampaignOrchestratorServiceTest.php" line="183" class="Tests\Unit\Services\CampaignOrchestratorServiceTest" classname="Tests.Unit.Services.CampaignOrchestratorServiceTest" assertions="0" time="0.587156">
          <error type="Error">Tests\Unit\Services\CampaignOrchestratorServiceTest::it_respects_org_isolation
Error: Call to undefined method App\Services\CampaignOrchestratorService::getCampaign()

/home/user/cmis.marketing.limited/tests/Unit/Services/CampaignOrchestratorServiceTest.php:202</error>
        </testcase>
        <testcase name="it_validates_campaign_budget" file="/home/user/cmis.marketing.limited/tests/Unit/Services/CampaignOrchestratorServiceTest.php" line="56" class="Tests\Unit\Services\CampaignOrchestratorServiceTest" classname="Tests.Unit.Services.CampaignOrchestratorServiceTest" assertions="0" time="0.303924">
          <error type="Error">Tests\Unit\Services\CampaignOrchestratorServiceTest::it_validates_campaign_budget
Error: Call to undefined method App\Services\CampaignOrchestratorService::createCampaign()

/home/user/cmis.marketing.limited/tests/Unit/Services/CampaignOrchestratorServiceTest.php:70</error>
        </testcase>
        <testcase name="it_can_generate_campaign_insights" file="/home/user/cmis.marketing.limited/tests/Unit/Services/CampaignOrchestratorServiceTest.php" line="165" class="Tests\Unit\Services\CampaignOrchestratorServiceTest" classname="Tests.Unit.Services.CampaignOrchestratorServiceTest" assertions="0" time="0.302752">
          <error type="Error">Tests\Unit\Services\CampaignOrchestratorServiceTest::it_can_generate_campaign_insights
Error: Call to undefined method App\Services\CampaignOrchestratorService::generateCampaignInsights()

/home/user/cmis.marketing.limited/tests/Unit/Services/CampaignOrchestratorServiceTest.php:175</error>
        </testcase>
        <testcase name="it_can_pause_campaign" file="/home/user/cmis.marketing.limited/tests/Unit/Services/CampaignOrchestratorServiceTest.php" line="121" class="Tests\Unit\Services\CampaignOrchestratorServiceTest" classname="Tests.Unit.Services.CampaignOrchestratorServiceTest" assertions="0" time="0.307031">
          <error type="ErrorException">Tests\Unit\Services\CampaignOrchestratorServiceTest::it_can_pause_campaign
ErrorException: Undefined array key "success"

/home/user/cmis.marketing.limited/vendor/laravel/framework/src/Illuminate/Foundation/Bootstrap/HandleExceptions.php:258
/home/user/cmis.marketing.limited/tests/Unit/Services/CampaignOrchestratorServiceTest.php:138</error>
        </testcase>
        <testcase name="it_can_duplicate_campaign" file="/home/user/cmis.marketing.limited/tests/Unit/Services/CampaignOrchestratorServiceTest.php" line="208" class="Tests\Unit\Services\CampaignOrchestratorServiceTest" classname="Tests.Unit.Services.CampaignOrchestratorServiceTest" assertions="0" time="0.304030">
          <error type="Error">Tests\Unit\Services\CampaignOrchestratorServiceTest::it_can_duplicate_campaign
Error: Call to undefined method App\Services\CampaignOrchestratorService::duplicateCampaign()

/home/user/cmis.marketing.limited/tests/Unit/Services/CampaignOrchestratorServiceTest.php:225</error>
        </testcase>
        <testcase name="it_can_activate_campaign" file="/home/user/cmis.marketing.limited/tests/Unit/Services/CampaignOrchestratorServiceTest.php" line="99" class="Tests\Unit\Services\CampaignOrchestratorServiceTest" classname="Tests.Unit.Services.CampaignOrchestratorServiceTest" assertions="0" time="0.352381">
          <error type="Error">Tests\Unit\Services\CampaignOrchestratorServiceTest::it_can_activate_campaign
Error: Call to undefined method App\Services\CampaignOrchestratorService::activateCampaign()

/home/user/cmis.marketing.limited/tests/Unit/Services/CampaignOrchestratorServiceTest.php:114</error>
        </testcase>
        <testcase name="it_can_create_complete_campaign_workflow" file="/home/user/cmis.marketing.limited/tests/Unit/Services/CampaignOrchestratorServiceTest.php" line="29" class="Tests\Unit\Services\CampaignOrchestratorServiceTest" classname="Tests.Unit.Services.CampaignOrchestratorServiceTest" assertions="0" time="0.300933">
          <error type="Error">Tests\Unit\Services\CampaignOrchestratorServiceTest::it_can_create_complete_campaign_workflow
Error: Call to undefined method App\Services\CampaignOrchestratorService::createCampaign()

/home/user/cmis.marketing.limited/tests/Unit/Services/CampaignOrchestratorServiceTest.php:48</error>
        </testcase>
        <testcase name="it_can_complete_campaign" file="/home/user/cmis.marketing.limited/tests/Unit/Services/CampaignOrchestratorServiceTest.php" line="143" class="Tests\Unit\Services\CampaignOrchestratorServiceTest" classname="Tests.Unit.Services.CampaignOrchestratorServiceTest" assertions="0" time="0.300442">
          <error type="Error">Tests\Unit\Services\CampaignOrchestratorServiceTest::it_can_complete_campaign
Error: Call to undefined method App\Services\CampaignOrchestratorService::completeCampaign()

/home/user/cmis.marketing.limited/tests/Unit/Services/CampaignOrchestratorServiceTest.php:158</error>
        </testcase>
        <testcase name="it_tracks_campaign_performance_metrics" file="/home/user/cmis.marketing.limited/tests/Unit/Services/CampaignOrchestratorServiceTest.php" line="235" class="Tests\Unit\Services\CampaignOrchestratorServiceTest" classname="Tests.Unit.Services.CampaignOrchestratorServiceTest" assertions="0" time="0.301171">
          <error type="Error">Tests\Unit\Services\CampaignOrchestratorServiceTest::it_tracks_campaign_performance_metrics
Error: Call to undefined method App\Services\CampaignOrchestratorService::updateCampaignMetrics()

/home/user/cmis.marketing.limited/tests/Unit/Services/CampaignOrchestratorServiceTest.php:257</error>
        </testcase>
      </testsuite>
      <testsuite name="Tests\Unit\Services\FacebookServiceTest" file="/home/user/cmis.marketing.limited/tests/Unit/Services/FacebookServiceTest.php" tests="11" assertions="0" errors="11" failures="0" skipped="0" time="3.433746">
        <testcase name="it_can_get_post_insights" file="/home/user/cmis.marketing.limited/tests/Unit/Services/FacebookServiceTest.php" line="165" class="Tests\Unit\Services\FacebookServiceTest" classname="Tests.Unit.Services.FacebookServiceTest" assertions="0" time="0.302587">
          <error type="Illuminate\Database\Eloquent\InvalidCastException">Tests\Unit\Services\FacebookServiceTest::it_can_get_post_insights
Illuminate\Database\Eloquent\InvalidCastException: Call to undefined cast [Illuminate\Database\Eloquent\Casts\Encrypted] on column [access_token] in model [App\Models\Core\Integration].

/home/user/cmis.marketing.limited/vendor/laravel/framework/src/Illuminate/Database/Eloquent/Concerns/HasAttributes.php:1768
/home/user/cmis.marketing.limited/vendor/laravel/framework/src/Illuminate/Database/Eloquent/Concerns/HasAttributes.php:1084
/home/user/cmis.marketing.limited/vendor/laravel/framework/src/Illuminate/Database/Eloquent/Model.php:619
/home/user/cmis.marketing.limited/vendor/laravel/framework/src/Illuminate/Database/Eloquent/Model.php:713
/home/user/cmis.marketing.limited/vendor/laravel/framework/src/Illuminate/Database/Eloquent/Builder.php:1747
/home/user/cmis.marketing.limited/vendor/laravel/framework/src/Illuminate/Database/Eloquent/Builder.php:1218
/home/user/cmis.marketing.limited/vendor/laravel/framework/src/Illuminate/Support/Traits/ForwardsCalls.php:23
/home/user/cmis.marketing.limited/vendor/laravel/framework/src/Illuminate/Database/Eloquent/Model.php:2540
/home/user/cmis.marketing.limited/vendor/laravel/framework/src/Illuminate/Database/Eloquent/Model.php:2556
/home/user/cmis.marketing.limited/tests/Traits/CreatesTestData.php:105
/home/user/cmis.marketing.limited/tests/Unit/Services/FacebookServiceTest.php:170</error>
        </testcase>
        <testcase name="it_can_get_comments" file="/home/user/cmis.marketing.limited/tests/Unit/Services/FacebookServiceTest.php" line="197" class="Tests\Unit\Services\FacebookServiceTest" classname="Tests.Unit.Services.FacebookServiceTest" assertions="0" time="0.342916">
          <error type="Illuminate\Database\Eloquent\InvalidCastException">Tests\Unit\Services\FacebookServiceTest::it_can_get_comments
Illuminate\Database\Eloquent\InvalidCastException: Call to undefined cast [Illuminate\Database\Eloquent\Casts\Encrypted] on column [access_token] in model [App\Models\Core\Integration].

/home/user/cmis.marketing.limited/vendor/laravel/framework/src/Illuminate/Database/Eloquent/Concerns/HasAttributes.php:1768
/home/user/cmis.marketing.limited/vendor/laravel/framework/src/Illuminate/Database/Eloquent/Concerns/HasAttributes.php:1084
/home/user/cmis.marketing.limited/vendor/laravel/framework/src/Illuminate/Database/Eloquent/Model.php:619
/home/user/cmis.marketing.limited/vendor/laravel/framework/src/Illuminate/Database/Eloquent/Model.php:713
/home/user/cmis.marketing.limited/vendor/laravel/framework/src/Illuminate/Database/Eloquent/Builder.php:1747
/home/user/cmis.marketing.limited/vendor/laravel/framework/src/Illuminate/Database/Eloquent/Builder.php:1218
/home/user/cmis.marketing.limited/vendor/laravel/framework/src/Illuminate/Support/Traits/ForwardsCalls.php:23
/home/user/cmis.marketing.limited/vendor/laravel/framework/src/Illuminate/Database/Eloquent/Model.php:2540
/home/user/cmis.marketing.limited/vendor/laravel/framework/src/Illuminate/Database/Eloquent/Model.php:2556
/home/user/cmis.marketing.limited/tests/Traits/CreatesTestData.php:105
/home/user/cmis.marketing.limited/tests/Unit/Services/FacebookServiceTest.php:202</error>
        </testcase>
        <testcase name="it_can_publish_photo" file="/home/user/cmis.marketing.limited/tests/Unit/Services/FacebookServiceTest.php" line="53" class="Tests\Unit\Services\FacebookServiceTest" classname="Tests.Unit.Services.FacebookServiceTest" assertions="0" time="0.299503">
          <error type="Illuminate\Database\Eloquent\InvalidCastException">Tests\Unit\Services\FacebookServiceTest::it_can_publish_photo
Illuminate\Database\Eloquent\InvalidCastException: Call to undefined cast [Illuminate\Database\Eloquent\Casts\Encrypted] on column [access_token] in model [App\Models\Core\Integration].

/home/user/cmis.marketing.limited/vendor/laravel/framework/src/Illuminate/Database/Eloquent/Concerns/HasAttributes.php:1768
/home/user/cmis.marketing.limited/vendor/laravel/framework/src/Illuminate/Database/Eloquent/Concerns/HasAttributes.php:1084
/home/user/cmis.marketing.limited/vendor/laravel/framework/src/Illuminate/Database/Eloquent/Model.php:619
/home/user/cmis.marketing.limited/vendor/laravel/framework/src/Illuminate/Database/Eloquent/Model.php:713
/home/user/cmis.marketing.limited/vendor/laravel/framework/src/Illuminate/Database/Eloquent/Builder.php:1747
/home/user/cmis.marketing.limited/vendor/laravel/framework/src/Illuminate/Database/Eloquent/Builder.php:1218
/home/user/cmis.marketing.limited/vendor/laravel/framework/src/Illuminate/Support/Traits/ForwardsCalls.php:23
/home/user/cmis.marketing.limited/vendor/laravel/framework/src/Illuminate/Database/Eloquent/Model.php:2540
/home/user/cmis.marketing.limited/vendor/laravel/framework/src/Illuminate/Database/Eloquent/Model.php:2556
/home/user/cmis.marketing.limited/tests/Traits/CreatesTestData.php:105
/home/user/cmis.marketing.limited/tests/Unit/Services/FacebookServiceTest.php:58</error>
        </testcase>
        <testcase name="it_handles_api_errors" file="/home/user/cmis.marketing.limited/tests/Unit/Services/FacebookServiceTest.php" line="299" class="Tests\Unit\Services\FacebookServiceTest" classname="Tests.Unit.Services.FacebookServiceTest" assertions="0" time="0.299816">
          <error type="Illuminate\Database\Eloquent\InvalidCastException">Tests\Unit\Services\FacebookServiceTest::it_handles_api_errors
Illuminate\Database\Eloquent\InvalidCastException: Call to undefined cast [Illuminate\Database\Eloquent\Casts\Encrypted] on column [access_token] in model [App\Models\Core\Integration].

/home/user/cmis.marketing.limited/vendor/laravel/framework/src/Illuminate/Database/Eloquent/Concerns/HasAttributes.php:1768
/home/user/cmis.marketing.limited/vendor/laravel/framework/src/Illuminate/Database/Eloquent/Concerns/HasAttributes.php:1084
/home/user/cmis.marketing.limited/vendor/laravel/framework/src/Illuminate/Database/Eloquent/Model.php:619
/home/user/cmis.marketing.limited/vendor/laravel/framework/src/Illuminate/Database/Eloquent/Model.php:713
/home/user/cmis.marketing.limited/vendor/laravel/framework/src/Illuminate/Database/Eloquent/Builder.php:1747
/home/user/cmis.marketing.limited/vendor/laravel/framework/src/Illuminate/Database/Eloquent/Builder.php:1218
/home/user/cmis.marketing.limited/vendor/laravel/framework/src/Illuminate/Support/Traits/ForwardsCalls.php:23
/home/user/cmis.marketing.limited/vendor/laravel/framework/src/Illuminate/Database/Eloquent/Model.php:2540
/home/user/cmis.marketing.limited/vendor/laravel/framework/src/Illuminate/Database/Eloquent/Model.php:2556
/home/user/cmis.marketing.limited/tests/Traits/CreatesTestData.php:105
/home/user/cmis.marketing.limited/tests/Unit/Services/FacebookServiceTest.php:304</error>
        </testcase>
        <testcase name="it_can_get_page_conversations" file="/home/user/cmis.marketing.limited/tests/Unit/Services/FacebookServiceTest.php" line="249" class="Tests\Unit\Services\FacebookServiceTest" classname="Tests.Unit.Services.FacebookServiceTest" assertions="0" time="0.304988">
          <error type="Illuminate\Database\Eloquent\InvalidCastException">Tests\Unit\Services\FacebookServiceTest::it_can_get_page_conversations
Illuminate\Database\Eloquent\InvalidCastException: Call to undefined cast [Illuminate\Database\Eloquent\Casts\Encrypted] on column [access_token] in model [App\Models\Core\Integration].

/home/user/cmis.marketing.limited/vendor/laravel/framework/src/Illuminate/Database/Eloquent/Concerns/HasAttributes.php:1768
/home/user/cmis.marketing.limited/vendor/laravel/framework/src/Illuminate/Database/Eloquent/Concerns/HasAttributes.php:1084
/home/user/cmis.marketing.limited/vendor/laravel/framework/src/Illuminate/Database/Eloquent/Model.php:619
/home/user/cmis.marketing.limited/vendor/laravel/framework/src/Illuminate/Database/Eloquent/Model.php:713
/home/user/cmis.marketing.limited/vendor/laravel/framework/src/Illuminate/Database/Eloquent/Builder.php:1747
/home/user/cmis.marketing.limited/vendor/laravel/framework/src/Illuminate/Database/Eloquent/Builder.php:1218
/home/user/cmis.marketing.limited/vendor/laravel/framework/src/Illuminate/Support/Traits/ForwardsCalls.php:23
/home/user/cmis.marketing.limited/vendor/laravel/framework/src/Illuminate/Database/Eloquent/Model.php:2540
/home/user/cmis.marketing.limited/vendor/laravel/framework/src/Illuminate/Database/Eloquent/Model.php:2556
/home/user/cmis.marketing.limited/tests/Traits/CreatesTestData.php:105
/home/user/cmis.marketing.limited/tests/Unit/Services/FacebookServiceTest.php:254</error>
        </testcase>
        <testcase name="it_can_publish_page_post" file="/home/user/cmis.marketing.limited/tests/Unit/Services/FacebookServiceTest.php" line="27" class="Tests\Unit\Services\FacebookServiceTest" classname="Tests.Unit.Services.FacebookServiceTest" assertions="0" time="0.303167">
          <error type="Illuminate\Database\Eloquent\InvalidCastException">Tests\Unit\Services\FacebookServiceTest::it_can_publish_page_post
Illuminate\Database\Eloquent\InvalidCastException: Call to undefined cast [Illuminate\Database\Eloquent\Casts\Encrypted] on column [access_token] in model [App\Models\Core\Integration].

/home/user/cmis.marketing.limited/vendor/laravel/framework/src/Illuminate/Database/Eloquent/Concerns/HasAttributes.php:1768
/home/user/cmis.marketing.limited/vendor/laravel/framework/src/Illuminate/Database/Eloquent/Concerns/HasAttributes.php:1084
/home/user/cmis.marketing.limited/vendor/laravel/framework/src/Illuminate/Database/Eloquent/Model.php:619
/home/user/cmis.marketing.limited/vendor/laravel/framework/src/Illuminate/Database/Eloquent/Model.php:713
/home/user/cmis.marketing.limited/vendor/laravel/framework/src/Illuminate/Database/Eloquent/Builder.php:1747
/home/user/cmis.marketing.limited/vendor/laravel/framework/src/Illuminate/Database/Eloquent/Builder.php:1218
/home/user/cmis.marketing.limited/vendor/laravel/framework/src/Illuminate/Support/Traits/ForwardsCalls.php:23
/home/user/cmis.marketing.limited/vendor/laravel/framework/src/Illuminate/Database/Eloquent/Model.php:2540
/home/user/cmis.marketing.limited/vendor/laravel/framework/src/Illuminate/Database/Eloquent/Model.php:2556
/home/user/cmis.marketing.limited/tests/Traits/CreatesTestData.php:105
/home/user/cmis.marketing.limited/tests/Unit/Services/FacebookServiceTest.php:32</error>
        </testcase>
        <testcase name="it_can_publish_story" file="/home/user/cmis.marketing.limited/tests/Unit/Services/FacebookServiceTest.php" line="104" class="Tests\Unit\Services\FacebookServiceTest" classname="Tests.Unit.Services.FacebookServiceTest" assertions="0" time="0.356315">
          <error type="Illuminate\Database\Eloquent\InvalidCastException">Tests\Unit\Services\FacebookServiceTest::it_can_publish_story
Illuminate\Database\Eloquent\InvalidCastException: Call to undefined cast [Illuminate\Database\Eloquent\Casts\Encrypted] on column [access_token] in model [App\Models\Core\Integration].

/home/user/cmis.marketing.limited/vendor/laravel/framework/src/Illuminate/Database/Eloquent/Concerns/HasAttributes.php:1768
/home/user/cmis.marketing.limited/vendor/laravel/framework/src/Illuminate/Database/Eloquent/Concerns/HasAttributes.php:1084
/home/user/cmis.marketing.limited/vendor/laravel/framework/src/Illuminate/Database/Eloquent/Model.php:619
/home/user/cmis.marketing.limited/vendor/laravel/framework/src/Illuminate/Database/Eloquent/Model.php:713
/home/user/cmis.marketing.limited/vendor/laravel/framework/src/Illuminate/Database/Eloquent/Builder.php:1747
/home/user/cmis.marketing.limited/vendor/laravel/framework/src/Illuminate/Database/Eloquent/Builder.php:1218
/home/user/cmis.marketing.limited/vendor/laravel/framework/src/Illuminate/Support/Traits/ForwardsCalls.php:23
/home/user/cmis.marketing.limited/vendor/laravel/framework/src/Illuminate/Database/Eloquent/Model.php:2540
/home/user/cmis.marketing.limited/vendor/laravel/framework/src/Illuminate/Database/Eloquent/Model.php:2556
/home/user/cmis.marketing.limited/tests/Traits/CreatesTestData.php:105
/home/user/cmis.marketing.limited/tests/Unit/Services/FacebookServiceTest.php:109</error>
        </testcase>
        <testcase name="it_can_publish_video" file="/home/user/cmis.marketing.limited/tests/Unit/Services/FacebookServiceTest.php" line="79" class="Tests\Unit\Services\FacebookServiceTest" classname="Tests.Unit.Services.FacebookServiceTest" assertions="0" time="0.308778">
          <error type="Illuminate\Database\Eloquent\InvalidCastException">Tests\Unit\Services\FacebookServiceTest::it_can_publish_video
Illuminate\Database\Eloquent\InvalidCastException: Call to undefined cast [Illuminate\Database\Eloquent\Casts\Encrypted] on column [access_token] in model [App\Models\Core\Integration].

/home/user/cmis.marketing.limited/vendor/laravel/framework/src/Illuminate/Database/Eloquent/Concerns/HasAttributes.php:1768
/home/user/cmis.marketing.limited/vendor/laravel/framework/src/Illuminate/Database/Eloquent/Concerns/HasAttributes.php:1084
/home/user/cmis.marketing.limited/vendor/laravel/framework/src/Illuminate/Database/Eloquent/Model.php:619
/home/user/cmis.marketing.limited/vendor/laravel/framework/src/Illuminate/Database/Eloquent/Model.php:713
/home/user/cmis.marketing.limited/vendor/laravel/framework/src/Illuminate/Database/Eloquent/Builder.php:1747
/home/user/cmis.marketing.limited/vendor/laravel/framework/src/Illuminate/Database/Eloquent/Builder.php:1218
/home/user/cmis.marketing.limited/vendor/laravel/framework/src/Illuminate/Support/Traits/ForwardsCalls.php:23
/home/user/cmis.marketing.limited/vendor/laravel/framework/src/Illuminate/Database/Eloquent/Model.php:2540
/home/user/cmis.marketing.limited/vendor/laravel/framework/src/Illuminate/Database/Eloquent/Model.php:2556
/home/user/cmis.marketing.limited/tests/Traits/CreatesTestData.php:105
/home/user/cmis.marketing.limited/tests/Unit/Services/FacebookServiceTest.php:84</error>
        </testcase>
        <testcase name="it_can_get_page_insights" file="/home/user/cmis.marketing.limited/tests/Unit/Services/FacebookServiceTest.php" line="128" class="Tests\Unit\Services\FacebookServiceTest" classname="Tests.Unit.Services.FacebookServiceTest" assertions="0" time="0.308466">
          <error type="Illuminate\Database\Eloquent\InvalidCastException">Tests\Unit\Services\FacebookServiceTest::it_can_get_page_insights
Illuminate\Database\Eloquent\InvalidCastException: Call to undefined cast [Illuminate\Database\Eloquent\Casts\Encrypted] on column [access_token] in model [App\Models\Core\Integration].

/home/user/cmis.marketing.limited/vendor/laravel/framework/src/Illuminate/Database/Eloquent/Concerns/HasAttributes.php:1768
/home/user/cmis.marketing.limited/vendor/laravel/framework/src/Illuminate/Database/Eloquent/Concerns/HasAttributes.php:1084
/home/user/cmis.marketing.limited/vendor/laravel/framework/src/Illuminate/Database/Eloquent/Model.php:619
/home/user/cmis.marketing.limited/vendor/laravel/framework/src/Illuminate/Database/Eloquent/Model.php:713
/home/user/cmis.marketing.limited/vendor/laravel/framework/src/Illuminate/Database/Eloquent/Builder.php:1747
/home/user/cmis.marketing.limited/vendor/laravel/framework/src/Illuminate/Database/Eloquent/Builder.php:1218
/home/user/cmis.marketing.limited/vendor/laravel/framework/src/Illuminate/Support/Traits/ForwardsCalls.php:23
/home/user/cmis.marketing.limited/vendor/laravel/framework/src/Illuminate/Database/Eloquent/Model.php:2540
/home/user/cmis.marketing.limited/vendor/laravel/framework/src/Illuminate/Database/Eloquent/Model.php:2556
/home/user/cmis.marketing.limited/tests/Traits/CreatesTestData.php:105
/home/user/cmis.marketing.limited/tests/Unit/Services/FacebookServiceTest.php:133</error>
        </testcase>
        <testcase name="it_can_reply_to_comment" file="/home/user/cmis.marketing.limited/tests/Unit/Services/FacebookServiceTest.php" line="227" class="Tests\Unit\Services\FacebookServiceTest" classname="Tests.Unit.Services.FacebookServiceTest" assertions="0" time="0.305670">
          <error type="Illuminate\Database\Eloquent\InvalidCastException">Tests\Unit\Services\FacebookServiceTest::it_can_reply_to_comment
Illuminate\Database\Eloquent\InvalidCastException: Call to undefined cast [Illuminate\Database\Eloquent\Casts\Encrypted] on column [access_token] in model [App\Models\Core\Integration].

/home/user/cmis.marketing.limited/vendor/laravel/framework/src/Illuminate/Database/Eloquent/Concerns/HasAttributes.php:1768
/home/user/cmis.marketing.limited/vendor/laravel/framework/src/Illuminate/Database/Eloquent/Concerns/HasAttributes.php:1084
/home/user/cmis.marketing.limited/vendor/laravel/framework/src/Illuminate/Database/Eloquent/Model.php:619
/home/user/cmis.marketing.limited/vendor/laravel/framework/src/Illuminate/Database/Eloquent/Model.php:713
/home/user/cmis.marketing.limited/vendor/laravel/framework/src/Illuminate/Database/Eloquent/Builder.php:1747
/home/user/cmis.marketing.limited/vendor/laravel/framework/src/Illuminate/Database/Eloquent/Builder.php:1218
/home/user/cmis.marketing.limited/vendor/laravel/framework/src/Illuminate/Support/Traits/ForwardsCalls.php:23
/home/user/cmis.marketing.limited/vendor/laravel/framework/src/Illuminate/Database/Eloquent/Model.php:2540
/home/user/cmis.marketing.limited/vendor/laravel/framework/src/Illuminate/Database/Eloquent/Model.php:2556
/home/user/cmis.marketing.limited/tests/Traits/CreatesTestData.php:105
/home/user/cmis.marketing.limited/tests/Unit/Services/FacebookServiceTest.php:232</error>
        </testcase>
        <testcase name="it_can_send_message" file="/home/user/cmis.marketing.limited/tests/Unit/Services/FacebookServiceTest.php" line="277" class="Tests\Unit\Services\FacebookServiceTest" classname="Tests.Unit.Services.FacebookServiceTest" assertions="0" time="0.301539">
          <error type="Illuminate\Database\Eloquent\InvalidCastException">Tests\Unit\Services\FacebookServiceTest::it_can_send_message
Illuminate\Database\Eloquent\InvalidCastException: Call to undefined cast [Illuminate\Database\Eloquent\Casts\Encrypted] on column [access_token] in model [App\Models\Core\Integration].

/home/user/cmis.marketing.limited/vendor/laravel/framework/src/Illuminate/Database/Eloquent/Concerns/HasAttributes.php:1768
/home/user/cmis.marketing.limited/vendor/laravel/framework/src/Illuminate/Database/Eloquent/Concerns/HasAttributes.php:1084
/home/user/cmis.marketing.limited/vendor/laravel/framework/src/Illuminate/Database/Eloquent/Model.php:619
/home/user/cmis.marketing.limited/vendor/laravel/framework/src/Illuminate/Database/Eloquent/Model.php:713
/home/user/cmis.marketing.limited/vendor/laravel/framework/src/Illuminate/Database/Eloquent/Builder.php:1747
/home/user/cmis.marketing.limited/vendor/laravel/framework/src/Illuminate/Database/Eloquent/Builder.php:1218
/home/user/cmis.marketing.limited/vendor/laravel/framework/src/Illuminate/Support/Traits/ForwardsCalls.php:23
/home/user/cmis.marketing.limited/vendor/laravel/framework/src/Illuminate/Database/Eloquent/Model.php:2540
/home/user/cmis.marketing.limited/vendor/laravel/framework/src/Illuminate/Database/Eloquent/Model.php:2556
/home/user/cmis.marketing.limited/tests/Traits/CreatesTestData.php:105
/home/user/cmis.marketing.limited/tests/Unit/Services/FacebookServiceTest.php:282</error>
        </testcase>
      </testsuite>
      <testsuite name="Tests\Unit\Models\Social\SocialAccountTest" file="/home/user/cmis.marketing.limited/tests/Unit/Models/Social/SocialAccountTest.php" tests="10" assertions="0" errors="10" failures="0" skipped="0" time="0.755450">
        <testcase name="it_belongs_to_organization_and_integration" file="/home/user/cmis.marketing.limited/tests/Unit/Models/Social/SocialAccountTest.php" line="56" class="Tests\Unit\Models\Social\SocialAccountTest" classname="Tests.Unit.Models.Social.SocialAccountTest" assertions="0" time="0.118253">
          <error type="Error">Tests\Unit\Models\Social\SocialAccountTest::it_belongs_to_organization_and_integration
Error: Class "App\Models\Integration" not found

/home/user/cmis.marketing.limited/tests/Unit/Models/Social/SocialAccountTest.php:63</error>
        </testcase>
        <testcase name="it_can_be_soft_deleted" file="/home/user/cmis.marketing.limited/tests/Unit/Models/Social/SocialAccountTest.php" line="218" class="Tests\Unit\Models\Social\SocialAccountTest" classname="Tests.Unit.Models.Social.SocialAccountTest" assertions="0" time="0.068739">
          <error type="Error">Tests\Unit\Models\Social\SocialAccountTest::it_can_be_soft_deleted
Error: Class "App\Models\Integration" not found

/home/user/cmis.marketing.limited/tests/Unit/Models/Social/SocialAccountTest.php:225</error>
        </testcase>
        <testcase name="it_stores_metrics_as_json" file="/home/user/cmis.marketing.limited/tests/Unit/Models/Social/SocialAccountTest.php" line="120" class="Tests\Unit\Models\Social\SocialAccountTest" classname="Tests.Unit.Models.Social.SocialAccountTest" assertions="0" time="0.074484">
          <error type="Error">Tests\Unit\Models\Social\SocialAccountTest::it_stores_metrics_as_json
Error: Class "App\Models\Integration" not found

/home/user/cmis.marketing.limited/tests/Unit/Models/Social/SocialAccountTest.php:127</error>
        </testcase>
        <testcase name="it_can_create_a_social_account" file="/home/user/cmis.marketing.limited/tests/Unit/Models/Social/SocialAccountTest.php" line="25" class="Tests\Unit\Models\Social\SocialAccountTest" classname="Tests.Unit.Models.Social.SocialAccountTest" assertions="0" time="0.072998">
          <error type="Error">Tests\Unit\Models\Social\SocialAccountTest::it_can_create_a_social_account
Error: Class "App\Models\Integration" not found

/home/user/cmis.marketing.limited/tests/Unit/Models/Social/SocialAccountTest.php:32</error>
        </testcase>
        <testcase name="it_uses_uuid_as_primary_key" file="/home/user/cmis.marketing.limited/tests/Unit/Models/Social/SocialAccountTest.php" line="191" class="Tests\Unit\Models\Social\SocialAccountTest" classname="Tests.Unit.Models.Social.SocialAccountTest" assertions="0" time="0.071490">
          <error type="Error">Tests\Unit\Models\Social\SocialAccountTest::it_uses_uuid_as_primary_key
Error: Class "App\Models\Integration" not found

/home/user/cmis.marketing.limited/tests/Unit/Models/Social/SocialAccountTest.php:198</error>
        </testcase>
        <testcase name="it_validates_platform" file="/home/user/cmis.marketing.limited/tests/Unit/Models/Social/SocialAccountTest.php" line="156" class="Tests\Unit\Models\Social\SocialAccountTest" classname="Tests.Unit.Models.Social.SocialAccountTest" assertions="0" time="0.107346">
          <error type="Error">Tests\Unit\Models\Social\SocialAccountTest::it_validates_platform
Error: Class "App\Models\Integration" not found

/home/user/cmis.marketing.limited/tests/Unit/Models/Social/SocialAccountTest.php:163</error>
        </testcase>
        <testcase name="it_stores_profile_data_as_json" file="/home/user/cmis.marketing.limited/tests/Unit/Models/Social/SocialAccountTest.php" line="84" class="Tests\Unit\Models\Social\SocialAccountTest" classname="Tests.Unit.Models.Social.SocialAccountTest" assertions="0" time="0.060183">
          <error type="Error">Tests\Unit\Models\Social\SocialAccountTest::it_stores_profile_data_as_json
Error: Class "App\Models\Integration" not found

/home/user/cmis.marketing.limited/tests/Unit/Models/Social/SocialAccountTest.php:91</error>
        </testcase>
        <testcase name="it_has_timestamps" file="/home/user/cmis.marketing.limited/tests/Unit/Models/Social/SocialAccountTest.php" line="249" class="Tests\Unit\Models\Social\SocialAccountTest" classname="Tests.Unit.Models.Social.SocialAccountTest" assertions="0" time="0.062309">
          <error type="Error">Tests\Unit\Models\Social\SocialAccountTest::it_has_timestamps
Error: Class "App\Models\Integration" not found

/home/user/cmis.marketing.limited/tests/Unit/Models/Social/SocialAccountTest.php:256</error>
        </testcase>
        <testcase name="it_tracks_last_sync_time" file="/home/user/cmis.marketing.limited/tests/Unit/Models/Social/SocialAccountTest.php" line="277" class="Tests\Unit\Models\Social\SocialAccountTest" classname="Tests.Unit.Models.Social.SocialAccountTest" assertions="0" time="0.058424">
          <error type="Error">Tests\Unit\Models\Social\SocialAccountTest::it_tracks_last_sync_time
Error: Class "App\Models\Integration" not found

/home/user/cmis.marketing.limited/tests/Unit/Models/Social/SocialAccountTest.php:284</error>
        </testcase>
        <testcase name="it_respects_rls_policies" file="/home/user/cmis.marketing.limited/tests/Unit/Models/Social/SocialAccountTest.php" line="308" class="Tests\Unit\Models\Social\SocialAccountTest" classname="Tests.Unit.Models.Social.SocialAccountTest" assertions="0" time="0.061224">
          <error type="Error">Tests\Unit\Models\Social\SocialAccountTest::it_respects_rls_policies
Error: Class "App\Models\Integration" not found

/home/user/cmis.marketing.limited/tests/Unit/Models/Social/SocialAccountTest.php:320</error>
        </testcase>
      </testsuite>
      <testsuite name="Tests\Unit\Events\LeadQualifiedEventTest" file="/home/user/cmis.marketing.limited/tests/Unit/Events/LeadQualifiedEventTest.php" tests="8" assertions="0" errors="8" failures="0" skipped="0" time="0.538988">
        <testcase name="it_contains_lead_data" file="/home/user/cmis.marketing.limited/tests/Unit/Events/LeadQualifiedEventTest.php" line="54" class="Tests\Unit\Events\LeadQualifiedEventTest" classname="Tests.Unit.Events.LeadQualifiedEventTest" assertions="0" time="0.098702">
          <error type="Error">Tests\Unit\Events\LeadQualifiedEventTest::it_contains_lead_data
Error: Class "App\Models\Lead\Lead" not found

/home/user/cmis.marketing.limited/tests/Unit/Events/LeadQualifiedEventTest.php:61</error>
        </testcase>
        <testcase name="it_can_be_dispatched" file="/home/user/cmis.marketing.limited/tests/Unit/Events/LeadQualifiedEventTest.php" line="83" class="Tests\Unit\Events\LeadQualifiedEventTest" classname="Tests.Unit.Events.LeadQualifiedEventTest" assertions="0" time="0.058438">
          <error type="Error">Tests\Unit\Events\LeadQualifiedEventTest::it_can_be_dispatched
Error: Class "App\Models\Lead\Lead" not found

/home/user/cmis.marketing.limited/tests/Unit/Events/LeadQualifiedEventTest.php:92</error>
        </testcase>
        <testcase name="it_respects_org_context" file="/home/user/cmis.marketing.limited/tests/Unit/Events/LeadQualifiedEventTest.php" line="222" class="Tests\Unit\Events\LeadQualifiedEventTest" classname="Tests.Unit.Events.LeadQualifiedEventTest" assertions="0" time="0.055030">
          <error type="Error">Tests\Unit\Events\LeadQualifiedEventTest::it_respects_org_context
Error: Class "App\Models\Lead\Lead" not found

/home/user/cmis.marketing.limited/tests/Unit/Events/LeadQualifiedEventTest.php:236</error>
        </testcase>
        <testcase name="it_includes_qualification_reason" file="/home/user/cmis.marketing.limited/tests/Unit/Events/LeadQualifiedEventTest.php" line="138" class="Tests\Unit\Events\LeadQualifiedEventTest" classname="Tests.Unit.Events.LeadQualifiedEventTest" assertions="0" time="0.057268">
          <error type="Error">Tests\Unit\Events\LeadQualifiedEventTest::it_includes_qualification_reason
Error: Class "App\Models\Lead\Lead" not found

/home/user/cmis.marketing.limited/tests/Unit/Events/LeadQualifiedEventTest.php:145</error>
        </testcase>
        <testcase name="it_includes_timestamp" file="/home/user/cmis.marketing.limited/tests/Unit/Events/LeadQualifiedEventTest.php" line="166" class="Tests\Unit\Events\LeadQualifiedEventTest" classname="Tests.Unit.Events.LeadQualifiedEventTest" assertions="0" time="0.056836">
          <error type="Error">Tests\Unit\Events\LeadQualifiedEventTest::it_includes_timestamp
Error: Class "App\Models\Lead\Lead" not found

/home/user/cmis.marketing.limited/tests/Unit/Events/LeadQualifiedEventTest.php:173</error>
        </testcase>
        <testcase name="it_broadcasts_on_private_channel" file="/home/user/cmis.marketing.limited/tests/Unit/Events/LeadQualifiedEventTest.php" line="111" class="Tests\Unit\Events\LeadQualifiedEventTest" classname="Tests.Unit.Events.LeadQualifiedEventTest" assertions="0" time="0.059409">
          <error type="Error">Tests\Unit\Events\LeadQualifiedEventTest::it_broadcasts_on_private_channel
Error: Class "App\Models\Lead\Lead" not found

/home/user/cmis.marketing.limited/tests/Unit/Events/LeadQualifiedEventTest.php:118</error>
        </testcase>
        <testcase name="it_can_be_instantiated" file="/home/user/cmis.marketing.limited/tests/Unit/Events/LeadQualifiedEventTest.php" line="26" class="Tests\Unit\Events\LeadQualifiedEventTest" classname="Tests.Unit.Events.LeadQualifiedEventTest" assertions="0" time="0.096329">
          <error type="Error">Tests\Unit\Events\LeadQualifiedEventTest::it_can_be_instantiated
Error: Class "App\Models\Lead\Lead" not found

/home/user/cmis.marketing.limited/tests/Unit/Events/LeadQualifiedEventTest.php:33</error>
        </testcase>
        <testcase name="it_triggers_notifications" file="/home/user/cmis.marketing.limited/tests/Unit/Events/LeadQualifiedEventTest.php" line="193" class="Tests\Unit\Events\LeadQualifiedEventTest" classname="Tests.Unit.Events.LeadQualifiedEventTest" assertions="0" time="0.056977">
          <error type="Error">Tests\Unit\Events\LeadQualifiedEventTest::it_triggers_notifications
Error: Class "App\Models\Lead\Lead" not found

/home/user/cmis.marketing.limited/tests/Unit/Events/LeadQualifiedEventTest.php:202</error>
        </testcase>
      </testsuite>
      <testsuite name="Tests\Unit\Repositories\KnowledgeRepositoryTest" file="/home/user/cmis.marketing.limited/tests/Unit/Repositories/KnowledgeRepositoryTest.php" tests="12" assertions="16" errors="9" failures="0" skipped="0" time="0.738590">
        <testcase name="it_can_perform_advanced_semantic_search" file="/home/user/cmis.marketing.limited/tests/Unit/Repositories/KnowledgeRepositoryTest.php" line="269" class="Tests\Unit\Repositories\KnowledgeRepositoryTest" classname="Tests.Unit.Repositories.KnowledgeRepositoryTest" assertions="2" time="0.055966"/>
        <testcase name="it_can_load_smart_context" file="/home/user/cmis.marketing.limited/tests/Unit/Repositories/KnowledgeRepositoryTest.php" line="149" class="Tests\Unit\Repositories\KnowledgeRepositoryTest" classname="Tests.Unit.Repositories.KnowledgeRepositoryTest" assertions="1" time="0.054298">
          <error type="TypeError">Tests\Unit\Repositories\KnowledgeRepositoryTest::it_can_load_smart_context
TypeError: App\Repositories\Knowledge\KnowledgeRepository::smartContextLoader(): Return value must be of type ?object, string returned

/home/user/cmis.marketing.limited/app/Repositories/Knowledge/KnowledgeRepository.php:122
/home/user/cmis.marketing.limited/tests/Unit/Repositories/KnowledgeRepositoryTest.php:163</error>
        </testcase>
        <testcase name="it_can_perform_semantic_analysis" file="/home/user/cmis.marketing.limited/tests/Unit/Repositories/KnowledgeRepositoryTest.php" line="239" class="Tests\Unit\Repositories\KnowledgeRepositoryTest" classname="Tests.Unit.Repositories.KnowledgeRepositoryTest" assertions="2" time="0.051725"/>
        <testcase name="it_can_cleanup_old_embeddings" file="/home/user/cmis.marketing.limited/tests/Unit/Repositories/KnowledgeRepositoryTest.php" line="333" class="Tests\Unit\Repositories\KnowledgeRepositoryTest" classname="Tests.Unit.Repositories.KnowledgeRepositoryTest" assertions="2" time="0.091630">
          <error type="Mockery\Exception\InvalidCountException">Tests\Unit\Repositories\KnowledgeRepositoryTest::it_can_cleanup_old_embeddings
Mockery\Exception\InvalidCountException: Method statement(&lt;Any Arguments&gt;) from Mockery_3_Illuminate_Database_DatabaseManager should be called
 exactly 1 times but called 2 times.

/home/user/cmis.marketing.limited/vendor/mockery/mockery/library/Mockery/CountValidator/Exact.php:32
/home/user/cmis.marketing.limited/vendor/mockery/mockery/library/Mockery/Expectation.php:739
/home/user/cmis.marketing.limited/vendor/mockery/mockery/library/Mockery/ExpectationDirector.php:202
/home/user/cmis.marketing.limited/vendor/mockery/mockery/library/Mockery/Container.php:583
/home/user/cmis.marketing.limited/vendor/mockery/mockery/library/Mockery/Container.php:519
/home/user/cmis.marketing.limited/vendor/mockery/mockery/library/Mockery.php:176
/home/user/cmis.marketing.limited/vendor/laravel/framework/src/Illuminate/Foundation/Testing/Concerns/InteractsWithTestCaseLifecycle.php:143
/home/user/cmis.marketing.limited/vendor/laravel/framework/src/Illuminate/Foundation/Testing/TestCase.php:85
/home/user/cmis.marketing.limited/tests/TestCase.php:262</error>
        </testcase>
        <testcase name="it_accepts_different_categories" file="/home/user/cmis.marketing.limited/tests/Unit/Repositories/KnowledgeRepositoryTest.php" line="52" class="Tests\Unit\Repositories\KnowledgeRepositoryTest" classname="Tests.Unit.Repositories.KnowledgeRepositoryTest" assertions="1" time="0.054293">
          <error type="Mockery\Exception\BadMethodCallException">Tests\Unit\Repositories\KnowledgeRepositoryTest::it_accepts_different_categories
Mockery\Exception\BadMethodCallException: Method Mockery_3_Illuminate_Database_DatabaseManager::raw() does not exist on this mock object

/home/user/cmis.marketing.limited/vendor/laravel/framework/src/Illuminate/Support/Facades/Facade.php:363
/home/user/cmis.marketing.limited/app/Repositories/Knowledge/KnowledgeRepository.php:42
/home/user/cmis.marketing.limited/tests/Unit/Repositories/KnowledgeRepositoryTest.php:63</error>
        </testcase>
        <testcase name="it_can_register_knowledge" file="/home/user/cmis.marketing.limited/tests/Unit/Repositories/KnowledgeRepositoryTest.php" line="26" class="Tests\Unit\Repositories\KnowledgeRepositoryTest" classname="Tests.Unit.Repositories.KnowledgeRepositoryTest" assertions="1" time="0.053109">
          <error type="Mockery\Exception\BadMethodCallException">Tests\Unit\Repositories\KnowledgeRepositoryTest::it_can_register_knowledge
Mockery\Exception\BadMethodCallException: Method Mockery_3_Illuminate_Database_DatabaseManager::raw() does not exist on this mock object

/home/user/cmis.marketing.limited/vendor/laravel/framework/src/Illuminate/Support/Facades/Facade.php:363
/home/user/cmis.marketing.limited/app/Repositories/Knowledge/KnowledgeRepository.php:42
/home/user/cmis.marketing.limited/tests/Unit/Repositories/KnowledgeRepositoryTest.php:34</error>
        </testcase>
        <testcase name="it_can_verify_installation" file="/home/user/cmis.marketing.limited/tests/Unit/Repositories/KnowledgeRepositoryTest.php" line="350" class="Tests\Unit\Repositories\KnowledgeRepositoryTest" classname="Tests.Unit.Repositories.KnowledgeRepositoryTest" assertions="1" time="0.062553">
          <error type="TypeError">Tests\Unit\Repositories\KnowledgeRepositoryTest::it_can_verify_installation
TypeError: App\Repositories\Knowledge\KnowledgeRepository::verifyInstallation(): Return value must be of type ?object, string returned

/home/user/cmis.marketing.limited/app/Repositories/Knowledge/KnowledgeRepository.php:202
/home/user/cmis.marketing.limited/tests/Unit/Repositories/KnowledgeRepositoryTest.php:365</error>
        </testcase>
        <testcase name="it_can_generate_system_report" file="/home/user/cmis.marketing.limited/tests/Unit/Repositories/KnowledgeRepositoryTest.php" line="213" class="Tests\Unit\Repositories\KnowledgeRepositoryTest" classname="Tests.Unit.Repositories.KnowledgeRepositoryTest" assertions="1" time="0.054753">
          <error type="TypeError">Tests\Unit\Repositories\KnowledgeRepositoryTest::it_can_generate_system_report
TypeError: App\Repositories\Knowledge\KnowledgeRepository::generateSystemReport(): Return value must be of type ?object, string returned

/home/user/cmis.marketing.limited/app/Repositories/Knowledge/KnowledgeRepository.php:135
/home/user/cmis.marketing.limited/tests/Unit/Repositories/KnowledgeRepositoryTest.php:228</error>
        </testcase>
        <testcase name="it_can_auto_retrieve_knowledge" file="/home/user/cmis.marketing.limited/tests/Unit/Repositories/KnowledgeRepositoryTest.php" line="113" class="Tests\Unit\Repositories\KnowledgeRepositoryTest" classname="Tests.Unit.Repositories.KnowledgeRepositoryTest" assertions="2" time="0.051411"/>
        <testcase name="it_can_auto_analyze_knowledge" file="/home/user/cmis.marketing.limited/tests/Unit/Repositories/KnowledgeRepositoryTest.php" line="82" class="Tests\Unit\Repositories\KnowledgeRepositoryTest" classname="Tests.Unit.Repositories.KnowledgeRepositoryTest" assertions="1" time="0.092315">
          <error type="TypeError">Tests\Unit\Repositories\KnowledgeRepositoryTest::it_can_auto_analyze_knowledge
TypeError: App\Repositories\Knowledge\KnowledgeRepository::autoAnalyzeKnowledge(): Return value must be of type ?object, string returned

/home/user/cmis.marketing.limited/app/Repositories/Knowledge/KnowledgeRepository.php:72
/home/user/cmis.marketing.limited/tests/Unit/Repositories/KnowledgeRepositoryTest.php:96</error>
        </testcase>
        <testcase name="it_respects_token_limit_in_context_loader" file="/home/user/cmis.marketing.limited/tests/Unit/Repositories/KnowledgeRepositoryTest.php" line="179" class="Tests\Unit\Repositories\KnowledgeRepositoryTest" classname="Tests.Unit.Repositories.KnowledgeRepositoryTest" assertions="1" time="0.059707">
          <error type="TypeError">Tests\Unit\Repositories\KnowledgeRepositoryTest::it_respects_token_limit_in_context_loader
TypeError: App\Repositories\Knowledge\KnowledgeRepository::smartContextLoader(): Return value must be of type ?object, string returned

/home/user/cmis.marketing.limited/app/Repositories/Knowledge/KnowledgeRepository.php:122
/home/user/cmis.marketing.limited/tests/Unit/Repositories/KnowledgeRepositoryTest.php:188</error>
        </testcase>
        <testcase name="it_supports_arabic_content" file="/home/user/cmis.marketing.limited/tests/Unit/Repositories/KnowledgeRepositoryTest.php" line="307" class="Tests\Unit\Repositories\KnowledgeRepositoryTest" classname="Tests.Unit.Repositories.KnowledgeRepositoryTest" assertions="1" time="0.056829">
          <error type="Mockery\Exception\BadMethodCallException">Tests\Unit\Repositories\KnowledgeRepositoryTest::it_supports_arabic_content
Mockery\Exception\BadMethodCallException: Method Mockery_3_Illuminate_Database_DatabaseManager::raw() does not exist on this mock object

/home/user/cmis.marketing.limited/vendor/laravel/framework/src/Illuminate/Support/Facades/Facade.php:363
/home/user/cmis.marketing.limited/app/Repositories/Knowledge/KnowledgeRepository.php:42
/home/user/cmis.marketing.limited/tests/Unit/Repositories/KnowledgeRepositoryTest.php:315</error>
        </testcase>
      </testsuite>
      <testsuite name="Tests\Unit\Services\GoogleBusinessServiceTest" file="/home/user/cmis.marketing.limited/tests/Unit/Services/GoogleBusinessServiceTest.php" tests="10" assertions="0" errors="10" failures="0" skipped="0" time="3.171460">
        <testcase name="it_can_create_offer_post" file="/home/user/cmis.marketing.limited/tests/Unit/Services/GoogleBusinessServiceTest.php" line="61" class="Tests\Unit\Services\GoogleBusinessServiceTest" classname="Tests.Unit.Services.GoogleBusinessServiceTest" assertions="0" time="0.304061">
          <error type="Illuminate\Database\Eloquent\InvalidCastException">Tests\Unit\Services\GoogleBusinessServiceTest::it_can_create_offer_post
Illuminate\Database\Eloquent\InvalidCastException: Call to undefined cast [Illuminate\Database\Eloquent\Casts\Encrypted] on column [access_token] in model [App\Models\Core\Integration].

/home/user/cmis.marketing.limited/vendor/laravel/framework/src/Illuminate/Database/Eloquent/Concerns/HasAttributes.php:1768
/home/user/cmis.marketing.limited/vendor/laravel/framework/src/Illuminate/Database/Eloquent/Concerns/HasAttributes.php:1084
/home/user/cmis.marketing.limited/vendor/laravel/framework/src/Illuminate/Database/Eloquent/Model.php:619
/home/user/cmis.marketing.limited/vendor/laravel/framework/src/Illuminate/Database/Eloquent/Model.php:713
/home/user/cmis.marketing.limited/vendor/laravel/framework/src/Illuminate/Database/Eloquent/Builder.php:1747
/home/user/cmis.marketing.limited/vendor/laravel/framework/src/Illuminate/Database/Eloquent/Builder.php:1218
/home/user/cmis.marketing.limited/vendor/laravel/framework/src/Illuminate/Support/Traits/ForwardsCalls.php:23
/home/user/cmis.marketing.limited/vendor/laravel/framework/src/Illuminate/Database/Eloquent/Model.php:2540
/home/user/cmis.marketing.limited/vendor/laravel/framework/src/Illuminate/Database/Eloquent/Model.php:2556
/home/user/cmis.marketing.limited/tests/Traits/CreatesTestData.php:105
/home/user/cmis.marketing.limited/tests/Unit/Services/GoogleBusinessServiceTest.php:66</error>
        </testcase>
        <testcase name="it_handles_api_errors" file="/home/user/cmis.marketing.limited/tests/Unit/Services/GoogleBusinessServiceTest.php" line="299" class="Tests\Unit\Services\GoogleBusinessServiceTest" classname="Tests.Unit.Services.GoogleBusinessServiceTest" assertions="0" time="0.347633">
          <error type="Illuminate\Database\Eloquent\InvalidCastException">Tests\Unit\Services\GoogleBusinessServiceTest::it_handles_api_errors
Illuminate\Database\Eloquent\InvalidCastException: Call to undefined cast [Illuminate\Database\Eloquent\Casts\Encrypted] on column [access_token] in model [App\Models\Core\Integration].

/home/user/cmis.marketing.limited/vendor/laravel/framework/src/Illuminate/Database/Eloquent/Concerns/HasAttributes.php:1768
/home/user/cmis.marketing.limited/vendor/laravel/framework/src/Illuminate/Database/Eloquent/Concerns/HasAttributes.php:1084
/home/user/cmis.marketing.limited/vendor/laravel/framework/src/Illuminate/Database/Eloquent/Model.php:619
/home/user/cmis.marketing.limited/vendor/laravel/framework/src/Illuminate/Database/Eloquent/Model.php:713
/home/user/cmis.marketing.limited/vendor/laravel/framework/src/Illuminate/Database/Eloquent/Builder.php:1747
/home/user/cmis.marketing.limited/vendor/laravel/framework/src/Illuminate/Database/Eloquent/Builder.php:1218
/home/user/cmis.marketing.limited/vendor/laravel/framework/src/Illuminate/Support/Traits/ForwardsCalls.php:23
/home/user/cmis.marketing.limited/vendor/laravel/framework/src/Illuminate/Database/Eloquent/Model.php:2540
/home/user/cmis.marketing.limited/vendor/laravel/framework/src/Illuminate/Database/Eloquent/Model.php:2556
/home/user/cmis.marketing.limited/tests/Traits/CreatesTestData.php:105
/home/user/cmis.marketing.limited/tests/Unit/Services/GoogleBusinessServiceTest.php:304</error>
        </testcase>
        <testcase name="it_can_get_location_insights" file="/home/user/cmis.marketing.limited/tests/Unit/Services/GoogleBusinessServiceTest.php" line="92" class="Tests\Unit\Services\GoogleBusinessServiceTest" classname="Tests.Unit.Services.GoogleBusinessServiceTest" assertions="0" time="0.300887">
          <error type="Illuminate\Database\Eloquent\InvalidCastException">Tests\Unit\Services\GoogleBusinessServiceTest::it_can_get_location_insights
Illuminate\Database\Eloquent\InvalidCastException: Call to undefined cast [Illuminate\Database\Eloquent\Casts\Encrypted] on column [access_token] in model [App\Models\Core\Integration].

/home/user/cmis.marketing.limited/vendor/laravel/framework/src/Illuminate/Database/Eloquent/Concerns/HasAttributes.php:1768
/home/user/cmis.marketing.limited/vendor/laravel/framework/src/Illuminate/Database/Eloquent/Concerns/HasAttributes.php:1084
/home/user/cmis.marketing.limited/vendor/laravel/framework/src/Illuminate/Database/Eloquent/Model.php:619
/home/user/cmis.marketing.limited/vendor/laravel/framework/src/Illuminate/Database/Eloquent/Model.php:713
/home/user/cmis.marketing.limited/vendor/laravel/framework/src/Illuminate/Database/Eloquent/Builder.php:1747
/home/user/cmis.marketing.limited/vendor/laravel/framework/src/Illuminate/Database/Eloquent/Builder.php:1218
/home/user/cmis.marketing.limited/vendor/laravel/framework/src/Illuminate/Support/Traits/ForwardsCalls.php:23
/home/user/cmis.marketing.limited/vendor/laravel/framework/src/Illuminate/Database/Eloquent/Model.php:2540
/home/user/cmis.marketing.limited/vendor/laravel/framework/src/Illuminate/Database/Eloquent/Model.php:2556
/home/user/cmis.marketing.limited/tests/Traits/CreatesTestData.php:105
/home/user/cmis.marketing.limited/tests/Unit/Services/GoogleBusinessServiceTest.php:97</error>
        </testcase>
        <testcase name="it_can_get_location_questions" file="/home/user/cmis.marketing.limited/tests/Unit/Services/GoogleBusinessServiceTest.php" line="222" class="Tests\Unit\Services\GoogleBusinessServiceTest" classname="Tests.Unit.Services.GoogleBusinessServiceTest" assertions="0" time="0.299099">
          <error type="Illuminate\Database\Eloquent\InvalidCastException">Tests\Unit\Services\GoogleBusinessServiceTest::it_can_get_location_questions
Illuminate\Database\Eloquent\InvalidCastException: Call to undefined cast [Illuminate\Database\Eloquent\Casts\Encrypted] on column [access_token] in model [App\Models\Core\Integration].

/home/user/cmis.marketing.limited/vendor/laravel/framework/src/Illuminate/Database/Eloquent/Concerns/HasAttributes.php:1768
/home/user/cmis.marketing.limited/vendor/laravel/framework/src/Illuminate/Database/Eloquent/Concerns/HasAttributes.php:1084
/home/user/cmis.marketing.limited/vendor/laravel/framework/src/Illuminate/Database/Eloquent/Model.php:619
/home/user/cmis.marketing.limited/vendor/laravel/framework/src/Illuminate/Database/Eloquent/Model.php:713
/home/user/cmis.marketing.limited/vendor/laravel/framework/src/Illuminate/Database/Eloquent/Builder.php:1747
/home/user/cmis.marketing.limited/vendor/laravel/framework/src/Illuminate/Database/Eloquent/Builder.php:1218
/home/user/cmis.marketing.limited/vendor/laravel/framework/src/Illuminate/Support/Traits/ForwardsCalls.php:23
/home/user/cmis.marketing.limited/vendor/laravel/framework/src/Illuminate/Database/Eloquent/Model.php:2540
/home/user/cmis.marketing.limited/vendor/laravel/framework/src/Illuminate/Database/Eloquent/Model.php:2556
/home/user/cmis.marketing.limited/tests/Traits/CreatesTestData.php:105
/home/user/cmis.marketing.limited/tests/Unit/Services/GoogleBusinessServiceTest.php:227</error>
        </testcase>
        <testcase name="it_can_get_reviews" file="/home/user/cmis.marketing.limited/tests/Unit/Services/GoogleBusinessServiceTest.php" line="127" class="Tests\Unit\Services\GoogleBusinessServiceTest" classname="Tests.Unit.Services.GoogleBusinessServiceTest" assertions="0" time="0.312348">
          <error type="Illuminate\Database\Eloquent\InvalidCastException">Tests\Unit\Services\GoogleBusinessServiceTest::it_can_get_reviews
Illuminate\Database\Eloquent\InvalidCastException: Call to undefined cast [Illuminate\Database\Eloquent\Casts\Encrypted] on column [access_token] in model [App\Models\Core\Integration].

/home/user/cmis.marketing.limited/vendor/laravel/framework/src/Illuminate/Database/Eloquent/Concerns/HasAttributes.php:1768
/home/user/cmis.marketing.limited/vendor/laravel/framework/src/Illuminate/Database/Eloquent/Concerns/HasAttributes.php:1084
/home/user/cmis.marketing.limited/vendor/laravel/framework/src/Illuminate/Database/Eloquent/Model.php:619
/home/user/cmis.marketing.limited/vendor/laravel/framework/src/Illuminate/Database/Eloquent/Model.php:713
/home/user/cmis.marketing.limited/vendor/laravel/framework/src/Illuminate/Database/Eloquent/Builder.php:1747
/home/user/cmis.marketing.limited/vendor/laravel/framework/src/Illuminate/Database/Eloquent/Builder.php:1218
/home/user/cmis.marketing.limited/vendor/laravel/framework/src/Illuminate/Support/Traits/ForwardsCalls.php:23
/home/user/cmis.marketing.limited/vendor/laravel/framework/src/Illuminate/Database/Eloquent/Model.php:2540
/home/user/cmis.marketing.limited/vendor/laravel/framework/src/Illuminate/Database/Eloquent/Model.php:2556
/home/user/cmis.marketing.limited/tests/Traits/CreatesTestData.php:105
/home/user/cmis.marketing.limited/tests/Unit/Services/GoogleBusinessServiceTest.php:132</error>
        </testcase>
        <testcase name="it_can_answer_question" file="/home/user/cmis.marketing.limited/tests/Unit/Services/GoogleBusinessServiceTest.php" line="252" class="Tests\Unit\Services\GoogleBusinessServiceTest" classname="Tests.Unit.Services.GoogleBusinessServiceTest" assertions="0" time="0.311483">
          <error type="Illuminate\Database\Eloquent\InvalidCastException">Tests\Unit\Services\GoogleBusinessServiceTest::it_can_answer_question
Illuminate\Database\Eloquent\InvalidCastException: Call to undefined cast [Illuminate\Database\Eloquent\Casts\Encrypted] on column [access_token] in model [App\Models\Core\Integration].

/home/user/cmis.marketing.limited/vendor/laravel/framework/src/Illuminate/Database/Eloquent/Concerns/HasAttributes.php:1768
/home/user/cmis.marketing.limited/vendor/laravel/framework/src/Illuminate/Database/Eloquent/Concerns/HasAttributes.php:1084
/home/user/cmis.marketing.limited/vendor/laravel/framework/src/Illuminate/Database/Eloquent/Model.php:619
/home/user/cmis.marketing.limited/vendor/laravel/framework/src/Illuminate/Database/Eloquent/Model.php:713
/home/user/cmis.marketing.limited/vendor/laravel/framework/src/Illuminate/Database/Eloquent/Builder.php:1747
/home/user/cmis.marketing.limited/vendor/laravel/framework/src/Illuminate/Database/Eloquent/Builder.php:1218
/home/user/cmis.marketing.limited/vendor/laravel/framework/src/Illuminate/Support/Traits/ForwardsCalls.php:23
/home/user/cmis.marketing.limited/vendor/laravel/framework/src/Illuminate/Database/Eloquent/Model.php:2540
/home/user/cmis.marketing.limited/vendor/laravel/framework/src/Illuminate/Database/Eloquent/Model.php:2556
/home/user/cmis.marketing.limited/tests/Traits/CreatesTestData.php:105
/home/user/cmis.marketing.limited/tests/Unit/Services/GoogleBusinessServiceTest.php:257</error>
        </testcase>
        <testcase name="it_can_update_business_hours" file="/home/user/cmis.marketing.limited/tests/Unit/Services/GoogleBusinessServiceTest.php" line="191" class="Tests\Unit\Services\GoogleBusinessServiceTest" classname="Tests.Unit.Services.GoogleBusinessServiceTest" assertions="0" time="0.363825">
          <error type="Illuminate\Database\Eloquent\InvalidCastException">Tests\Unit\Services\GoogleBusinessServiceTest::it_can_update_business_hours
Illuminate\Database\Eloquent\InvalidCastException: Call to undefined cast [Illuminate\Database\Eloquent\Casts\Encrypted] on column [access_token] in model [App\Models\Core\Integration].

/home/user/cmis.marketing.limited/vendor/laravel/framework/src/Illuminate/Database/Eloquent/Concerns/HasAttributes.php:1768
/home/user/cmis.marketing.limited/vendor/laravel/framework/src/Illuminate/Database/Eloquent/Concerns/HasAttributes.php:1084
/home/user/cmis.marketing.limited/vendor/laravel/framework/src/Illuminate/Database/Eloquent/Model.php:619
/home/user/cmis.marketing.limited/vendor/laravel/framework/src/Illuminate/Database/Eloquent/Model.php:713
/home/user/cmis.marketing.limited/vendor/laravel/framework/src/Illuminate/Database/Eloquent/Builder.php:1747
/home/user/cmis.marketing.limited/vendor/laravel/framework/src/Illuminate/Database/Eloquent/Builder.php:1218
/home/user/cmis.marketing.limited/vendor/laravel/framework/src/Illuminate/Support/Traits/ForwardsCalls.php:23
/home/user/cmis.marketing.limited/vendor/laravel/framework/src/Illuminate/Database/Eloquent/Model.php:2540
/home/user/cmis.marketing.limited/vendor/laravel/framework/src/Illuminate/Database/Eloquent/Model.php:2556
/home/user/cmis.marketing.limited/tests/Traits/CreatesTestData.php:105
/home/user/cmis.marketing.limited/tests/Unit/Services/GoogleBusinessServiceTest.php:196</error>
        </testcase>
        <testcase name="it_can_reply_to_review" file="/home/user/cmis.marketing.limited/tests/Unit/Services/GoogleBusinessServiceTest.php" line="165" class="Tests\Unit\Services\GoogleBusinessServiceTest" classname="Tests.Unit.Services.GoogleBusinessServiceTest" assertions="0" time="0.312952">
          <error type="Illuminate\Database\Eloquent\InvalidCastException">Tests\Unit\Services\GoogleBusinessServiceTest::it_can_reply_to_review
Illuminate\Database\Eloquent\InvalidCastException: Call to undefined cast [Illuminate\Database\Eloquent\Casts\Encrypted] on column [access_token] in model [App\Models\Core\Integration].

/home/user/cmis.marketing.limited/vendor/laravel/framework/src/Illuminate/Database/Eloquent/Concerns/HasAttributes.php:1768
/home/user/cmis.marketing.limited/vendor/laravel/framework/src/Illuminate/Database/Eloquent/Concerns/HasAttributes.php:1084
/home/user/cmis.marketing.limited/vendor/laravel/framework/src/Illuminate/Database/Eloquent/Model.php:619
/home/user/cmis.marketing.limited/vendor/laravel/framework/src/Illuminate/Database/Eloquent/Model.php:713
/home/user/cmis.marketing.limited/vendor/laravel/framework/src/Illuminate/Database/Eloquent/Builder.php:1747
/home/user/cmis.marketing.limited/vendor/laravel/framework/src/Illuminate/Database/Eloquent/Builder.php:1218
/home/user/cmis.marketing.limited/vendor/laravel/framework/src/Illuminate/Support/Traits/ForwardsCalls.php:23
/home/user/cmis.marketing.limited/vendor/laravel/framework/src/Illuminate/Database/Eloquent/Model.php:2540
/home/user/cmis.marketing.limited/vendor/laravel/framework/src/Illuminate/Database/Eloquent/Model.php:2556
/home/user/cmis.marketing.limited/tests/Traits/CreatesTestData.php:105
/home/user/cmis.marketing.limited/tests/Unit/Services/GoogleBusinessServiceTest.php:170</error>
        </testcase>
        <testcase name="it_can_create_local_post" file="/home/user/cmis.marketing.limited/tests/Unit/Services/GoogleBusinessServiceTest.php" line="27" class="Tests\Unit\Services\GoogleBusinessServiceTest" classname="Tests.Unit.Services.GoogleBusinessServiceTest" assertions="0" time="0.308192">
          <error type="Illuminate\Database\Eloquent\InvalidCastException">Tests\Unit\Services\GoogleBusinessServiceTest::it_can_create_local_post
Illuminate\Database\Eloquent\InvalidCastException: Call to undefined cast [Illuminate\Database\Eloquent\Casts\Encrypted] on column [access_token] in model [App\Models\Core\Integration].

/home/user/cmis.marketing.limited/vendor/laravel/framework/src/Illuminate/Database/Eloquent/Concerns/HasAttributes.php:1768
/home/user/cmis.marketing.limited/vendor/laravel/framework/src/Illuminate/Database/Eloquent/Concerns/HasAttributes.php:1084
/home/user/cmis.marketing.limited/vendor/laravel/framework/src/Illuminate/Database/Eloquent/Model.php:619
/home/user/cmis.marketing.limited/vendor/laravel/framework/src/Illuminate/Database/Eloquent/Model.php:713
/home/user/cmis.marketing.limited/vendor/laravel/framework/src/Illuminate/Database/Eloquent/Builder.php:1747
/home/user/cmis.marketing.limited/vendor/laravel/framework/src/Illuminate/Database/Eloquent/Builder.php:1218
/home/user/cmis.marketing.limited/vendor/laravel/framework/src/Illuminate/Support/Traits/ForwardsCalls.php:23
/home/user/cmis.marketing.limited/vendor/laravel/framework/src/Illuminate/Database/Eloquent/Model.php:2540
/home/user/cmis.marketing.limited/vendor/laravel/framework/src/Illuminate/Database/Eloquent/Model.php:2556
/home/user/cmis.marketing.limited/tests/Traits/CreatesTestData.php:105
/home/user/cmis.marketing.limited/tests/Unit/Services/GoogleBusinessServiceTest.php:32</error>
        </testcase>
        <testcase name="it_validates_location_id" file="/home/user/cmis.marketing.limited/tests/Unit/Services/GoogleBusinessServiceTest.php" line="278" class="Tests\Unit\Services\GoogleBusinessServiceTest" classname="Tests.Unit.Services.GoogleBusinessServiceTest" assertions="0" time="0.310980">
          <error type="Illuminate\Database\Eloquent\InvalidCastException">Tests\Unit\Services\GoogleBusinessServiceTest::it_validates_location_id
Illuminate\Database\Eloquent\InvalidCastException: Call to undefined cast [Illuminate\Database\Eloquent\Casts\Encrypted] on column [access_token] in model [App\Models\Core\Integration].

/home/user/cmis.marketing.limited/vendor/laravel/framework/src/Illuminate/Database/Eloquent/Concerns/HasAttributes.php:1768
/home/user/cmis.marketing.limited/vendor/laravel/framework/src/Illuminate/Database/Eloquent/Concerns/HasAttributes.php:1084
/home/user/cmis.marketing.limited/vendor/laravel/framework/src/Illuminate/Database/Eloquent/Model.php:619
/home/user/cmis.marketing.limited/vendor/laravel/framework/src/Illuminate/Database/Eloquent/Model.php:713
/home/user/cmis.marketing.limited/vendor/laravel/framework/src/Illuminate/Database/Eloquent/Builder.php:1747
/home/user/cmis.marketing.limited/vendor/laravel/framework/src/Illuminate/Database/Eloquent/Builder.php:1218
/home/user/cmis.marketing.limited/vendor/laravel/framework/src/Illuminate/Support/Traits/ForwardsCalls.php:23
/home/user/cmis.marketing.limited/vendor/laravel/framework/src/Illuminate/Database/Eloquent/Model.php:2540
/home/user/cmis.marketing.limited/vendor/laravel/framework/src/Illuminate/Database/Eloquent/Model.php:2556
/home/user/cmis.marketing.limited/tests/Traits/CreatesTestData.php:105
/home/user/cmis.marketing.limited/tests/Unit/Services/GoogleBusinessServiceTest.php:283</error>
        </testcase>
      </testsuite>
      <testsuite name="Tests\Unit\Models\Tag\TagTest" file="/home/user/cmis.marketing.limited/tests/Unit/Models/Tag/TagTest.php" tests="12" assertions="0" errors="12" failures="0" skipped="0" time="0.844750">
        <testcase name="it_stores_tag_color" file="/home/user/cmis.marketing.limited/tests/Unit/Models/Tag/TagTest.php" line="89" class="Tests\Unit\Models\Tag\TagTest" classname="Tests.Unit.Models.Tag.TagTest" assertions="0" time="0.066921">
          <error type="Error">Tests\Unit\Models\Tag\TagTest::it_stores_tag_color
Error: Class "App\Models\Tag\Tag" not found

/home/user/cmis.marketing.limited/tests/Unit/Models/Tag/TagTest.php:96</error>
        </testcase>
        <testcase name="it_can_be_soft_deleted" file="/home/user/cmis.marketing.limited/tests/Unit/Models/Tag/TagTest.php" line="252" class="Tests\Unit\Models\Tag\TagTest" classname="Tests.Unit.Models.Tag.TagTest" assertions="0" time="0.122331">
          <error type="Error">Tests\Unit\Models\Tag\TagTest::it_can_be_soft_deleted
Error: Class "App\Models\Tag\Tag" not found

/home/user/cmis.marketing.limited/tests/Unit/Models/Tag/TagTest.php:259</error>
        </testcase>
        <testcase name="it_has_unique_slug" file="/home/user/cmis.marketing.limited/tests/Unit/Models/Tag/TagTest.php" line="64" class="Tests\Unit\Models\Tag\TagTest" classname="Tests.Unit.Models.Tag.TagTest" assertions="0" time="0.060767">
          <error type="Error">Tests\Unit\Models\Tag\TagTest::it_has_unique_slug
Error: Class "App\Models\Tag\Tag" not found

/home/user/cmis.marketing.limited/tests/Unit/Models/Tag/TagTest.php:71</error>
        </testcase>
        <testcase name="it_respects_rls_policies" file="/home/user/cmis.marketing.limited/tests/Unit/Models/Tag/TagTest.php" line="276" class="Tests\Unit\Models\Tag\TagTest" classname="Tests.Unit.Models.Tag.TagTest" assertions="0" time="0.061767">
          <error type="Error">Tests\Unit\Models\Tag\TagTest::it_respects_rls_policies
Error: Class "App\Models\Tag\Tag" not found

/home/user/cmis.marketing.limited/tests/Unit/Models/Tag/TagTest.php:288</error>
        </testcase>
        <testcase name="it_tracks_usage_count" file="/home/user/cmis.marketing.limited/tests/Unit/Models/Tag/TagTest.php" line="145" class="Tests\Unit\Models\Tag\TagTest" classname="Tests.Unit.Models.Tag.TagTest" assertions="0" time="0.060094">
          <error type="Error">Tests\Unit\Models\Tag\TagTest::it_tracks_usage_count
Error: Class "App\Models\Tag\Tag" not found

/home/user/cmis.marketing.limited/tests/Unit/Models/Tag/TagTest.php:152</error>
        </testcase>
        <testcase name="it_has_timestamps" file="/home/user/cmis.marketing.limited/tests/Unit/Models/Tag/TagTest.php" line="233" class="Tests\Unit\Models\Tag\TagTest" classname="Tests.Unit.Models.Tag.TagTest" assertions="0" time="0.062561">
          <error type="Error">Tests\Unit\Models\Tag\TagTest::it_has_timestamps
Error: Class "App\Models\Tag\Tag" not found

/home/user/cmis.marketing.limited/tests/Unit/Models/Tag/TagTest.php:240</error>
        </testcase>
        <testcase name="it_has_different_tag_types" file="/home/user/cmis.marketing.limited/tests/Unit/Models/Tag/TagTest.php" line="108" class="Tests\Unit\Models\Tag\TagTest" classname="Tests.Unit.Models.Tag.TagTest" assertions="0" time="0.064309">
          <error type="Error">Tests\Unit\Models\Tag\TagTest::it_has_different_tag_types
Error: Class "App\Models\Tag\Tag" not found

/home/user/cmis.marketing.limited/tests/Unit/Models/Tag/TagTest.php:115</error>
        </testcase>
        <testcase name="it_belongs_to_org" file="/home/user/cmis.marketing.limited/tests/Unit/Models/Tag/TagTest.php" line="46" class="Tests\Unit\Models\Tag\TagTest" classname="Tests.Unit.Models.Tag.TagTest" assertions="0" time="0.106224">
          <error type="Error">Tests\Unit\Models\Tag\TagTest::it_belongs_to_org
Error: Class "App\Models\Tag\Tag" not found

/home/user/cmis.marketing.limited/tests/Unit/Models/Tag/TagTest.php:53</error>
        </testcase>
        <testcase name="it_can_create_tag" file="/home/user/cmis.marketing.limited/tests/Unit/Models/Tag/TagTest.php" line="24" class="Tests\Unit\Models\Tag\TagTest" classname="Tests.Unit.Models.Tag.TagTest" assertions="0" time="0.062015">
          <error type="Error">Tests\Unit\Models\Tag\TagTest::it_can_create_tag
Error: Class "App\Models\Tag\Tag" not found

/home/user/cmis.marketing.limited/tests/Unit/Models/Tag/TagTest.php:31</error>
        </testcase>
        <testcase name="it_stores_tag_description" file="/home/user/cmis.marketing.limited/tests/Unit/Models/Tag/TagTest.php" line="168" class="Tests\Unit\Models\Tag\TagTest" classname="Tests.Unit.Models.Tag.TagTest" assertions="0" time="0.059447">
          <error type="Error">Tests\Unit\Models\Tag\TagTest::it_stores_tag_description
Error: Class "App\Models\Tag\Tag" not found

/home/user/cmis.marketing.limited/tests/Unit/Models/Tag/TagTest.php:175</error>
        </testcase>
        <testcase name="it_uses_uuid_as_primary_key" file="/home/user/cmis.marketing.limited/tests/Unit/Models/Tag/TagTest.php" line="215" class="Tests\Unit\Models\Tag\TagTest" classname="Tests.Unit.Models.Tag.TagTest" assertions="0" time="0.061330">
          <error type="Error">Tests\Unit\Models\Tag\TagTest::it_uses_uuid_as_primary_key
Error: Class "App\Models\Tag\Tag" not found

/home/user/cmis.marketing.limited/tests/Unit/Models/Tag/TagTest.php:222</error>
        </testcase>
        <testcase name="it_can_be_active_or_inactive" file="/home/user/cmis.marketing.limited/tests/Unit/Models/Tag/TagTest.php" line="187" class="Tests\Unit\Models\Tag\TagTest" classname="Tests.Unit.Models.Tag.TagTest" assertions="0" time="0.056985">
          <error type="Error">Tests\Unit\Models\Tag\TagTest::it_can_be_active_or_inactive
Error: Class "App\Models\Tag\Tag" not found

/home/user/cmis.marketing.limited/tests/Unit/Models/Tag/TagTest.php:194</error>
        </testcase>
      </testsuite>
      <testsuite name="Tests\Unit\Models\Billing\InvoiceTest" file="/home/user/cmis.marketing.limited/tests/Unit/Models/Billing/InvoiceTest.php" tests="15" assertions="0" errors="15" failures="0" skipped="0" time="1.030794">
        <testcase name="it_respects_rls_policies" file="/home/user/cmis.marketing.limited/tests/Unit/Models/Billing/InvoiceTest.php" line="385" class="Tests\Unit\Models\Billing\InvoiceTest" classname="Tests.Unit.Models.Billing.InvoiceTest" assertions="0" time="0.096860">
          <error type="Error">Tests\Unit\Models\Billing\InvoiceTest::it_respects_rls_policies
Error: Class "App\Models\Billing\Invoice" not found

/home/user/cmis.marketing.limited/tests/Unit/Models/Billing/InvoiceTest.php:397</error>
        </testcase>
        <testcase name="it_has_due_date" file="/home/user/cmis.marketing.limited/tests/Unit/Models/Billing/InvoiceTest.php" line="197" class="Tests\Unit\Models\Billing\InvoiceTest" classname="Tests.Unit.Models.Billing.InvoiceTest" assertions="0" time="0.057070">
          <error type="Error">Tests\Unit\Models\Billing\InvoiceTest::it_has_due_date
Error: Class "App\Models\Billing\Invoice" not found

/home/user/cmis.marketing.limited/tests/Unit/Models/Billing/InvoiceTest.php:204</error>
        </testcase>
        <testcase name="it_stores_line_items_as_json" file="/home/user/cmis.marketing.limited/tests/Unit/Models/Billing/InvoiceTest.php" line="136" class="Tests\Unit\Models\Billing\InvoiceTest" classname="Tests.Unit.Models.Billing.InvoiceTest" assertions="0" time="0.055500">
          <error type="Error">Tests\Unit\Models\Billing\InvoiceTest::it_stores_line_items_as_json
Error: Class "App\Models\Billing\Invoice" not found

/home/user/cmis.marketing.limited/tests/Unit/Models/Billing/InvoiceTest.php:158</error>
        </testcase>
        <testcase name="it_tracks_payment_date" file="/home/user/cmis.marketing.limited/tests/Unit/Models/Billing/InvoiceTest.php" line="221" class="Tests\Unit\Models\Billing\InvoiceTest" classname="Tests.Unit.Models.Billing.InvoiceTest" assertions="0" time="0.055596">
          <error type="Error">Tests\Unit\Models\Billing\InvoiceTest::it_tracks_payment_date
Error: Class "App\Models\Billing\Invoice" not found

/home/user/cmis.marketing.limited/tests/Unit/Models/Billing/InvoiceTest.php:228</error>
        </testcase>
        <testcase name="it_has_billing_address" file="/home/user/cmis.marketing.limited/tests/Unit/Models/Billing/InvoiceTest.php" line="293" class="Tests\Unit\Models\Billing\InvoiceTest" classname="Tests.Unit.Models.Billing.InvoiceTest" assertions="0" time="0.058106">
          <error type="Error">Tests\Unit\Models\Billing\InvoiceTest::it_has_billing_address
Error: Class "App\Models\Billing\Invoice" not found

/home/user/cmis.marketing.limited/tests/Unit/Models/Billing/InvoiceTest.php:308</error>
        </testcase>
        <testcase name="it_stores_notes" file="/home/user/cmis.marketing.limited/tests/Unit/Models/Billing/InvoiceTest.php" line="323" class="Tests\Unit\Models\Billing\InvoiceTest" classname="Tests.Unit.Models.Billing.InvoiceTest" assertions="0" time="0.111825">
          <error type="Error">Tests\Unit\Models\Billing\InvoiceTest::it_stores_notes
Error: Class "App\Models\Billing\Invoice" not found

/home/user/cmis.marketing.limited/tests/Unit/Models/Billing/InvoiceTest.php:330</error>
        </testcase>
        <testcase name="it_supports_different_currencies" file="/home/user/cmis.marketing.limited/tests/Unit/Models/Billing/InvoiceTest.php" line="242" class="Tests\Unit\Models\Billing\InvoiceTest" classname="Tests.Unit.Models.Billing.InvoiceTest" assertions="0" time="0.060432">
          <error type="Error">Tests\Unit\Models\Billing\InvoiceTest::it_supports_different_currencies
Error: Class "App\Models\Billing\Invoice" not found

/home/user/cmis.marketing.limited/tests/Unit/Models/Billing/InvoiceTest.php:249</error>
        </testcase>
        <testcase name="it_belongs_to_subscription" file="/home/user/cmis.marketing.limited/tests/Unit/Models/Billing/InvoiceTest.php" line="68" class="Tests\Unit\Models\Billing\InvoiceTest" classname="Tests.Unit.Models.Billing.InvoiceTest" assertions="0" time="0.059993">
          <error type="Error">Tests\Unit\Models\Billing\InvoiceTest::it_belongs_to_subscription
Error: Class "App\Models\Subscription\Subscription" not found

/home/user/cmis.marketing.limited/tests/Unit/Models/Billing/InvoiceTest.php:75</error>
        </testcase>
        <testcase name="it_stores_payment_method" file="/home/user/cmis.marketing.limited/tests/Unit/Models/Billing/InvoiceTest.php" line="272" class="Tests\Unit\Models\Billing\InvoiceTest" classname="Tests.Unit.Models.Billing.InvoiceTest" assertions="0" time="0.060363">
          <error type="Error">Tests\Unit\Models\Billing\InvoiceTest::it_stores_payment_method
Error: Class "App\Models\Billing\Invoice" not found

/home/user/cmis.marketing.limited/tests/Unit/Models/Billing/InvoiceTest.php:279</error>
        </testcase>
        <testcase name="it_can_create_invoice" file="/home/user/cmis.marketing.limited/tests/Unit/Models/Billing/InvoiceTest.php" line="25" class="Tests\Unit\Models\Billing\InvoiceTest" classname="Tests.Unit.Models.Billing.InvoiceTest" assertions="0" time="0.068770">
          <error type="Error">Tests\Unit\Models\Billing\InvoiceTest::it_can_create_invoice
Error: Class "App\Models\Billing\Invoice" not found

/home/user/cmis.marketing.limited/tests/Unit/Models/Billing/InvoiceTest.php:32</error>
        </testcase>
        <testcase name="it_has_timestamps" file="/home/user/cmis.marketing.limited/tests/Unit/Models/Billing/InvoiceTest.php" line="364" class="Tests\Unit\Models\Billing\InvoiceTest" classname="Tests.Unit.Models.Billing.InvoiceTest" assertions="0" time="0.065917">
          <error type="Error">Tests\Unit\Models\Billing\InvoiceTest::it_has_timestamps
Error: Class "App\Models\Billing\Invoice" not found

/home/user/cmis.marketing.limited/tests/Unit/Models/Billing/InvoiceTest.php:371</error>
        </testcase>
        <testcase name="it_has_different_statuses" file="/home/user/cmis.marketing.limited/tests/Unit/Models/Billing/InvoiceTest.php" line="96" class="Tests\Unit\Models\Billing\InvoiceTest" classname="Tests.Unit.Models.Billing.InvoiceTest" assertions="0" time="0.104680">
          <error type="Error">Tests\Unit\Models\Billing\InvoiceTest::it_has_different_statuses
Error: Class "App\Models\Billing\Invoice" not found

/home/user/cmis.marketing.limited/tests/Unit/Models/Billing/InvoiceTest.php:103</error>
        </testcase>
        <testcase name="it_calculates_total_with_tax" file="/home/user/cmis.marketing.limited/tests/Unit/Models/Billing/InvoiceTest.php" line="173" class="Tests\Unit\Models\Billing\InvoiceTest" classname="Tests.Unit.Models.Billing.InvoiceTest" assertions="0" time="0.061197">
          <error type="Error">Tests\Unit\Models\Billing\InvoiceTest::it_calculates_total_with_tax
Error: Class "App\Models\Billing\Invoice" not found

/home/user/cmis.marketing.limited/tests/Unit/Models/Billing/InvoiceTest.php:180</error>
        </testcase>
        <testcase name="it_uses_uuid_as_primary_key" file="/home/user/cmis.marketing.limited/tests/Unit/Models/Billing/InvoiceTest.php" line="344" class="Tests\Unit\Models\Billing\InvoiceTest" classname="Tests.Unit.Models.Billing.InvoiceTest" assertions="0" time="0.058552">
          <error type="Error">Tests\Unit\Models\Billing\InvoiceTest::it_uses_uuid_as_primary_key
Error: Class "App\Models\Billing\Invoice" not found

/home/user/cmis.marketing.limited/tests/Unit/Models/Billing/InvoiceTest.php:351</error>
        </testcase>
        <testcase name="it_belongs_to_org" file="/home/user/cmis.marketing.limited/tests/Unit/Models/Billing/InvoiceTest.php" line="48" class="Tests\Unit\Models\Billing\InvoiceTest" classname="Tests.Unit.Models.Billing.InvoiceTest" assertions="0" time="0.055933">
          <error type="Error">Tests\Unit\Models\Billing\InvoiceTest::it_belongs_to_org
Error: Class "App\Models\Billing\Invoice" not found

/home/user/cmis.marketing.limited/tests/Unit/Models/Billing/InvoiceTest.php:55</error>
        </testcase>
      </testsuite>
      <testsuite name="Tests\Unit\Events\PostPublishedEventTest" file="/home/user/cmis.marketing.limited/tests/Unit/Events/PostPublishedEventTest.php" tests="5" assertions="0" errors="5" failures="0" skipped="0" time="0.335011">
        <testcase name="it_can_be_instantiated" file="/home/user/cmis.marketing.limited/tests/Unit/Events/PostPublishedEventTest.php" line="27" class="Tests\Unit\Events\PostPublishedEventTest" classname="Tests.Unit.Events.PostPublishedEventTest" assertions="0" time="0.063070">
          <error type="Error">Tests\Unit\Events\PostPublishedEventTest::it_can_be_instantiated
Error: Class "App\Models\Content\Post" not found

/home/user/cmis.marketing.limited/tests/Unit/Events/PostPublishedEventTest.php:34</error>
        </testcase>
        <testcase name="it_can_be_listened_to" file="/home/user/cmis.marketing.limited/tests/Unit/Events/PostPublishedEventTest.php" line="138" class="Tests\Unit\Events\PostPublishedEventTest" classname="Tests.Unit.Events.PostPublishedEventTest" assertions="0" time="0.096128">
          <error type="Error">Tests\Unit\Events\PostPublishedEventTest::it_can_be_listened_to
Error: Class "App\Models\Content\Post" not found

/home/user/cmis.marketing.limited/tests/Unit/Events/PostPublishedEventTest.php:147</error>
        </testcase>
        <testcase name="it_contains_post_data" file="/home/user/cmis.marketing.limited/tests/Unit/Events/PostPublishedEventTest.php" line="82" class="Tests\Unit\Events\PostPublishedEventTest" classname="Tests.Unit.Events.PostPublishedEventTest" assertions="0" time="0.056661">
          <error type="Error">Tests\Unit\Events\PostPublishedEventTest::it_contains_post_data
Error: Class "App\Models\Content\Post" not found

/home/user/cmis.marketing.limited/tests/Unit/Events/PostPublishedEventTest.php:89</error>
        </testcase>
        <testcase name="it_broadcasts_on_private_channel" file="/home/user/cmis.marketing.limited/tests/Unit/Events/PostPublishedEventTest.php" line="111" class="Tests\Unit\Events\PostPublishedEventTest" classname="Tests.Unit.Events.PostPublishedEventTest" assertions="0" time="0.056079">
          <error type="Error">Tests\Unit\Events\PostPublishedEventTest::it_broadcasts_on_private_channel
Error: Class "App\Models\Content\Post" not found

/home/user/cmis.marketing.limited/tests/Unit/Events/PostPublishedEventTest.php:118</error>
        </testcase>
        <testcase name="it_can_be_dispatched" file="/home/user/cmis.marketing.limited/tests/Unit/Events/PostPublishedEventTest.php" line="54" class="Tests\Unit\Events\PostPublishedEventTest" classname="Tests.Unit.Events.PostPublishedEventTest" assertions="0" time="0.063074">
          <error type="Error">Tests\Unit\Events\PostPublishedEventTest::it_can_be_dispatched
Error: Class "App\Models\Content\Post" not found

/home/user/cmis.marketing.limited/tests/Unit/Events/PostPublishedEventTest.php:63</error>
        </testcase>
      </testsuite>
      <testsuite name="Tests\Unit\Models\Campaign\CampaignBudgetTest" file="/home/user/cmis.marketing.limited/tests/Unit/Models/Campaign/CampaignBudgetTest.php" tests="12" assertions="0" errors="12" failures="0" skipped="0" time="0.899816">
        <testcase name="it_can_track_spent_budget" file="/home/user/cmis.marketing.limited/tests/Unit/Models/Campaign/CampaignBudgetTest.php" line="113" class="Tests\Unit\Models\Campaign\CampaignBudgetTest" classname="Tests.Unit.Models.Campaign.CampaignBudgetTest" assertions="0" time="0.062690">
          <error type="Error">Tests\Unit\Models\Campaign\CampaignBudgetTest::it_can_track_spent_budget
Error: Class "App\Models\Campaign\CampaignBudget" not found

/home/user/cmis.marketing.limited/tests/Unit/Models/Campaign/CampaignBudgetTest.php:127</error>
        </testcase>
        <testcase name="it_calculates_remaining_budget" file="/home/user/cmis.marketing.limited/tests/Unit/Models/Campaign/CampaignBudgetTest.php" line="142" class="Tests\Unit\Models\Campaign\CampaignBudgetTest" classname="Tests.Unit.Models.Campaign.CampaignBudgetTest" assertions="0" time="0.110272">
          <error type="Error">Tests\Unit\Models\Campaign\CampaignBudgetTest::it_calculates_remaining_budget
Error: Class "App\Models\Campaign\CampaignBudget" not found

/home/user/cmis.marketing.limited/tests/Unit/Models/Campaign/CampaignBudgetTest.php:156</error>
        </testcase>
        <testcase name="it_respects_rls_policies" file="/home/user/cmis.marketing.limited/tests/Unit/Models/Campaign/CampaignBudgetTest.php" line="351" class="Tests\Unit\Models\Campaign\CampaignBudgetTest" classname="Tests.Unit.Models.Campaign.CampaignBudgetTest" assertions="0" time="0.068406">
          <error type="Error">Tests\Unit\Models\Campaign\CampaignBudgetTest::it_respects_rls_policies
Error: Class "App\Models\Campaign\CampaignBudget" not found

/home/user/cmis.marketing.limited/tests/Unit/Models/Campaign/CampaignBudgetTest.php:377</error>
        </testcase>
        <testcase name="it_tracks_daily_budget_cap" file="/home/user/cmis.marketing.limited/tests/Unit/Models/Campaign/CampaignBudgetTest.php" line="236" class="Tests\Unit\Models\Campaign\CampaignBudgetTest" classname="Tests.Unit.Models.Campaign.CampaignBudgetTest" assertions="0" time="0.066536">
          <error type="Error">Tests\Unit\Models\Campaign\CampaignBudgetTest::it_tracks_daily_budget_cap
Error: Class "App\Models\Campaign\CampaignBudget" not found

/home/user/cmis.marketing.limited/tests/Unit/Models/Campaign/CampaignBudgetTest.php:250</error>
        </testcase>
        <testcase name="it_belongs_to_campaign_and_org" file="/home/user/cmis.marketing.limited/tests/Unit/Models/Campaign/CampaignBudgetTest.php" line="56" class="Tests\Unit\Models\Campaign\CampaignBudgetTest" classname="Tests.Unit.Models.Campaign.CampaignBudgetTest" assertions="0" time="0.062315">
          <error type="Error">Tests\Unit\Models\Campaign\CampaignBudgetTest::it_belongs_to_campaign_and_org
Error: Class "App\Models\Campaign\CampaignBudget" not found

/home/user/cmis.marketing.limited/tests/Unit/Models/Campaign/CampaignBudgetTest.php:70</error>
        </testcase>
        <testcase name="it_calculates_budget_utilization_percentage" file="/home/user/cmis.marketing.limited/tests/Unit/Models/Campaign/CampaignBudgetTest.php" line="171" class="Tests\Unit\Models\Campaign\CampaignBudgetTest" classname="Tests.Unit.Models.Campaign.CampaignBudgetTest" assertions="0" time="0.064001">
          <error type="Error">Tests\Unit\Models\Campaign\CampaignBudgetTest::it_calculates_budget_utilization_percentage
Error: Class "App\Models\Campaign\CampaignBudget" not found

/home/user/cmis.marketing.limited/tests/Unit/Models/Campaign/CampaignBudgetTest.php:185</error>
        </testcase>
        <testcase name="it_has_timestamps" file="/home/user/cmis.marketing.limited/tests/Unit/Models/Campaign/CampaignBudgetTest.php" line="324" class="Tests\Unit\Models\Campaign\CampaignBudgetTest" classname="Tests.Unit.Models.Campaign.CampaignBudgetTest" assertions="0" time="0.139704">
          <error type="Error">Tests\Unit\Models\Campaign\CampaignBudgetTest::it_has_timestamps
Error: Class "App\Models\Campaign\CampaignBudget" not found

/home/user/cmis.marketing.limited/tests/Unit/Models/Campaign/CampaignBudgetTest.php:338</error>
        </testcase>
        <testcase name="it_can_create_campaign_budget" file="/home/user/cmis.marketing.limited/tests/Unit/Models/Campaign/CampaignBudgetTest.php" line="25" class="Tests\Unit\Models\Campaign\CampaignBudgetTest" classname="Tests.Unit.Models.Campaign.CampaignBudgetTest" assertions="0" time="0.068776">
          <error type="Error">Tests\Unit\Models\Campaign\CampaignBudgetTest::it_can_create_campaign_budget
Error: Class "App\Models\Campaign\CampaignBudget" not found

/home/user/cmis.marketing.limited/tests/Unit/Models/Campaign/CampaignBudgetTest.php:39</error>
        </testcase>
        <testcase name="it_stores_budget_allocation_by_channel" file="/home/user/cmis.marketing.limited/tests/Unit/Models/Campaign/CampaignBudgetTest.php" line="201" class="Tests\Unit\Models\Campaign\CampaignBudgetTest" classname="Tests.Unit.Models.Campaign.CampaignBudgetTest" assertions="0" time="0.064406">
          <error type="Error">Tests\Unit\Models\Campaign\CampaignBudgetTest::it_stores_budget_allocation_by_channel
Error: Class "App\Models\Campaign\CampaignBudget" not found

/home/user/cmis.marketing.limited/tests/Unit/Models/Campaign/CampaignBudgetTest.php:222</error>
        </testcase>
        <testcase name="it_can_allocate_budget" file="/home/user/cmis.marketing.limited/tests/Unit/Models/Campaign/CampaignBudgetTest.php" line="83" class="Tests\Unit\Models\Campaign\CampaignBudgetTest" classname="Tests.Unit.Models.Campaign.CampaignBudgetTest" assertions="0" time="0.063267">
          <error type="Error">Tests\Unit\Models\Campaign\CampaignBudgetTest::it_can_allocate_budget
Error: Class "App\Models\Campaign\CampaignBudget" not found

/home/user/cmis.marketing.limited/tests/Unit/Models/Campaign/CampaignBudgetTest.php:97</error>
        </testcase>
        <testcase name="it_uses_uuid_as_primary_key" file="/home/user/cmis.marketing.limited/tests/Unit/Models/Campaign/CampaignBudgetTest.php" line="298" class="Tests\Unit\Models\Campaign\CampaignBudgetTest" classname="Tests.Unit.Models.Campaign.CampaignBudgetTest" assertions="0" time="0.065655">
          <error type="Error">Tests\Unit\Models\Campaign\CampaignBudgetTest::it_uses_uuid_as_primary_key
Error: Class "App\Models\Campaign\CampaignBudget" not found

/home/user/cmis.marketing.limited/tests/Unit/Models/Campaign/CampaignBudgetTest.php:312</error>
        </testcase>
        <testcase name="it_supports_multiple_currencies" file="/home/user/cmis.marketing.limited/tests/Unit/Models/Campaign/CampaignBudgetTest.php" line="263" class="Tests\Unit\Models\Campaign\CampaignBudgetTest" classname="Tests.Unit.Models.Campaign.CampaignBudgetTest" assertions="0" time="0.063790">
          <error type="Error">Tests\Unit\Models\Campaign\CampaignBudgetTest::it_supports_multiple_currencies
Error: Class "App\Models\Campaign\CampaignBudget" not found

/home/user/cmis.marketing.limited/tests/Unit/Models/Campaign/CampaignBudgetTest.php:277</error>
        </testcase>
      </testsuite>
      <testsuite name="Tests\Unit\Jobs\PublishToFacebookJobTest" file="/home/user/cmis.marketing.limited/tests/Unit/Jobs/PublishToFacebookJobTest.php" tests="6" assertions="0" errors="6" failures="0" skipped="0" time="1.867400">
        <testcase name="it_can_be_dispatched" file="/home/user/cmis.marketing.limited/tests/Unit/Jobs/PublishToFacebookJobTest.php" line="27" class="Tests\Unit\Jobs\PublishToFacebookJobTest" classname="Tests.Unit.Jobs.PublishToFacebookJobTest" assertions="0" time="0.341359">
          <error type="Error">Tests\Unit\Jobs\PublishToFacebookJobTest::it_can_be_dispatched
Error: Class "App\Models\Social\ScheduledSocialPost" not found

/home/user/cmis.marketing.limited/tests/Unit/Jobs/PublishToFacebookJobTest.php:34</error>
        </testcase>
        <testcase name="it_handles_publishing_errors" file="/home/user/cmis.marketing.limited/tests/Unit/Jobs/PublishToFacebookJobTest.php" line="88" class="Tests\Unit\Jobs\PublishToFacebookJobTest" classname="Tests.Unit.Jobs.PublishToFacebookJobTest" assertions="0" time="0.295810">
          <error type="Illuminate\Database\Eloquent\InvalidCastException">Tests\Unit\Jobs\PublishToFacebookJobTest::it_handles_publishing_errors
Illuminate\Database\Eloquent\InvalidCastException: Call to undefined cast [Illuminate\Database\Eloquent\Casts\Encrypted] on column [access_token] in model [App\Models\Core\Integration].

/home/user/cmis.marketing.limited/vendor/laravel/framework/src/Illuminate/Database/Eloquent/Concerns/HasAttributes.php:1768
/home/user/cmis.marketing.limited/vendor/laravel/framework/src/Illuminate/Database/Eloquent/Concerns/HasAttributes.php:1084
/home/user/cmis.marketing.limited/vendor/laravel/framework/src/Illuminate/Database/Eloquent/Model.php:619
/home/user/cmis.marketing.limited/vendor/laravel/framework/src/Illuminate/Database/Eloquent/Model.php:713
/home/user/cmis.marketing.limited/vendor/laravel/framework/src/Illuminate/Database/Eloquent/Builder.php:1747
/home/user/cmis.marketing.limited/vendor/laravel/framework/src/Illuminate/Database/Eloquent/Builder.php:1218
/home/user/cmis.marketing.limited/vendor/laravel/framework/src/Illuminate/Support/Traits/ForwardsCalls.php:23
/home/user/cmis.marketing.limited/vendor/laravel/framework/src/Illuminate/Database/Eloquent/Model.php:2540
/home/user/cmis.marketing.limited/vendor/laravel/framework/src/Illuminate/Database/Eloquent/Model.php:2556
/home/user/cmis.marketing.limited/tests/Traits/CreatesTestData.php:105
/home/user/cmis.marketing.limited/tests/Unit/Jobs/PublishToFacebookJobTest.php:93</error>
        </testcase>
        <testcase name="it_updates_post_metadata_on_success" file="/home/user/cmis.marketing.limited/tests/Unit/Jobs/PublishToFacebookJobTest.php" line="152" class="Tests\Unit\Jobs\PublishToFacebookJobTest" classname="Tests.Unit.Jobs.PublishToFacebookJobTest" assertions="0" time="0.299957">
          <error type="Illuminate\Database\Eloquent\InvalidCastException">Tests\Unit\Jobs\PublishToFacebookJobTest::it_updates_post_metadata_on_success
Illuminate\Database\Eloquent\InvalidCastException: Call to undefined cast [Illuminate\Database\Eloquent\Casts\Encrypted] on column [access_token] in model [App\Models\Core\Integration].

/home/user/cmis.marketing.limited/vendor/laravel/framework/src/Illuminate/Database/Eloquent/Concerns/HasAttributes.php:1768
/home/user/cmis.marketing.limited/vendor/laravel/framework/src/Illuminate/Database/Eloquent/Concerns/HasAttributes.php:1084
/home/user/cmis.marketing.limited/vendor/laravel/framework/src/Illuminate/Database/Eloquent/Model.php:619
/home/user/cmis.marketing.limited/vendor/laravel/framework/src/Illuminate/Database/Eloquent/Model.php:713
/home/user/cmis.marketing.limited/vendor/laravel/framework/src/Illuminate/Database/Eloquent/Builder.php:1747
/home/user/cmis.marketing.limited/vendor/laravel/framework/src/Illuminate/Database/Eloquent/Builder.php:1218
/home/user/cmis.marketing.limited/vendor/laravel/framework/src/Illuminate/Support/Traits/ForwardsCalls.php:23
/home/user/cmis.marketing.limited/vendor/laravel/framework/src/Illuminate/Database/Eloquent/Model.php:2540
/home/user/cmis.marketing.limited/vendor/laravel/framework/src/Illuminate/Database/Eloquent/Model.php:2556
/home/user/cmis.marketing.limited/tests/Traits/CreatesTestData.php:105
/home/user/cmis.marketing.limited/tests/Unit/Jobs/PublishToFacebookJobTest.php:157</error>
        </testcase>
        <testcase name="it_retries_on_failure" file="/home/user/cmis.marketing.limited/tests/Unit/Jobs/PublishToFacebookJobTest.php" line="125" class="Tests\Unit\Jobs\PublishToFacebookJobTest" classname="Tests.Unit.Jobs.PublishToFacebookJobTest" assertions="0" time="0.295504">
          <error type="Error">Tests\Unit\Jobs\PublishToFacebookJobTest::it_retries_on_failure
Error: Class "App\Models\Social\ScheduledSocialPost" not found

/home/user/cmis.marketing.limited/tests/Unit/Jobs/PublishToFacebookJobTest.php:132</error>
        </testcase>
        <testcase name="it_publishes_post_to_facebook" file="/home/user/cmis.marketing.limited/tests/Unit/Jobs/PublishToFacebookJobTest.php" line="54" class="Tests\Unit\Jobs\PublishToFacebookJobTest" classname="Tests.Unit.Jobs.PublishToFacebookJobTest" assertions="0" time="0.297443">
          <error type="Illuminate\Database\Eloquent\InvalidCastException">Tests\Unit\Jobs\PublishToFacebookJobTest::it_publishes_post_to_facebook
Illuminate\Database\Eloquent\InvalidCastException: Call to undefined cast [Illuminate\Database\Eloquent\Casts\Encrypted] on column [access_token] in model [App\Models\Core\Integration].

/home/user/cmis.marketing.limited/vendor/laravel/framework/src/Illuminate/Database/Eloquent/Concerns/HasAttributes.php:1768
/home/user/cmis.marketing.limited/vendor/laravel/framework/src/Illuminate/Database/Eloquent/Concerns/HasAttributes.php:1084
/home/user/cmis.marketing.limited/vendor/laravel/framework/src/Illuminate/Database/Eloquent/Model.php:619
/home/user/cmis.marketing.limited/vendor/laravel/framework/src/Illuminate/Database/Eloquent/Model.php:713
/home/user/cmis.marketing.limited/vendor/laravel/framework/src/Illuminate/Database/Eloquent/Builder.php:1747
/home/user/cmis.marketing.limited/vendor/laravel/framework/src/Illuminate/Database/Eloquent/Builder.php:1218
/home/user/cmis.marketing.limited/vendor/laravel/framework/src/Illuminate/Support/Traits/ForwardsCalls.php:23
/home/user/cmis.marketing.limited/vendor/laravel/framework/src/Illuminate/Database/Eloquent/Model.php:2540
/home/user/cmis.marketing.limited/vendor/laravel/framework/src/Illuminate/Database/Eloquent/Model.php:2556
/home/user/cmis.marketing.limited/tests/Traits/CreatesTestData.php:105
/home/user/cmis.marketing.limited/tests/Unit/Jobs/PublishToFacebookJobTest.php:59</error>
        </testcase>
        <testcase name="it_validates_post_content_before_publishing" file="/home/user/cmis.marketing.limited/tests/Unit/Jobs/PublishToFacebookJobTest.php" line="187" class="Tests\Unit\Jobs\PublishToFacebookJobTest" classname="Tests.Unit.Jobs.PublishToFacebookJobTest" assertions="0" time="0.337327">
          <error type="Error">Tests\Unit\Jobs\PublishToFacebookJobTest::it_validates_post_content_before_publishing
Error: Class "App\Models\Social\ScheduledSocialPost" not found

/home/user/cmis.marketing.limited/tests/Unit/Jobs/PublishToFacebookJobTest.php:192</error>
        </testcase>
      </testsuite>
      <testsuite name="Tests\Unit\ExampleTest" file="/home/user/cmis.marketing.limited/tests/Unit/ExampleTest.php" tests="1" assertions="1" errors="0" failures="0" skipped="0" time="0.002931">
        <testcase name="test_that_true_is_true" file="/home/user/cmis.marketing.limited/tests/Unit/ExampleTest.php" line="12" class="Tests\Unit\ExampleTest" classname="Tests.Unit.ExampleTest" assertions="1" time="0.002931"/>
      </testsuite>
      <testsuite name="Tests\Unit\Models\CustomField\CustomFieldTest" file="/home/user/cmis.marketing.limited/tests/Unit/Models/CustomField/CustomFieldTest.php" tests="13" assertions="0" errors="13" failures="0" skipped="0" time="0.832725">
        <testcase name="it_has_timestamps" file="/home/user/cmis.marketing.limited/tests/Unit/Models/CustomField/CustomFieldTest.php" line="299" class="Tests\Unit\Models\CustomField\CustomFieldTest" classname="Tests.Unit.Models.CustomField.CustomFieldTest" assertions="0" time="0.058360">
          <error type="Error">Tests\Unit\Models\CustomField\CustomFieldTest::it_has_timestamps
Error: Class "App\Models\CustomField\CustomField" not found

/home/user/cmis.marketing.limited/tests/Unit/Models/CustomField/CustomFieldTest.php:306</error>
        </testcase>
        <testcase name="it_has_display_order" file="/home/user/cmis.marketing.limited/tests/Unit/Models/CustomField/CustomFieldTest.php" line="220" class="Tests\Unit\Models\CustomField\CustomFieldTest" classname="Tests.Unit.Models.CustomField.CustomFieldTest" assertions="0" time="0.057644">
          <error type="Error">Tests\Unit\Models\CustomField\CustomFieldTest::it_has_display_order
Error: Class "App\Models\CustomField\CustomField" not found

/home/user/cmis.marketing.limited/tests/Unit/Models/CustomField/CustomFieldTest.php:227</error>
        </testcase>
        <testcase name="it_applies_to_different_entity_types" file="/home/user/cmis.marketing.limited/tests/Unit/Models/CustomField/CustomFieldTest.php" line="89" class="Tests\Unit\Models\CustomField\CustomFieldTest" classname="Tests.Unit.Models.CustomField.CustomFieldTest" assertions="0" time="0.062101">
          <error type="Error">Tests\Unit\Models\CustomField\CustomFieldTest::it_applies_to_different_entity_types
Error: Class "App\Models\CustomField\CustomField" not found

/home/user/cmis.marketing.limited/tests/Unit/Models/CustomField/CustomFieldTest.php:99</error>
        </testcase>
        <testcase name="it_stores_field_options_for_select_types" file="/home/user/cmis.marketing.limited/tests/Unit/Models/CustomField/CustomFieldTest.php" line="113" class="Tests\Unit\Models\CustomField\CustomFieldTest" classname="Tests.Unit.Models.CustomField.CustomFieldTest" assertions="0" time="0.061971">
          <error type="Error">Tests\Unit\Models\CustomField\CustomFieldTest::it_stores_field_options_for_select_types
Error: Class "App\Models\CustomField\CustomField" not found

/home/user/cmis.marketing.limited/tests/Unit/Models/CustomField/CustomFieldTest.php:128</error>
        </testcase>
        <testcase name="it_can_create_custom_field" file="/home/user/cmis.marketing.limited/tests/Unit/Models/CustomField/CustomFieldTest.php" line="24" class="Tests\Unit\Models\CustomField\CustomFieldTest" classname="Tests.Unit.Models.CustomField.CustomFieldTest" assertions="0" time="0.096923">
          <error type="Error">Tests\Unit\Models\CustomField\CustomFieldTest::it_can_create_custom_field
Error: Class "App\Models\CustomField\CustomField" not found

/home/user/cmis.marketing.limited/tests/Unit/Models/CustomField/CustomFieldTest.php:31</error>
        </testcase>
        <testcase name="it_respects_rls_policies" file="/home/user/cmis.marketing.limited/tests/Unit/Models/CustomField/CustomFieldTest.php" line="319" class="Tests\Unit\Models\CustomField\CustomFieldTest" classname="Tests.Unit.Models.CustomField.CustomFieldTest" assertions="0" time="0.055937">
          <error type="Error">Tests\Unit\Models\CustomField\CustomFieldTest::it_respects_rls_policies
Error: Class "App\Models\CustomField\CustomField" not found

/home/user/cmis.marketing.limited/tests/Unit/Models/CustomField/CustomFieldTest.php:331</error>
        </testcase>
        <testcase name="it_can_be_active_or_inactive" file="/home/user/cmis.marketing.limited/tests/Unit/Models/CustomField/CustomFieldTest.php" line="250" class="Tests\Unit\Models\CustomField\CustomFieldTest" classname="Tests.Unit.Models.CustomField.CustomFieldTest" assertions="0" time="0.057202">
          <error type="Error">Tests\Unit\Models\CustomField\CustomFieldTest::it_can_be_active_or_inactive
Error: Class "App\Models\CustomField\CustomField" not found

/home/user/cmis.marketing.limited/tests/Unit/Models/CustomField/CustomFieldTest.php:257</error>
        </testcase>
        <testcase name="it_has_different_field_types" file="/home/user/cmis.marketing.limited/tests/Unit/Models/CustomField/CustomFieldTest.php" line="65" class="Tests\Unit\Models\CustomField\CustomFieldTest" classname="Tests.Unit.Models.CustomField.CustomFieldTest" assertions="0" time="0.056368">
          <error type="Error">Tests\Unit\Models\CustomField\CustomFieldTest::it_has_different_field_types
Error: Class "App\Models\CustomField\CustomField" not found

/home/user/cmis.marketing.limited/tests/Unit/Models/CustomField/CustomFieldTest.php:75</error>
        </testcase>
        <testcase name="it_uses_uuid_as_primary_key" file="/home/user/cmis.marketing.limited/tests/Unit/Models/CustomField/CustomFieldTest.php" line="280" class="Tests\Unit\Models\CustomField\CustomFieldTest" classname="Tests.Unit.Models.CustomField.CustomFieldTest" assertions="0" time="0.056960">
          <error type="Error">Tests\Unit\Models\CustomField\CustomFieldTest::it_uses_uuid_as_primary_key
Error: Class "App\Models\CustomField\CustomField" not found

/home/user/cmis.marketing.limited/tests/Unit/Models/CustomField/CustomFieldTest.php:287</error>
        </testcase>
        <testcase name="it_belongs_to_org" file="/home/user/cmis.marketing.limited/tests/Unit/Models/CustomField/CustomFieldTest.php" line="46" class="Tests\Unit\Models\CustomField\CustomFieldTest" classname="Tests.Unit.Models.CustomField.CustomFieldTest" assertions="0" time="0.054071">
          <error type="Error">Tests\Unit\Models\CustomField\CustomFieldTest::it_belongs_to_org
Error: Class "App\Models\CustomField\CustomField" not found

/home/user/cmis.marketing.limited/tests/Unit/Models/CustomField/CustomFieldTest.php:53</error>
        </testcase>
        <testcase name="it_has_default_value" file="/home/user/cmis.marketing.limited/tests/Unit/Models/CustomField/CustomFieldTest.php" line="170" class="Tests\Unit\Models\CustomField\CustomFieldTest" classname="Tests.Unit.Models.CustomField.CustomFieldTest" assertions="0" time="0.102779">
          <error type="Error">Tests\Unit\Models\CustomField\CustomFieldTest::it_has_default_value
Error: Class "App\Models\CustomField\CustomField" not found

/home/user/cmis.marketing.limited/tests/Unit/Models/CustomField/CustomFieldTest.php:177</error>
        </testcase>
        <testcase name="it_can_be_required_or_optional" file="/home/user/cmis.marketing.limited/tests/Unit/Models/CustomField/CustomFieldTest.php" line="190" class="Tests\Unit\Models\CustomField\CustomFieldTest" classname="Tests.Unit.Models.CustomField.CustomFieldTest" assertions="0" time="0.056534">
          <error type="Error">Tests\Unit\Models\CustomField\CustomFieldTest::it_can_be_required_or_optional
Error: Class "App\Models\CustomField\CustomField" not found

/home/user/cmis.marketing.limited/tests/Unit/Models/CustomField/CustomFieldTest.php:197</error>
        </testcase>
        <testcase name="it_has_validation_rules" file="/home/user/cmis.marketing.limited/tests/Unit/Models/CustomField/CustomFieldTest.php" line="142" class="Tests\Unit\Models\CustomField\CustomFieldTest" classname="Tests.Unit.Models.CustomField.CustomFieldTest" assertions="0" time="0.055874">
          <error type="Error">Tests\Unit\Models\CustomField\CustomFieldTest::it_has_validation_rules
Error: Class "App\Models\CustomField\CustomField" not found

/home/user/cmis.marketing.limited/tests/Unit/Models/CustomField/CustomFieldTest.php:156</error>
        </testcase>
      </testsuite>
      <testsuite name="Tests\Unit\Services\ComplianceValidationServiceTest" file="/home/user/cmis.marketing.limited/tests/Unit/Services/ComplianceValidationServiceTest.php" tests="28" assertions="58" errors="3" failures="5" skipped="0" time="2.022654">
        <testcase name="it_handles_multiple_context_attributes" file="/home/user/cmis.marketing.limited/tests/Unit/Services/ComplianceValidationServiceTest.php" line="381" class="Tests\Unit\Services\ComplianceValidationServiceTest" classname="Tests.Unit.Services.ComplianceValidationServiceTest" assertions="2" time="0.067345"/>
        <testcase name="it_validates_instagram_specific_rules" file="/home/user/cmis.marketing.limited/tests/Unit/Services/ComplianceValidationServiceTest.php" line="288" class="Tests\Unit\Services\ComplianceValidationServiceTest" classname="Tests.Unit.Services.ComplianceValidationServiceTest" assertions="2" time="0.058864"/>
        <testcase name="it_provides_warnings_for_eu_market" file="/home/user/cmis.marketing.limited/tests/Unit/Services/ComplianceValidationServiceTest.php" line="159" class="Tests\Unit\Services\ComplianceValidationServiceTest" classname="Tests.Unit.Services.ComplianceValidationServiceTest" assertions="1" time="0.098054">
          <failure type="PHPUnit\Framework\ExpectationFailedException">Tests\Unit\Services\ComplianceValidationServiceTest::it_provides_warnings_for_eu_market
Failed asserting that false is true.

/home/user/cmis.marketing.limited/tests/Unit/Services/ComplianceValidationServiceTest.php:176</failure>
        </testcase>
        <testcase name="it_detects_case_insensitive_violations" file="/home/user/cmis.marketing.limited/tests/Unit/Services/ComplianceValidationServiceTest.php" line="212" class="Tests\Unit\Services\ComplianceValidationServiceTest" classname="Tests.Unit.Services.ComplianceValidationServiceTest" assertions="2" time="0.060748"/>
        <testcase name="it_applies_rules_based_on_context" file="/home/user/cmis.marketing.limited/tests/Unit/Services/ComplianceValidationServiceTest.php" line="112" class="Tests\Unit\Services\ComplianceValidationServiceTest" classname="Tests.Unit.Services.ComplianceValidationServiceTest" assertions="2" time="0.065605"/>
        <testcase name="it_handles_special_characters" file="/home/user/cmis.marketing.limited/tests/Unit/Services/ComplianceValidationServiceTest.php" line="316" class="Tests\Unit\Services\ComplianceValidationServiceTest" classname="Tests.Unit.Services.ComplianceValidationServiceTest" assertions="2" time="0.061351"/>
        <testcase name="it_accumulates_score_deductions" file="/home/user/cmis.marketing.limited/tests/Unit/Services/ComplianceValidationServiceTest.php" line="422" class="Tests\Unit\Services\ComplianceValidationServiceTest" classname="Tests.Unit.Services.ComplianceValidationServiceTest" assertions="1" time="0.059190"/>
        <testcase name="it_detects_offensive_content" file="/home/user/cmis.marketing.limited/tests/Unit/Services/ComplianceValidationServiceTest.php" line="49" class="Tests\Unit\Services\ComplianceValidationServiceTest" classname="Tests.Unit.Services.ComplianceValidationServiceTest" assertions="2" time="0.059991">
          <failure type="PHPUnit\Framework\ExpectationFailedException">Tests\Unit\Services\ComplianceValidationServiceTest::it_detects_offensive_content
Failed asserting that false is true.

/home/user/cmis.marketing.limited/tests/Unit/Services/ComplianceValidationServiceTest.php:65</failure>
        </testcase>
        <testcase name="it_respects_minimum_score_of_zero" file="/home/user/cmis.marketing.limited/tests/Unit/Services/ComplianceValidationServiceTest.php" line="435" class="Tests\Unit\Services\ComplianceValidationServiceTest" classname="Tests.Unit.Services.ComplianceValidationServiceTest" assertions="0" time="0.112776">
          <error type="ErrorException">Tests\Unit\Services\ComplianceValidationServiceTest::it_respects_minimum_score_of_zero
ErrorException: Undefined array key "words"

/home/user/cmis.marketing.limited/vendor/laravel/framework/src/Illuminate/Foundation/Bootstrap/HandleExceptions.php:258
/home/user/cmis.marketing.limited/app/Services/ComplianceValidationService.php:199
/home/user/cmis.marketing.limited/app/Services/ComplianceValidationService.php:139
/home/user/cmis.marketing.limited/app/Services/ComplianceValidationService.php:37
/home/user/cmis.marketing.limited/tests/Unit/Services/ComplianceValidationServiceTest.php:450</error>
        </testcase>
        <testcase name="it_handles_multiple_violations" file="/home/user/cmis.marketing.limited/tests/Unit/Services/ComplianceValidationServiceTest.php" line="180" class="Tests\Unit\Services\ComplianceValidationServiceTest" classname="Tests.Unit.Services.ComplianceValidationServiceTest" assertions="3" time="0.068785"/>
        <testcase name="it_validates_ccpa_for_california" file="/home/user/cmis.marketing.limited/tests/Unit/Services/ComplianceValidationServiceTest.php" line="360" class="Tests\Unit\Services\ComplianceValidationServiceTest" classname="Tests.Unit.Services.ComplianceValidationServiceTest" assertions="1" time="0.060629">
          <failure type="PHPUnit\Framework\ExpectationFailedException">Tests\Unit\Services\ComplianceValidationServiceTest::it_validates_ccpa_for_california
Failed asserting that false is true.

/home/user/cmis.marketing.limited/tests/Unit/Services/ComplianceValidationServiceTest.php:377</failure>
        </testcase>
        <testcase name="it_detects_health_claims" file="/home/user/cmis.marketing.limited/tests/Unit/Services/ComplianceValidationServiceTest.php" line="69" class="Tests\Unit\Services\ComplianceValidationServiceTest" classname="Tests.Unit.Services.ComplianceValidationServiceTest" assertions="3" time="0.057955"/>
        <testcase name="it_returns_proper_structure" file="/home/user/cmis.marketing.limited/tests/Unit/Services/ComplianceValidationServiceTest.php" line="226" class="Tests\Unit\Services\ComplianceValidationServiceTest" classname="Tests.Unit.Services.ComplianceValidationServiceTest" assertions="9" time="0.059258"/>
        <testcase name="it_handles_hashtags_in_content" file="/home/user/cmis.marketing.limited/tests/Unit/Services/ComplianceValidationServiceTest.php" line="349" class="Tests\Unit\Services\ComplianceValidationServiceTest" classname="Tests.Unit.Services.ComplianceValidationServiceTest" assertions="2" time="0.063235"/>
        <testcase name="it_rejects_critical_violations_immediately" file="/home/user/cmis.marketing.limited/tests/Unit/Services/ComplianceValidationServiceTest.php" line="396" class="Tests\Unit\Services\ComplianceValidationServiceTest" classname="Tests.Unit.Services.ComplianceValidationServiceTest" assertions="0" time="0.120363">
          <error type="ErrorException">Tests\Unit\Services\ComplianceValidationServiceTest::it_rejects_critical_violations_immediately
ErrorException: Undefined array key "words"

/home/user/cmis.marketing.limited/vendor/laravel/framework/src/Illuminate/Foundation/Bootstrap/HandleExceptions.php:258
/home/user/cmis.marketing.limited/app/Services/ComplianceValidationService.php:199
/home/user/cmis.marketing.limited/app/Services/ComplianceValidationService.php:139
/home/user/cmis.marketing.limited/app/Services/ComplianceValidationService.php:37
/home/user/cmis.marketing.limited/tests/Unit/Services/ComplianceValidationServiceTest.php:413</error>
        </testcase>
        <testcase name="it_handles_urls_in_content" file="/home/user/cmis.marketing.limited/tests/Unit/Services/ComplianceValidationServiceTest.php" line="338" class="Tests\Unit\Services\ComplianceValidationServiceTest" classname="Tests.Unit.Services.ComplianceValidationServiceTest" assertions="2" time="0.067494"/>
        <testcase name="it_validates_compliant_content" file="/home/user/cmis.marketing.limited/tests/Unit/Services/ComplianceValidationServiceTest.php" line="20" class="Tests\Unit\Services\ComplianceValidationServiceTest" classname="Tests.Unit.Services.ComplianceValidationServiceTest" assertions="3" time="0.062962"/>
        <testcase name="it_validates_short_content" file="/home/user/cmis.marketing.limited/tests/Unit/Services/ComplianceValidationServiceTest.php" line="202" class="Tests\Unit\Services\ComplianceValidationServiceTest" classname="Tests.Unit.Services.ComplianceValidationServiceTest" assertions="1" time="0.060932"/>
        <testcase name="it_calculates_compliance_score" file="/home/user/cmis.marketing.limited/tests/Unit/Services/ComplianceValidationServiceTest.php" line="129" class="Tests\Unit\Services\ComplianceValidationServiceTest" classname="Tests.Unit.Services.ComplianceValidationServiceTest" assertions="5" time="0.066125"/>
        <testcase name="it_includes_severity_in_violations" file="/home/user/cmis.marketing.limited/tests/Unit/Services/ComplianceValidationServiceTest.php" line="243" class="Tests\Unit\Services\ComplianceValidationServiceTest" classname="Tests.Unit.Services.ComplianceValidationServiceTest" assertions="2" time="0.066284"/>
        <testcase name="it_validates_facebook_specific_rules" file="/home/user/cmis.marketing.limited/tests/Unit/Services/ComplianceValidationServiceTest.php" line="274" class="Tests\Unit\Services\ComplianceValidationServiceTest" classname="Tests.Unit.Services.ComplianceValidationServiceTest" assertions="2" time="0.119272"/>
        <testcase name="it_detects_social_media_length_violations" file="/home/user/cmis.marketing.limited/tests/Unit/Services/ComplianceValidationServiceTest.php" line="32" class="Tests\Unit\Services\ComplianceValidationServiceTest" classname="Tests.Unit.Services.ComplianceValidationServiceTest" assertions="3" time="0.060812">
          <failure type="PHPUnit\Framework\ExpectationFailedException">Tests\Unit\Services\ComplianceValidationServiceTest::it_detects_social_media_length_violations
Failed asserting that two strings are equal.
--- Expected
+++ Actual
@@ @@
-'social_media_length'
+'length_social'

/home/user/cmis.marketing.limited/tests/Unit/Services/ComplianceValidationServiceTest.php:44</failure>
        </testcase>
        <testcase name="it_provides_suggestions" file="/home/user/cmis.marketing.limited/tests/Unit/Services/ComplianceValidationServiceTest.php" line="301" class="Tests\Unit\Services\ComplianceValidationServiceTest" classname="Tests.Unit.Services.ComplianceValidationServiceTest" assertions="0" time="0.065155"/>
        <testcase name="it_includes_rule_information_in_violations" file="/home/user/cmis.marketing.limited/tests/Unit/Services/ComplianceValidationServiceTest.php" line="258" class="Tests\Unit\Services\ComplianceValidationServiceTest" classname="Tests.Unit.Services.ComplianceValidationServiceTest" assertions="3" time="0.066561"/>
        <testcase name="it_handles_unicode_characters" file="/home/user/cmis.marketing.limited/tests/Unit/Services/ComplianceValidationServiceTest.php" line="327" class="Tests\Unit\Services\ComplianceValidationServiceTest" classname="Tests.Unit.Services.ComplianceValidationServiceTest" assertions="2" time="0.063163"/>
        <testcase name="it_can_add_custom_rules" file="/home/user/cmis.marketing.limited/tests/Unit/Services/ComplianceValidationServiceTest.php" line="90" class="Tests\Unit\Services\ComplianceValidationServiceTest" classname="Tests.Unit.Services.ComplianceValidationServiceTest" assertions="0" time="0.068618">
          <error type="ErrorException">Tests\Unit\Services\ComplianceValidationServiceTest::it_can_add_custom_rules
ErrorException: Undefined array key "words"

/home/user/cmis.marketing.limited/vendor/laravel/framework/src/Illuminate/Foundation/Bootstrap/HandleExceptions.php:258
/home/user/cmis.marketing.limited/app/Services/ComplianceValidationService.php:199
/home/user/cmis.marketing.limited/app/Services/ComplianceValidationService.php:139
/home/user/cmis.marketing.limited/app/Services/ComplianceValidationService.php:37
/home/user/cmis.marketing.limited/tests/Unit/Services/ComplianceValidationServiceTest.php:106</error>
        </testcase>
        <testcase name="it_provides_warnings_for_us_market" file="/home/user/cmis.marketing.limited/tests/Unit/Services/ComplianceValidationServiceTest.php" line="146" class="Tests\Unit\Services\ComplianceValidationServiceTest" classname="Tests.Unit.Services.ComplianceValidationServiceTest" assertions="1" time="0.119374">
          <failure type="PHPUnit\Framework\ExpectationFailedException">Tests\Unit\Services\ComplianceValidationServiceTest::it_provides_warnings_for_us_market
Failed asserting that an array is not empty.

/home/user/cmis.marketing.limited/tests/Unit/Services/ComplianceValidationServiceTest.php:155</failure>
        </testcase>
        <testcase name="it_validates_empty_content" file="/home/user/cmis.marketing.limited/tests/Unit/Services/ComplianceValidationServiceTest.php" line="193" class="Tests\Unit\Services\ComplianceValidationServiceTest" classname="Tests.Unit.Services.ComplianceValidationServiceTest" assertions="2" time="0.061755"/>
      </testsuite>
      <testsuite name="Tests\Unit\Models\Metric\MetricTest" file="/home/user/cmis.marketing.limited/tests/Unit/Models/Metric/MetricTest.php" tests="12" assertions="0" errors="12" failures="0" skipped="0" time="0.924755">
        <testcase name="it_tracks_metrics_by_date" file="/home/user/cmis.marketing.limited/tests/Unit/Models/Metric/MetricTest.php" line="203" class="Tests\Unit\Models\Metric\MetricTest" classname="Tests.Unit.Models.Metric.MetricTest" assertions="0" time="0.078079">
          <error type="Error">Tests\Unit\Models\Metric\MetricTest::it_tracks_metrics_by_date
Error: Class "App\Models\Metric\Metric" not found

/home/user/cmis.marketing.limited/tests/Unit/Models/Metric/MetricTest.php:210</error>
        </testcase>
        <testcase name="it_respects_rls_policies" file="/home/user/cmis.marketing.limited/tests/Unit/Models/Metric/MetricTest.php" line="317" class="Tests\Unit\Models\Metric\MetricTest" classname="Tests.Unit.Models.Metric.MetricTest" assertions="0" time="0.063290">
          <error type="Error">Tests\Unit\Models\Metric\MetricTest::it_respects_rls_policies
Error: Class "App\Models\Metric\Metric" not found

/home/user/cmis.marketing.limited/tests/Unit/Models/Metric/MetricTest.php:329</error>
        </testcase>
        <testcase name="it_has_timestamps" file="/home/user/cmis.marketing.limited/tests/Unit/Models/Metric/MetricTest.php" line="292" class="Tests\Unit\Models\Metric\MetricTest" classname="Tests.Unit.Models.Metric.MetricTest" assertions="0" time="0.118309">
          <error type="Error">Tests\Unit\Models\Metric\MetricTest::it_has_timestamps
Error: Class "App\Models\Metric\Metric" not found

/home/user/cmis.marketing.limited/tests/Unit/Models/Metric/MetricTest.php:299</error>
        </testcase>
        <testcase name="it_tracks_metrics_by_platform" file="/home/user/cmis.marketing.limited/tests/Unit/Models/Metric/MetricTest.php" line="168" class="Tests\Unit\Models\Metric\MetricTest" classname="Tests.Unit.Models.Metric.MetricTest" assertions="0" time="0.068536">
          <error type="Error">Tests\Unit\Models\Metric\MetricTest::it_tracks_metrics_by_platform
Error: Class "App\Models\Metric\Metric" not found

/home/user/cmis.marketing.limited/tests/Unit/Models/Metric/MetricTest.php:175</error>
        </testcase>
        <testcase name="it_belongs_to_campaign" file="/home/user/cmis.marketing.limited/tests/Unit/Models/Metric/MetricTest.php" line="84" class="Tests\Unit\Models\Metric\MetricTest" classname="Tests.Unit.Models.Metric.MetricTest" assertions="0" time="0.067206">
          <error type="Error">Tests\Unit\Models\Metric\MetricTest::it_belongs_to_campaign
Error: Class "App\Models\Metric\Metric" not found

/home/user/cmis.marketing.limited/tests/Unit/Models/Metric/MetricTest.php:98</error>
        </testcase>
        <testcase name="it_uses_uuid_as_primary_key" file="/home/user/cmis.marketing.limited/tests/Unit/Models/Metric/MetricTest.php" line="268" class="Tests\Unit\Models\Metric\MetricTest" classname="Tests.Unit.Models.Metric.MetricTest" assertions="0" time="0.066226">
          <error type="Error">Tests\Unit\Models\Metric\MetricTest::it_uses_uuid_as_primary_key
Error: Class "App\Models\Metric\Metric" not found

/home/user/cmis.marketing.limited/tests/Unit/Models/Metric/MetricTest.php:275</error>
        </testcase>
        <testcase name="it_stores_additional_metadata" file="/home/user/cmis.marketing.limited/tests/Unit/Models/Metric/MetricTest.php" line="236" class="Tests\Unit\Models\Metric\MetricTest" classname="Tests.Unit.Models.Metric.MetricTest" assertions="0" time="0.066316">
          <error type="Error">Tests\Unit\Models\Metric\MetricTest::it_stores_additional_metadata
Error: Class "App\Models\Metric\Metric" not found

/home/user/cmis.marketing.limited/tests/Unit/Models/Metric/MetricTest.php:249</error>
        </testcase>
        <testcase name="it_tracks_different_metric_types" file="/home/user/cmis.marketing.limited/tests/Unit/Models/Metric/MetricTest.php" line="116" class="Tests\Unit\Models\Metric\MetricTest" classname="Tests.Unit.Models.Metric.MetricTest" assertions="0" time="0.123503">
          <error type="Error">Tests\Unit\Models\Metric\MetricTest::it_tracks_different_metric_types
Error: Class "App\Models\Metric\Metric" not found

/home/user/cmis.marketing.limited/tests/Unit/Models/Metric/MetricTest.php:126</error>
        </testcase>
        <testcase name="it_stores_metric_value" file="/home/user/cmis.marketing.limited/tests/Unit/Models/Metric/MetricTest.php" line="144" class="Tests\Unit\Models\Metric\MetricTest" classname="Tests.Unit.Models.Metric.MetricTest" assertions="0" time="0.066489">
          <error type="Error">Tests\Unit\Models\Metric\MetricTest::it_stores_metric_value
Error: Class "App\Models\Metric\Metric" not found

/home/user/cmis.marketing.limited/tests/Unit/Models/Metric/MetricTest.php:151</error>
        </testcase>
        <testcase name="it_can_calculate_daily_totals" file="/home/user/cmis.marketing.limited/tests/Unit/Models/Metric/MetricTest.php" line="355" class="Tests\Unit\Models\Metric\MetricTest" classname="Tests.Unit.Models.Metric.MetricTest" assertions="0" time="0.063756">
          <error type="Error">Tests\Unit\Models\Metric\MetricTest::it_can_calculate_daily_totals
Error: Class "App\Models\Metric\Metric" not found

/home/user/cmis.marketing.limited/tests/Unit/Models/Metric/MetricTest.php:364</error>
        </testcase>
        <testcase name="it_can_create_metric" file="/home/user/cmis.marketing.limited/tests/Unit/Models/Metric/MetricTest.php" line="25" class="Tests\Unit\Models\Metric\MetricTest" classname="Tests.Unit.Models.Metric.MetricTest" assertions="0" time="0.068345">
          <error type="Error">Tests\Unit\Models\Metric\MetricTest::it_can_create_metric
Error: Class "App\Models\Metric\Metric" not found

/home/user/cmis.marketing.limited/tests/Unit/Models/Metric/MetricTest.php:39</error>
        </testcase>
        <testcase name="it_belongs_to_org" file="/home/user/cmis.marketing.limited/tests/Unit/Models/Metric/MetricTest.php" line="60" class="Tests\Unit\Models\Metric\MetricTest" classname="Tests.Unit.Models.Metric.MetricTest" assertions="0" time="0.074700">
          <error type="Error">Tests\Unit\Models\Metric\MetricTest::it_belongs_to_org
Error: Class "App\Models\Metric\Metric" not found

/home/user/cmis.marketing.limited/tests/Unit/Models/Metric/MetricTest.php:67</error>
        </testcase>
      </testsuite>
    </testsuite>
    <testsuite name="Feature" tests="394" assertions="201" errors="244" failures="126" skipped="0" time="88.484224">
      <testsuite name="Tests\Feature\Controllers\LeadControllerTest" file="/home/user/cmis.marketing.limited/tests/Feature/Controllers/LeadControllerTest.php" tests="10" assertions="3" errors="7" failures="3" skipped="0" time="3.219003">
        <testcase name="it_requires_authentication" file="/home/user/cmis.marketing.limited/tests/Feature/Controllers/LeadControllerTest.php" line="291" class="Tests\Feature\Controllers\LeadControllerTest" classname="Tests.Feature.Controllers.LeadControllerTest" assertions="1" time="0.110199">
          <failure type="PHPUnit\Framework\ExpectationFailedException">Tests\Feature\Controllers\LeadControllerTest::it_requires_authentication
Expected response status code [401] but received 404.
Failed asserting that 404 is identical to 401.

/home/user/cmis.marketing.limited/vendor/laravel/framework/src/Illuminate/Testing/TestResponseAssert.php:45
/home/user/cmis.marketing.limited/vendor/laravel/framework/src/Illuminate/Testing/TestResponse.php:174
/home/user/cmis.marketing.limited/tests/Feature/Controllers/LeadControllerTest.php:295</failure>
        </testcase>
        <testcase name="it_can_delete_lead" file="/home/user/cmis.marketing.limited/tests/Feature/Controllers/LeadControllerTest.php" line="146" class="Tests\Feature\Controllers\LeadControllerTest" classname="Tests.Feature.Controllers.LeadControllerTest" assertions="0" time="0.300762">
          <error type="Error">Tests\Feature\Controllers\LeadControllerTest::it_can_delete_lead
Error: Class "App\Models\Lead\Lead" not found

/home/user/cmis.marketing.limited/tests/Feature/Controllers/LeadControllerTest.php:152</error>
        </testcase>
        <testcase name="it_can_create_lead" file="/home/user/cmis.marketing.limited/tests/Feature/Controllers/LeadControllerTest.php" line="60" class="Tests\Feature\Controllers\LeadControllerTest" classname="Tests.Feature.Controllers.LeadControllerTest" assertions="1" time="0.350806">
          <failure type="PHPUnit\Framework\ExpectationFailedException">Tests\Feature\Controllers\LeadControllerTest::it_can_create_lead
Expected response status code [201] but received 404.
Failed asserting that 404 is identical to 201.

/home/user/cmis.marketing.limited/vendor/laravel/framework/src/Illuminate/Testing/TestResponseAssert.php:45
/home/user/cmis.marketing.limited/vendor/laravel/framework/src/Illuminate/Testing/TestResponse.php:174
/home/user/cmis.marketing.limited/tests/Feature/Controllers/LeadControllerTest.php:75</failure>
        </testcase>
        <testcase name="it_respects_org_isolation" file="/home/user/cmis.marketing.limited/tests/Feature/Controllers/LeadControllerTest.php" line="265" class="Tests\Feature\Controllers\LeadControllerTest" classname="Tests.Feature.Controllers.LeadControllerTest" assertions="0" time="0.531458">
          <error type="Error">Tests\Feature\Controllers\LeadControllerTest::it_respects_org_isolation
Error: Class "App\Models\Lead\Lead" not found

/home/user/cmis.marketing.limited/tests/Feature/Controllers/LeadControllerTest.php:270</error>
        </testcase>
        <testcase name="it_can_list_all_leads" file="/home/user/cmis.marketing.limited/tests/Feature/Controllers/LeadControllerTest.php" line="24" class="Tests\Feature\Controllers\LeadControllerTest" classname="Tests.Feature.Controllers.LeadControllerTest" assertions="0" time="0.301544">
          <error type="Error">Tests\Feature\Controllers\LeadControllerTest::it_can_list_all_leads
Error: Class "App\Models\Lead\Lead" not found

/home/user/cmis.marketing.limited/tests/Feature/Controllers/LeadControllerTest.php:30</error>
        </testcase>
        <testcase name="it_can_get_single_lead" file="/home/user/cmis.marketing.limited/tests/Feature/Controllers/LeadControllerTest.php" line="85" class="Tests\Feature\Controllers\LeadControllerTest" classname="Tests.Feature.Controllers.LeadControllerTest" assertions="0" time="0.300723">
          <error type="Error">Tests\Feature\Controllers\LeadControllerTest::it_can_get_single_lead
Error: Class "App\Models\Lead\Lead" not found

/home/user/cmis.marketing.limited/tests/Feature/Controllers/LeadControllerTest.php:91</error>
        </testcase>
        <testcase name="it_can_filter_leads_by_status" file="/home/user/cmis.marketing.limited/tests/Feature/Controllers/LeadControllerTest.php" line="177" class="Tests\Feature\Controllers\LeadControllerTest" classname="Tests.Feature.Controllers.LeadControllerTest" assertions="0" time="0.353503">
          <error type="Error">Tests\Feature\Controllers\LeadControllerTest::it_can_filter_leads_by_status
Error: Class "App\Models\Lead\Lead" not found

/home/user/cmis.marketing.limited/tests/Feature/Controllers/LeadControllerTest.php:183</error>
        </testcase>
        <testcase name="it_validates_required_fields" file="/home/user/cmis.marketing.limited/tests/Feature/Controllers/LeadControllerTest.php" line="243" class="Tests\Feature\Controllers\LeadControllerTest" classname="Tests.Feature.Controllers.LeadControllerTest" assertions="1" time="0.311528">
          <failure type="PHPUnit\Framework\ExpectationFailedException">Tests\Feature\Controllers\LeadControllerTest::it_validates_required_fields
Expected response status code [422] but received 404.
Failed asserting that 404 is identical to 422.

/home/user/cmis.marketing.limited/vendor/laravel/framework/src/Illuminate/Testing/TestResponseAssert.php:45
/home/user/cmis.marketing.limited/vendor/laravel/framework/src/Illuminate/Testing/TestResponse.php:174
/home/user/cmis.marketing.limited/tests/Feature/Controllers/LeadControllerTest.php:255</failure>
        </testcase>
        <testcase name="it_can_update_lead" file="/home/user/cmis.marketing.limited/tests/Feature/Controllers/LeadControllerTest.php" line="113" class="Tests\Feature\Controllers\LeadControllerTest" classname="Tests.Feature.Controllers.LeadControllerTest" assertions="0" time="0.299058">
          <error type="Error">Tests\Feature\Controllers\LeadControllerTest::it_can_update_lead
Error: Class "App\Models\Lead\Lead" not found

/home/user/cmis.marketing.limited/tests/Feature/Controllers/LeadControllerTest.php:119</error>
        </testcase>
        <testcase name="it_can_convert_lead" file="/home/user/cmis.marketing.limited/tests/Feature/Controllers/LeadControllerTest.php" line="213" class="Tests\Feature\Controllers\LeadControllerTest" classname="Tests.Feature.Controllers.LeadControllerTest" assertions="0" time="0.359422">
          <error type="Error">Tests\Feature\Controllers\LeadControllerTest::it_can_convert_lead
Error: Class "App\Models\Lead\Lead" not found

/home/user/cmis.marketing.limited/tests/Feature/Controllers/LeadControllerTest.php:219</error>
        </testcase>
      </testsuite>
      <testsuite name="Tests\Feature\Orgs\OrgManagementTest" file="/home/user/cmis.marketing.limited/tests/Feature/Orgs/OrgManagementTest.php" tests="8" assertions="0" errors="8" failures="0" skipped="0" time="0.000000">
        <testcase name="test_user_cannot_access_org_without_membership" file="/home/user/cmis.marketing.limited/tests/Feature/Orgs/OrgManagementTest.php" line="114" class="Tests\Feature\Orgs\OrgManagementTest" classname="Tests.Feature.Orgs.OrgManagementTest" assertions="0" time="0.000000">
          <error type="Error">Tests\Feature\Orgs\OrgManagementTest::test_user_cannot_access_org_without_membership
Error: Class "App\Models\Core\User" not found

/home/user/cmis.marketing.limited/tests/Feature/Orgs/OrgManagementTest.php:20</error>
        </testcase>
        <testcase name="test_non_owner_cannot_delete_organization" file="/home/user/cmis.marketing.limited/tests/Feature/Orgs/OrgManagementTest.php" line="141" class="Tests\Feature\Orgs\OrgManagementTest" classname="Tests.Feature.Orgs.OrgManagementTest" assertions="0" time="0.000000">
          <error type="Error">Tests\Feature\Orgs\OrgManagementTest::test_non_owner_cannot_delete_organization
Error: Class "App\Models\Core\User" not found

/home/user/cmis.marketing.limited/tests/Feature/Orgs/OrgManagementTest.php:20</error>
        </testcase>
        <testcase name="test_user_can_list_their_organizations" file="/home/user/cmis.marketing.limited/tests/Feature/Orgs/OrgManagementTest.php" line="38" class="Tests\Feature\Orgs\OrgManagementTest" classname="Tests.Feature.Orgs.OrgManagementTest" assertions="0" time="0.000000">
          <error type="Error">Tests\Feature\Orgs\OrgManagementTest::test_user_can_list_their_organizations
Error: Class "App\Models\Core\User" not found

/home/user/cmis.marketing.limited/tests/Feature/Orgs/OrgManagementTest.php:20</error>
        </testcase>
        <testcase name="test_owner_can_soft_delete_organization" file="/home/user/cmis.marketing.limited/tests/Feature/Orgs/OrgManagementTest.php" line="99" class="Tests\Feature\Orgs\OrgManagementTest" classname="Tests.Feature.Orgs.OrgManagementTest" assertions="0" time="0.000000">
          <error type="Error">Tests\Feature\Orgs\OrgManagementTest::test_owner_can_soft_delete_organization
Error: Class "App\Models\Core\User" not found

/home/user/cmis.marketing.limited/tests/Feature/Orgs/OrgManagementTest.php:20</error>
        </testcase>
        <testcase name="test_user_can_create_new_organization" file="/home/user/cmis.marketing.limited/tests/Feature/Orgs/OrgManagementTest.php" line="51" class="Tests\Feature\Orgs\OrgManagementTest" classname="Tests.Feature.Orgs.OrgManagementTest" assertions="0" time="0.000000">
          <error type="Error">Tests\Feature\Orgs\OrgManagementTest::test_user_can_create_new_organization
Error: Class "App\Models\Core\User" not found

/home/user/cmis.marketing.limited/tests/Feature/Orgs/OrgManagementTest.php:20</error>
        </testcase>
        <testcase name="test_owner_can_update_organization" file="/home/user/cmis.marketing.limited/tests/Feature/Orgs/OrgManagementTest.php" line="84" class="Tests\Feature\Orgs\OrgManagementTest" classname="Tests.Feature.Orgs.OrgManagementTest" assertions="0" time="0.000000">
          <error type="Error">Tests\Feature\Orgs\OrgManagementTest::test_owner_can_update_organization
Error: Class "App\Models\Core\User" not found

/home/user/cmis.marketing.limited/tests/Feature/Orgs/OrgManagementTest.php:20</error>
        </testcase>
        <testcase name="test_user_can_view_org_statistics" file="/home/user/cmis.marketing.limited/tests/Feature/Orgs/OrgManagementTest.php" line="125" class="Tests\Feature\Orgs\OrgManagementTest" classname="Tests.Feature.Orgs.OrgManagementTest" assertions="0" time="0.000000">
          <error type="Error">Tests\Feature\Orgs\OrgManagementTest::test_user_can_view_org_statistics
Error: Class "App\Models\Core\User" not found

/home/user/cmis.marketing.limited/tests/Feature/Orgs/OrgManagementTest.php:20</error>
        </testcase>
        <testcase name="test_user_can_view_organization_details" file="/home/user/cmis.marketing.limited/tests/Feature/Orgs/OrgManagementTest.php" line="72" class="Tests\Feature\Orgs\OrgManagementTest" classname="Tests.Feature.Orgs.OrgManagementTest" assertions="0" time="0.000000">
          <error type="Error">Tests\Feature\Orgs\OrgManagementTest::test_user_can_view_organization_details
Error: Class "App\Models\Core\User" not found

/home/user/cmis.marketing.limited/tests/Feature/Orgs/OrgManagementTest.php:20</error>
        </testcase>
      </testsuite>
      <testsuite name="Tests\Feature\Controllers\DashboardControllerTest" file="/home/user/cmis.marketing.limited/tests/Feature/Controllers/DashboardControllerTest.php" tests="11" assertions="11" errors="0" failures="11" skipped="0" time="3.775914">
        <testcase name="it_requires_authentication" file="/home/user/cmis.marketing.limited/tests/Feature/Controllers/DashboardControllerTest.php" line="47" class="Tests\Feature\Controllers\DashboardControllerTest" classname="Tests.Feature.Controllers.DashboardControllerTest" assertions="1" time="0.139854">
          <failure type="PHPUnit\Framework\ExpectationFailedException">Tests\Feature\Controllers\DashboardControllerTest::it_requires_authentication
Expected response status code [401] but received 404.
Failed asserting that 404 is identical to 401.

/home/user/cmis.marketing.limited/vendor/laravel/framework/src/Illuminate/Testing/TestResponseAssert.php:45
/home/user/cmis.marketing.limited/vendor/laravel/framework/src/Illuminate/Testing/TestResponse.php:174
/home/user/cmis.marketing.limited/tests/Feature/Controllers/DashboardControllerTest.php:51</failure>
        </testcase>
        <testcase name="it_returns_budget_summary" file="/home/user/cmis.marketing.limited/tests/Feature/Controllers/DashboardControllerTest.php" line="185" class="Tests\Feature\Controllers\DashboardControllerTest" classname="Tests.Feature.Controllers.DashboardControllerTest" assertions="1" time="0.319850">
          <failure type="PHPUnit\Framework\ExpectationFailedException">Tests\Feature\Controllers\DashboardControllerTest::it_returns_budget_summary
Expected response status code [200] but received 404.
Failed asserting that 404 is identical to 200.

/home/user/cmis.marketing.limited/vendor/laravel/framework/src/Illuminate/Testing/TestResponseAssert.php:45
/home/user/cmis.marketing.limited/vendor/laravel/framework/src/Illuminate/Testing/TestResponse.php:174
/home/user/cmis.marketing.limited/tests/Feature/Controllers/DashboardControllerTest.php:194</failure>
        </testcase>
        <testcase name="it_respects_org_isolation" file="/home/user/cmis.marketing.limited/tests/Feature/Controllers/DashboardControllerTest.php" line="228" class="Tests\Feature\Controllers\DashboardControllerTest" classname="Tests.Feature.Controllers.DashboardControllerTest" assertions="1" time="0.600492">
          <failure type="PHPUnit\Framework\ExpectationFailedException">Tests\Feature\Controllers\DashboardControllerTest::it_respects_org_isolation
Expected response status code [200] but received 404.
Failed asserting that 404 is identical to 200.

/home/user/cmis.marketing.limited/vendor/laravel/framework/src/Illuminate/Testing/TestResponseAssert.php:45
/home/user/cmis.marketing.limited/vendor/laravel/framework/src/Illuminate/Testing/TestResponse.php:174
/home/user/cmis.marketing.limited/tests/Feature/Controllers/DashboardControllerTest.php:240</failure>
        </testcase>
        <testcase name="it_returns_analytics_overview" file="/home/user/cmis.marketing.limited/tests/Feature/Controllers/DashboardControllerTest.php" line="90" class="Tests\Feature\Controllers\DashboardControllerTest" classname="Tests.Feature.Controllers.DashboardControllerTest" assertions="1" time="0.311086">
          <failure type="PHPUnit\Framework\ExpectationFailedException">Tests\Feature\Controllers\DashboardControllerTest::it_returns_analytics_overview
Expected response status code [200] but received 404.
Failed asserting that 404 is identical to 200.

/home/user/cmis.marketing.limited/vendor/laravel/framework/src/Illuminate/Testing/TestResponseAssert.php:45
/home/user/cmis.marketing.limited/vendor/laravel/framework/src/Illuminate/Testing/TestResponse.php:174
/home/user/cmis.marketing.limited/tests/Feature/Controllers/DashboardControllerTest.php:99</failure>
        </testcase>
        <testcase name="it_shows_dashboard_for_authenticated_user" file="/home/user/cmis.marketing.limited/tests/Feature/Controllers/DashboardControllerTest.php" line="22" class="Tests\Feature\Controllers\DashboardControllerTest" classname="Tests.Feature.Controllers.DashboardControllerTest" assertions="1" time="0.365611">
          <failure type="PHPUnit\Framework\ExpectationFailedException">Tests\Feature\Controllers\DashboardControllerTest::it_shows_dashboard_for_authenticated_user
Expected response status code [200] but received 404.
Failed asserting that 404 is identical to 200.

/home/user/cmis.marketing.limited/vendor/laravel/framework/src/Illuminate/Testing/TestResponseAssert.php:45
/home/user/cmis.marketing.limited/vendor/laravel/framework/src/Illuminate/Testing/TestResponse.php:174
/home/user/cmis.marketing.limited/tests/Feature/Controllers/DashboardControllerTest.php:31</failure>
        </testcase>
        <testcase name="it_returns_campaign_summary" file="/home/user/cmis.marketing.limited/tests/Feature/Controllers/DashboardControllerTest.php" line="60" class="Tests\Feature\Controllers\DashboardControllerTest" classname="Tests.Feature.Controllers.DashboardControllerTest" assertions="1" time="0.371504">
          <failure type="PHPUnit\Framework\ExpectationFailedException">Tests\Feature\Controllers\DashboardControllerTest::it_returns_campaign_summary
Expected response status code [200] but received 404.
Failed asserting that 404 is identical to 200.

/home/user/cmis.marketing.limited/vendor/laravel/framework/src/Illuminate/Testing/TestResponseAssert.php:45
/home/user/cmis.marketing.limited/vendor/laravel/framework/src/Illuminate/Testing/TestResponse.php:174
/home/user/cmis.marketing.limited/tests/Feature/Controllers/DashboardControllerTest.php:74</failure>
        </testcase>
        <testcase name="it_returns_upcoming_scheduled_posts" file="/home/user/cmis.marketing.limited/tests/Feature/Controllers/DashboardControllerTest.php" line="164" class="Tests\Feature\Controllers\DashboardControllerTest" classname="Tests.Feature.Controllers.DashboardControllerTest" assertions="1" time="0.312254">
          <failure type="PHPUnit\Framework\ExpectationFailedException">Tests\Feature\Controllers\DashboardControllerTest::it_returns_upcoming_scheduled_posts
Expected response status code [200] but received 404.
Failed asserting that 404 is identical to 200.

/home/user/cmis.marketing.limited/vendor/laravel/framework/src/Illuminate/Testing/TestResponseAssert.php:45
/home/user/cmis.marketing.limited/vendor/laravel/framework/src/Illuminate/Testing/TestResponse.php:174
/home/user/cmis.marketing.limited/tests/Feature/Controllers/DashboardControllerTest.php:173</failure>
        </testcase>
        <testcase name="it_handles_empty_data_gracefully" file="/home/user/cmis.marketing.limited/tests/Feature/Controllers/DashboardControllerTest.php" line="250" class="Tests\Feature\Controllers\DashboardControllerTest" classname="Tests.Feature.Controllers.DashboardControllerTest" assertions="1" time="0.367372">
          <failure type="PHPUnit\Framework\ExpectationFailedException">Tests\Feature\Controllers\DashboardControllerTest::it_handles_empty_data_gracefully
Expected response status code [200] but received 404.
Failed asserting that 404 is identical to 200.

/home/user/cmis.marketing.limited/vendor/laravel/framework/src/Illuminate/Testing/TestResponseAssert.php:45
/home/user/cmis.marketing.limited/vendor/laravel/framework/src/Illuminate/Testing/TestResponse.php:174
/home/user/cmis.marketing.limited/tests/Feature/Controllers/DashboardControllerTest.php:259</failure>
        </testcase>
        <testcase name="it_returns_top_performing_campaigns" file="/home/user/cmis.marketing.limited/tests/Feature/Controllers/DashboardControllerTest.php" line="143" class="Tests\Feature\Controllers\DashboardControllerTest" classname="Tests.Feature.Controllers.DashboardControllerTest" assertions="1" time="0.312094">
          <failure type="PHPUnit\Framework\ExpectationFailedException">Tests\Feature\Controllers\DashboardControllerTest::it_returns_top_performing_campaigns
Expected response status code [200] but received 404.
Failed asserting that 404 is identical to 200.

/home/user/cmis.marketing.limited/vendor/laravel/framework/src/Illuminate/Testing/TestResponseAssert.php:45
/home/user/cmis.marketing.limited/vendor/laravel/framework/src/Illuminate/Testing/TestResponse.php:174
/home/user/cmis.marketing.limited/tests/Feature/Controllers/DashboardControllerTest.php:155</failure>
        </testcase>
        <testcase name="it_returns_recent_activity" file="/home/user/cmis.marketing.limited/tests/Feature/Controllers/DashboardControllerTest.php" line="115" class="Tests\Feature\Controllers\DashboardControllerTest" classname="Tests.Feature.Controllers.DashboardControllerTest" assertions="1" time="0.365679">
          <failure type="PHPUnit\Framework\ExpectationFailedException">Tests\Feature\Controllers\DashboardControllerTest::it_returns_recent_activity
Expected response status code [200] but received 404.
Failed asserting that 404 is identical to 200.

/home/user/cmis.marketing.limited/vendor/laravel/framework/src/Illuminate/Testing/TestResponseAssert.php:45
/home/user/cmis.marketing.limited/vendor/laravel/framework/src/Illuminate/Testing/TestResponse.php:174
/home/user/cmis.marketing.limited/tests/Feature/Controllers/DashboardControllerTest.php:124</failure>
        </testcase>
        <testcase name="it_filters_data_by_date_range" file="/home/user/cmis.marketing.limited/tests/Feature/Controllers/DashboardControllerTest.php" line="210" class="Tests\Feature\Controllers\DashboardControllerTest" classname="Tests.Feature.Controllers.DashboardControllerTest" assertions="1" time="0.310118">
          <failure type="PHPUnit\Framework\ExpectationFailedException">Tests\Feature\Controllers\DashboardControllerTest::it_filters_data_by_date_range
Expected response status code [200] but received 404.
Failed asserting that 404 is identical to 200.

/home/user/cmis.marketing.limited/vendor/laravel/framework/src/Illuminate/Testing/TestResponseAssert.php:45
/home/user/cmis.marketing.limited/vendor/laravel/framework/src/Illuminate/Testing/TestResponse.php:174
/home/user/cmis.marketing.limited/tests/Feature/Controllers/DashboardControllerTest.php:219</failure>
        </testcase>
      </testsuite>
      <testsuite name="Tests\Feature\Controllers\TeamControllerTest" file="/home/user/cmis.marketing.limited/tests/Feature/Controllers/TeamControllerTest.php" tests="9" assertions="0" errors="9" failures="0" skipped="0" time="3.410046">
        <testcase name="it_can_add_team_member" file="/home/user/cmis.marketing.limited/tests/Feature/Controllers/TeamControllerTest.php" line="59" class="Tests\Feature\Controllers\TeamControllerTest" classname="Tests.Feature.Controllers.TeamControllerTest" assertions="0" time="0.299926">
          <error type="Error">Tests\Feature\Controllers\TeamControllerTest::it_can_add_team_member
Error: Class "App\Models\Team\TeamMember" not found

/home/user/cmis.marketing.limited/tests/Feature/Controllers/TeamControllerTest.php:73</error>
        </testcase>
        <testcase name="it_can_update_team_member_role" file="/home/user/cmis.marketing.limited/tests/Feature/Controllers/TeamControllerTest.php" line="99" class="Tests\Feature\Controllers\TeamControllerTest" classname="Tests.Feature.Controllers.TeamControllerTest" assertions="0" time="0.521273">
          <error type="Error">Tests\Feature\Controllers\TeamControllerTest::it_can_update_team_member_role
Error: Class "App\Models\Team\TeamMember" not found

/home/user/cmis.marketing.limited/tests/Feature/Controllers/TeamControllerTest.php:120</error>
        </testcase>
        <testcase name="it_can_send_team_invitation" file="/home/user/cmis.marketing.limited/tests/Feature/Controllers/TeamControllerTest.php" line="226" class="Tests\Feature\Controllers\TeamControllerTest" classname="Tests.Feature.Controllers.TeamControllerTest" assertions="0" time="0.295592">
          <error type="Error">Tests\Feature\Controllers\TeamControllerTest::it_can_send_team_invitation
Error: Class "App\Models\Team\TeamMember" not found

/home/user/cmis.marketing.limited/tests/Feature/Controllers/TeamControllerTest.php:240</error>
        </testcase>
        <testcase name="viewer_cannot_add_team_members" file="/home/user/cmis.marketing.limited/tests/Feature/Controllers/TeamControllerTest.php" line="193" class="Tests\Feature\Controllers\TeamControllerTest" classname="Tests.Feature.Controllers.TeamControllerTest" assertions="0" time="0.299380">
          <error type="Error">Tests\Feature\Controllers\TeamControllerTest::viewer_cannot_add_team_members
Error: Class "App\Models\Team\TeamMember" not found

/home/user/cmis.marketing.limited/tests/Feature/Controllers/TeamControllerTest.php:207</error>
        </testcase>
        <testcase name="it_can_remove_team_member" file="/home/user/cmis.marketing.limited/tests/Feature/Controllers/TeamControllerTest.php" line="146" class="Tests\Feature\Controllers\TeamControllerTest" classname="Tests.Feature.Controllers.TeamControllerTest" assertions="0" time="0.521499">
          <error type="Error">Tests\Feature\Controllers\TeamControllerTest::it_can_remove_team_member
Error: Class "App\Models\Team\TeamMember" not found

/home/user/cmis.marketing.limited/tests/Feature/Controllers/TeamControllerTest.php:167</error>
        </testcase>
        <testcase name="it_shows_team_member_details" file="/home/user/cmis.marketing.limited/tests/Feature/Controllers/TeamControllerTest.php" line="306" class="Tests\Feature\Controllers\TeamControllerTest" classname="Tests.Feature.Controllers.TeamControllerTest" assertions="0" time="0.346395">
          <error type="Error">Tests\Feature\Controllers\TeamControllerTest::it_shows_team_member_details
Error: Class "App\Models\Team\TeamMember" not found

/home/user/cmis.marketing.limited/tests/Feature/Controllers/TeamControllerTest.php:320</error>
        </testcase>
        <testcase name="it_can_list_team_members" file="/home/user/cmis.marketing.limited/tests/Feature/Controllers/TeamControllerTest.php" line="26" class="Tests\Feature\Controllers\TeamControllerTest" classname="Tests.Feature.Controllers.TeamControllerTest" assertions="0" time="0.298471">
          <error type="Error">Tests\Feature\Controllers\TeamControllerTest::it_can_list_team_members
Error: Class "App\Models\Team\TeamMember" not found

/home/user/cmis.marketing.limited/tests/Feature/Controllers/TeamControllerTest.php:40</error>
        </testcase>
        <testcase name="it_can_filter_by_role" file="/home/user/cmis.marketing.limited/tests/Feature/Controllers/TeamControllerTest.php" line="259" class="Tests\Feature\Controllers\TeamControllerTest" classname="Tests.Feature.Controllers.TeamControllerTest" assertions="0" time="0.528416">
          <error type="Error">Tests\Feature\Controllers\TeamControllerTest::it_can_filter_by_role
Error: Class "App\Models\Team\TeamMember" not found

/home/user/cmis.marketing.limited/tests/Feature/Controllers/TeamControllerTest.php:280</error>
        </testcase>
        <testcase name="it_respects_org_isolation" file="/home/user/cmis.marketing.limited/tests/Feature/Controllers/TeamControllerTest.php" line="339" class="Tests\Feature\Controllers\TeamControllerTest" classname="Tests.Feature.Controllers.TeamControllerTest" assertions="0" time="0.299093">
          <error type="Error">Tests\Feature\Controllers\TeamControllerTest::it_respects_org_isolation
Error: Class "App\Models\Team\TeamMember" not found

/home/user/cmis.marketing.limited/tests/Feature/Controllers/TeamControllerTest.php:358</error>
        </testcase>
      </testsuite>
      <testsuite name="Tests\Feature\Controllers\ReportControllerTest" file="/home/user/cmis.marketing.limited/tests/Feature/Controllers/ReportControllerTest.php" tests="10" assertions="0" errors="10" failures="0" skipped="0" time="3.149665">
        <testcase name="it_can_schedule_recurring_report" file="/home/user/cmis.marketing.limited/tests/Feature/Controllers/ReportControllerTest.php" line="280" class="Tests\Feature\Controllers\ReportControllerTest" classname="Tests.Feature.Controllers.ReportControllerTest" assertions="0" time="0.356460">
          <error type="Error">Tests\Feature\Controllers\ReportControllerTest::it_can_schedule_recurring_report
Error: Class "App\Models\Team\TeamMember" not found

/home/user/cmis.marketing.limited/tests/Feature/Controllers/ReportControllerTest.php:294</error>
        </testcase>
        <testcase name="it_can_export_report_to_different_formats" file="/home/user/cmis.marketing.limited/tests/Feature/Controllers/ReportControllerTest.php" line="410" class="Tests\Feature\Controllers\ReportControllerTest" classname="Tests.Feature.Controllers.ReportControllerTest" assertions="0" time="0.322349">
          <error type="Error">Tests\Feature\Controllers\ReportControllerTest::it_can_export_report_to_different_formats
Error: Class "App\Models\Team\TeamMember" not found

/home/user/cmis.marketing.limited/tests/Feature/Controllers/ReportControllerTest.php:424</error>
        </testcase>
        <testcase name="it_can_filter_reports_by_type" file="/home/user/cmis.marketing.limited/tests/Feature/Controllers/ReportControllerTest.php" line="229" class="Tests\Feature\Controllers\ReportControllerTest" classname="Tests.Feature.Controllers.ReportControllerTest" assertions="0" time="0.302934">
          <error type="Error">Tests\Feature\Controllers\ReportControllerTest::it_can_filter_reports_by_type
Error: Class "App\Models\Team\TeamMember" not found

/home/user/cmis.marketing.limited/tests/Feature/Controllers/ReportControllerTest.php:243</error>
        </testcase>
        <testcase name="it_can_delete_report" file="/home/user/cmis.marketing.limited/tests/Feature/Controllers/ReportControllerTest.php" line="187" class="Tests\Feature\Controllers\ReportControllerTest" classname="Tests.Feature.Controllers.ReportControllerTest" assertions="0" time="0.293916">
          <error type="Error">Tests\Feature\Controllers\ReportControllerTest::it_can_delete_report
Error: Class "App\Models\Team\TeamMember" not found

/home/user/cmis.marketing.limited/tests/Feature/Controllers/ReportControllerTest.php:201</error>
        </testcase>
        <testcase name="it_can_view_report_details" file="/home/user/cmis.marketing.limited/tests/Feature/Controllers/ReportControllerTest.php" line="102" class="Tests\Feature\Controllers\ReportControllerTest" classname="Tests.Feature.Controllers.ReportControllerTest" assertions="0" time="0.297601">
          <error type="Error">Tests\Feature\Controllers\ReportControllerTest::it_can_view_report_details
Error: Class "App\Models\Team\TeamMember" not found

/home/user/cmis.marketing.limited/tests/Feature/Controllers/ReportControllerTest.php:116</error>
        </testcase>
        <testcase name="it_can_generate_new_report" file="/home/user/cmis.marketing.limited/tests/Feature/Controllers/ReportControllerTest.php" line="69" class="Tests\Feature\Controllers\ReportControllerTest" classname="Tests.Feature.Controllers.ReportControllerTest" assertions="0" time="0.300900">
          <error type="Error">Tests\Feature\Controllers\ReportControllerTest::it_can_generate_new_report
Error: Class "App\Models\Team\TeamMember" not found

/home/user/cmis.marketing.limited/tests/Feature/Controllers/ReportControllerTest.php:83</error>
        </testcase>
        <testcase name="it_respects_org_isolation" file="/home/user/cmis.marketing.limited/tests/Feature/Controllers/ReportControllerTest.php" line="355" class="Tests\Feature\Controllers\ReportControllerTest" classname="Tests.Feature.Controllers.ReportControllerTest" assertions="0" time="0.367871">
          <error type="Error">Tests\Feature\Controllers\ReportControllerTest::it_respects_org_isolation
Error: Class "App\Models\Team\TeamMember" not found

/home/user/cmis.marketing.limited/tests/Feature/Controllers/ReportControllerTest.php:374</error>
        </testcase>
        <testcase name="it_can_download_report" file="/home/user/cmis.marketing.limited/tests/Feature/Controllers/ReportControllerTest.php" line="144" class="Tests\Feature\Controllers\ReportControllerTest" classname="Tests.Feature.Controllers.ReportControllerTest" assertions="0" time="0.299485">
          <error type="Error">Tests\Feature\Controllers\ReportControllerTest::it_can_download_report
Error: Class "App\Models\Team\TeamMember" not found

/home/user/cmis.marketing.limited/tests/Feature/Controllers/ReportControllerTest.php:158</error>
        </testcase>
        <testcase name="viewer_cannot_delete_reports" file="/home/user/cmis.marketing.limited/tests/Feature/Controllers/ReportControllerTest.php" line="313" class="Tests\Feature\Controllers\ReportControllerTest" classname="Tests.Feature.Controllers.ReportControllerTest" assertions="0" time="0.298404">
          <error type="Error">Tests\Feature\Controllers\ReportControllerTest::viewer_cannot_delete_reports
Error: Class "App\Models\Team\TeamMember" not found

/home/user/cmis.marketing.limited/tests/Feature/Controllers/ReportControllerTest.php:327</error>
        </testcase>
        <testcase name="it_can_list_reports" file="/home/user/cmis.marketing.limited/tests/Feature/Controllers/ReportControllerTest.php" line="27" class="Tests\Feature\Controllers\ReportControllerTest" classname="Tests.Feature.Controllers.ReportControllerTest" assertions="0" time="0.309745">
          <error type="Error">Tests\Feature\Controllers\ReportControllerTest::it_can_list_reports
Error: Class "App\Models\Team\TeamMember" not found

/home/user/cmis.marketing.limited/tests/Feature/Controllers/ReportControllerTest.php:41</error>
        </testcase>
      </testsuite>
      <testsuite name="Tests\Feature\API\AnalyticsAPITest" file="/home/user/cmis.marketing.limited/tests/Feature/API/AnalyticsAPITest.php" tests="14" assertions="12" errors="2" failures="12" skipped="0" time="4.757167">
        <testcase name="it_can_get_content_performance" file="/home/user/cmis.marketing.limited/tests/Feature/API/AnalyticsAPITest.php" line="243" class="Tests\Feature\API\AnalyticsAPITest" classname="Tests.Feature.API.AnalyticsAPITest" assertions="1" time="0.363807">
          <failure type="PHPUnit\Framework\ExpectationFailedException">Tests\Feature\API\AnalyticsAPITest::it_can_get_content_performance
Expected response status code [200] but received 404.
Failed asserting that 404 is identical to 200.

/home/user/cmis.marketing.limited/vendor/laravel/framework/src/Illuminate/Testing/TestResponseAssert.php:45
/home/user/cmis.marketing.limited/vendor/laravel/framework/src/Illuminate/Testing/TestResponse.php:174
/home/user/cmis.marketing.limited/tests/Feature/API/AnalyticsAPITest.php:253</failure>
        </testcase>
        <testcase name="it_can_compare_campaigns" file="/home/user/cmis.marketing.limited/tests/Feature/API/AnalyticsAPITest.php" line="178" class="Tests\Feature\API\AnalyticsAPITest" classname="Tests.Feature.API.AnalyticsAPITest" assertions="1" time="0.322980">
          <failure type="PHPUnit\Framework\ExpectationFailedException">Tests\Feature\API\AnalyticsAPITest::it_can_compare_campaigns
Expected response status code [200] but received 404.
Failed asserting that 404 is identical to 200.

/home/user/cmis.marketing.limited/vendor/laravel/framework/src/Illuminate/Testing/TestResponseAssert.php:45
/home/user/cmis.marketing.limited/vendor/laravel/framework/src/Illuminate/Testing/TestResponse.php:174
/home/user/cmis.marketing.limited/tests/Feature/API/AnalyticsAPITest.php:191</failure>
        </testcase>
        <testcase name="it_can_get_engagement_metrics" file="/home/user/cmis.marketing.limited/tests/Feature/API/AnalyticsAPITest.php" line="156" class="Tests\Feature\API\AnalyticsAPITest" classname="Tests.Feature.API.AnalyticsAPITest" assertions="1" time="0.378682">
          <failure type="PHPUnit\Framework\ExpectationFailedException">Tests\Feature\API\AnalyticsAPITest::it_can_get_engagement_metrics
Expected response status code [200] but received 404.
Failed asserting that 404 is identical to 200.

/home/user/cmis.marketing.limited/vendor/laravel/framework/src/Illuminate/Testing/TestResponseAssert.php:45
/home/user/cmis.marketing.limited/vendor/laravel/framework/src/Illuminate/Testing/TestResponse.php:174
/home/user/cmis.marketing.limited/tests/Feature/API/AnalyticsAPITest.php:166</failure>
        </testcase>
        <testcase name="it_can_get_audience_demographics" file="/home/user/cmis.marketing.limited/tests/Feature/API/AnalyticsAPITest.php" line="221" class="Tests\Feature\API\AnalyticsAPITest" classname="Tests.Feature.API.AnalyticsAPITest" assertions="1" time="0.367717">
          <failure type="PHPUnit\Framework\ExpectationFailedException">Tests\Feature\API\AnalyticsAPITest::it_can_get_audience_demographics
Expected response status code [200] but received 404.
Failed asserting that 404 is identical to 200.

/home/user/cmis.marketing.limited/vendor/laravel/framework/src/Illuminate/Testing/TestResponseAssert.php:45
/home/user/cmis.marketing.limited/vendor/laravel/framework/src/Illuminate/Testing/TestResponse.php:174
/home/user/cmis.marketing.limited/tests/Feature/API/AnalyticsAPITest.php:231</failure>
        </testcase>
        <testcase name="it_can_get_social_media_analytics" file="/home/user/cmis.marketing.limited/tests/Feature/API/AnalyticsAPITest.php" line="129" class="Tests\Feature\API\AnalyticsAPITest" classname="Tests.Feature.API.AnalyticsAPITest" assertions="1" time="0.309313">
          <failure type="PHPUnit\Framework\ExpectationFailedException">Tests\Feature\API\AnalyticsAPITest::it_can_get_social_media_analytics
Expected response status code [200] but received 404.
Failed asserting that 404 is identical to 200.

/home/user/cmis.marketing.limited/vendor/laravel/framework/src/Illuminate/Testing/TestResponseAssert.php:45
/home/user/cmis.marketing.limited/vendor/laravel/framework/src/Illuminate/Testing/TestResponse.php:174
/home/user/cmis.marketing.limited/tests/Feature/API/AnalyticsAPITest.php:139</failure>
        </testcase>
        <testcase name="it_can_calculate_roi" file="/home/user/cmis.marketing.limited/tests/Feature/API/AnalyticsAPITest.php" line="264" class="Tests\Feature\API\AnalyticsAPITest" classname="Tests.Feature.API.AnalyticsAPITest" assertions="1" time="0.379833">
          <failure type="PHPUnit\Framework\ExpectationFailedException">Tests\Feature\API\AnalyticsAPITest::it_can_calculate_roi
Expected response status code [200] but received 404.
Failed asserting that 404 is identical to 200.

/home/user/cmis.marketing.limited/vendor/laravel/framework/src/Illuminate/Testing/TestResponseAssert.php:45
/home/user/cmis.marketing.limited/vendor/laravel/framework/src/Illuminate/Testing/TestResponse.php:174
/home/user/cmis.marketing.limited/tests/Feature/API/AnalyticsAPITest.php:281</failure>
        </testcase>
        <testcase name="it_can_get_campaign_analytics" file="/home/user/cmis.marketing.limited/tests/Feature/API/AnalyticsAPITest.php" line="25" class="Tests\Feature\API\AnalyticsAPITest" classname="Tests.Feature.API.AnalyticsAPITest" assertions="0" time="0.307663">
          <error type="Error">Tests\Feature\API\AnalyticsAPITest::it_can_get_campaign_analytics
Error: Class "App\Models\Analytics\CampaignMetric" not found

/home/user/cmis.marketing.limited/tests/Feature/API/AnalyticsAPITest.php:40</error>
        </testcase>
        <testcase name="it_can_export_analytics_to_pdf" file="/home/user/cmis.marketing.limited/tests/Feature/API/AnalyticsAPITest.php" line="320" class="Tests\Feature\API\AnalyticsAPITest" classname="Tests.Feature.API.AnalyticsAPITest" assertions="1" time="0.312815">
          <failure type="PHPUnit\Framework\ExpectationFailedException">Tests\Feature\API\AnalyticsAPITest::it_can_export_analytics_to_pdf
Expected response status code [200] but received 404.
Failed asserting that 404 is identical to 200.

/home/user/cmis.marketing.limited/vendor/laravel/framework/src/Illuminate/Testing/TestResponseAssert.php:45
/home/user/cmis.marketing.limited/vendor/laravel/framework/src/Illuminate/Testing/TestResponse.php:174
/home/user/cmis.marketing.limited/tests/Feature/API/AnalyticsAPITest.php:332</failure>
        </testcase>
        <testcase name="it_can_get_overall_organization_analytics" file="/home/user/cmis.marketing.limited/tests/Feature/API/AnalyticsAPITest.php" line="103" class="Tests\Feature\API\AnalyticsAPITest" classname="Tests.Feature.API.AnalyticsAPITest" assertions="1" time="0.365618">
          <failure type="PHPUnit\Framework\ExpectationFailedException">Tests\Feature\API\AnalyticsAPITest::it_can_get_overall_organization_analytics
Expected response status code [200] but received 404.
Failed asserting that 404 is identical to 200.

/home/user/cmis.marketing.limited/vendor/laravel/framework/src/Illuminate/Testing/TestResponseAssert.php:45
/home/user/cmis.marketing.limited/vendor/laravel/framework/src/Illuminate/Testing/TestResponse.php:174
/home/user/cmis.marketing.limited/tests/Feature/API/AnalyticsAPITest.php:113</failure>
        </testcase>
        <testcase name="it_enforces_org_isolation_for_analytics" file="/home/user/cmis.marketing.limited/tests/Feature/API/AnalyticsAPITest.php" line="293" class="Tests\Feature\API\AnalyticsAPITest" classname="Tests.Feature.API.AnalyticsAPITest" assertions="1" time="0.600329">
          <failure type="PHPUnit\Framework\ExpectationFailedException">Tests\Feature\API\AnalyticsAPITest::it_enforces_org_isolation_for_analytics
Expected response status code [403] but received 404.
Failed asserting that 404 is identical to 403.

/home/user/cmis.marketing.limited/vendor/laravel/framework/src/Illuminate/Testing/TestResponseAssert.php:45
/home/user/cmis.marketing.limited/vendor/laravel/framework/src/Illuminate/Testing/TestResponse.php:174
/home/user/cmis.marketing.limited/tests/Feature/API/AnalyticsAPITest.php:308</failure>
        </testcase>
        <testcase name="it_can_export_analytics_to_excel" file="/home/user/cmis.marketing.limited/tests/Feature/API/AnalyticsAPITest.php" line="337" class="Tests\Feature\API\AnalyticsAPITest" classname="Tests.Feature.API.AnalyticsAPITest" assertions="1" time="0.309321">
          <failure type="PHPUnit\Framework\ExpectationFailedException">Tests\Feature\API\AnalyticsAPITest::it_can_export_analytics_to_excel
Expected response status code [200] but received 404.
Failed asserting that 404 is identical to 200.

/home/user/cmis.marketing.limited/vendor/laravel/framework/src/Illuminate/Testing/TestResponseAssert.php:45
/home/user/cmis.marketing.limited/vendor/laravel/framework/src/Illuminate/Testing/TestResponse.php:174
/home/user/cmis.marketing.limited/tests/Feature/API/AnalyticsAPITest.php:349</failure>
        </testcase>
        <testcase name="it_can_get_analytics_by_date_range" file="/home/user/cmis.marketing.limited/tests/Feature/API/AnalyticsAPITest.php" line="69" class="Tests\Feature\API\AnalyticsAPITest" classname="Tests.Feature.API.AnalyticsAPITest" assertions="0" time="0.301343">
          <error type="Error">Tests\Feature\API\AnalyticsAPITest::it_can_get_analytics_by_date_range
Error: Class "App\Models\Analytics\CampaignMetric" not found

/home/user/cmis.marketing.limited/tests/Feature/API/AnalyticsAPITest.php:81</error>
        </testcase>
        <testcase name="it_can_get_funnel_analytics" file="/home/user/cmis.marketing.limited/tests/Feature/API/AnalyticsAPITest.php" line="196" class="Tests\Feature\API\AnalyticsAPITest" classname="Tests.Feature.API.AnalyticsAPITest" assertions="1" time="0.368853">
          <failure type="PHPUnit\Framework\ExpectationFailedException">Tests\Feature\API\AnalyticsAPITest::it_can_get_funnel_analytics
Expected response status code [200] but received 404.
Failed asserting that 404 is identical to 200.

/home/user/cmis.marketing.limited/vendor/laravel/framework/src/Illuminate/Testing/TestResponseAssert.php:45
/home/user/cmis.marketing.limited/vendor/laravel/framework/src/Illuminate/Testing/TestResponse.php:174
/home/user/cmis.marketing.limited/tests/Feature/API/AnalyticsAPITest.php:208</failure>
        </testcase>
        <testcase name="it_requires_authentication" file="/home/user/cmis.marketing.limited/tests/Feature/API/AnalyticsAPITest.php" line="312" class="Tests\Feature\API\AnalyticsAPITest" classname="Tests.Feature.API.AnalyticsAPITest" assertions="1" time="0.068892">
          <failure type="PHPUnit\Framework\ExpectationFailedException">Tests\Feature\API\AnalyticsAPITest::it_requires_authentication
Expected response status code [401] but received 404.
Failed asserting that 404 is identical to 401.

/home/user/cmis.marketing.limited/vendor/laravel/framework/src/Illuminate/Testing/TestResponseAssert.php:45
/home/user/cmis.marketing.limited/vendor/laravel/framework/src/Illuminate/Testing/TestResponse.php:174
/home/user/cmis.marketing.limited/tests/Feature/API/AnalyticsAPITest.php:316</failure>
        </testcase>
      </testsuite>
      <testsuite name="Tests\Feature\ExampleTest" file="/home/user/cmis.marketing.limited/tests/Feature/ExampleTest.php" tests="1" assertions="1" errors="0" failures="1" skipped="0" time="0.083141">
        <testcase name="test_the_application_returns_a_successful_response" file="/home/user/cmis.marketing.limited/tests/Feature/ExampleTest.php" line="13" class="Tests\Feature\ExampleTest" classname="Tests.Feature.ExampleTest" assertions="1" time="0.083141">
          <failure type="PHPUnit\Framework\ExpectationFailedException">Tests\Feature\ExampleTest::test_the_application_returns_a_successful_response
Expected response status code [200] but received 302.
Failed asserting that 302 is identical to 200.

/home/user/cmis.marketing.limited/vendor/laravel/framework/src/Illuminate/Testing/TestResponseAssert.php:45
/home/user/cmis.marketing.limited/vendor/laravel/framework/src/Illuminate/Testing/TestResponse.php:174
/home/user/cmis.marketing.limited/tests/Feature/ExampleTest.php:17</failure>
        </testcase>
      </testsuite>
      <testsuite name="Tests\Feature\Controllers\IntegrationControllerTest" file="/home/user/cmis.marketing.limited/tests/Feature/Controllers/IntegrationControllerTest.php" tests="10" assertions="3" errors="7" failures="3" skipped="0" time="3.177510">
        <testcase name="it_can_list_all_integrations" file="/home/user/cmis.marketing.limited/tests/Feature/Controllers/IntegrationControllerTest.php" line="25" class="Tests\Feature\Controllers\IntegrationControllerTest" classname="Tests.Feature.Controllers.IntegrationControllerTest" assertions="0" time="0.306030">
          <error type="Illuminate\Database\Eloquent\InvalidCastException">Tests\Feature\Controllers\IntegrationControllerTest::it_can_list_all_integrations
Illuminate\Database\Eloquent\InvalidCastException: Call to undefined cast [Illuminate\Database\Eloquent\Casts\Encrypted] on column [access_token] in model [App\Models\Core\Integration].

/home/user/cmis.marketing.limited/vendor/laravel/framework/src/Illuminate/Database/Eloquent/Concerns/HasAttributes.php:1768
/home/user/cmis.marketing.limited/vendor/laravel/framework/src/Illuminate/Database/Eloquent/Concerns/HasAttributes.php:1084
/home/user/cmis.marketing.limited/vendor/laravel/framework/src/Illuminate/Database/Eloquent/Model.php:619
/home/user/cmis.marketing.limited/vendor/laravel/framework/src/Illuminate/Database/Eloquent/Model.php:713
/home/user/cmis.marketing.limited/vendor/laravel/framework/src/Illuminate/Database/Eloquent/Builder.php:1747
/home/user/cmis.marketing.limited/vendor/laravel/framework/src/Illuminate/Database/Eloquent/Builder.php:1218
/home/user/cmis.marketing.limited/vendor/laravel/framework/src/Illuminate/Support/Traits/ForwardsCalls.php:23
/home/user/cmis.marketing.limited/vendor/laravel/framework/src/Illuminate/Database/Eloquent/Model.php:2540
/home/user/cmis.marketing.limited/vendor/laravel/framework/src/Illuminate/Database/Eloquent/Model.php:2556
/home/user/cmis.marketing.limited/tests/Traits/CreatesTestData.php:105
/home/user/cmis.marketing.limited/tests/Feature/Controllers/IntegrationControllerTest.php:31</error>
        </testcase>
        <testcase name="it_requires_authentication" file="/home/user/cmis.marketing.limited/tests/Feature/Controllers/IntegrationControllerTest.php" line="238" class="Tests\Feature\Controllers\IntegrationControllerTest" classname="Tests.Feature.Controllers.IntegrationControllerTest" assertions="1" time="0.111220">
          <failure type="PHPUnit\Framework\ExpectationFailedException">Tests\Feature\Controllers\IntegrationControllerTest::it_requires_authentication
Expected response status code [401] but received 404.
Failed asserting that 404 is identical to 401.

/home/user/cmis.marketing.limited/vendor/laravel/framework/src/Illuminate/Testing/TestResponseAssert.php:45
/home/user/cmis.marketing.limited/vendor/laravel/framework/src/Illuminate/Testing/TestResponse.php:174
/home/user/cmis.marketing.limited/tests/Feature/Controllers/IntegrationControllerTest.php:242</failure>
        </testcase>
        <testcase name="it_can_create_new_integration" file="/home/user/cmis.marketing.limited/tests/Feature/Controllers/IntegrationControllerTest.php" line="48" class="Tests\Feature\Controllers\IntegrationControllerTest" classname="Tests.Feature.Controllers.IntegrationControllerTest" assertions="1" time="0.309933">
          <failure type="PHPUnit\Framework\ExpectationFailedException">Tests\Feature\Controllers\IntegrationControllerTest::it_can_create_new_integration
Expected response status code [201] but received 404.
Failed asserting that 404 is identical to 201.

/home/user/cmis.marketing.limited/vendor/laravel/framework/src/Illuminate/Testing/TestResponseAssert.php:45
/home/user/cmis.marketing.limited/vendor/laravel/framework/src/Illuminate/Testing/TestResponse.php:174
/home/user/cmis.marketing.limited/tests/Feature/Controllers/IntegrationControllerTest.php:64</failure>
        </testcase>
        <testcase name="it_validates_required_fields" file="/home/user/cmis.marketing.limited/tests/Feature/Controllers/IntegrationControllerTest.php" line="196" class="Tests\Feature\Controllers\IntegrationControllerTest" classname="Tests.Feature.Controllers.IntegrationControllerTest" assertions="1" time="0.357270">
          <failure type="PHPUnit\Framework\ExpectationFailedException">Tests\Feature\Controllers\IntegrationControllerTest::it_validates_required_fields
Expected response status code [422] but received 404.
Failed asserting that 404 is identical to 422.

/home/user/cmis.marketing.limited/vendor/laravel/framework/src/Illuminate/Testing/TestResponseAssert.php:45
/home/user/cmis.marketing.limited/vendor/laravel/framework/src/Illuminate/Testing/TestResponse.php:174
/home/user/cmis.marketing.limited/tests/Feature/Controllers/IntegrationControllerTest.php:208</failure>
        </testcase>
        <testcase name="it_can_test_integration_connection" file="/home/user/cmis.marketing.limited/tests/Feature/Controllers/IntegrationControllerTest.php" line="146" class="Tests\Feature\Controllers\IntegrationControllerTest" classname="Tests.Feature.Controllers.IntegrationControllerTest" assertions="0" time="0.305726">
          <error type="Illuminate\Database\Eloquent\InvalidCastException">Tests\Feature\Controllers\IntegrationControllerTest::it_can_test_integration_connection
Illuminate\Database\Eloquent\InvalidCastException: Call to undefined cast [Illuminate\Database\Eloquent\Casts\Encrypted] on column [access_token] in model [App\Models\Core\Integration].

/home/user/cmis.marketing.limited/vendor/laravel/framework/src/Illuminate/Database/Eloquent/Concerns/HasAttributes.php:1768
/home/user/cmis.marketing.limited/vendor/laravel/framework/src/Illuminate/Database/Eloquent/Concerns/HasAttributes.php:1084
/home/user/cmis.marketing.limited/vendor/laravel/framework/src/Illuminate/Database/Eloquent/Model.php:619
/home/user/cmis.marketing.limited/vendor/laravel/framework/src/Illuminate/Database/Eloquent/Model.php:713
/home/user/cmis.marketing.limited/vendor/laravel/framework/src/Illuminate/Database/Eloquent/Builder.php:1747
/home/user/cmis.marketing.limited/vendor/laravel/framework/src/Illuminate/Database/Eloquent/Builder.php:1218
/home/user/cmis.marketing.limited/vendor/laravel/framework/src/Illuminate/Support/Traits/ForwardsCalls.php:23
/home/user/cmis.marketing.limited/vendor/laravel/framework/src/Illuminate/Database/Eloquent/Model.php:2540
/home/user/cmis.marketing.limited/vendor/laravel/framework/src/Illuminate/Database/Eloquent/Model.php:2556
/home/user/cmis.marketing.limited/tests/Traits/CreatesTestData.php:105
/home/user/cmis.marketing.limited/tests/Feature/Controllers/IntegrationControllerTest.php:152</error>
        </testcase>
        <testcase name="it_can_update_integration" file="/home/user/cmis.marketing.limited/tests/Feature/Controllers/IntegrationControllerTest.php" line="96" class="Tests\Feature\Controllers\IntegrationControllerTest" classname="Tests.Feature.Controllers.IntegrationControllerTest" assertions="0" time="0.301488">
          <error type="Illuminate\Database\Eloquent\InvalidCastException">Tests\Feature\Controllers\IntegrationControllerTest::it_can_update_integration
Illuminate\Database\Eloquent\InvalidCastException: Call to undefined cast [Illuminate\Database\Eloquent\Casts\Encrypted] on column [access_token] in model [App\Models\Core\Integration].

/home/user/cmis.marketing.limited/vendor/laravel/framework/src/Illuminate/Database/Eloquent/Concerns/HasAttributes.php:1768
/home/user/cmis.marketing.limited/vendor/laravel/framework/src/Illuminate/Database/Eloquent/Concerns/HasAttributes.php:1084
/home/user/cmis.marketing.limited/vendor/laravel/framework/src/Illuminate/Database/Eloquent/Model.php:619
/home/user/cmis.marketing.limited/vendor/laravel/framework/src/Illuminate/Database/Eloquent/Model.php:713
/home/user/cmis.marketing.limited/vendor/laravel/framework/src/Illuminate/Database/Eloquent/Builder.php:1747
/home/user/cmis.marketing.limited/vendor/laravel/framework/src/Illuminate/Database/Eloquent/Builder.php:1218
/home/user/cmis.marketing.limited/vendor/laravel/framework/src/Illuminate/Support/Traits/ForwardsCalls.php:23
/home/user/cmis.marketing.limited/vendor/laravel/framework/src/Illuminate/Database/Eloquent/Model.php:2540
/home/user/cmis.marketing.limited/vendor/laravel/framework/src/Illuminate/Database/Eloquent/Model.php:2556
/home/user/cmis.marketing.limited/tests/Traits/CreatesTestData.php:105
/home/user/cmis.marketing.limited/tests/Feature/Controllers/IntegrationControllerTest.php:102</error>
        </testcase>
        <testcase name="it_can_refresh_integration_token" file="/home/user/cmis.marketing.limited/tests/Feature/Controllers/IntegrationControllerTest.php" line="170" class="Tests\Feature\Controllers\IntegrationControllerTest" classname="Tests.Feature.Controllers.IntegrationControllerTest" assertions="0" time="0.349928">
          <error type="Illuminate\Database\Eloquent\InvalidCastException">Tests\Feature\Controllers\IntegrationControllerTest::it_can_refresh_integration_token
Illuminate\Database\Eloquent\InvalidCastException: Call to undefined cast [Illuminate\Database\Eloquent\Casts\Encrypted] on column [access_token] in model [App\Models\Core\Integration].

/home/user/cmis.marketing.limited/vendor/laravel/framework/src/Illuminate/Database/Eloquent/Concerns/HasAttributes.php:1768
/home/user/cmis.marketing.limited/vendor/laravel/framework/src/Illuminate/Database/Eloquent/Concerns/HasAttributes.php:1084
/home/user/cmis.marketing.limited/vendor/laravel/framework/src/Illuminate/Database/Eloquent/Model.php:619
/home/user/cmis.marketing.limited/vendor/laravel/framework/src/Illuminate/Database/Eloquent/Model.php:713
/home/user/cmis.marketing.limited/vendor/laravel/framework/src/Illuminate/Database/Eloquent/Builder.php:1747
/home/user/cmis.marketing.limited/vendor/laravel/framework/src/Illuminate/Database/Eloquent/Builder.php:1218
/home/user/cmis.marketing.limited/vendor/laravel/framework/src/Illuminate/Support/Traits/ForwardsCalls.php:23
/home/user/cmis.marketing.limited/vendor/laravel/framework/src/Illuminate/Database/Eloquent/Model.php:2540
/home/user/cmis.marketing.limited/vendor/laravel/framework/src/Illuminate/Database/Eloquent/Model.php:2556
/home/user/cmis.marketing.limited/tests/Traits/CreatesTestData.php:105
/home/user/cmis.marketing.limited/tests/Feature/Controllers/IntegrationControllerTest.php:176</error>
        </testcase>
        <testcase name="it_can_delete_integration" file="/home/user/cmis.marketing.limited/tests/Feature/Controllers/IntegrationControllerTest.php" line="121" class="Tests\Feature\Controllers\IntegrationControllerTest" classname="Tests.Feature.Controllers.IntegrationControllerTest" assertions="0" time="0.300867">
          <error type="Illuminate\Database\Eloquent\InvalidCastException">Tests\Feature\Controllers\IntegrationControllerTest::it_can_delete_integration
Illuminate\Database\Eloquent\InvalidCastException: Call to undefined cast [Illuminate\Database\Eloquent\Casts\Encrypted] on column [access_token] in model [App\Models\Core\Integration].

/home/user/cmis.marketing.limited/vendor/laravel/framework/src/Illuminate/Database/Eloquent/Concerns/HasAttributes.php:1768
/home/user/cmis.marketing.limited/vendor/laravel/framework/src/Illuminate/Database/Eloquent/Concerns/HasAttributes.php:1084
/home/user/cmis.marketing.limited/vendor/laravel/framework/src/Illuminate/Database/Eloquent/Model.php:619
/home/user/cmis.marketing.limited/vendor/laravel/framework/src/Illuminate/Database/Eloquent/Model.php:713
/home/user/cmis.marketing.limited/vendor/laravel/framework/src/Illuminate/Database/Eloquent/Builder.php:1747
/home/user/cmis.marketing.limited/vendor/laravel/framework/src/Illuminate/Database/Eloquent/Builder.php:1218
/home/user/cmis.marketing.limited/vendor/laravel/framework/src/Illuminate/Support/Traits/ForwardsCalls.php:23
/home/user/cmis.marketing.limited/vendor/laravel/framework/src/Illuminate/Database/Eloquent/Model.php:2540
/home/user/cmis.marketing.limited/vendor/laravel/framework/src/Illuminate/Database/Eloquent/Model.php:2556
/home/user/cmis.marketing.limited/tests/Traits/CreatesTestData.php:105
/home/user/cmis.marketing.limited/tests/Feature/Controllers/IntegrationControllerTest.php:127</error>
        </testcase>
        <testcase name="it_respects_org_isolation" file="/home/user/cmis.marketing.limited/tests/Feature/Controllers/IntegrationControllerTest.php" line="218" class="Tests\Feature\Controllers\IntegrationControllerTest" classname="Tests.Feature.Controllers.IntegrationControllerTest" assertions="0" time="0.532525">
          <error type="Illuminate\Database\Eloquent\InvalidCastException">Tests\Feature\Controllers\IntegrationControllerTest::it_respects_org_isolation
Illuminate\Database\Eloquent\InvalidCastException: Call to undefined cast [Illuminate\Database\Eloquent\Casts\Encrypted] on column [access_token] in model [App\Models\Core\Integration].

/home/user/cmis.marketing.limited/vendor/laravel/framework/src/Illuminate/Database/Eloquent/Concerns/HasAttributes.php:1768
/home/user/cmis.marketing.limited/vendor/laravel/framework/src/Illuminate/Database/Eloquent/Concerns/HasAttributes.php:1084
/home/user/cmis.marketing.limited/vendor/laravel/framework/src/Illuminate/Database/Eloquent/Model.php:619
/home/user/cmis.marketing.limited/vendor/laravel/framework/src/Illuminate/Database/Eloquent/Model.php:713
/home/user/cmis.marketing.limited/vendor/laravel/framework/src/Illuminate/Database/Eloquent/Builder.php:1747
/home/user/cmis.marketing.limited/vendor/laravel/framework/src/Illuminate/Database/Eloquent/Builder.php:1218
/home/user/cmis.marketing.limited/vendor/laravel/framework/src/Illuminate/Support/Traits/ForwardsCalls.php:23
/home/user/cmis.marketing.limited/vendor/laravel/framework/src/Illuminate/Database/Eloquent/Model.php:2540
/home/user/cmis.marketing.limited/vendor/laravel/framework/src/Illuminate/Database/Eloquent/Model.php:2556
/home/user/cmis.marketing.limited/tests/Traits/CreatesTestData.php:105
/home/user/cmis.marketing.limited/tests/Feature/Controllers/IntegrationControllerTest.php:223</error>
        </testcase>
        <testcase name="it_can_get_single_integration" file="/home/user/cmis.marketing.limited/tests/Feature/Controllers/IntegrationControllerTest.php" line="74" class="Tests\Feature\Controllers\IntegrationControllerTest" classname="Tests.Feature.Controllers.IntegrationControllerTest" assertions="0" time="0.302523">
          <error type="Illuminate\Database\Eloquent\InvalidCastException">Tests\Feature\Controllers\IntegrationControllerTest::it_can_get_single_integration
Illuminate\Database\Eloquent\InvalidCastException: Call to undefined cast [Illuminate\Database\Eloquent\Casts\Encrypted] on column [access_token] in model [App\Models\Core\Integration].

/home/user/cmis.marketing.limited/vendor/laravel/framework/src/Illuminate/Database/Eloquent/Concerns/HasAttributes.php:1768
/home/user/cmis.marketing.limited/vendor/laravel/framework/src/Illuminate/Database/Eloquent/Concerns/HasAttributes.php:1084
/home/user/cmis.marketing.limited/vendor/laravel/framework/src/Illuminate/Database/Eloquent/Model.php:619
/home/user/cmis.marketing.limited/vendor/laravel/framework/src/Illuminate/Database/Eloquent/Model.php:713
/home/user/cmis.marketing.limited/vendor/laravel/framework/src/Illuminate/Database/Eloquent/Builder.php:1747
/home/user/cmis.marketing.limited/vendor/laravel/framework/src/Illuminate/Database/Eloquent/Builder.php:1218
/home/user/cmis.marketing.limited/vendor/laravel/framework/src/Illuminate/Support/Traits/ForwardsCalls.php:23
/home/user/cmis.marketing.limited/vendor/laravel/framework/src/Illuminate/Database/Eloquent/Model.php:2540
/home/user/cmis.marketing.limited/vendor/laravel/framework/src/Illuminate/Database/Eloquent/Model.php:2556
/home/user/cmis.marketing.limited/tests/Traits/CreatesTestData.php:105
/home/user/cmis.marketing.limited/tests/Feature/Controllers/IntegrationControllerTest.php:80</error>
        </testcase>
      </testsuite>
      <testsuite name="Tests\Feature\Security\SecurityHeadersTest" file="/home/user/cmis.marketing.limited/tests/Feature/Security/SecurityHeadersTest.php" tests="15" assertions="38" errors="2" failures="0" skipped="0" time="1.492548">
        <testcase name="test_x_xss_protection_is_enabled" file="/home/user/cmis.marketing.limited/tests/Feature/Security/SecurityHeadersTest.php" line="59" class="Tests\Feature\Security\SecurityHeadersTest" classname="Tests.Feature.Security.SecurityHeadersTest" assertions="1" time="0.118912"/>
        <testcase name="test_security_headers_on_api_responses" file="/home/user/cmis.marketing.limited/tests/Feature/Security/SecurityHeadersTest.php" line="155" class="Tests\Feature\Security\SecurityHeadersTest" classname="Tests.Feature.Security.SecurityHeadersTest" assertions="0" time="0.316611">
          <error type="Illuminate\Database\QueryException">Tests\Feature\Security\SecurityHeadersTest::test_security_headers_on_api_responses
Illuminate\Database\QueryException: SQLSTATE[42P01]: Undefined table: 7 ERROR:  relation "personal_access_tokens" does not exist
LINE 1: insert into "personal_access_tokens" ("name", "token", "abil...
                    ^ (Connection: pgsql, SQL: insert into "personal_access_tokens" ("name", "token", "abilities", "expires_at", "tokenable_id", "tokenable_type", "updated_at", "created_at") values (test-token, 1fa80d02e25fa3f5c0a087d4b2ba1e5486164ee5aa83a34b0881a735251c7076, ["*"], ?, 5a0e1f1e-c5e9-4415-b70f-f6fd0ce4b79d, App\Models\User, 2025-11-19 11:06:00, 2025-11-19 11:06:00) returning "id")

/home/user/cmis.marketing.limited/vendor/laravel/framework/src/Illuminate/Database/Connection.php:824
/home/user/cmis.marketing.limited/vendor/laravel/framework/src/Illuminate/Database/Connection.php:778
/home/user/cmis.marketing.limited/vendor/laravel/framework/src/Illuminate/Database/Connection.php:397
/home/user/cmis.marketing.limited/vendor/laravel/framework/src/Illuminate/Database/Connection.php:384
/home/user/cmis.marketing.limited/vendor/laravel/framework/src/Illuminate/Database/Query/Processors/PostgresProcessor.php:24
/home/user/cmis.marketing.limited/vendor/laravel/framework/src/Illuminate/Database/Query/Builder.php:3853
/home/user/cmis.marketing.limited/vendor/laravel/framework/src/Illuminate/Database/Eloquent/Builder.php:2235
/home/user/cmis.marketing.limited/vendor/laravel/framework/src/Illuminate/Database/Eloquent/Model.php:1436
/home/user/cmis.marketing.limited/vendor/laravel/framework/src/Illuminate/Database/Eloquent/Model.php:1401
/home/user/cmis.marketing.limited/vendor/laravel/framework/src/Illuminate/Database/Eloquent/Model.php:1240
/home/user/cmis.marketing.limited/vendor/laravel/framework/src/Illuminate/Database/Eloquent/Relations/HasOneOrMany.php:370
/home/user/cmis.marketing.limited/vendor/laravel/framework/src/Illuminate/Support/helpers.php:390
/home/user/cmis.marketing.limited/vendor/laravel/framework/src/Illuminate/Database/Eloquent/Relations/HasOneOrMany.php:367
/home/user/cmis.marketing.limited/vendor/laravel/sanctum/src/HasApiTokens.php:64
/home/user/cmis.marketing.limited/tests/Feature/Security/SecurityHeadersTest.php:158</error>
        </testcase>
        <testcase name="test_permissions_policy_is_restrictive" file="/home/user/cmis.marketing.limited/tests/Feature/Security/SecurityHeadersTest.php" line="83" class="Tests\Feature\Security\SecurityHeadersTest" classname="Tests.Feature.Security.SecurityHeadersTest" assertions="6" time="0.058950"/>
        <testcase name="test_hsts_header_in_production" file="/home/user/cmis.marketing.limited/tests/Feature/Security/SecurityHeadersTest.php" line="102" class="Tests\Feature\Security\SecurityHeadersTest" classname="Tests.Feature.Security.SecurityHeadersTest" assertions="4" time="0.107008"/>
        <testcase name="test_all_critical_security_headers_present" file="/home/user/cmis.marketing.limited/tests/Feature/Security/SecurityHeadersTest.php" line="196" class="Tests\Feature\Security\SecurityHeadersTest" classname="Tests.Feature.Security.SecurityHeadersTest" assertions="5" time="0.058922"/>
        <testcase name="test_x_content_type_options_is_nosniff" file="/home/user/cmis.marketing.limited/tests/Feature/Security/SecurityHeadersTest.php" line="35" class="Tests\Feature\Security\SecurityHeadersTest" classname="Tests.Feature.Security.SecurityHeadersTest" assertions="1" time="0.058587"/>
        <testcase name="test_security_headers_dont_break_functionality" file="/home/user/cmis.marketing.limited/tests/Feature/Security/SecurityHeadersTest.php" line="236" class="Tests\Feature\Security\SecurityHeadersTest" classname="Tests.Feature.Security.SecurityHeadersTest" assertions="0" time="0.058171">
          <error type="Illuminate\Database\QueryException">Tests\Feature\Security\SecurityHeadersTest::test_security_headers_dont_break_functionality
Illuminate\Database\QueryException: SQLSTATE[42P01]: Undefined table: 7 ERROR:  relation "personal_access_tokens" does not exist
LINE 1: insert into "personal_access_tokens" ("name", "token", "abil...
                    ^ (Connection: pgsql, SQL: insert into "personal_access_tokens" ("name", "token", "abilities", "expires_at", "tokenable_id", "tokenable_type", "updated_at", "created_at") values (test-token, b1756e3f0da21789e3947daf6d91bd10681250be26b34b3242fcc1248b06b66f, ["*"], ?, b246cb0b-0a82-4d6c-9033-82082ad9913d, App\Models\User, 2025-11-19 11:06:00, 2025-11-19 11:06:00) returning "id")

/home/user/cmis.marketing.limited/vendor/laravel/framework/src/Illuminate/Database/Connection.php:824
/home/user/cmis.marketing.limited/vendor/laravel/framework/src/Illuminate/Database/Connection.php:778
/home/user/cmis.marketing.limited/vendor/laravel/framework/src/Illuminate/Database/Connection.php:397
/home/user/cmis.marketing.limited/vendor/laravel/framework/src/Illuminate/Database/Connection.php:384
/home/user/cmis.marketing.limited/vendor/laravel/framework/src/Illuminate/Database/Query/Processors/PostgresProcessor.php:24
/home/user/cmis.marketing.limited/vendor/laravel/framework/src/Illuminate/Database/Query/Builder.php:3853
/home/user/cmis.marketing.limited/vendor/laravel/framework/src/Illuminate/Database/Eloquent/Builder.php:2235
/home/user/cmis.marketing.limited/vendor/laravel/framework/src/Illuminate/Database/Eloquent/Model.php:1436
/home/user/cmis.marketing.limited/vendor/laravel/framework/src/Illuminate/Database/Eloquent/Model.php:1401
/home/user/cmis.marketing.limited/vendor/laravel/framework/src/Illuminate/Database/Eloquent/Model.php:1240
/home/user/cmis.marketing.limited/vendor/laravel/framework/src/Illuminate/Database/Eloquent/Relations/HasOneOrMany.php:370
/home/user/cmis.marketing.limited/vendor/laravel/framework/src/Illuminate/Support/helpers.php:390
/home/user/cmis.marketing.limited/vendor/laravel/framework/src/Illuminate/Database/Eloquent/Relations/HasOneOrMany.php:367
/home/user/cmis.marketing.limited/vendor/laravel/sanctum/src/HasApiTokens.php:64
/home/user/cmis.marketing.limited/tests/Feature/Security/SecurityHeadersTest.php:239</error>
        </testcase>
        <testcase name="test_csp_header_for_html_responses" file="/home/user/cmis.marketing.limited/tests/Feature/Security/SecurityHeadersTest.php" line="135" class="Tests\Feature\Security\SecurityHeadersTest" classname="Tests.Feature.Security.SecurityHeadersTest" assertions="4" time="0.112695"/>
        <testcase name="test_hsts_header_not_in_development" file="/home/user/cmis.marketing.limited/tests/Feature/Security/SecurityHeadersTest.php" line="121" class="Tests\Feature\Security\SecurityHeadersTest" classname="Tests.Feature.Security.SecurityHeadersTest" assertions="1" time="0.060459"/>
        <testcase name="test_security_headers_on_authenticated_routes" file="/home/user/cmis.marketing.limited/tests/Feature/Security/SecurityHeadersTest.php" line="221" class="Tests\Feature\Security\SecurityHeadersTest" classname="Tests.Feature.Security.SecurityHeadersTest" assertions="2" time="0.130478"/>
        <testcase name="test_referrer_policy_is_set" file="/home/user/cmis.marketing.limited/tests/Feature/Security/SecurityHeadersTest.php" line="71" class="Tests\Feature\Security\SecurityHeadersTest" classname="Tests.Feature.Security.SecurityHeadersTest" assertions="1" time="0.057806"/>
        <testcase name="test_x_frame_options_is_sameorigin" file="/home/user/cmis.marketing.limited/tests/Feature/Security/SecurityHeadersTest.php" line="47" class="Tests\Feature\Security\SecurityHeadersTest" classname="Tests.Feature.Security.SecurityHeadersTest" assertions="1" time="0.059476"/>
        <testcase name="test_csp_allows_necessary_resources" file="/home/user/cmis.marketing.limited/tests/Feature/Security/SecurityHeadersTest.php" line="256" class="Tests\Feature\Security\SecurityHeadersTest" classname="Tests.Feature.Security.SecurityHeadersTest" assertions="4" time="0.112572"/>
        <testcase name="test_security_headers_are_present" file="/home/user/cmis.marketing.limited/tests/Feature/Security/SecurityHeadersTest.php" line="18" class="Tests\Feature\Security\SecurityHeadersTest" classname="Tests.Feature.Security.SecurityHeadersTest" assertions="5" time="0.057617"/>
        <testcase name="test_security_headers_on_error_responses" file="/home/user/cmis.marketing.limited/tests/Feature/Security/SecurityHeadersTest.php" line="181" class="Tests\Feature\Security\SecurityHeadersTest" classname="Tests.Feature.Security.SecurityHeadersTest" assertions="3" time="0.124285"/>
      </testsuite>
      <testsuite name="Tests\Feature\Security\RowLevelSecurityTest" file="/home/user/cmis.marketing.limited/tests/Feature/Security/RowLevelSecurityTest.php" tests="10" assertions="0" errors="10" failures="0" skipped="0" time="0.784901">
        <testcase name="test_rls_function_returns_correct_org_id" file="/home/user/cmis.marketing.limited/tests/Feature/Security/RowLevelSecurityTest.php" line="264" class="Tests\Feature\Security\RowLevelSecurityTest" classname="Tests.Feature.Security.RowLevelSecurityTest" assertions="0" time="0.075147">
          <error type="Error">Tests\Feature\Security\RowLevelSecurityTest::test_rls_function_returns_correct_org_id
Error: Class "App\Models\Strategic\Campaign" not found

/home/user/cmis.marketing.limited/tests/Feature/Security/RowLevelSecurityTest.php:272</error>
        </testcase>
        <testcase name="test_rls_prevents_deletes_of_other_org_data" file="/home/user/cmis.marketing.limited/tests/Feature/Security/RowLevelSecurityTest.php" line="217" class="Tests\Feature\Security\RowLevelSecurityTest" classname="Tests.Feature.Security.RowLevelSecurityTest" assertions="0" time="0.063647">
          <error type="Error">Tests\Feature\Security\RowLevelSecurityTest::test_rls_prevents_deletes_of_other_org_data
Error: Class "App\Models\Strategic\Campaign" not found

/home/user/cmis.marketing.limited/tests/Feature/Security/RowLevelSecurityTest.php:224</error>
        </testcase>
        <testcase name="test_rls_works_with_joins" file="/home/user/cmis.marketing.limited/tests/Feature/Security/RowLevelSecurityTest.php" line="322" class="Tests\Feature\Security\RowLevelSecurityTest" classname="Tests.Feature.Security.RowLevelSecurityTest" assertions="0" time="0.061908">
          <error type="Error">Tests\Feature\Security\RowLevelSecurityTest::test_rls_works_with_joins
Error: Class "App\Models\Strategic\Campaign" not found

/home/user/cmis.marketing.limited/tests/Feature/Security/RowLevelSecurityTest.php:329</error>
        </testcase>
        <testcase name="test_rls_prevents_cross_tenant_campaign_access" file="/home/user/cmis.marketing.limited/tests/Feature/Security/RowLevelSecurityTest.php" line="24" class="Tests\Feature\Security\RowLevelSecurityTest" classname="Tests.Feature.Security.RowLevelSecurityTest" assertions="0" time="0.063772">
          <error type="Illuminate\Database\QueryException">Tests\Feature\Security\RowLevelSecurityTest::test_rls_prevents_cross_tenant_campaign_access
Illuminate\Database\QueryException: SQLSTATE[23502]: Not null violation: 7 ERROR:  null value in column "role_id" of relation "user_orgs" violates not-null constraint
DETAIL:  Failing row contains (019a9bca-f71c-71d9-b118-aa7ad6b7506c, d1fcbeb3-1a76-4513-bbae-bb93ba8293ab, c659d4bd-7960-45df-825a-2a82077c45d0, null, t, 2025-11-19 11:06:01.361174+00, null, null, null, null, 2025-11-19 11:06:01+00, 2025-11-19 11:06:01+00). (Connection: pgsql, SQL: insert into "cmis"."user_orgs" ("user_id", "org_id", "is_active", "id", "updated_at", "created_at") values (d1fcbeb3-1a76-4513-bbae-bb93ba8293ab, c659d4bd-7960-45df-825a-2a82077c45d0, 1, 019a9bca-f71c-71d9-b118-aa7ad6b7506c, 2025-11-19 11:06:01, 2025-11-19 11:06:01))

/home/user/cmis.marketing.limited/vendor/laravel/framework/src/Illuminate/Database/Connection.php:824
/home/user/cmis.marketing.limited/vendor/laravel/framework/src/Illuminate/Database/Connection.php:778
/home/user/cmis.marketing.limited/vendor/laravel/framework/src/Illuminate/Database/Connection.php:559
/home/user/cmis.marketing.limited/vendor/laravel/framework/src/Illuminate/Database/Connection.php:523
/home/user/cmis.marketing.limited/vendor/laravel/framework/src/Illuminate/Database/Query/Builder.php:3804
/home/user/cmis.marketing.limited/vendor/laravel/framework/src/Illuminate/Database/Eloquent/Builder.php:2235
/home/user/cmis.marketing.limited/vendor/laravel/framework/src/Illuminate/Database/Eloquent/Model.php:1412
/home/user/cmis.marketing.limited/vendor/laravel/framework/src/Illuminate/Database/Eloquent/Model.php:1240
/home/user/cmis.marketing.limited/vendor/laravel/framework/src/Illuminate/Database/Eloquent/Builder.php:1219
/home/user/cmis.marketing.limited/vendor/laravel/framework/src/Illuminate/Support/helpers.php:390
/home/user/cmis.marketing.limited/vendor/laravel/framework/src/Illuminate/Database/Eloquent/Builder.php:1218
/home/user/cmis.marketing.limited/vendor/laravel/framework/src/Illuminate/Support/Traits/ForwardsCalls.php:23
/home/user/cmis.marketing.limited/vendor/laravel/framework/src/Illuminate/Database/Eloquent/Model.php:2540
/home/user/cmis.marketing.limited/vendor/laravel/framework/src/Illuminate/Database/Eloquent/Model.php:2556
/home/user/cmis.marketing.limited/tests/Feature/Security/RowLevelSecurityTest.php:35</error>
        </testcase>
        <testcase name="test_rls_blocks_unauthenticated_access" file="/home/user/cmis.marketing.limited/tests/Feature/Security/RowLevelSecurityTest.php" line="247" class="Tests\Feature\Security\RowLevelSecurityTest" classname="Tests.Feature.Security.RowLevelSecurityTest" assertions="0" time="0.122062">
          <error type="Error">Tests\Feature\Security\RowLevelSecurityTest::test_rls_blocks_unauthenticated_access
Error: Class "App\Models\Strategic\Campaign" not found

/home/user/cmis.marketing.limited/tests/Feature/Security/RowLevelSecurityTest.php:250</error>
        </testcase>
        <testcase name="test_rls_blocks_direct_database_queries_across_tenants" file="/home/user/cmis.marketing.limited/tests/Feature/Security/RowLevelSecurityTest.php" line="80" class="Tests\Feature\Security\RowLevelSecurityTest" classname="Tests.Feature.Security.RowLevelSecurityTest" assertions="0" time="0.064159">
          <error type="Error">Tests\Feature\Security\RowLevelSecurityTest::test_rls_blocks_direct_database_queries_across_tenants
Error: Class "App\Models\Strategic\Campaign" not found

/home/user/cmis.marketing.limited/tests/Feature/Security/RowLevelSecurityTest.php:88</error>
        </testcase>
        <testcase name="test_rls_prevents_updates_to_other_org_data" file="/home/user/cmis.marketing.limited/tests/Feature/Security/RowLevelSecurityTest.php" line="179" class="Tests\Feature\Security\RowLevelSecurityTest" classname="Tests.Feature.Security.RowLevelSecurityTest" assertions="0" time="0.063493">
          <error type="Error">Tests\Feature\Security\RowLevelSecurityTest::test_rls_prevents_updates_to_other_org_data
Error: Class "App\Models\Strategic\Campaign" not found

/home/user/cmis.marketing.limited/tests/Feature/Security/RowLevelSecurityTest.php:186</error>
        </testcase>
        <testcase name="test_rls_isolates_content_plans" file="/home/user/cmis.marketing.limited/tests/Feature/Security/RowLevelSecurityTest.php" line="106" class="Tests\Feature\Security\RowLevelSecurityTest" classname="Tests.Feature.Security.RowLevelSecurityTest" assertions="0" time="0.065264">
          <error type="Error">Tests\Feature\Security\RowLevelSecurityTest::test_rls_isolates_content_plans
Error: Class "App\Models\Strategic\Campaign" not found

/home/user/cmis.marketing.limited/tests/Feature/Security/RowLevelSecurityTest.php:114</error>
        </testcase>
        <testcase name="test_rls_context_switches_with_org_change" file="/home/user/cmis.marketing.limited/tests/Feature/Security/RowLevelSecurityTest.php" line="286" class="Tests\Feature\Security\RowLevelSecurityTest" classname="Tests.Feature.Security.RowLevelSecurityTest" assertions="0" time="0.069480">
          <error type="Illuminate\Database\QueryException">Tests\Feature\Security\RowLevelSecurityTest::test_rls_context_switches_with_org_change
Illuminate\Database\QueryException: SQLSTATE[23502]: Not null violation: 7 ERROR:  null value in column "role_id" of relation "user_orgs" violates not-null constraint
DETAIL:  Failing row contains (019a9bca-f89d-71b7-9f24-dd0bd7a89c51, baf6a02c-f7c5-47e1-884e-dce75d75efa5, 2cea366a-6825-4ea9-b637-819c4ff101e6, null, t, 2025-11-19 11:06:01.74267+00, null, null, null, null, 2025-11-19 11:06:01+00, 2025-11-19 11:06:01+00). (Connection: pgsql, SQL: insert into "cmis"."user_orgs" ("user_id", "org_id", "is_active", "id", "updated_at", "created_at") values (baf6a02c-f7c5-47e1-884e-dce75d75efa5, 2cea366a-6825-4ea9-b637-819c4ff101e6, 1, 019a9bca-f89d-71b7-9f24-dd0bd7a89c51, 2025-11-19 11:06:01, 2025-11-19 11:06:01))

/home/user/cmis.marketing.limited/vendor/laravel/framework/src/Illuminate/Database/Connection.php:824
/home/user/cmis.marketing.limited/vendor/laravel/framework/src/Illuminate/Database/Connection.php:778
/home/user/cmis.marketing.limited/vendor/laravel/framework/src/Illuminate/Database/Connection.php:559
/home/user/cmis.marketing.limited/vendor/laravel/framework/src/Illuminate/Database/Connection.php:523
/home/user/cmis.marketing.limited/vendor/laravel/framework/src/Illuminate/Database/Query/Builder.php:3804
/home/user/cmis.marketing.limited/vendor/laravel/framework/src/Illuminate/Database/Eloquent/Builder.php:2235
/home/user/cmis.marketing.limited/vendor/laravel/framework/src/Illuminate/Database/Eloquent/Model.php:1412
/home/user/cmis.marketing.limited/vendor/laravel/framework/src/Illuminate/Database/Eloquent/Model.php:1240
/home/user/cmis.marketing.limited/vendor/laravel/framework/src/Illuminate/Database/Eloquent/Builder.php:1219
/home/user/cmis.marketing.limited/vendor/laravel/framework/src/Illuminate/Support/helpers.php:390
/home/user/cmis.marketing.limited/vendor/laravel/framework/src/Illuminate/Database/Eloquent/Builder.php:1218
/home/user/cmis.marketing.limited/vendor/laravel/framework/src/Illuminate/Support/Traits/ForwardsCalls.php:23
/home/user/cmis.marketing.limited/vendor/laravel/framework/src/Illuminate/Database/Eloquent/Model.php:2540
/home/user/cmis.marketing.limited/vendor/laravel/framework/src/Illuminate/Database/Eloquent/Model.php:2556
/home/user/cmis.marketing.limited/tests/Feature/Security/RowLevelSecurityTest.php:294</error>
        </testcase>
        <testcase name="test_rls_isolates_knowledge_base" file="/home/user/cmis.marketing.limited/tests/Feature/Security/RowLevelSecurityTest.php" line="143" class="Tests\Feature\Security\RowLevelSecurityTest" classname="Tests.Feature.Security.RowLevelSecurityTest" assertions="0" time="0.135970">
          <error type="Error">Tests\Feature\Security\RowLevelSecurityTest::test_rls_isolates_knowledge_base
Error: Class "App\Models\Knowledge\KnowledgeBase" not found

/home/user/cmis.marketing.limited/tests/Feature/Security/RowLevelSecurityTest.php:151</error>
        </testcase>
      </testsuite>
      <testsuite name="Tests\Feature\Controllers\ContentControllerTest" file="/home/user/cmis.marketing.limited/tests/Feature/Controllers/ContentControllerTest.php" tests="10" assertions="3" errors="7" failures="3" skipped="0" time="3.210000">
        <testcase name="it_can_update_content_item" file="/home/user/cmis.marketing.limited/tests/Feature/Controllers/ContentControllerTest.php" line="110" class="Tests\Feature\Controllers\ContentControllerTest" classname="Tests.Feature.Controllers.ContentControllerTest" assertions="0" time="0.313807">
          <error type="Error">Tests\Feature\Controllers\ContentControllerTest::it_can_update_content_item
Error: Class "App\Models\Content\ContentPlanItem" not found

/home/user/cmis.marketing.limited/tests/Feature/Controllers/ContentControllerTest.php:116</error>
        </testcase>
        <testcase name="it_can_list_content_items" file="/home/user/cmis.marketing.limited/tests/Feature/Controllers/ContentControllerTest.php" line="24" class="Tests\Feature\Controllers\ContentControllerTest" classname="Tests.Feature.Controllers.ContentControllerTest" assertions="0" time="0.302790">
          <error type="Error">Tests\Feature\Controllers\ContentControllerTest::it_can_list_content_items
Error: Class "App\Models\Content\ContentPlanItem" not found

/home/user/cmis.marketing.limited/tests/Feature/Controllers/ContentControllerTest.php:30</error>
        </testcase>
        <testcase name="it_requires_authentication" file="/home/user/cmis.marketing.limited/tests/Feature/Controllers/ContentControllerTest.php" line="279" class="Tests\Feature\Controllers\ContentControllerTest" classname="Tests.Feature.Controllers.ContentControllerTest" assertions="1" time="0.117639">
          <failure type="PHPUnit\Framework\ExpectationFailedException">Tests\Feature\Controllers\ContentControllerTest::it_requires_authentication
Expected response status code [401] but received 404.
Failed asserting that 404 is identical to 401.

/home/user/cmis.marketing.limited/vendor/laravel/framework/src/Illuminate/Testing/TestResponseAssert.php:45
/home/user/cmis.marketing.limited/vendor/laravel/framework/src/Illuminate/Testing/TestResponse.php:174
/home/user/cmis.marketing.limited/tests/Feature/Controllers/ContentControllerTest.php:283</failure>
        </testcase>
        <testcase name="it_can_delete_content_item" file="/home/user/cmis.marketing.limited/tests/Feature/Controllers/ContentControllerTest.php" line="140" class="Tests\Feature\Controllers\ContentControllerTest" classname="Tests.Feature.Controllers.ContentControllerTest" assertions="0" time="0.300574">
          <error type="Error">Tests\Feature\Controllers\ContentControllerTest::it_can_delete_content_item
Error: Class "App\Models\Content\ContentPlanItem" not found

/home/user/cmis.marketing.limited/tests/Feature/Controllers/ContentControllerTest.php:146</error>
        </testcase>
        <testcase name="it_validates_required_fields" file="/home/user/cmis.marketing.limited/tests/Feature/Controllers/ContentControllerTest.php" line="233" class="Tests\Feature\Controllers\ContentControllerTest" classname="Tests.Feature.Controllers.ContentControllerTest" assertions="1" time="0.313068">
          <failure type="PHPUnit\Framework\ExpectationFailedException">Tests\Feature\Controllers\ContentControllerTest::it_validates_required_fields
Expected response status code [422] but received 404.
Failed asserting that 404 is identical to 422.

/home/user/cmis.marketing.limited/vendor/laravel/framework/src/Illuminate/Testing/TestResponseAssert.php:45
/home/user/cmis.marketing.limited/vendor/laravel/framework/src/Illuminate/Testing/TestResponse.php:174
/home/user/cmis.marketing.limited/tests/Feature/Controllers/ContentControllerTest.php:244</failure>
        </testcase>
        <testcase name="it_respects_org_isolation" file="/home/user/cmis.marketing.limited/tests/Feature/Controllers/ContentControllerTest.php" line="254" class="Tests\Feature\Controllers\ContentControllerTest" classname="Tests.Feature.Controllers.ContentControllerTest" assertions="0" time="0.544559">
          <error type="Error">Tests\Feature\Controllers\ContentControllerTest::it_respects_org_isolation
Error: Class "App\Models\Content\ContentPlanItem" not found

/home/user/cmis.marketing.limited/tests/Feature/Controllers/ContentControllerTest.php:259</error>
        </testcase>
        <testcase name="it_can_filter_by_status" file="/home/user/cmis.marketing.limited/tests/Feature/Controllers/ContentControllerTest.php" line="199" class="Tests\Feature\Controllers\ContentControllerTest" classname="Tests.Feature.Controllers.ContentControllerTest" assertions="0" time="0.365183">
          <error type="Error">Tests\Feature\Controllers\ContentControllerTest::it_can_filter_by_status
Error: Class "App\Models\Content\ContentPlanItem" not found

/home/user/cmis.marketing.limited/tests/Feature/Controllers/ContentControllerTest.php:205</error>
        </testcase>
        <testcase name="it_can_schedule_content" file="/home/user/cmis.marketing.limited/tests/Feature/Controllers/ContentControllerTest.php" line="170" class="Tests\Feature\Controllers\ContentControllerTest" classname="Tests.Feature.Controllers.ContentControllerTest" assertions="0" time="0.299032">
          <error type="Error">Tests\Feature\Controllers\ContentControllerTest::it_can_schedule_content
Error: Class "App\Models\Content\ContentPlanItem" not found

/home/user/cmis.marketing.limited/tests/Feature/Controllers/ContentControllerTest.php:176</error>
        </testcase>
        <testcase name="it_can_create_content_item" file="/home/user/cmis.marketing.limited/tests/Feature/Controllers/ContentControllerTest.php" line="58" class="Tests\Feature\Controllers\ContentControllerTest" classname="Tests.Feature.Controllers.ContentControllerTest" assertions="1" time="0.308347">
          <failure type="PHPUnit\Framework\ExpectationFailedException">Tests\Feature\Controllers\ContentControllerTest::it_can_create_content_item
Expected response status code [201] but received 404.
Failed asserting that 404 is identical to 201.

/home/user/cmis.marketing.limited/vendor/laravel/framework/src/Illuminate/Testing/TestResponseAssert.php:45
/home/user/cmis.marketing.limited/vendor/laravel/framework/src/Illuminate/Testing/TestResponse.php:174
/home/user/cmis.marketing.limited/tests/Feature/Controllers/ContentControllerTest.php:73</failure>
        </testcase>
        <testcase name="it_can_get_single_content_item" file="/home/user/cmis.marketing.limited/tests/Feature/Controllers/ContentControllerTest.php" line="83" class="Tests\Feature\Controllers\ContentControllerTest" classname="Tests.Feature.Controllers.ContentControllerTest" assertions="0" time="0.345001">
          <error type="Error">Tests\Feature\Controllers\ContentControllerTest::it_can_get_single_content_item
Error: Class "App\Models\Content\ContentPlanItem" not found

/home/user/cmis.marketing.limited/tests/Feature/Controllers/ContentControllerTest.php:89</error>
        </testcase>
      </testsuite>
      <testsuite name="Tests\Feature\Controllers\WebhookControllerTest" file="/home/user/cmis.marketing.limited/tests/Feature/Controllers/WebhookControllerTest.php" tests="10" assertions="0" errors="10" failures="0" skipped="0" time="3.004711">
        <testcase name="it_can_toggle_webhook_status" file="/home/user/cmis.marketing.limited/tests/Feature/Controllers/WebhookControllerTest.php" line="228" class="Tests\Feature\Controllers\WebhookControllerTest" classname="Tests.Feature.Controllers.WebhookControllerTest" assertions="0" time="0.303436">
          <error type="Error">Tests\Feature\Controllers\WebhookControllerTest::it_can_toggle_webhook_status
Error: Class "App\Models\Team\TeamMember" not found

/home/user/cmis.marketing.limited/tests/Feature/Controllers/WebhookControllerTest.php:242</error>
        </testcase>
        <testcase name="it_can_list_webhooks" file="/home/user/cmis.marketing.limited/tests/Feature/Controllers/WebhookControllerTest.php" line="27" class="Tests\Feature\Controllers\WebhookControllerTest" classname="Tests.Feature.Controllers.WebhookControllerTest" assertions="0" time="0.291822">
          <error type="Error">Tests\Feature\Controllers\WebhookControllerTest::it_can_list_webhooks
Error: Class "App\Models\Team\TeamMember" not found

/home/user/cmis.marketing.limited/tests/Feature/Controllers/WebhookControllerTest.php:41</error>
        </testcase>
        <testcase name="viewer_cannot_create_webhooks" file="/home/user/cmis.marketing.limited/tests/Feature/Controllers/WebhookControllerTest.php" line="312" class="Tests\Feature\Controllers\WebhookControllerTest" classname="Tests.Feature.Controllers.WebhookControllerTest" assertions="0" time="0.295354">
          <error type="Error">Tests\Feature\Controllers\WebhookControllerTest::viewer_cannot_create_webhooks
Error: Class "App\Models\Team\TeamMember" not found

/home/user/cmis.marketing.limited/tests/Feature/Controllers/WebhookControllerTest.php:326</error>
        </testcase>
        <testcase name="it_can_create_webhook" file="/home/user/cmis.marketing.limited/tests/Feature/Controllers/WebhookControllerTest.php" line="69" class="Tests\Feature\Controllers\WebhookControllerTest" classname="Tests.Feature.Controllers.WebhookControllerTest" assertions="0" time="0.292655">
          <error type="Error">Tests\Feature\Controllers\WebhookControllerTest::it_can_create_webhook
Error: Class "App\Models\Team\TeamMember" not found

/home/user/cmis.marketing.limited/tests/Feature/Controllers/WebhookControllerTest.php:83</error>
        </testcase>
        <testcase name="it_can_test_webhook_delivery" file="/home/user/cmis.marketing.limited/tests/Feature/Controllers/WebhookControllerTest.php" line="270" class="Tests\Feature\Controllers\WebhookControllerTest" classname="Tests.Feature.Controllers.WebhookControllerTest" assertions="0" time="0.329219">
          <error type="Error">Tests\Feature\Controllers\WebhookControllerTest::it_can_test_webhook_delivery
Error: Class "App\Models\Team\TeamMember" not found

/home/user/cmis.marketing.limited/tests/Feature/Controllers/WebhookControllerTest.php:284</error>
        </testcase>
        <testcase name="it_can_delete_webhook" file="/home/user/cmis.marketing.limited/tests/Feature/Controllers/WebhookControllerTest.php" line="144" class="Tests\Feature\Controllers\WebhookControllerTest" classname="Tests.Feature.Controllers.WebhookControllerTest" assertions="0" time="0.286647">
          <error type="Error">Tests\Feature\Controllers\WebhookControllerTest::it_can_delete_webhook
Error: Class "App\Models\Team\TeamMember" not found

/home/user/cmis.marketing.limited/tests/Feature/Controllers/WebhookControllerTest.php:158</error>
        </testcase>
        <testcase name="it_can_view_webhook_delivery_logs" file="/home/user/cmis.marketing.limited/tests/Feature/Controllers/WebhookControllerTest.php" line="401" class="Tests\Feature\Controllers\WebhookControllerTest" classname="Tests.Feature.Controllers.WebhookControllerTest" assertions="0" time="0.286308">
          <error type="Error">Tests\Feature\Controllers\WebhookControllerTest::it_can_view_webhook_delivery_logs
Error: Class "App\Models\Team\TeamMember" not found

/home/user/cmis.marketing.limited/tests/Feature/Controllers/WebhookControllerTest.php:415</error>
        </testcase>
        <testcase name="it_can_update_webhook" file="/home/user/cmis.marketing.limited/tests/Feature/Controllers/WebhookControllerTest.php" line="102" class="Tests\Feature\Controllers\WebhookControllerTest" classname="Tests.Feature.Controllers.WebhookControllerTest" assertions="0" time="0.284409">
          <error type="Error">Tests\Feature\Controllers\WebhookControllerTest::it_can_update_webhook
Error: Class "App\Models\Team\TeamMember" not found

/home/user/cmis.marketing.limited/tests/Feature/Controllers/WebhookControllerTest.php:116</error>
        </testcase>
        <testcase name="it_respects_org_isolation" file="/home/user/cmis.marketing.limited/tests/Feature/Controllers/WebhookControllerTest.php" line="345" class="Tests\Feature\Controllers\WebhookControllerTest" classname="Tests.Feature.Controllers.WebhookControllerTest" assertions="0" time="0.288706">
          <error type="Error">Tests\Feature\Controllers\WebhookControllerTest::it_respects_org_isolation
Error: Class "App\Models\Team\TeamMember" not found

/home/user/cmis.marketing.limited/tests/Feature/Controllers/WebhookControllerTest.php:364</error>
        </testcase>
        <testcase name="it_can_show_webhook_details" file="/home/user/cmis.marketing.limited/tests/Feature/Controllers/WebhookControllerTest.php" line="186" class="Tests\Feature\Controllers\WebhookControllerTest" classname="Tests.Feature.Controllers.WebhookControllerTest" assertions="0" time="0.346156">
          <error type="Error">Tests\Feature\Controllers\WebhookControllerTest::it_can_show_webhook_details
Error: Class "App\Models\Team\TeamMember" not found

/home/user/cmis.marketing.limited/tests/Feature/Controllers/WebhookControllerTest.php:200</error>
        </testcase>
      </testsuite>
      <testsuite name="Tests\Feature\API\CreativeBriefAPITest" file="/home/user/cmis.marketing.limited/tests/Feature/API/CreativeBriefAPITest.php" tests="10" assertions="10" errors="0" failures="10" skipped="0" time="3.350931">
        <testcase name="it_enforces_org_isolation_for_briefs" file="/home/user/cmis.marketing.limited/tests/Feature/API/CreativeBriefAPITest.php" line="158" class="Tests\Feature\API\CreativeBriefAPITest" classname="Tests.Feature.API.CreativeBriefAPITest" assertions="1" time="0.545412">
          <failure type="PHPUnit\Framework\ExpectationFailedException">Tests\Feature\API\CreativeBriefAPITest::it_enforces_org_isolation_for_briefs
Expected response status code [200] but received 404.
Failed asserting that 404 is identical to 200.

/home/user/cmis.marketing.limited/vendor/laravel/framework/src/Illuminate/Testing/TestResponseAssert.php:45
/home/user/cmis.marketing.limited/vendor/laravel/framework/src/Illuminate/Testing/TestResponse.php:174
/home/user/cmis.marketing.limited/tests/Feature/API/CreativeBriefAPITest.php:174</failure>
        </testcase>
        <testcase name="it_can_create_a_creative_brief" file="/home/user/cmis.marketing.limited/tests/Feature/API/CreativeBriefAPITest.php" line="44" class="Tests\Feature\API\CreativeBriefAPITest" classname="Tests.Feature.API.CreativeBriefAPITest" assertions="1" time="0.364615">
          <failure type="PHPUnit\Framework\ExpectationFailedException">Tests\Feature\API\CreativeBriefAPITest::it_can_create_a_creative_brief
Expected response status code [201] but received 404.
Failed asserting that 404 is identical to 201.

/home/user/cmis.marketing.limited/vendor/laravel/framework/src/Illuminate/Testing/TestResponseAssert.php:45
/home/user/cmis.marketing.limited/vendor/laravel/framework/src/Illuminate/Testing/TestResponse.php:174
/home/user/cmis.marketing.limited/tests/Feature/API/CreativeBriefAPITest.php:71</failure>
        </testcase>
        <testcase name="it_can_update_a_creative_brief" file="/home/user/cmis.marketing.limited/tests/Feature/API/CreativeBriefAPITest.php" line="104" class="Tests\Feature\API\CreativeBriefAPITest" classname="Tests.Feature.API.CreativeBriefAPITest" assertions="1" time="0.310317">
          <failure type="PHPUnit\Framework\ExpectationFailedException">Tests\Feature\API\CreativeBriefAPITest::it_can_update_a_creative_brief
Expected response status code [200] but received 404.
Failed asserting that 404 is identical to 200.

/home/user/cmis.marketing.limited/vendor/laravel/framework/src/Illuminate/Testing/TestResponseAssert.php:45
/home/user/cmis.marketing.limited/vendor/laravel/framework/src/Illuminate/Testing/TestResponse.php:174
/home/user/cmis.marketing.limited/tests/Feature/API/CreativeBriefAPITest.php:126</failure>
        </testcase>
        <testcase name="it_can_search_creative_briefs" file="/home/user/cmis.marketing.limited/tests/Feature/API/CreativeBriefAPITest.php" line="208" class="Tests\Feature\API\CreativeBriefAPITest" classname="Tests.Feature.API.CreativeBriefAPITest" assertions="1" time="0.366652">
          <failure type="PHPUnit\Framework\ExpectationFailedException">Tests\Feature\API\CreativeBriefAPITest::it_can_search_creative_briefs
Expected response status code [200] but received 404.
Failed asserting that 404 is identical to 200.

/home/user/cmis.marketing.limited/vendor/laravel/framework/src/Illuminate/Testing/TestResponseAssert.php:45
/home/user/cmis.marketing.limited/vendor/laravel/framework/src/Illuminate/Testing/TestResponse.php:174
/home/user/cmis.marketing.limited/tests/Feature/API/CreativeBriefAPITest.php:221</failure>
        </testcase>
        <testcase name="it_validates_creative_brief_creation_data" file="/home/user/cmis.marketing.limited/tests/Feature/API/CreativeBriefAPITest.php" line="180" class="Tests\Feature\API\CreativeBriefAPITest" classname="Tests.Feature.API.CreativeBriefAPITest" assertions="1" time="0.356459">
          <failure type="PHPUnit\Framework\ExpectationFailedException">Tests\Feature\API\CreativeBriefAPITest::it_validates_creative_brief_creation_data
Expected response status code [422] but received 404.
Failed asserting that 404 is identical to 422.

/home/user/cmis.marketing.limited/vendor/laravel/framework/src/Illuminate/Testing/TestResponseAssert.php:45
/home/user/cmis.marketing.limited/vendor/laravel/framework/src/Illuminate/Testing/TestResponse.php:174
/home/user/cmis.marketing.limited/tests/Feature/API/CreativeBriefAPITest.php:195</failure>
        </testcase>
        <testcase name="it_includes_complete_art_direction_in_response" file="/home/user/cmis.marketing.limited/tests/Feature/API/CreativeBriefAPITest.php" line="227" class="Tests\Feature\API\CreativeBriefAPITest" classname="Tests.Feature.API.CreativeBriefAPITest" assertions="1" time="0.307474">
          <failure type="PHPUnit\Framework\ExpectationFailedException">Tests\Feature\API\CreativeBriefAPITest::it_includes_complete_art_direction_in_response
Expected response status code [200] but received 404.
Failed asserting that 404 is identical to 200.

/home/user/cmis.marketing.limited/vendor/laravel/framework/src/Illuminate/Testing/TestResponseAssert.php:45
/home/user/cmis.marketing.limited/vendor/laravel/framework/src/Illuminate/Testing/TestResponse.php:174
/home/user/cmis.marketing.limited/tests/Feature/API/CreativeBriefAPITest.php:253</failure>
        </testcase>
        <testcase name="it_requires_authentication" file="/home/user/cmis.marketing.limited/tests/Feature/API/CreativeBriefAPITest.php" line="200" class="Tests\Feature\API\CreativeBriefAPITest" classname="Tests.Feature.API.CreativeBriefAPITest" assertions="1" time="0.119815">
          <failure type="PHPUnit\Framework\ExpectationFailedException">Tests\Feature\API\CreativeBriefAPITest::it_requires_authentication
Expected response status code [401] but received 404.
Failed asserting that 404 is identical to 401.

/home/user/cmis.marketing.limited/vendor/laravel/framework/src/Illuminate/Testing/TestResponseAssert.php:45
/home/user/cmis.marketing.limited/vendor/laravel/framework/src/Illuminate/Testing/TestResponse.php:174
/home/user/cmis.marketing.limited/tests/Feature/API/CreativeBriefAPITest.php:204</failure>
        </testcase>
        <testcase name="it_can_view_a_specific_creative_brief" file="/home/user/cmis.marketing.limited/tests/Feature/API/CreativeBriefAPITest.php" line="81" class="Tests\Feature\API\CreativeBriefAPITest" classname="Tests.Feature.API.CreativeBriefAPITest" assertions="1" time="0.313688">
          <failure type="PHPUnit\Framework\ExpectationFailedException">Tests\Feature\API\CreativeBriefAPITest::it_can_view_a_specific_creative_brief
Expected response status code [200] but received 404.
Failed asserting that 404 is identical to 200.

/home/user/cmis.marketing.limited/vendor/laravel/framework/src/Illuminate/Testing/TestResponseAssert.php:45
/home/user/cmis.marketing.limited/vendor/laravel/framework/src/Illuminate/Testing/TestResponse.php:174
/home/user/cmis.marketing.limited/tests/Feature/API/CreativeBriefAPITest.php:98</failure>
        </testcase>
        <testcase name="it_can_delete_a_creative_brief" file="/home/user/cmis.marketing.limited/tests/Feature/API/CreativeBriefAPITest.php" line="136" class="Tests\Feature\API\CreativeBriefAPITest" classname="Tests.Feature.API.CreativeBriefAPITest" assertions="1" time="0.359212">
          <failure type="PHPUnit\Framework\ExpectationFailedException">Tests\Feature\API\CreativeBriefAPITest::it_can_delete_a_creative_brief
Expected response status code [204] but received 404.
Failed asserting that 404 is identical to 204.

/home/user/cmis.marketing.limited/vendor/laravel/framework/src/Illuminate/Testing/TestResponseAssert.php:45
/home/user/cmis.marketing.limited/vendor/laravel/framework/src/Illuminate/Testing/TestResponse.php:174
/home/user/cmis.marketing.limited/tests/Feature/API/CreativeBriefAPITest.php:150</failure>
        </testcase>
        <testcase name="it_can_list_creative_briefs_for_organization" file="/home/user/cmis.marketing.limited/tests/Feature/API/CreativeBriefAPITest.php" line="23" class="Tests\Feature\API\CreativeBriefAPITest" classname="Tests.Feature.API.CreativeBriefAPITest" assertions="1" time="0.307286">
          <failure type="PHPUnit\Framework\ExpectationFailedException">Tests\Feature\API\CreativeBriefAPITest::it_can_list_creative_briefs_for_organization
Expected response status code [200] but received 404.
Failed asserting that 404 is identical to 200.

/home/user/cmis.marketing.limited/vendor/laravel/framework/src/Illuminate/Testing/TestResponseAssert.php:45
/home/user/cmis.marketing.limited/vendor/laravel/framework/src/Illuminate/Testing/TestResponse.php:174
/home/user/cmis.marketing.limited/tests/Feature/API/CreativeBriefAPITest.php:37</failure>
        </testcase>
      </testsuite>
      <testsuite name="Tests\Feature\GPT\GPTWorkflowTest" file="/home/user/cmis.marketing.limited/tests/Feature/GPT/GPTWorkflowTest.php" tests="24" assertions="0" errors="24" failures="0" skipped="0" time="0.000000">
        <testcase name="it_can_create_content_plan" file="/home/user/cmis.marketing.limited/tests/Feature/GPT/GPTWorkflowTest.php" line="168" class="Tests\Feature\GPT\GPTWorkflowTest" classname="Tests.Feature.GPT.GPTWorkflowTest" assertions="0" time="0.000000">
          <error type="Error">Tests\Feature\GPT\GPTWorkflowTest::it_can_create_content_plan
Error: Class "App\Models\Core\User" not found

/home/user/cmis.marketing.limited/tests/Feature/GPT/GPTWorkflowTest.php:27</error>
        </testcase>
        <testcase name="it_can_create_conversation_session" file="/home/user/cmis.marketing.limited/tests/Feature/GPT/GPTWorkflowTest.php" line="281" class="Tests\Feature\GPT\GPTWorkflowTest" classname="Tests.Feature.GPT.GPTWorkflowTest" assertions="0" time="0.000000">
          <error type="Error">Tests\Feature\GPT\GPTWorkflowTest::it_can_create_conversation_session
Error: Class "App\Models\Core\User" not found

/home/user/cmis.marketing.limited/tests/Feature/GPT/GPTWorkflowTest.php:27</error>
        </testcase>
        <testcase name="it_can_clear_conversation_history" file="/home/user/cmis.marketing.limited/tests/Feature/GPT/GPTWorkflowTest.php" line="415" class="Tests\Feature\GPT\GPTWorkflowTest" classname="Tests.Feature.GPT.GPTWorkflowTest" assertions="0" time="0.000000">
          <error type="Error">Tests\Feature\GPT\GPTWorkflowTest::it_can_clear_conversation_history
Error: Class "App\Models\Core\User" not found

/home/user/cmis.marketing.limited/tests/Feature/GPT/GPTWorkflowTest.php:27</error>
        </testcase>
        <testcase name="it_validates_knowledge_search_query" file="/home/user/cmis.marketing.limited/tests/Feature/GPT/GPTWorkflowTest.php" line="208" class="Tests\Feature\GPT\GPTWorkflowTest" classname="Tests.Feature.GPT.GPTWorkflowTest" assertions="0" time="0.000000">
          <error type="Error">Tests\Feature\GPT\GPTWorkflowTest::it_validates_knowledge_search_query
Error: Class "App\Models\Core\User" not found

/home/user/cmis.marketing.limited/tests/Feature/GPT/GPTWorkflowTest.php:27</error>
        </testcase>
        <testcase name="it_can_list_content_plans" file="/home/user/cmis.marketing.limited/tests/Feature/GPT/GPTWorkflowTest.php" line="149" class="Tests\Feature\GPT\GPTWorkflowTest" classname="Tests.Feature.GPT.GPTWorkflowTest" assertions="0" time="0.000000">
          <error type="Error">Tests\Feature\GPT\GPTWorkflowTest::it_can_list_content_plans
Error: Class "App\Models\Core\User" not found

/home/user/cmis.marketing.limited/tests/Feature/GPT/GPTWorkflowTest.php:27</error>
        </testcase>
        <testcase name="it_requires_authentication_for_gpt_endpoints" file="/home/user/cmis.marketing.limited/tests/Feature/GPT/GPTWorkflowTest.php" line="258" class="Tests\Feature\GPT\GPTWorkflowTest" classname="Tests.Feature.GPT.GPTWorkflowTest" assertions="0" time="0.000000">
          <error type="Error">Tests\Feature\GPT\GPTWorkflowTest::it_requires_authentication_for_gpt_endpoints
Error: Class "App\Models\Core\User" not found

/home/user/cmis.marketing.limited/tests/Feature/GPT/GPTWorkflowTest.php:27</error>
        </testcase>
        <testcase name="it_can_get_ai_insights_for_campaign" file="/home/user/cmis.marketing.limited/tests/Feature/GPT/GPTWorkflowTest.php" line="237" class="Tests\Feature\GPT\GPTWorkflowTest" classname="Tests.Feature.GPT.GPTWorkflowTest" assertions="0" time="0.000000">
          <error type="Error">Tests\Feature\GPT\GPTWorkflowTest::it_can_get_ai_insights_for_campaign
Error: Class "App\Models\Core\User" not found

/home/user/cmis.marketing.limited/tests/Feature/GPT/GPTWorkflowTest.php:27</error>
        </testcase>
        <testcase name="it_can_send_message_in_conversation" file="/home/user/cmis.marketing.limited/tests/Feature/GPT/GPTWorkflowTest.php" line="313" class="Tests\Feature\GPT\GPTWorkflowTest" classname="Tests.Feature.GPT.GPTWorkflowTest" assertions="0" time="0.000000">
          <error type="Error">Tests\Feature\GPT\GPTWorkflowTest::it_can_send_message_in_conversation
Error: Class "App\Models\Core\User" not found

/home/user/cmis.marketing.limited/tests/Feature/GPT/GPTWorkflowTest.php:27</error>
        </testcase>
        <testcase name="it_validates_conversation_message" file="/home/user/cmis.marketing.limited/tests/Feature/GPT/GPTWorkflowTest.php" line="342" class="Tests\Feature\GPT\GPTWorkflowTest" classname="Tests.Feature.GPT.GPTWorkflowTest" assertions="0" time="0.000000">
          <error type="Error">Tests\Feature\GPT\GPTWorkflowTest::it_validates_conversation_message
Error: Class "App\Models\Core\User" not found

/home/user/cmis.marketing.limited/tests/Feature/GPT/GPTWorkflowTest.php:27</error>
        </testcase>
        <testcase name="it_can_list_campaigns_via_gpt" file="/home/user/cmis.marketing.limited/tests/Feature/GPT/GPTWorkflowTest.php" line="60" class="Tests\Feature\GPT\GPTWorkflowTest" classname="Tests.Feature.GPT.GPTWorkflowTest" assertions="0" time="0.000000">
          <error type="Error">Tests\Feature\GPT\GPTWorkflowTest::it_can_list_campaigns_via_gpt
Error: Class "App\Models\Core\User" not found

/home/user/cmis.marketing.limited/tests/Feature/GPT/GPTWorkflowTest.php:27</error>
        </testcase>
        <testcase name="it_can_reuse_existing_session" file="/home/user/cmis.marketing.limited/tests/Feature/GPT/GPTWorkflowTest.php" line="301" class="Tests\Feature\GPT\GPTWorkflowTest" classname="Tests.Feature.GPT.GPTWorkflowTest" assertions="0" time="0.000000">
          <error type="Error">Tests\Feature\GPT\GPTWorkflowTest::it_can_reuse_existing_session
Error: Class "App\Models\Core\User" not found

/home/user/cmis.marketing.limited/tests/Feature/GPT/GPTWorkflowTest.php:27</error>
        </testcase>
        <testcase name="it_can_get_single_campaign" file="/home/user/cmis.marketing.limited/tests/Feature/GPT/GPTWorkflowTest.php" line="104" class="Tests\Feature\GPT\GPTWorkflowTest" classname="Tests.Feature.GPT.GPTWorkflowTest" assertions="0" time="0.000000">
          <error type="Error">Tests\Feature\GPT\GPTWorkflowTest::it_can_get_single_campaign
Error: Class "App\Models\Core\User" not found

/home/user/cmis.marketing.limited/tests/Feature/GPT/GPTWorkflowTest.php:27</error>
        </testcase>
        <testcase name="it_prevents_access_to_other_orgs_campaigns" file="/home/user/cmis.marketing.limited/tests/Feature/GPT/GPTWorkflowTest.php" line="268" class="Tests\Feature\GPT\GPTWorkflowTest" classname="Tests.Feature.GPT.GPTWorkflowTest" assertions="0" time="0.000000">
          <error type="Error">Tests\Feature\GPT\GPTWorkflowTest::it_prevents_access_to_other_orgs_campaigns
Error: Class "App\Models\Core\User" not found

/home/user/cmis.marketing.limited/tests/Feature/GPT/GPTWorkflowTest.php:27</error>
        </testcase>
        <testcase name="it_enforces_message_max_length" file="/home/user/cmis.marketing.limited/tests/Feature/GPT/GPTWorkflowTest.php" line="351" class="Tests\Feature\GPT\GPTWorkflowTest" classname="Tests.Feature.GPT.GPTWorkflowTest" assertions="0" time="0.000000">
          <error type="Error">Tests\Feature\GPT\GPTWorkflowTest::it_enforces_message_max_length
Error: Class "App\Models\Core\User" not found

/home/user/cmis.marketing.limited/tests/Feature/GPT/GPTWorkflowTest.php:27</error>
        </testcase>
        <testcase name="it_can_search_knowledge_base" file="/home/user/cmis.marketing.limited/tests/Feature/GPT/GPTWorkflowTest.php" line="194" class="Tests\Feature\GPT\GPTWorkflowTest" classname="Tests.Feature.GPT.GPTWorkflowTest" assertions="0" time="0.000000">
          <error type="Error">Tests\Feature\GPT\GPTWorkflowTest::it_can_search_knowledge_base
Error: Class "App\Models\Core\User" not found

/home/user/cmis.marketing.limited/tests/Feature/GPT/GPTWorkflowTest.php:27</error>
        </testcase>
        <testcase name="it_can_get_conversation_history" file="/home/user/cmis.marketing.limited/tests/Feature/GPT/GPTWorkflowTest.php" line="368" class="Tests\Feature\GPT\GPTWorkflowTest" classname="Tests.Feature.GPT.GPTWorkflowTest" assertions="0" time="0.000000">
          <error type="Error">Tests\Feature\GPT\GPTWorkflowTest::it_can_get_conversation_history
Error: Class "App\Models\Core\User" not found

/home/user/cmis.marketing.limited/tests/Feature/GPT/GPTWorkflowTest.php:27</error>
        </testcase>
        <testcase name="it_can_get_user_and_org_context" file="/home/user/cmis.marketing.limited/tests/Feature/GPT/GPTWorkflowTest.php" line="38" class="Tests\Feature\GPT\GPTWorkflowTest" classname="Tests.Feature.GPT.GPTWorkflowTest" assertions="0" time="0.000000">
          <error type="Error">Tests\Feature\GPT\GPTWorkflowTest::it_can_get_user_and_org_context
Error: Class "App\Models\Core\User" not found

/home/user/cmis.marketing.limited/tests/Feature/GPT/GPTWorkflowTest.php:27</error>
        </testcase>
        <testcase name="it_can_get_conversation_statistics" file="/home/user/cmis.marketing.limited/tests/Feature/GPT/GPTWorkflowTest.php" line="436" class="Tests\Feature\GPT\GPTWorkflowTest" classname="Tests.Feature.GPT.GPTWorkflowTest" assertions="0" time="0.000000">
          <error type="Error">Tests\Feature\GPT\GPTWorkflowTest::it_can_get_conversation_statistics
Error: Class "App\Models\Core\User" not found

/home/user/cmis.marketing.limited/tests/Feature/GPT/GPTWorkflowTest.php:27</error>
        </testcase>
        <testcase name="it_can_create_campaign_via_gpt" file="/home/user/cmis.marketing.limited/tests/Feature/GPT/GPTWorkflowTest.php" line="119" class="Tests\Feature\GPT\GPTWorkflowTest" classname="Tests.Feature.GPT.GPTWorkflowTest" assertions="0" time="0.000000">
          <error type="Error">Tests\Feature\GPT\GPTWorkflowTest::it_can_create_campaign_via_gpt
Error: Class "App\Models\Core\User" not found

/home/user/cmis.marketing.limited/tests/Feature/GPT/GPTWorkflowTest.php:27</error>
        </testcase>
        <testcase name="it_can_limit_conversation_history" file="/home/user/cmis.marketing.limited/tests/Feature/GPT/GPTWorkflowTest.php" line="395" class="Tests\Feature\GPT\GPTWorkflowTest" classname="Tests.Feature.GPT.GPTWorkflowTest" assertions="0" time="0.000000">
          <error type="Error">Tests\Feature\GPT\GPTWorkflowTest::it_can_limit_conversation_history
Error: Class "App\Models\Core\User" not found

/home/user/cmis.marketing.limited/tests/Feature/GPT/GPTWorkflowTest.php:27</error>
        </testcase>
        <testcase name="it_maintains_conversation_context_across_messages" file="/home/user/cmis.marketing.limited/tests/Feature/GPT/GPTWorkflowTest.php" line="469" class="Tests\Feature\GPT\GPTWorkflowTest" classname="Tests.Feature.GPT.GPTWorkflowTest" assertions="0" time="0.000000">
          <error type="Error">Tests\Feature\GPT\GPTWorkflowTest::it_maintains_conversation_context_across_messages
Error: Class "App\Models\Core\User" not found

/home/user/cmis.marketing.limited/tests/Feature/GPT/GPTWorkflowTest.php:27</error>
        </testcase>
        <testcase name="it_can_add_knowledge_item" file="/home/user/cmis.marketing.limited/tests/Feature/GPT/GPTWorkflowTest.php" line="217" class="Tests\Feature\GPT\GPTWorkflowTest" classname="Tests.Feature.GPT.GPTWorkflowTest" assertions="0" time="0.000000">
          <error type="Error">Tests\Feature\GPT\GPTWorkflowTest::it_can_add_knowledge_item
Error: Class "App\Models\Core\User" not found

/home/user/cmis.marketing.limited/tests/Feature/GPT/GPTWorkflowTest.php:27</error>
        </testcase>
        <testcase name="it_can_filter_campaigns_by_status" file="/home/user/cmis.marketing.limited/tests/Feature/GPT/GPTWorkflowTest.php" line="81" class="Tests\Feature\GPT\GPTWorkflowTest" classname="Tests.Feature.GPT.GPTWorkflowTest" assertions="0" time="0.000000">
          <error type="Error">Tests\Feature\GPT\GPTWorkflowTest::it_can_filter_campaigns_by_status
Error: Class "App\Models\Core\User" not found

/home/user/cmis.marketing.limited/tests/Feature/GPT/GPTWorkflowTest.php:27</error>
        </testcase>
        <testcase name="it_handles_conversation_errors_gracefully" file="/home/user/cmis.marketing.limited/tests/Feature/GPT/GPTWorkflowTest.php" line="455" class="Tests\Feature\GPT\GPTWorkflowTest" classname="Tests.Feature.GPT.GPTWorkflowTest" assertions="0" time="0.000000">
          <error type="Error">Tests\Feature\GPT\GPTWorkflowTest::it_handles_conversation_errors_gracefully
Error: Class "App\Models\Core\User" not found

/home/user/cmis.marketing.limited/tests/Feature/GPT/GPTWorkflowTest.php:27</error>
        </testcase>
      </testsuite>
      <testsuite name="Tests\Feature\Controllers\AssetControllerTest" file="/home/user/cmis.marketing.limited/tests/Feature/Controllers/AssetControllerTest.php" tests="10" assertions="0" errors="10" failures="0" skipped="0" time="3.079307">
        <testcase name="it_can_upload_asset" file="/home/user/cmis.marketing.limited/tests/Feature/Controllers/AssetControllerTest.php" line="71" class="Tests\Feature\Controllers\AssetControllerTest" classname="Tests.Feature.Controllers.AssetControllerTest" assertions="0" time="0.296575">
          <error type="Error">Tests\Feature\Controllers\AssetControllerTest::it_can_upload_asset
Error: Class "App\Models\Team\TeamMember" not found

/home/user/cmis.marketing.limited/tests/Feature/Controllers/AssetControllerTest.php:85</error>
        </testcase>
        <testcase name="viewer_cannot_delete_assets" file="/home/user/cmis.marketing.limited/tests/Feature/Controllers/AssetControllerTest.php" line="319" class="Tests\Feature\Controllers\AssetControllerTest" classname="Tests.Feature.Controllers.AssetControllerTest" assertions="0" time="0.297427">
          <error type="Error">Tests\Feature\Controllers\AssetControllerTest::viewer_cannot_delete_assets
Error: Class "App\Models\Team\TeamMember" not found

/home/user/cmis.marketing.limited/tests/Feature/Controllers/AssetControllerTest.php:333</error>
        </testcase>
        <testcase name="it_can_view_asset_details" file="/home/user/cmis.marketing.limited/tests/Feature/Controllers/AssetControllerTest.php" line="106" class="Tests\Feature\Controllers\AssetControllerTest" classname="Tests.Feature.Controllers.AssetControllerTest" assertions="0" time="0.348994">
          <error type="Error">Tests\Feature\Controllers\AssetControllerTest::it_can_view_asset_details
Error: Class "App\Models\Team\TeamMember" not found

/home/user/cmis.marketing.limited/tests/Feature/Controllers/AssetControllerTest.php:120</error>
        </testcase>
        <testcase name="it_can_download_asset" file="/home/user/cmis.marketing.limited/tests/Feature/Controllers/AssetControllerTest.php" line="414" class="Tests\Feature\Controllers\AssetControllerTest" classname="Tests.Feature.Controllers.AssetControllerTest" assertions="0" time="0.296453">
          <error type="Error">Tests\Feature\Controllers\AssetControllerTest::it_can_download_asset
Error: Class "App\Models\Team\TeamMember" not found

/home/user/cmis.marketing.limited/tests/Feature/Controllers/AssetControllerTest.php:428</error>
        </testcase>
        <testcase name="it_can_delete_asset" file="/home/user/cmis.marketing.limited/tests/Feature/Controllers/AssetControllerTest.php" line="188" class="Tests\Feature\Controllers\AssetControllerTest" classname="Tests.Feature.Controllers.AssetControllerTest" assertions="0" time="0.297333">
          <error type="Error">Tests\Feature\Controllers\AssetControllerTest::it_can_delete_asset
Error: Class "App\Models\Team\TeamMember" not found

/home/user/cmis.marketing.limited/tests/Feature/Controllers/AssetControllerTest.php:202</error>
        </testcase>
        <testcase name="it_can_search_assets" file="/home/user/cmis.marketing.limited/tests/Feature/Controllers/AssetControllerTest.php" line="278" class="Tests\Feature\Controllers\AssetControllerTest" classname="Tests.Feature.Controllers.AssetControllerTest" assertions="0" time="0.299260">
          <error type="Error">Tests\Feature\Controllers\AssetControllerTest::it_can_search_assets
Error: Class "App\Models\Team\TeamMember" not found

/home/user/cmis.marketing.limited/tests/Feature/Controllers/AssetControllerTest.php:292</error>
        </testcase>
        <testcase name="it_respects_org_isolation" file="/home/user/cmis.marketing.limited/tests/Feature/Controllers/AssetControllerTest.php" line="360" class="Tests\Feature\Controllers\AssetControllerTest" classname="Tests.Feature.Controllers.AssetControllerTest" assertions="0" time="0.293249">
          <error type="Error">Tests\Feature\Controllers\AssetControllerTest::it_respects_org_isolation
Error: Class "App\Models\Team\TeamMember" not found

/home/user/cmis.marketing.limited/tests/Feature/Controllers/AssetControllerTest.php:379</error>
        </testcase>
        <testcase name="it_can_update_asset_metadata" file="/home/user/cmis.marketing.limited/tests/Feature/Controllers/AssetControllerTest.php" line="147" class="Tests\Feature\Controllers\AssetControllerTest" classname="Tests.Feature.Controllers.AssetControllerTest" assertions="0" time="0.350403">
          <error type="Error">Tests\Feature\Controllers\AssetControllerTest::it_can_update_asset_metadata
Error: Class "App\Models\Team\TeamMember" not found

/home/user/cmis.marketing.limited/tests/Feature/Controllers/AssetControllerTest.php:161</error>
        </testcase>
        <testcase name="it_can_filter_by_file_type" file="/home/user/cmis.marketing.limited/tests/Feature/Controllers/AssetControllerTest.php" line="229" class="Tests\Feature\Controllers\AssetControllerTest" classname="Tests.Feature.Controllers.AssetControllerTest" assertions="0" time="0.297647">
          <error type="Error">Tests\Feature\Controllers\AssetControllerTest::it_can_filter_by_file_type
Error: Class "App\Models\Team\TeamMember" not found

/home/user/cmis.marketing.limited/tests/Feature/Controllers/AssetControllerTest.php:243</error>
        </testcase>
        <testcase name="it_can_list_assets" file="/home/user/cmis.marketing.limited/tests/Feature/Controllers/AssetControllerTest.php" line="30" class="Tests\Feature\Controllers\AssetControllerTest" classname="Tests.Feature.Controllers.AssetControllerTest" assertions="0" time="0.301965">
          <error type="Error">Tests\Feature\Controllers\AssetControllerTest::it_can_list_assets
Error: Class "App\Models\Team\TeamMember" not found

/home/user/cmis.marketing.limited/tests/Feature/Controllers/AssetControllerTest.php:44</error>
        </testcase>
      </testsuite>
      <testsuite name="Tests\Feature\API\OfferingAPITest" file="/home/user/cmis.marketing.limited/tests/Feature/API/OfferingAPITest.php" tests="11" assertions="5" errors="6" failures="5" skipped="0" time="3.597742">
        <testcase name="it_validates_price_is_positive" file="/home/user/cmis.marketing.limited/tests/Feature/API/OfferingAPITest.php" line="296" class="Tests\Feature\API\OfferingAPITest" classname="Tests.Feature.API.OfferingAPITest" assertions="1" time="0.359800">
          <failure type="PHPUnit\Framework\ExpectationFailedException">Tests\Feature\API\OfferingAPITest::it_validates_price_is_positive
Expected response status code [422] but received 404.
Failed asserting that 404 is identical to 422.

/home/user/cmis.marketing.limited/vendor/laravel/framework/src/Illuminate/Testing/TestResponseAssert.php:45
/home/user/cmis.marketing.limited/vendor/laravel/framework/src/Illuminate/Testing/TestResponse.php:174
/home/user/cmis.marketing.limited/tests/Feature/API/OfferingAPITest.php:313</failure>
        </testcase>
        <testcase name="it_validates_offering_creation_data" file="/home/user/cmis.marketing.limited/tests/Feature/API/OfferingAPITest.php" line="276" class="Tests\Feature\API\OfferingAPITest" classname="Tests.Feature.API.OfferingAPITest" assertions="1" time="0.306416">
          <failure type="PHPUnit\Framework\ExpectationFailedException">Tests\Feature\API\OfferingAPITest::it_validates_offering_creation_data
Expected response status code [422] but received 404.
Failed asserting that 404 is identical to 422.

/home/user/cmis.marketing.limited/vendor/laravel/framework/src/Illuminate/Testing/TestResponseAssert.php:45
/home/user/cmis.marketing.limited/vendor/laravel/framework/src/Illuminate/Testing/TestResponse.php:174
/home/user/cmis.marketing.limited/tests/Feature/API/OfferingAPITest.php:291</failure>
        </testcase>
        <testcase name="it_can_filter_offerings_by_type" file="/home/user/cmis.marketing.limited/tests/Feature/API/OfferingAPITest.php" line="209" class="Tests\Feature\API\OfferingAPITest" classname="Tests.Feature.API.OfferingAPITest" assertions="0" time="0.307425">
          <error type="Illuminate\Database\QueryException">Tests\Feature\API\OfferingAPITest::it_can_filter_offerings_by_type
Illuminate\Database\QueryException: SQLSTATE[42P01]: Undefined table: 7 ERROR:  relation "cmis.offerings" does not exist
LINE 1: insert into "cmis"."offerings" ("org_id", "name", "offering_...
                    ^ (Connection: pgsql, SQL: insert into "cmis"."offerings" ("org_id", "name", "offering_id") values (ac15af9a-b9bf-4a5f-b5b2-445473834349, Product, 019a9bcb-3522-7138-bfd7-04c5cc7bb6ca))

/home/user/cmis.marketing.limited/vendor/laravel/framework/src/Illuminate/Database/Connection.php:824
/home/user/cmis.marketing.limited/vendor/laravel/framework/src/Illuminate/Database/Connection.php:778
/home/user/cmis.marketing.limited/vendor/laravel/framework/src/Illuminate/Database/Connection.php:559
/home/user/cmis.marketing.limited/vendor/laravel/framework/src/Illuminate/Database/Connection.php:523
/home/user/cmis.marketing.limited/vendor/laravel/framework/src/Illuminate/Database/Query/Builder.php:3804
/home/user/cmis.marketing.limited/vendor/laravel/framework/src/Illuminate/Database/Eloquent/Builder.php:2235
/home/user/cmis.marketing.limited/vendor/laravel/framework/src/Illuminate/Database/Eloquent/Model.php:1412
/home/user/cmis.marketing.limited/vendor/laravel/framework/src/Illuminate/Database/Eloquent/Model.php:1240
/home/user/cmis.marketing.limited/vendor/laravel/framework/src/Illuminate/Database/Eloquent/Builder.php:1219
/home/user/cmis.marketing.limited/vendor/laravel/framework/src/Illuminate/Support/helpers.php:390
/home/user/cmis.marketing.limited/vendor/laravel/framework/src/Illuminate/Database/Eloquent/Builder.php:1218
/home/user/cmis.marketing.limited/vendor/laravel/framework/src/Illuminate/Support/Traits/ForwardsCalls.php:23
/home/user/cmis.marketing.limited/vendor/laravel/framework/src/Illuminate/Database/Eloquent/Model.php:2540
/home/user/cmis.marketing.limited/vendor/laravel/framework/src/Illuminate/Database/Eloquent/Model.php:2556
/home/user/cmis.marketing.limited/tests/Feature/API/OfferingAPITest.php:217</error>
        </testcase>
        <testcase name="it_requires_authentication" file="/home/user/cmis.marketing.limited/tests/Feature/API/OfferingAPITest.php" line="318" class="Tests\Feature\API\OfferingAPITest" classname="Tests.Feature.API.OfferingAPITest" assertions="1" time="0.126461">
          <failure type="PHPUnit\Framework\ExpectationFailedException">Tests\Feature\API\OfferingAPITest::it_requires_authentication
Expected response status code [401] but received 404.
Failed asserting that 404 is identical to 401.

/home/user/cmis.marketing.limited/vendor/laravel/framework/src/Illuminate/Testing/TestResponseAssert.php:45
/home/user/cmis.marketing.limited/vendor/laravel/framework/src/Illuminate/Testing/TestResponse.php:174
/home/user/cmis.marketing.limited/tests/Feature/API/OfferingAPITest.php:322</failure>
        </testcase>
        <testcase name="it_enforces_org_isolation_for_offerings" file="/home/user/cmis.marketing.limited/tests/Feature/API/OfferingAPITest.php" line="241" class="Tests\Feature\API\OfferingAPITest" classname="Tests.Feature.API.OfferingAPITest" assertions="0" time="0.535162">
          <error type="Illuminate\Database\QueryException">Tests\Feature\API\OfferingAPITest::it_enforces_org_isolation_for_offerings
Illuminate\Database\QueryException: SQLSTATE[42P01]: Undefined table: 7 ERROR:  relation "cmis.offerings" does not exist
LINE 1: insert into "cmis"."offerings" ("org_id", "name", "offering_...
                    ^ (Connection: pgsql, SQL: insert into "cmis"."offerings" ("org_id", "name", "offering_id") values (669d9537-893f-4f41-8fce-c2d8feed3703, Org 1 Product, 019a9bcb-37b9-7357-be28-8e37356b6724))

/home/user/cmis.marketing.limited/vendor/laravel/framework/src/Illuminate/Database/Connection.php:824
/home/user/cmis.marketing.limited/vendor/laravel/framework/src/Illuminate/Database/Connection.php:778
/home/user/cmis.marketing.limited/vendor/laravel/framework/src/Illuminate/Database/Connection.php:559
/home/user/cmis.marketing.limited/vendor/laravel/framework/src/Illuminate/Database/Connection.php:523
/home/user/cmis.marketing.limited/vendor/laravel/framework/src/Illuminate/Database/Query/Builder.php:3804
/home/user/cmis.marketing.limited/vendor/laravel/framework/src/Illuminate/Database/Eloquent/Builder.php:2235
/home/user/cmis.marketing.limited/vendor/laravel/framework/src/Illuminate/Database/Eloquent/Model.php:1412
/home/user/cmis.marketing.limited/vendor/laravel/framework/src/Illuminate/Database/Eloquent/Model.php:1240
/home/user/cmis.marketing.limited/vendor/laravel/framework/src/Illuminate/Database/Eloquent/Builder.php:1219
/home/user/cmis.marketing.limited/vendor/laravel/framework/src/Illuminate/Support/helpers.php:390
/home/user/cmis.marketing.limited/vendor/laravel/framework/src/Illuminate/Database/Eloquent/Builder.php:1218
/home/user/cmis.marketing.limited/vendor/laravel/framework/src/Illuminate/Support/Traits/ForwardsCalls.php:23
/home/user/cmis.marketing.limited/vendor/laravel/framework/src/Illuminate/Database/Eloquent/Model.php:2540
/home/user/cmis.marketing.limited/vendor/laravel/framework/src/Illuminate/Database/Eloquent/Model.php:2556
/home/user/cmis.marketing.limited/tests/Feature/API/OfferingAPITest.php:250</error>
        </testcase>
        <testcase name="it_can_delete_an_offering" file="/home/user/cmis.marketing.limited/tests/Feature/API/OfferingAPITest.php" line="183" class="Tests\Feature\API\OfferingAPITest" classname="Tests.Feature.API.OfferingAPITest" assertions="0" time="0.310022">
          <error type="Illuminate\Database\QueryException">Tests\Feature\API\OfferingAPITest::it_can_delete_an_offering
Illuminate\Database\QueryException: SQLSTATE[42P01]: Undefined table: 7 ERROR:  relation "cmis.offerings" does not exist
LINE 1: insert into "cmis"."offerings" ("org_id", "name", "offering_...
                    ^ (Connection: pgsql, SQL: insert into "cmis"."offerings" ("org_id", "name", "offering_id") values (2e3bdb48-97b9-41f6-a876-da133912f05e, To Delete, 019a9bcb-38ef-7119-be52-bb0aba500467))

/home/user/cmis.marketing.limited/vendor/laravel/framework/src/Illuminate/Database/Connection.php:824
/home/user/cmis.marketing.limited/vendor/laravel/framework/src/Illuminate/Database/Connection.php:778
/home/user/cmis.marketing.limited/vendor/laravel/framework/src/Illuminate/Database/Connection.php:559
/home/user/cmis.marketing.limited/vendor/laravel/framework/src/Illuminate/Database/Connection.php:523
/home/user/cmis.marketing.limited/vendor/laravel/framework/src/Illuminate/Database/Query/Builder.php:3804
/home/user/cmis.marketing.limited/vendor/laravel/framework/src/Illuminate/Database/Eloquent/Builder.php:2235
/home/user/cmis.marketing.limited/vendor/laravel/framework/src/Illuminate/Database/Eloquent/Model.php:1412
/home/user/cmis.marketing.limited/vendor/laravel/framework/src/Illuminate/Database/Eloquent/Model.php:1240
/home/user/cmis.marketing.limited/vendor/laravel/framework/src/Illuminate/Database/Eloquent/Builder.php:1219
/home/user/cmis.marketing.limited/vendor/laravel/framework/src/Illuminate/Support/helpers.php:390
/home/user/cmis.marketing.limited/vendor/laravel/framework/src/Illuminate/Database/Eloquent/Builder.php:1218
/home/user/cmis.marketing.limited/vendor/laravel/framework/src/Illuminate/Support/Traits/ForwardsCalls.php:23
/home/user/cmis.marketing.limited/vendor/laravel/framework/src/Illuminate/Database/Eloquent/Model.php:2540
/home/user/cmis.marketing.limited/vendor/laravel/framework/src/Illuminate/Database/Eloquent/Model.php:2556
/home/user/cmis.marketing.limited/tests/Feature/API/OfferingAPITest.php:191</error>
        </testcase>
        <testcase name="it_can_list_offerings_for_organization" file="/home/user/cmis.marketing.limited/tests/Feature/API/OfferingAPITest.php" line="24" class="Tests\Feature\API\OfferingAPITest" classname="Tests.Feature.API.OfferingAPITest" assertions="0" time="0.304927">
          <error type="Illuminate\Database\QueryException">Tests\Feature\API\OfferingAPITest::it_can_list_offerings_for_organization
Illuminate\Database\QueryException: SQLSTATE[42P01]: Undefined table: 7 ERROR:  relation "cmis.offerings" does not exist
LINE 1: insert into "cmis"."offerings" ("org_id", "name", "offering_...
                    ^ (Connection: pgsql, SQL: insert into "cmis"."offerings" ("org_id", "name", "offering_id") values (b931771e-84a8-4de6-a36f-3f1030237f34, Product 1, 019a9bcb-3a20-7141-b5a1-f829ccf43b01))

/home/user/cmis.marketing.limited/vendor/laravel/framework/src/Illuminate/Database/Connection.php:824
/home/user/cmis.marketing.limited/vendor/laravel/framework/src/Illuminate/Database/Connection.php:778
/home/user/cmis.marketing.limited/vendor/laravel/framework/src/Illuminate/Database/Connection.php:559
/home/user/cmis.marketing.limited/vendor/laravel/framework/src/Illuminate/Database/Connection.php:523
/home/user/cmis.marketing.limited/vendor/laravel/framework/src/Illuminate/Database/Query/Builder.php:3804
/home/user/cmis.marketing.limited/vendor/laravel/framework/src/Illuminate/Database/Eloquent/Builder.php:2235
/home/user/cmis.marketing.limited/vendor/laravel/framework/src/Illuminate/Database/Eloquent/Model.php:1412
/home/user/cmis.marketing.limited/vendor/laravel/framework/src/Illuminate/Database/Eloquent/Model.php:1240
/home/user/cmis.marketing.limited/vendor/laravel/framework/src/Illuminate/Database/Eloquent/Builder.php:1219
/home/user/cmis.marketing.limited/vendor/laravel/framework/src/Illuminate/Support/helpers.php:390
/home/user/cmis.marketing.limited/vendor/laravel/framework/src/Illuminate/Database/Eloquent/Builder.php:1218
/home/user/cmis.marketing.limited/vendor/laravel/framework/src/Illuminate/Support/Traits/ForwardsCalls.php:23
/home/user/cmis.marketing.limited/vendor/laravel/framework/src/Illuminate/Database/Eloquent/Model.php:2540
/home/user/cmis.marketing.limited/vendor/laravel/framework/src/Illuminate/Database/Eloquent/Model.php:2556
/home/user/cmis.marketing.limited/tests/Feature/API/OfferingAPITest.php:32</error>
        </testcase>
        <testcase name="it_can_create_a_product" file="/home/user/cmis.marketing.limited/tests/Feature/API/OfferingAPITest.php" line="57" class="Tests\Feature\API\OfferingAPITest" classname="Tests.Feature.API.OfferingAPITest" assertions="1" time="0.377246">
          <failure type="PHPUnit\Framework\ExpectationFailedException">Tests\Feature\API\OfferingAPITest::it_can_create_a_product
Expected response status code [201] but received 404.
Failed asserting that 404 is identical to 201.

/home/user/cmis.marketing.limited/vendor/laravel/framework/src/Illuminate/Testing/TestResponseAssert.php:45
/home/user/cmis.marketing.limited/vendor/laravel/framework/src/Illuminate/Testing/TestResponse.php:174
/home/user/cmis.marketing.limited/tests/Feature/API/OfferingAPITest.php:91</failure>
        </testcase>
        <testcase name="it_can_create_a_service" file="/home/user/cmis.marketing.limited/tests/Feature/API/OfferingAPITest.php" line="103" class="Tests\Feature\API\OfferingAPITest" classname="Tests.Feature.API.OfferingAPITest" assertions="1" time="0.363572">
          <failure type="PHPUnit\Framework\ExpectationFailedException">Tests\Feature\API\OfferingAPITest::it_can_create_a_service
Expected response status code [201] but received 404.
Failed asserting that 404 is identical to 201.

/home/user/cmis.marketing.limited/vendor/laravel/framework/src/Illuminate/Testing/TestResponseAssert.php:45
/home/user/cmis.marketing.limited/vendor/laravel/framework/src/Illuminate/Testing/TestResponse.php:174
/home/user/cmis.marketing.limited/tests/Feature/API/OfferingAPITest.php:122</failure>
        </testcase>
        <testcase name="it_can_update_an_offering" file="/home/user/cmis.marketing.limited/tests/Feature/API/OfferingAPITest.php" line="154" class="Tests\Feature\API\OfferingAPITest" classname="Tests.Feature.API.OfferingAPITest" assertions="0" time="0.301349">
          <error type="Illuminate\Database\QueryException">Tests\Feature\API\OfferingAPITest::it_can_update_an_offering
Illuminate\Database\QueryException: SQLSTATE[42P01]: Undefined table: 7 ERROR:  relation "cmis.offerings" does not exist
LINE 1: insert into "cmis"."offerings" ("org_id", "name", "offering_...
                    ^ (Connection: pgsql, SQL: insert into "cmis"."offerings" ("org_id", "name", "offering_id") values (4528bc44-bf3c-4f96-972d-6da64cbe6391, Original Name, 019a9bcb-3e33-7036-a7b5-bd634a3b8bec))

/home/user/cmis.marketing.limited/vendor/laravel/framework/src/Illuminate/Database/Connection.php:824
/home/user/cmis.marketing.limited/vendor/laravel/framework/src/Illuminate/Database/Connection.php:778
/home/user/cmis.marketing.limited/vendor/laravel/framework/src/Illuminate/Database/Connection.php:559
/home/user/cmis.marketing.limited/vendor/laravel/framework/src/Illuminate/Database/Connection.php:523
/home/user/cmis.marketing.limited/vendor/laravel/framework/src/Illuminate/Database/Query/Builder.php:3804
/home/user/cmis.marketing.limited/vendor/laravel/framework/src/Illuminate/Database/Eloquent/Builder.php:2235
/home/user/cmis.marketing.limited/vendor/laravel/framework/src/Illuminate/Database/Eloquent/Model.php:1412
/home/user/cmis.marketing.limited/vendor/laravel/framework/src/Illuminate/Database/Eloquent/Model.php:1240
/home/user/cmis.marketing.limited/vendor/laravel/framework/src/Illuminate/Database/Eloquent/Builder.php:1219
/home/user/cmis.marketing.limited/vendor/laravel/framework/src/Illuminate/Support/helpers.php:390
/home/user/cmis.marketing.limited/vendor/laravel/framework/src/Illuminate/Database/Eloquent/Builder.php:1218
/home/user/cmis.marketing.limited/vendor/laravel/framework/src/Illuminate/Support/Traits/ForwardsCalls.php:23
/home/user/cmis.marketing.limited/vendor/laravel/framework/src/Illuminate/Database/Eloquent/Model.php:2540
/home/user/cmis.marketing.limited/vendor/laravel/framework/src/Illuminate/Database/Eloquent/Model.php:2556
/home/user/cmis.marketing.limited/tests/Feature/API/OfferingAPITest.php:162</error>
        </testcase>
        <testcase name="it_can_view_a_specific_offering" file="/home/user/cmis.marketing.limited/tests/Feature/API/OfferingAPITest.php" line="127" class="Tests\Feature\API\OfferingAPITest" classname="Tests.Feature.API.OfferingAPITest" assertions="0" time="0.305363">
          <error type="Illuminate\Database\QueryException">Tests\Feature\API\OfferingAPITest::it_can_view_a_specific_offering
Illuminate\Database\QueryException: SQLSTATE[42P01]: Undefined table: 7 ERROR:  relation "cmis.offerings" does not exist
LINE 1: insert into "cmis"."offerings" ("org_id", "name", "offering_...
                    ^ (Connection: pgsql, SQL: insert into "cmis"."offerings" ("org_id", "name", "offering_id") values (a24dac4f-db6a-4995-a4bd-f2aa5e9a1621, Test Product, 019a9bcb-3f64-72f9-8c95-b5c90eb239d6))

/home/user/cmis.marketing.limited/vendor/laravel/framework/src/Illuminate/Database/Connection.php:824
/home/user/cmis.marketing.limited/vendor/laravel/framework/src/Illuminate/Database/Connection.php:778
/home/user/cmis.marketing.limited/vendor/laravel/framework/src/Illuminate/Database/Connection.php:559
/home/user/cmis.marketing.limited/vendor/laravel/framework/src/Illuminate/Database/Connection.php:523
/home/user/cmis.marketing.limited/vendor/laravel/framework/src/Illuminate/Database/Query/Builder.php:3804
/home/user/cmis.marketing.limited/vendor/laravel/framework/src/Illuminate/Database/Eloquent/Builder.php:2235
/home/user/cmis.marketing.limited/vendor/laravel/framework/src/Illuminate/Database/Eloquent/Model.php:1412
/home/user/cmis.marketing.limited/vendor/laravel/framework/src/Illuminate/Database/Eloquent/Model.php:1240
/home/user/cmis.marketing.limited/vendor/laravel/framework/src/Illuminate/Database/Eloquent/Builder.php:1219
/home/user/cmis.marketing.limited/vendor/laravel/framework/src/Illuminate/Support/helpers.php:390
/home/user/cmis.marketing.limited/vendor/laravel/framework/src/Illuminate/Database/Eloquent/Builder.php:1218
/home/user/cmis.marketing.limited/vendor/laravel/framework/src/Illuminate/Support/Traits/ForwardsCalls.php:23
/home/user/cmis.marketing.limited/vendor/laravel/framework/src/Illuminate/Database/Eloquent/Model.php:2540
/home/user/cmis.marketing.limited/vendor/laravel/framework/src/Illuminate/Database/Eloquent/Model.php:2556
/home/user/cmis.marketing.limited/tests/Feature/API/OfferingAPITest.php:135</error>
        </testcase>
      </testsuite>
      <testsuite name="Tests\Feature\Creative\ContentPlanControllerTest" file="/home/user/cmis.marketing.limited/tests/Feature/Creative/ContentPlanControllerTest.php" tests="14" assertions="0" errors="14" failures="0" skipped="0" time="0.000000">
        <testcase name="it_can_get_content_plan_stats" file="/home/user/cmis.marketing.limited/tests/Feature/Creative/ContentPlanControllerTest.php" line="211" class="Tests\Feature\Creative\ContentPlanControllerTest" classname="Tests.Feature.Creative.ContentPlanControllerTest" assertions="0" time="0.000000">
          <error type="Error">Tests\Feature\Creative\ContentPlanControllerTest::it_can_get_content_plan_stats
Error: Class "App\Models\Strategic\Campaign" not found

/home/user/cmis.marketing.limited/tests/Feature/Creative/ContentPlanControllerTest.php:35</error>
        </testcase>
        <testcase name="it_enforces_pagination_limits" file="/home/user/cmis.marketing.limited/tests/Feature/Creative/ContentPlanControllerTest.php" line="301" class="Tests\Feature\Creative\ContentPlanControllerTest" classname="Tests.Feature.Creative.ContentPlanControllerTest" assertions="0" time="0.000000">
          <error type="Error">Tests\Feature\Creative\ContentPlanControllerTest::it_enforces_pagination_limits
Error: Class "App\Models\Strategic\Campaign" not found

/home/user/cmis.marketing.limited/tests/Feature/Creative/ContentPlanControllerTest.php:35</error>
        </testcase>
        <testcase name="it_requires_authentication" file="/home/user/cmis.marketing.limited/tests/Feature/Creative/ContentPlanControllerTest.php" line="235" class="Tests\Feature\Creative\ContentPlanControllerTest" classname="Tests.Feature.Creative.ContentPlanControllerTest" assertions="0" time="0.000000">
          <error type="Error">Tests\Feature\Creative\ContentPlanControllerTest::it_requires_authentication
Error: Class "App\Models\Strategic\Campaign" not found

/home/user/cmis.marketing.limited/tests/Feature/Creative/ContentPlanControllerTest.php:35</error>
        </testcase>
        <testcase name="it_can_update_a_content_plan" file="/home/user/cmis.marketing.limited/tests/Feature/Creative/ContentPlanControllerTest.php" line="165" class="Tests\Feature\Creative\ContentPlanControllerTest" classname="Tests.Feature.Creative.ContentPlanControllerTest" assertions="0" time="0.000000">
          <error type="Error">Tests\Feature\Creative\ContentPlanControllerTest::it_can_update_a_content_plan
Error: Class "App\Models\Strategic\Campaign" not found

/home/user/cmis.marketing.limited/tests/Feature/Creative/ContentPlanControllerTest.php:35</error>
        </testcase>
        <testcase name="it_can_reject_a_content_plan" file="/home/user/cmis.marketing.limited/tests/Feature/Creative/ContentPlanControllerTest.php" line="265" class="Tests\Feature\Creative\ContentPlanControllerTest" classname="Tests.Feature.Creative.ContentPlanControllerTest" assertions="0" time="0.000000">
          <error type="Error">Tests\Feature\Creative\ContentPlanControllerTest::it_can_reject_a_content_plan
Error: Class "App\Models\Strategic\Campaign" not found

/home/user/cmis.marketing.limited/tests/Feature/Creative/ContentPlanControllerTest.php:35</error>
        </testcase>
        <testcase name="it_cannot_show_content_plan_from_different_org" file="/home/user/cmis.marketing.limited/tests/Feature/Creative/ContentPlanControllerTest.php" line="152" class="Tests\Feature\Creative\ContentPlanControllerTest" classname="Tests.Feature.Creative.ContentPlanControllerTest" assertions="0" time="0.000000">
          <error type="Error">Tests\Feature\Creative\ContentPlanControllerTest::it_cannot_show_content_plan_from_different_org
Error: Class "App\Models\Strategic\Campaign" not found

/home/user/cmis.marketing.limited/tests/Feature/Creative/ContentPlanControllerTest.php:35</error>
        </testcase>
        <testcase name="it_can_list_content_plans" file="/home/user/cmis.marketing.limited/tests/Feature/Creative/ContentPlanControllerTest.php" line="44" class="Tests\Feature\Creative\ContentPlanControllerTest" classname="Tests.Feature.Creative.ContentPlanControllerTest" assertions="0" time="0.000000">
          <error type="Error">Tests\Feature\Creative\ContentPlanControllerTest::it_can_list_content_plans
Error: Class "App\Models\Strategic\Campaign" not found

/home/user/cmis.marketing.limited/tests/Feature/Creative/ContentPlanControllerTest.php:35</error>
        </testcase>
        <testcase name="it_can_show_a_content_plan" file="/home/user/cmis.marketing.limited/tests/Feature/Creative/ContentPlanControllerTest.php" line="132" class="Tests\Feature\Creative\ContentPlanControllerTest" classname="Tests.Feature.Creative.ContentPlanControllerTest" assertions="0" time="0.000000">
          <error type="Error">Tests\Feature\Creative\ContentPlanControllerTest::it_can_show_a_content_plan
Error: Class "App\Models\Strategic\Campaign" not found

/home/user/cmis.marketing.limited/tests/Feature/Creative/ContentPlanControllerTest.php:35</error>
        </testcase>
        <testcase name="it_can_delete_a_content_plan" file="/home/user/cmis.marketing.limited/tests/Feature/Creative/ContentPlanControllerTest.php" line="194" class="Tests\Feature\Creative\ContentPlanControllerTest" classname="Tests.Feature.Creative.ContentPlanControllerTest" assertions="0" time="0.000000">
          <error type="Error">Tests\Feature\Creative\ContentPlanControllerTest::it_can_delete_a_content_plan
Error: Class "App\Models\Strategic\Campaign" not found

/home/user/cmis.marketing.limited/tests/Feature/Creative/ContentPlanControllerTest.php:35</error>
        </testcase>
        <testcase name="it_requires_reason_when_rejecting" file="/home/user/cmis.marketing.limited/tests/Feature/Creative/ContentPlanControllerTest.php" line="288" class="Tests\Feature\Creative\ContentPlanControllerTest" classname="Tests.Feature.Creative.ContentPlanControllerTest" assertions="0" time="0.000000">
          <error type="Error">Tests\Feature\Creative\ContentPlanControllerTest::it_requires_reason_when_rejecting
Error: Class "App\Models\Strategic\Campaign" not found

/home/user/cmis.marketing.limited/tests/Feature/Creative/ContentPlanControllerTest.php:35</error>
        </testcase>
        <testcase name="it_can_approve_a_content_plan" file="/home/user/cmis.marketing.limited/tests/Feature/Creative/ContentPlanControllerTest.php" line="245" class="Tests\Feature\Creative\ContentPlanControllerTest" classname="Tests.Feature.Creative.ContentPlanControllerTest" assertions="0" time="0.000000">
          <error type="Error">Tests\Feature\Creative\ContentPlanControllerTest::it_can_approve_a_content_plan
Error: Class "App\Models\Strategic\Campaign" not found

/home/user/cmis.marketing.limited/tests/Feature/Creative/ContentPlanControllerTest.php:35</error>
        </testcase>
        <testcase name="it_can_filter_content_plans_by_campaign" file="/home/user/cmis.marketing.limited/tests/Feature/Creative/ContentPlanControllerTest.php" line="68" class="Tests\Feature\Creative\ContentPlanControllerTest" classname="Tests.Feature.Creative.ContentPlanControllerTest" assertions="0" time="0.000000">
          <error type="Error">Tests\Feature\Creative\ContentPlanControllerTest::it_can_filter_content_plans_by_campaign
Error: Class "App\Models\Strategic\Campaign" not found

/home/user/cmis.marketing.limited/tests/Feature/Creative/ContentPlanControllerTest.php:35</error>
        </testcase>
        <testcase name="it_validates_required_fields_when_creating" file="/home/user/cmis.marketing.limited/tests/Feature/Creative/ContentPlanControllerTest.php" line="123" class="Tests\Feature\Creative\ContentPlanControllerTest" classname="Tests.Feature.Creative.ContentPlanControllerTest" assertions="0" time="0.000000">
          <error type="Error">Tests\Feature\Creative\ContentPlanControllerTest::it_validates_required_fields_when_creating
Error: Class "App\Models\Strategic\Campaign" not found

/home/user/cmis.marketing.limited/tests/Feature/Creative/ContentPlanControllerTest.php:35</error>
        </testcase>
        <testcase name="it_can_create_a_content_plan" file="/home/user/cmis.marketing.limited/tests/Feature/Creative/ContentPlanControllerTest.php" line="89" class="Tests\Feature\Creative\ContentPlanControllerTest" classname="Tests.Feature.Creative.ContentPlanControllerTest" assertions="0" time="0.000000">
          <error type="Error">Tests\Feature\Creative\ContentPlanControllerTest::it_can_create_a_content_plan
Error: Class "App\Models\Strategic\Campaign" not found

/home/user/cmis.marketing.limited/tests/Feature/Creative/ContentPlanControllerTest.php:35</error>
        </testcase>
      </testsuite>
      <testsuite name="Tests\Feature\API\TeamAPITest" file="/home/user/cmis.marketing.limited/tests/Feature/API/TeamAPITest.php" tests="12" assertions="4" errors="8" failures="4" skipped="0" time="4.034939">
        <testcase name="it_can_get_team_statistics" file="/home/user/cmis.marketing.limited/tests/Feature/API/TeamAPITest.php" line="230" class="Tests\Feature\API\TeamAPITest" classname="Tests.Feature.API.TeamAPITest" assertions="1" time="0.315294">
          <failure type="PHPUnit\Framework\ExpectationFailedException">Tests\Feature\API\TeamAPITest::it_can_get_team_statistics
Expected response status code [200] but received 404.
Failed asserting that 404 is identical to 200.

/home/user/cmis.marketing.limited/vendor/laravel/framework/src/Illuminate/Testing/TestResponseAssert.php:45
/home/user/cmis.marketing.limited/vendor/laravel/framework/src/Illuminate/Testing/TestResponse.php:174
/home/user/cmis.marketing.limited/tests/Feature/API/TeamAPITest.php:240</failure>
        </testcase>
        <testcase name="it_can_update_team_member_permissions" file="/home/user/cmis.marketing.limited/tests/Feature/API/TeamAPITest.php" line="146" class="Tests\Feature\API\TeamAPITest" classname="Tests.Feature.API.TeamAPITest" assertions="0" time="0.353251">
          <error type="Error">Tests\Feature\API\TeamAPITest::it_can_update_team_member_permissions
Error: Class "App\Models\Core\User" not found

/home/user/cmis.marketing.limited/tests/Feature/API/TeamAPITest.php:152</error>
        </testcase>
        <testcase name="it_respects_org_isolation" file="/home/user/cmis.marketing.limited/tests/Feature/API/TeamAPITest.php" line="302" class="Tests\Feature\API\TeamAPITest" classname="Tests.Feature.API.TeamAPITest" assertions="0" time="0.541501">
          <error type="Error">Tests\Feature\API\TeamAPITest::it_respects_org_isolation
Error: Class "App\Models\Core\User" not found

/home/user/cmis.marketing.limited/tests/Feature/API/TeamAPITest.php:307</error>
        </testcase>
        <testcase name="it_can_get_team_activity_log" file="/home/user/cmis.marketing.limited/tests/Feature/API/TeamAPITest.php" line="207" class="Tests\Feature\API\TeamAPITest" classname="Tests.Feature.API.TeamAPITest" assertions="1" time="0.309242">
          <failure type="PHPUnit\Framework\ExpectationFailedException">Tests\Feature\API\TeamAPITest::it_can_get_team_activity_log
Expected response status code [200] but received 404.
Failed asserting that 404 is identical to 200.

/home/user/cmis.marketing.limited/vendor/laravel/framework/src/Illuminate/Testing/TestResponseAssert.php:45
/home/user/cmis.marketing.limited/vendor/laravel/framework/src/Illuminate/Testing/TestResponse.php:174
/home/user/cmis.marketing.limited/tests/Feature/API/TeamAPITest.php:217</failure>
        </testcase>
        <testcase name="it_can_invite_team_member" file="/home/user/cmis.marketing.limited/tests/Feature/API/TeamAPITest.php" line="26" class="Tests\Feature\API\TeamAPITest" classname="Tests.Feature.API.TeamAPITest" assertions="1" time="0.347219">
          <failure type="PHPUnit\Framework\ExpectationFailedException">Tests\Feature\API\TeamAPITest::it_can_invite_team_member
Expected response status code [201] but received 404.
Failed asserting that 404 is identical to 201.

/home/user/cmis.marketing.limited/vendor/laravel/framework/src/Illuminate/Testing/TestResponseAssert.php:45
/home/user/cmis.marketing.limited/vendor/laravel/framework/src/Illuminate/Testing/TestResponse.php:174
/home/user/cmis.marketing.limited/tests/Feature/API/TeamAPITest.php:41</failure>
        </testcase>
        <testcase name="it_can_get_team_member_details" file="/home/user/cmis.marketing.limited/tests/Feature/API/TeamAPITest.php" line="92" class="Tests\Feature\API\TeamAPITest" classname="Tests.Feature.API.TeamAPITest" assertions="0" time="0.299369">
          <error type="Error">Tests\Feature\API\TeamAPITest::it_can_get_team_member_details
Error: Class "App\Models\Core\User" not found

/home/user/cmis.marketing.limited/tests/Feature/API/TeamAPITest.php:98</error>
        </testcase>
        <testcase name="it_can_remove_team_member" file="/home/user/cmis.marketing.limited/tests/Feature/API/TeamAPITest.php" line="178" class="Tests\Feature\API\TeamAPITest" classname="Tests.Feature.API.TeamAPITest" assertions="0" time="0.296988">
          <error type="Error">Tests\Feature\API\TeamAPITest::it_can_remove_team_member
Error: Class "App\Models\Core\User" not found

/home/user/cmis.marketing.limited/tests/Feature/API/TeamAPITest.php:184</error>
        </testcase>
        <testcase name="it_can_update_team_member_role" file="/home/user/cmis.marketing.limited/tests/Feature/API/TeamAPITest.php" line="118" class="Tests\Feature\API\TeamAPITest" classname="Tests.Feature.API.TeamAPITest" assertions="0" time="0.301032">
          <error type="Error">Tests\Feature\API\TeamAPITest::it_can_update_team_member_role
Error: Class "App\Models\Core\User" not found

/home/user/cmis.marketing.limited/tests/Feature/API/TeamAPITest.php:124</error>
        </testcase>
        <testcase name="it_prevents_duplicate_email_invites" file="/home/user/cmis.marketing.limited/tests/Feature/API/TeamAPITest.php" line="273" class="Tests\Feature\API\TeamAPITest" classname="Tests.Feature.API.TeamAPITest" assertions="0" time="0.365331">
          <error type="Error">Tests\Feature\API\TeamAPITest::it_prevents_duplicate_email_invites
Error: Class "App\Models\Core\User" not found

/home/user/cmis.marketing.limited/tests/Feature/API/TeamAPITest.php:278</error>
        </testcase>
        <testcase name="it_can_list_team_members" file="/home/user/cmis.marketing.limited/tests/Feature/API/TeamAPITest.php" line="54" class="Tests\Feature\API\TeamAPITest" classname="Tests.Feature.API.TeamAPITest" assertions="0" time="0.297502">
          <error type="Error">Tests\Feature\API\TeamAPITest::it_can_list_team_members
Error: Class "App\Models\Core\User" not found

/home/user/cmis.marketing.limited/tests/Feature/API/TeamAPITest.php:61</error>
        </testcase>
        <testcase name="it_can_resend_invitation" file="/home/user/cmis.marketing.limited/tests/Feature/API/TeamAPITest.php" line="327" class="Tests\Feature\API\TeamAPITest" classname="Tests.Feature.API.TeamAPITest" assertions="0" time="0.298820">
          <error type="Error">Tests\Feature\API\TeamAPITest::it_can_resend_invitation
Error: Class "App\Models\Core\User" not found

/home/user/cmis.marketing.limited/tests/Feature/API/TeamAPITest.php:332</error>
        </testcase>
        <testcase name="it_validates_email_on_invite" file="/home/user/cmis.marketing.limited/tests/Feature/API/TeamAPITest.php" line="251" class="Tests\Feature\API\TeamAPITest" classname="Tests.Feature.API.TeamAPITest" assertions="1" time="0.309390">
          <failure type="PHPUnit\Framework\ExpectationFailedException">Tests\Feature\API\TeamAPITest::it_validates_email_on_invite
Expected response status code [422] but received 404.
Failed asserting that 404 is identical to 422.

/home/user/cmis.marketing.limited/vendor/laravel/framework/src/Illuminate/Testing/TestResponseAssert.php:45
/home/user/cmis.marketing.limited/vendor/laravel/framework/src/Illuminate/Testing/TestResponse.php:174
/home/user/cmis.marketing.limited/tests/Feature/API/TeamAPITest.php:263</failure>
        </testcase>
      </testsuite>
      <testsuite name="Tests\Feature\API\AIAssistantAPITest" file="/home/user/cmis.marketing.limited/tests/Feature/API/AIAssistantAPITest.php" tests="14" assertions="14" errors="0" failures="14" skipped="0" time="4.807788">
        <testcase name="it_handles_ai_api_errors" file="/home/user/cmis.marketing.limited/tests/Feature/API/AIAssistantAPITest.php" line="341" class="Tests\Feature\API\AIAssistantAPITest" classname="Tests.Feature.API.AIAssistantAPITest" assertions="1" time="0.368518">
          <failure type="PHPUnit\Framework\ExpectationFailedException">Tests\Feature\API\AIAssistantAPITest::it_handles_ai_api_errors
Expected response status code [500] but received 404.
Failed asserting that 404 is identical to 500.

/home/user/cmis.marketing.limited/vendor/laravel/framework/src/Illuminate/Testing/TestResponseAssert.php:45
/home/user/cmis.marketing.limited/vendor/laravel/framework/src/Illuminate/Testing/TestResponse.php:174
/home/user/cmis.marketing.limited/tests/Feature/API/AIAssistantAPITest.php:354</failure>
        </testcase>
        <testcase name="it_can_extract_keywords" file="/home/user/cmis.marketing.limited/tests/Feature/API/AIAssistantAPITest.php" line="99" class="Tests\Feature\API\AIAssistantAPITest" classname="Tests.Feature.API.AIAssistantAPITest" assertions="1" time="0.356603">
          <failure type="PHPUnit\Framework\ExpectationFailedException">Tests\Feature\API\AIAssistantAPITest::it_can_extract_keywords
Expected response status code [200] but received 404.
Failed asserting that 404 is identical to 200.

/home/user/cmis.marketing.limited/vendor/laravel/framework/src/Illuminate/Testing/TestResponseAssert.php:45
/home/user/cmis.marketing.limited/vendor/laravel/framework/src/Illuminate/Testing/TestResponse.php:174
/home/user/cmis.marketing.limited/tests/Feature/API/AIAssistantAPITest.php:112</failure>
        </testcase>
        <testcase name="it_can_generate_visual_description" file="/home/user/cmis.marketing.limited/tests/Feature/API/AIAssistantAPITest.php" line="74" class="Tests\Feature\API\AIAssistantAPITest" classname="Tests.Feature.API.AIAssistantAPITest" assertions="1" time="0.316402">
          <failure type="PHPUnit\Framework\ExpectationFailedException">Tests\Feature\API\AIAssistantAPITest::it_can_generate_visual_description
Expected response status code [200] but received 404.
Failed asserting that 404 is identical to 200.

/home/user/cmis.marketing.limited/vendor/laravel/framework/src/Illuminate/Testing/TestResponseAssert.php:45
/home/user/cmis.marketing.limited/vendor/laravel/framework/src/Illuminate/Testing/TestResponse.php:174
/home/user/cmis.marketing.limited/tests/Feature/API/AIAssistantAPITest.php:88</failure>
        </testcase>
        <testcase name="it_can_generate_content_calendar" file="/home/user/cmis.marketing.limited/tests/Feature/API/AIAssistantAPITest.php" line="222" class="Tests\Feature\API\AIAssistantAPITest" classname="Tests.Feature.API.AIAssistantAPITest" assertions="1" time="0.365669">
          <failure type="PHPUnit\Framework\ExpectationFailedException">Tests\Feature\API\AIAssistantAPITest::it_can_generate_content_calendar
Expected response status code [200] but received 404.
Failed asserting that 404 is identical to 200.

/home/user/cmis.marketing.limited/vendor/laravel/framework/src/Illuminate/Testing/TestResponseAssert.php:45
/home/user/cmis.marketing.limited/vendor/laravel/framework/src/Illuminate/Testing/TestResponse.php:174
/home/user/cmis.marketing.limited/tests/Feature/API/AIAssistantAPITest.php:238</failure>
        </testcase>
        <testcase name="it_can_suggest_improvements" file="/home/user/cmis.marketing.limited/tests/Feature/API/AIAssistantAPITest.php" line="297" class="Tests\Feature\API\AIAssistantAPITest" classname="Tests.Feature.API.AIAssistantAPITest" assertions="1" time="0.307793">
          <failure type="PHPUnit\Framework\ExpectationFailedException">Tests\Feature\API\AIAssistantAPITest::it_can_suggest_improvements
Expected response status code [200] but received 404.
Failed asserting that 404 is identical to 200.

/home/user/cmis.marketing.limited/vendor/laravel/framework/src/Illuminate/Testing/TestResponseAssert.php:45
/home/user/cmis.marketing.limited/vendor/laravel/framework/src/Illuminate/Testing/TestResponse.php:174
/home/user/cmis.marketing.limited/tests/Feature/API/AIAssistantAPITest.php:311</failure>
        </testcase>
        <testcase name="it_can_translate_content" file="/home/user/cmis.marketing.limited/tests/Feature/API/AIAssistantAPITest.php" line="172" class="Tests\Feature\API\AIAssistantAPITest" classname="Tests.Feature.API.AIAssistantAPITest" assertions="1" time="0.362367">
          <failure type="PHPUnit\Framework\ExpectationFailedException">Tests\Feature\API\AIAssistantAPITest::it_can_translate_content
Expected response status code [200] but received 404.
Failed asserting that 404 is identical to 200.

/home/user/cmis.marketing.limited/vendor/laravel/framework/src/Illuminate/Testing/TestResponseAssert.php:45
/home/user/cmis.marketing.limited/vendor/laravel/framework/src/Illuminate/Testing/TestResponse.php:174
/home/user/cmis.marketing.limited/tests/Feature/API/AIAssistantAPITest.php:186</failure>
        </testcase>
        <testcase name="it_can_generate_content_suggestions" file="/home/user/cmis.marketing.limited/tests/Feature/API/AIAssistantAPITest.php" line="23" class="Tests\Feature\API\AIAssistantAPITest" classname="Tests.Feature.API.AIAssistantAPITest" assertions="1" time="0.354152">
          <failure type="PHPUnit\Framework\ExpectationFailedException">Tests\Feature\API\AIAssistantAPITest::it_can_generate_content_suggestions
Expected response status code [200] but received 404.
Failed asserting that 404 is identical to 200.

/home/user/cmis.marketing.limited/vendor/laravel/framework/src/Illuminate/Testing/TestResponseAssert.php:45
/home/user/cmis.marketing.limited/vendor/laravel/framework/src/Illuminate/Testing/TestResponse.php:174
/home/user/cmis.marketing.limited/tests/Feature/API/AIAssistantAPITest.php:37</failure>
        </testcase>
        <testcase name="it_can_auto_categorize_content" file="/home/user/cmis.marketing.limited/tests/Feature/API/AIAssistantAPITest.php" line="249" class="Tests\Feature\API\AIAssistantAPITest" classname="Tests.Feature.API.AIAssistantAPITest" assertions="1" time="0.303537">
          <failure type="PHPUnit\Framework\ExpectationFailedException">Tests\Feature\API\AIAssistantAPITest::it_can_auto_categorize_content
Expected response status code [200] but received 404.
Failed asserting that 404 is identical to 200.

/home/user/cmis.marketing.limited/vendor/laravel/framework/src/Illuminate/Testing/TestResponseAssert.php:45
/home/user/cmis.marketing.limited/vendor/laravel/framework/src/Illuminate/Testing/TestResponse.php:174
/home/user/cmis.marketing.limited/tests/Feature/API/AIAssistantAPITest.php:262</failure>
        </testcase>
        <testcase name="it_can_generate_campaign_brief" file="/home/user/cmis.marketing.limited/tests/Feature/API/AIAssistantAPITest.php" line="48" class="Tests\Feature\API\AIAssistantAPITest" classname="Tests.Feature.API.AIAssistantAPITest" assertions="1" time="0.358298">
          <failure type="PHPUnit\Framework\ExpectationFailedException">Tests\Feature\API\AIAssistantAPITest::it_can_generate_campaign_brief
Expected response status code [200] but received 404.
Failed asserting that 404 is identical to 200.

/home/user/cmis.marketing.limited/vendor/laravel/framework/src/Illuminate/Testing/TestResponseAssert.php:45
/home/user/cmis.marketing.limited/vendor/laravel/framework/src/Illuminate/Testing/TestResponse.php:174
/home/user/cmis.marketing.limited/tests/Feature/API/AIAssistantAPITest.php:63</failure>
        </testcase>
        <testcase name="it_can_generate_content_variations" file="/home/user/cmis.marketing.limited/tests/Feature/API/AIAssistantAPITest.php" line="197" class="Tests\Feature\API\AIAssistantAPITest" classname="Tests.Feature.API.AIAssistantAPITest" assertions="1" time="0.301461">
          <failure type="PHPUnit\Framework\ExpectationFailedException">Tests\Feature\API\AIAssistantAPITest::it_can_generate_content_variations
Expected response status code [200] but received 404.
Failed asserting that 404 is identical to 200.

/home/user/cmis.marketing.limited/vendor/laravel/framework/src/Illuminate/Testing/TestResponseAssert.php:45
/home/user/cmis.marketing.limited/vendor/laravel/framework/src/Illuminate/Testing/TestResponse.php:174
/home/user/cmis.marketing.limited/tests/Feature/API/AIAssistantAPITest.php:211</failure>
        </testcase>
        <testcase name="it_validates_required_fields" file="/home/user/cmis.marketing.limited/tests/Feature/API/AIAssistantAPITest.php" line="322" class="Tests\Feature\API\AIAssistantAPITest" classname="Tests.Feature.API.AIAssistantAPITest" assertions="1" time="0.357490">
          <failure type="PHPUnit\Framework\ExpectationFailedException">Tests\Feature\API\AIAssistantAPITest::it_validates_required_fields
Expected response status code [422] but received 404.
Failed asserting that 404 is identical to 422.

/home/user/cmis.marketing.limited/vendor/laravel/framework/src/Illuminate/Testing/TestResponseAssert.php:45
/home/user/cmis.marketing.limited/vendor/laravel/framework/src/Illuminate/Testing/TestResponse.php:174
/home/user/cmis.marketing.limited/tests/Feature/API/AIAssistantAPITest.php:331</failure>
        </testcase>
        <testcase name="it_can_analyze_sentiment" file="/home/user/cmis.marketing.limited/tests/Feature/API/AIAssistantAPITest.php" line="148" class="Tests\Feature\API\AIAssistantAPITest" classname="Tests.Feature.API.AIAssistantAPITest" assertions="1" time="0.308453">
          <failure type="PHPUnit\Framework\ExpectationFailedException">Tests\Feature\API\AIAssistantAPITest::it_can_analyze_sentiment
Expected response status code [200] but received 404.
Failed asserting that 404 is identical to 200.

/home/user/cmis.marketing.limited/vendor/laravel/framework/src/Illuminate/Testing/TestResponseAssert.php:45
/home/user/cmis.marketing.limited/vendor/laravel/framework/src/Illuminate/Testing/TestResponse.php:174
/home/user/cmis.marketing.limited/tests/Feature/API/AIAssistantAPITest.php:161</failure>
        </testcase>
        <testcase name="it_can_generate_meta_description" file="/home/user/cmis.marketing.limited/tests/Feature/API/AIAssistantAPITest.php" line="273" class="Tests\Feature\API\AIAssistantAPITest" classname="Tests.Feature.API.AIAssistantAPITest" assertions="1" time="0.375894">
          <failure type="PHPUnit\Framework\ExpectationFailedException">Tests\Feature\API\AIAssistantAPITest::it_can_generate_meta_description
Expected response status code [200] but received 404.
Failed asserting that 404 is identical to 200.

/home/user/cmis.marketing.limited/vendor/laravel/framework/src/Illuminate/Testing/TestResponseAssert.php:45
/home/user/cmis.marketing.limited/vendor/laravel/framework/src/Illuminate/Testing/TestResponse.php:174
/home/user/cmis.marketing.limited/tests/Feature/API/AIAssistantAPITest.php:286</failure>
        </testcase>
        <testcase name="it_can_generate_hashtags" file="/home/user/cmis.marketing.limited/tests/Feature/API/AIAssistantAPITest.php" line="123" class="Tests\Feature\API\AIAssistantAPITest" classname="Tests.Feature.API.AIAssistantAPITest" assertions="1" time="0.371150">
          <failure type="PHPUnit\Framework\ExpectationFailedException">Tests\Feature\API\AIAssistantAPITest::it_can_generate_hashtags
Expected response status code [200] but received 404.
Failed asserting that 404 is identical to 200.

/home/user/cmis.marketing.limited/vendor/laravel/framework/src/Illuminate/Testing/TestResponseAssert.php:45
/home/user/cmis.marketing.limited/vendor/laravel/framework/src/Illuminate/Testing/TestResponse.php:174
/home/user/cmis.marketing.limited/tests/Feature/API/AIAssistantAPITest.php:137</failure>
        </testcase>
      </testsuite>
      <testsuite name="Tests\Feature\Orgs\OrgWebFlowTest" file="/home/user/cmis.marketing.limited/tests/Feature/Orgs/OrgWebFlowTest.php" tests="19" assertions="26" errors="2" failures="12" skipped="0" time="3.633433">
        <testcase name="authenticated_user_can_view_create_org_form" file="/home/user/cmis.marketing.limited/tests/Feature/Orgs/OrgWebFlowTest.php" line="66" class="Tests\Feature\Orgs\OrgWebFlowTest" classname="Tests.Feature.Orgs.OrgWebFlowTest" assertions="2" time="0.078901"/>
        <testcase name="organization_stores_creator_as_owner" file="/home/user/cmis.marketing.limited/tests/Feature/Orgs/OrgWebFlowTest.php" line="218" class="Tests\Feature\Orgs\OrgWebFlowTest" classname="Tests.Feature.Orgs.OrgWebFlowTest" assertions="0" time="0.081003">
          <error type="ErrorException">Tests\Feature\Orgs\OrgWebFlowTest::organization_stores_creator_as_owner
ErrorException: Attempt to read property "org_id" on null

/home/user/cmis.marketing.limited/vendor/laravel/framework/src/Illuminate/Foundation/Bootstrap/HandleExceptions.php:258
/home/user/cmis.marketing.limited/tests/Feature/Orgs/OrgWebFlowTest.php:231</error>
        </testcase>
        <testcase name="user_can_create_organization_with_minimal_required_data" file="/home/user/cmis.marketing.limited/tests/Feature/Orgs/OrgWebFlowTest.php" line="113" class="Tests\Feature\Orgs\OrgWebFlowTest" classname="Tests.Feature.Orgs.OrgWebFlowTest" assertions="1" time="0.065097">
          <failure type="PHPUnit\Framework\ExpectationFailedException">Tests\Feature\Orgs\OrgWebFlowTest::user_can_create_organization_with_minimal_required_data
Expected response status code [302] but received 403.
Failed asserting that 403 is identical to 302.

/home/user/cmis.marketing.limited/vendor/laravel/framework/src/Illuminate/Testing/TestResponseAssert.php:45
/home/user/cmis.marketing.limited/vendor/laravel/framework/src/Illuminate/Testing/TestResponse.php:174
/home/user/cmis.marketing.limited/tests/Feature/Orgs/OrgWebFlowTest.php:122</failure>
        </testcase>
        <testcase name="form_validation_provides_helpful_error_messages" file="/home/user/cmis.marketing.limited/tests/Feature/Orgs/OrgWebFlowTest.php" line="408" class="Tests\Feature\Orgs\OrgWebFlowTest" classname="Tests.Feature.Orgs.OrgWebFlowTest" assertions="1" time="0.132953">
          <failure type="PHPUnit\Framework\ExpectationFailedException">Tests\Feature\Orgs\OrgWebFlowTest::form_validation_provides_helpful_error_messages
Session is missing expected key [errors].
Failed asserting that false is true.

/home/user/cmis.marketing.limited/vendor/laravel/framework/src/Illuminate/Testing/TestResponseAssert.php:45
/home/user/cmis.marketing.limited/vendor/laravel/framework/src/Illuminate/Testing/TestResponse.php:1517
/home/user/cmis.marketing.limited/vendor/laravel/framework/src/Illuminate/Testing/TestResponse.php:1594
/home/user/cmis.marketing.limited/tests/Feature/Orgs/OrgWebFlowTest.php:416</failure>
        </testcase>
        <testcase name="created_organization_has_timestamps" file="/home/user/cmis.marketing.limited/tests/Feature/Orgs/OrgWebFlowTest.php" line="368" class="Tests\Feature\Orgs\OrgWebFlowTest" classname="Tests.Feature.Orgs.OrgWebFlowTest" assertions="0" time="0.078275">
          <error type="ErrorException">Tests\Feature\Orgs\OrgWebFlowTest::created_organization_has_timestamps
ErrorException: Attempt to read property "created_at" on null

/home/user/cmis.marketing.limited/vendor/laravel/framework/src/Illuminate/Foundation/Bootstrap/HandleExceptions.php:258
/home/user/cmis.marketing.limited/tests/Feature/Orgs/OrgWebFlowTest.php:379</error>
        </testcase>
        <testcase name="created_organization_has_valid_uuid" file="/home/user/cmis.marketing.limited/tests/Feature/Orgs/OrgWebFlowTest.php" line="352" class="Tests\Feature\Orgs\OrgWebFlowTest" classname="Tests.Feature.Orgs.OrgWebFlowTest" assertions="1" time="0.082173">
          <failure type="PHPUnit\Framework\ExpectationFailedException">Tests\Feature\Orgs\OrgWebFlowTest::created_organization_has_valid_uuid
Failed asserting that null is not null.

/home/user/cmis.marketing.limited/tests/Feature/Orgs/OrgWebFlowTest.php:363</failure>
        </testcase>
        <testcase name="organization_creation_fails_without_required_name" file="/home/user/cmis.marketing.limited/tests/Feature/Orgs/OrgWebFlowTest.php" line="134" class="Tests\Feature\Orgs\OrgWebFlowTest" classname="Tests.Feature.Orgs.OrgWebFlowTest" assertions="1" time="0.068025">
          <failure type="PHPUnit\Framework\ExpectationFailedException">Tests\Feature\Orgs\OrgWebFlowTest::organization_creation_fails_without_required_name
Expected response status code [302] but received 403.
Failed asserting that 403 is identical to 302.

/home/user/cmis.marketing.limited/vendor/laravel/framework/src/Illuminate/Testing/TestResponseAssert.php:45
/home/user/cmis.marketing.limited/vendor/laravel/framework/src/Illuminate/Testing/TestResponse.php:174
/home/user/cmis.marketing.limited/tests/Feature/Orgs/OrgWebFlowTest.php:144</failure>
        </testcase>
        <testcase name="organization_supports_different_currencies" file="/home/user/cmis.marketing.limited/tests/Feature/Orgs/OrgWebFlowTest.php" line="290" class="Tests\Feature\Orgs\OrgWebFlowTest" classname="Tests.Feature.Orgs.OrgWebFlowTest" assertions="1" time="0.067514">
          <failure type="PHPUnit\Framework\ExpectationFailedException">Tests\Feature\Orgs\OrgWebFlowTest::organization_supports_different_currencies
Expected response status code [302] but received 403.
Failed asserting that 403 is identical to 302.

/home/user/cmis.marketing.limited/vendor/laravel/framework/src/Illuminate/Testing/TestResponseAssert.php:45
/home/user/cmis.marketing.limited/vendor/laravel/framework/src/Illuminate/Testing/TestResponse.php:174
/home/user/cmis.marketing.limited/tests/Feature/Orgs/OrgWebFlowTest.php:303</failure>
        </testcase>
        <testcase name="organization_creation_rolls_back_on_failure" file="/home/user/cmis.marketing.limited/tests/Feature/Orgs/OrgWebFlowTest.php" line="241" class="Tests\Feature\Orgs\OrgWebFlowTest" classname="Tests.Feature.Orgs.OrgWebFlowTest" assertions="2" time="0.141660"/>
        <testcase name="organization_name_must_be_unique" file="/home/user/cmis.marketing.limited/tests/Feature/Orgs/OrgWebFlowTest.php" line="152" class="Tests\Feature\Orgs\OrgWebFlowTest" classname="Tests.Feature.Orgs.OrgWebFlowTest" assertions="1" time="0.071832">
          <failure type="PHPUnit\Framework\ExpectationFailedException">Tests\Feature\Orgs\OrgWebFlowTest::organization_name_must_be_unique
Expected response status code [302] but received 403.
Failed asserting that 403 is identical to 302.

/home/user/cmis.marketing.limited/vendor/laravel/framework/src/Illuminate/Testing/TestResponseAssert.php:45
/home/user/cmis.marketing.limited/vendor/laravel/framework/src/Illuminate/Testing/TestResponse.php:174
/home/user/cmis.marketing.limited/tests/Feature/Orgs/OrgWebFlowTest.php:169</failure>
        </testcase>
        <testcase name="user_can_view_their_organization" file="/home/user/cmis.marketing.limited/tests/Feature/Orgs/OrgWebFlowTest.php" line="192" class="Tests\Feature\Orgs\OrgWebFlowTest" classname="Tests.Feature.Orgs.OrgWebFlowTest" assertions="1" time="2.034058">
          <failure type="PHPUnit\Framework\ExpectationFailedException">Tests\Feature\Orgs\OrgWebFlowTest::user_can_view_their_organization
Expected response status code [200] but received 500.
Failed asserting that 500 is identical to 200.

/home/user/cmis.marketing.limited/vendor/laravel/framework/src/Illuminate/Testing/TestResponseAssert.php:45
/home/user/cmis.marketing.limited/vendor/laravel/framework/src/Illuminate/Testing/TestResponse.php:174
/home/user/cmis.marketing.limited/tests/Feature/Orgs/OrgWebFlowTest.php:212</failure>
        </testcase>
        <testcase name="organization_can_set_provider_field" file="/home/user/cmis.marketing.limited/tests/Feature/Orgs/OrgWebFlowTest.php" line="332" class="Tests\Feature\Orgs\OrgWebFlowTest" classname="Tests.Feature.Orgs.OrgWebFlowTest" assertions="1" time="0.078218">
          <failure type="PHPUnit\Framework\ExpectationFailedException">Tests\Feature\Orgs\OrgWebFlowTest::organization_can_set_provider_field
Expected response status code [302] but received 403.
Failed asserting that 403 is identical to 302.

/home/user/cmis.marketing.limited/vendor/laravel/framework/src/Illuminate/Testing/TestResponseAssert.php:45
/home/user/cmis.marketing.limited/vendor/laravel/framework/src/Illuminate/Testing/TestResponse.php:174
/home/user/cmis.marketing.limited/tests/Feature/Orgs/OrgWebFlowTest.php:342</failure>
        </testcase>
        <testcase name="authenticated_user_can_view_orgs_list_page" file="/home/user/cmis.marketing.limited/tests/Feature/Orgs/OrgWebFlowTest.php" line="46" class="Tests\Feature\Orgs\OrgWebFlowTest" classname="Tests.Feature.Orgs.OrgWebFlowTest" assertions="3" time="0.152309"/>
        <testcase name="organization_provider_field_is_optional" file="/home/user/cmis.marketing.limited/tests/Feature/Orgs/OrgWebFlowTest.php" line="314" class="Tests\Feature\Orgs\OrgWebFlowTest" classname="Tests.Feature.Orgs.OrgWebFlowTest" assertions="1" time="0.071461">
          <failure type="PHPUnit\Framework\ExpectationFailedException">Tests\Feature\Orgs\OrgWebFlowTest::organization_provider_field_is_optional
Expected response status code [302] but received 403.
Failed asserting that 403 is identical to 302.

/home/user/cmis.marketing.limited/vendor/laravel/framework/src/Illuminate/Testing/TestResponseAssert.php:45
/home/user/cmis.marketing.limited/vendor/laravel/framework/src/Illuminate/Testing/TestResponse.php:174
/home/user/cmis.marketing.limited/tests/Feature/Orgs/OrgWebFlowTest.php:324</failure>
        </testcase>
        <testcase name="organization_creation_with_invalid_currency_code_fails" file="/home/user/cmis.marketing.limited/tests/Feature/Orgs/OrgWebFlowTest.php" line="177" class="Tests\Feature\Orgs\OrgWebFlowTest" classname="Tests.Feature.Orgs.OrgWebFlowTest" assertions="1" time="0.072825">
          <failure type="PHPUnit\Framework\ExpectationFailedException">Tests\Feature\Orgs\OrgWebFlowTest::organization_creation_with_invalid_currency_code_fails
Expected response status code [302] but received 403.
Failed asserting that 403 is identical to 302.

/home/user/cmis.marketing.limited/vendor/laravel/framework/src/Illuminate/Testing/TestResponseAssert.php:45
/home/user/cmis.marketing.limited/vendor/laravel/framework/src/Illuminate/Testing/TestResponse.php:174
/home/user/cmis.marketing.limited/tests/Feature/Orgs/OrgWebFlowTest.php:187</failure>
        </testcase>
        <testcase name="unauthenticated_user_cannot_view_orgs_list" file="/home/user/cmis.marketing.limited/tests/Feature/Orgs/OrgWebFlowTest.php" line="57" class="Tests\Feature\Orgs\OrgWebFlowTest" classname="Tests.Feature.Orgs.OrgWebFlowTest" assertions="3" time="0.133353"/>
        <testcase name="organization_index_shows_all_organizations" file="/home/user/cmis.marketing.limited/tests/Feature/Orgs/OrgWebFlowTest.php" line="384" class="Tests\Feature\Orgs\OrgWebFlowTest" classname="Tests.Feature.Orgs.OrgWebFlowTest" assertions="4" time="0.084039"/>
        <testcase name="user_can_create_new_organization_with_valid_data" file="/home/user/cmis.marketing.limited/tests/Feature/Orgs/OrgWebFlowTest.php" line="76" class="Tests\Feature\Orgs\OrgWebFlowTest" classname="Tests.Feature.Orgs.OrgWebFlowTest" assertions="1" time="0.070229">
          <failure type="PHPUnit\Framework\ExpectationFailedException">Tests\Feature\Orgs\OrgWebFlowTest::user_can_create_new_organization_with_valid_data
Expected response status code [302] but received 403.
Failed asserting that 403 is identical to 302.

/home/user/cmis.marketing.limited/vendor/laravel/framework/src/Illuminate/Testing/TestResponseAssert.php:45
/home/user/cmis.marketing.limited/vendor/laravel/framework/src/Illuminate/Testing/TestResponse.php:174
/home/user/cmis.marketing.limited/tests/Feature/Orgs/OrgWebFlowTest.php:89</failure>
        </testcase>
        <testcase name="organization_supports_different_locales" file="/home/user/cmis.marketing.limited/tests/Feature/Orgs/OrgWebFlowTest.php" line="266" class="Tests\Feature\Orgs\OrgWebFlowTest" classname="Tests.Feature.Orgs.OrgWebFlowTest" assertions="1" time="0.069507">
          <failure type="PHPUnit\Framework\ExpectationFailedException">Tests\Feature\Orgs\OrgWebFlowTest::organization_supports_different_locales
Expected response status code [302] but received 403.
Failed asserting that 403 is identical to 302.

/home/user/cmis.marketing.limited/vendor/laravel/framework/src/Illuminate/Testing/TestResponseAssert.php:45
/home/user/cmis.marketing.limited/vendor/laravel/framework/src/Illuminate/Testing/TestResponse.php:174
/home/user/cmis.marketing.limited/tests/Feature/Orgs/OrgWebFlowTest.php:279</failure>
        </testcase>
      </testsuite>
      <testsuite name="Tests\Feature\API\IntegrationAPITest" file="/home/user/cmis.marketing.limited/tests/Feature/API/IntegrationAPITest.php" tests="13" assertions="3" errors="10" failures="3" skipped="0" time="4.431707">
        <testcase name="it_can_test_integration_connection" file="/home/user/cmis.marketing.limited/tests/Feature/API/IntegrationAPITest.php" line="158" class="Tests\Feature\API\IntegrationAPITest" classname="Tests.Feature.API.IntegrationAPITest" assertions="0" time="0.369648">
          <error type="Illuminate\Database\Eloquent\InvalidCastException">Tests\Feature\API\IntegrationAPITest::it_can_test_integration_connection
Illuminate\Database\Eloquent\InvalidCastException: Call to undefined cast [Illuminate\Database\Eloquent\Casts\Encrypted] on column [access_token] in model [App\Models\Core\Integration].

/home/user/cmis.marketing.limited/vendor/laravel/framework/src/Illuminate/Database/Eloquent/Concerns/HasAttributes.php:1768
/home/user/cmis.marketing.limited/vendor/laravel/framework/src/Illuminate/Database/Eloquent/Concerns/HasAttributes.php:1084
/home/user/cmis.marketing.limited/vendor/laravel/framework/src/Illuminate/Database/Eloquent/Model.php:619
/home/user/cmis.marketing.limited/vendor/laravel/framework/src/Illuminate/Database/Eloquent/Model.php:713
/home/user/cmis.marketing.limited/vendor/laravel/framework/src/Illuminate/Database/Eloquent/Builder.php:1747
/home/user/cmis.marketing.limited/vendor/laravel/framework/src/Illuminate/Database/Eloquent/Builder.php:1218
/home/user/cmis.marketing.limited/vendor/laravel/framework/src/Illuminate/Support/Traits/ForwardsCalls.php:23
/home/user/cmis.marketing.limited/vendor/laravel/framework/src/Illuminate/Database/Eloquent/Model.php:2540
/home/user/cmis.marketing.limited/vendor/laravel/framework/src/Illuminate/Database/Eloquent/Model.php:2556
/home/user/cmis.marketing.limited/tests/Traits/CreatesTestData.php:105
/home/user/cmis.marketing.limited/tests/Feature/API/IntegrationAPITest.php:164</error>
        </testcase>
        <testcase name="it_can_get_integration_activity_log" file="/home/user/cmis.marketing.limited/tests/Feature/API/IntegrationAPITest.php" line="238" class="Tests\Feature\API\IntegrationAPITest" classname="Tests.Feature.API.IntegrationAPITest" assertions="0" time="0.302103">
          <error type="Illuminate\Database\Eloquent\InvalidCastException">Tests\Feature\API\IntegrationAPITest::it_can_get_integration_activity_log
Illuminate\Database\Eloquent\InvalidCastException: Call to undefined cast [Illuminate\Database\Eloquent\Casts\Encrypted] on column [access_token] in model [App\Models\Core\Integration].

/home/user/cmis.marketing.limited/vendor/laravel/framework/src/Illuminate/Database/Eloquent/Concerns/HasAttributes.php:1768
/home/user/cmis.marketing.limited/vendor/laravel/framework/src/Illuminate/Database/Eloquent/Concerns/HasAttributes.php:1084
/home/user/cmis.marketing.limited/vendor/laravel/framework/src/Illuminate/Database/Eloquent/Model.php:619
/home/user/cmis.marketing.limited/vendor/laravel/framework/src/Illuminate/Database/Eloquent/Model.php:713
/home/user/cmis.marketing.limited/vendor/laravel/framework/src/Illuminate/Database/Eloquent/Builder.php:1747
/home/user/cmis.marketing.limited/vendor/laravel/framework/src/Illuminate/Database/Eloquent/Builder.php:1218
/home/user/cmis.marketing.limited/vendor/laravel/framework/src/Illuminate/Support/Traits/ForwardsCalls.php:23
/home/user/cmis.marketing.limited/vendor/laravel/framework/src/Illuminate/Database/Eloquent/Model.php:2540
/home/user/cmis.marketing.limited/vendor/laravel/framework/src/Illuminate/Database/Eloquent/Model.php:2556
/home/user/cmis.marketing.limited/tests/Traits/CreatesTestData.php:105
/home/user/cmis.marketing.limited/tests/Feature/API/IntegrationAPITest.php:244</error>
        </testcase>
        <testcase name="it_can_sync_integration_data" file="/home/user/cmis.marketing.limited/tests/Feature/API/IntegrationAPITest.php" line="210" class="Tests\Feature\API\IntegrationAPITest" classname="Tests.Feature.API.IntegrationAPITest" assertions="0" time="0.300761">
          <error type="Illuminate\Database\Eloquent\InvalidCastException">Tests\Feature\API\IntegrationAPITest::it_can_sync_integration_data
Illuminate\Database\Eloquent\InvalidCastException: Call to undefined cast [Illuminate\Database\Eloquent\Casts\Encrypted] on column [access_token] in model [App\Models\Core\Integration].

/home/user/cmis.marketing.limited/vendor/laravel/framework/src/Illuminate/Database/Eloquent/Concerns/HasAttributes.php:1768
/home/user/cmis.marketing.limited/vendor/laravel/framework/src/Illuminate/Database/Eloquent/Concerns/HasAttributes.php:1084
/home/user/cmis.marketing.limited/vendor/laravel/framework/src/Illuminate/Database/Eloquent/Model.php:619
/home/user/cmis.marketing.limited/vendor/laravel/framework/src/Illuminate/Database/Eloquent/Model.php:713
/home/user/cmis.marketing.limited/vendor/laravel/framework/src/Illuminate/Database/Eloquent/Builder.php:1747
/home/user/cmis.marketing.limited/vendor/laravel/framework/src/Illuminate/Database/Eloquent/Builder.php:1218
/home/user/cmis.marketing.limited/vendor/laravel/framework/src/Illuminate/Support/Traits/ForwardsCalls.php:23
/home/user/cmis.marketing.limited/vendor/laravel/framework/src/Illuminate/Database/Eloquent/Model.php:2540
/home/user/cmis.marketing.limited/vendor/laravel/framework/src/Illuminate/Database/Eloquent/Model.php:2556
/home/user/cmis.marketing.limited/tests/Traits/CreatesTestData.php:105
/home/user/cmis.marketing.limited/tests/Feature/API/IntegrationAPITest.php:216</error>
        </testcase>
        <testcase name="it_respects_org_isolation" file="/home/user/cmis.marketing.limited/tests/Feature/API/IntegrationAPITest.php" line="285" class="Tests\Feature\API\IntegrationAPITest" classname="Tests.Feature.API.IntegrationAPITest" assertions="0" time="0.533252">
          <error type="Illuminate\Database\Eloquent\InvalidCastException">Tests\Feature\API\IntegrationAPITest::it_respects_org_isolation
Illuminate\Database\Eloquent\InvalidCastException: Call to undefined cast [Illuminate\Database\Eloquent\Casts\Encrypted] on column [access_token] in model [App\Models\Core\Integration].

/home/user/cmis.marketing.limited/vendor/laravel/framework/src/Illuminate/Database/Eloquent/Concerns/HasAttributes.php:1768
/home/user/cmis.marketing.limited/vendor/laravel/framework/src/Illuminate/Database/Eloquent/Concerns/HasAttributes.php:1084
/home/user/cmis.marketing.limited/vendor/laravel/framework/src/Illuminate/Database/Eloquent/Model.php:619
/home/user/cmis.marketing.limited/vendor/laravel/framework/src/Illuminate/Database/Eloquent/Model.php:713
/home/user/cmis.marketing.limited/vendor/laravel/framework/src/Illuminate/Database/Eloquent/Builder.php:1747
/home/user/cmis.marketing.limited/vendor/laravel/framework/src/Illuminate/Database/Eloquent/Builder.php:1218
/home/user/cmis.marketing.limited/vendor/laravel/framework/src/Illuminate/Support/Traits/ForwardsCalls.php:23
/home/user/cmis.marketing.limited/vendor/laravel/framework/src/Illuminate/Database/Eloquent/Model.php:2540
/home/user/cmis.marketing.limited/vendor/laravel/framework/src/Illuminate/Database/Eloquent/Model.php:2556
/home/user/cmis.marketing.limited/tests/Traits/CreatesTestData.php:105
/home/user/cmis.marketing.limited/tests/Feature/API/IntegrationAPITest.php:290</error>
        </testcase>
        <testcase name="it_can_configure_webhook_for_integration" file="/home/user/cmis.marketing.limited/tests/Feature/API/IntegrationAPITest.php" line="305" class="Tests\Feature\API\IntegrationAPITest" classname="Tests.Feature.API.IntegrationAPITest" assertions="0" time="0.304655">
          <error type="Illuminate\Database\Eloquent\InvalidCastException">Tests\Feature\API\IntegrationAPITest::it_can_configure_webhook_for_integration
Illuminate\Database\Eloquent\InvalidCastException: Call to undefined cast [Illuminate\Database\Eloquent\Casts\Encrypted] on column [access_token] in model [App\Models\Core\Integration].

/home/user/cmis.marketing.limited/vendor/laravel/framework/src/Illuminate/Database/Eloquent/Concerns/HasAttributes.php:1768
/home/user/cmis.marketing.limited/vendor/laravel/framework/src/Illuminate/Database/Eloquent/Concerns/HasAttributes.php:1084
/home/user/cmis.marketing.limited/vendor/laravel/framework/src/Illuminate/Database/Eloquent/Model.php:619
/home/user/cmis.marketing.limited/vendor/laravel/framework/src/Illuminate/Database/Eloquent/Model.php:713
/home/user/cmis.marketing.limited/vendor/laravel/framework/src/Illuminate/Database/Eloquent/Builder.php:1747
/home/user/cmis.marketing.limited/vendor/laravel/framework/src/Illuminate/Database/Eloquent/Builder.php:1218
/home/user/cmis.marketing.limited/vendor/laravel/framework/src/Illuminate/Support/Traits/ForwardsCalls.php:23
/home/user/cmis.marketing.limited/vendor/laravel/framework/src/Illuminate/Database/Eloquent/Model.php:2540
/home/user/cmis.marketing.limited/vendor/laravel/framework/src/Illuminate/Database/Eloquent/Model.php:2556
/home/user/cmis.marketing.limited/tests/Traits/CreatesTestData.php:105
/home/user/cmis.marketing.limited/tests/Feature/API/IntegrationAPITest.php:311</error>
        </testcase>
        <testcase name="it_can_connect_instagram_integration" file="/home/user/cmis.marketing.limited/tests/Feature/API/IntegrationAPITest.php" line="72" class="Tests\Feature\API\IntegrationAPITest" classname="Tests.Feature.API.IntegrationAPITest" assertions="1" time="0.355877">
          <failure type="PHPUnit\Framework\ExpectationFailedException">Tests\Feature\API\IntegrationAPITest::it_can_connect_instagram_integration
Expected response status code [201] but received 404.
Failed asserting that 404 is identical to 201.

/home/user/cmis.marketing.limited/vendor/laravel/framework/src/Illuminate/Testing/TestResponseAssert.php:45
/home/user/cmis.marketing.limited/vendor/laravel/framework/src/Illuminate/Testing/TestResponse.php:174
/home/user/cmis.marketing.limited/tests/Feature/API/IntegrationAPITest.php:92</failure>
        </testcase>
        <testcase name="it_can_refresh_integration_token" file="/home/user/cmis.marketing.limited/tests/Feature/API/IntegrationAPITest.php" line="132" class="Tests\Feature\API\IntegrationAPITest" classname="Tests.Feature.API.IntegrationAPITest" assertions="0" time="0.302409">
          <error type="Illuminate\Database\Eloquent\InvalidCastException">Tests\Feature\API\IntegrationAPITest::it_can_refresh_integration_token
Illuminate\Database\Eloquent\InvalidCastException: Call to undefined cast [Illuminate\Database\Eloquent\Casts\Encrypted] on column [access_token] in model [App\Models\Core\Integration].

/home/user/cmis.marketing.limited/vendor/laravel/framework/src/Illuminate/Database/Eloquent/Concerns/HasAttributes.php:1768
/home/user/cmis.marketing.limited/vendor/laravel/framework/src/Illuminate/Database/Eloquent/Concerns/HasAttributes.php:1084
/home/user/cmis.marketing.limited/vendor/laravel/framework/src/Illuminate/Database/Eloquent/Model.php:619
/home/user/cmis.marketing.limited/vendor/laravel/framework/src/Illuminate/Database/Eloquent/Model.php:713
/home/user/cmis.marketing.limited/vendor/laravel/framework/src/Illuminate/Database/Eloquent/Builder.php:1747
/home/user/cmis.marketing.limited/vendor/laravel/framework/src/Illuminate/Database/Eloquent/Builder.php:1218
/home/user/cmis.marketing.limited/vendor/laravel/framework/src/Illuminate/Support/Traits/ForwardsCalls.php:23
/home/user/cmis.marketing.limited/vendor/laravel/framework/src/Illuminate/Database/Eloquent/Model.php:2540
/home/user/cmis.marketing.limited/vendor/laravel/framework/src/Illuminate/Database/Eloquent/Model.php:2556
/home/user/cmis.marketing.limited/tests/Traits/CreatesTestData.php:105
/home/user/cmis.marketing.limited/tests/Feature/API/IntegrationAPITest.php:138</error>
        </testcase>
        <testcase name="it_can_get_available_integrations" file="/home/user/cmis.marketing.limited/tests/Feature/API/IntegrationAPITest.php" line="328" class="Tests\Feature\API\IntegrationAPITest" classname="Tests.Feature.API.IntegrationAPITest" assertions="1" time="0.374178">
          <failure type="PHPUnit\Framework\ExpectationFailedException">Tests\Feature\API\IntegrationAPITest::it_can_get_available_integrations
Expected response status code [200] but received 404.
Failed asserting that 404 is identical to 200.

/home/user/cmis.marketing.limited/vendor/laravel/framework/src/Illuminate/Testing/TestResponseAssert.php:45
/home/user/cmis.marketing.limited/vendor/laravel/framework/src/Illuminate/Testing/TestResponse.php:174
/home/user/cmis.marketing.limited/tests/Feature/API/IntegrationAPITest.php:337</failure>
        </testcase>
        <testcase name="it_can_get_integration_by_id" file="/home/user/cmis.marketing.limited/tests/Feature/API/IntegrationAPITest.php" line="51" class="Tests\Feature\API\IntegrationAPITest" classname="Tests.Feature.API.IntegrationAPITest" assertions="0" time="0.305745">
          <error type="Illuminate\Database\Eloquent\InvalidCastException">Tests\Feature\API\IntegrationAPITest::it_can_get_integration_by_id
Illuminate\Database\Eloquent\InvalidCastException: Call to undefined cast [Illuminate\Database\Eloquent\Casts\Encrypted] on column [access_token] in model [App\Models\Core\Integration].

/home/user/cmis.marketing.limited/vendor/laravel/framework/src/Illuminate/Database/Eloquent/Concerns/HasAttributes.php:1768
/home/user/cmis.marketing.limited/vendor/laravel/framework/src/Illuminate/Database/Eloquent/Concerns/HasAttributes.php:1084
/home/user/cmis.marketing.limited/vendor/laravel/framework/src/Illuminate/Database/Eloquent/Model.php:619
/home/user/cmis.marketing.limited/vendor/laravel/framework/src/Illuminate/Database/Eloquent/Model.php:713
/home/user/cmis.marketing.limited/vendor/laravel/framework/src/Illuminate/Database/Eloquent/Builder.php:1747
/home/user/cmis.marketing.limited/vendor/laravel/framework/src/Illuminate/Database/Eloquent/Builder.php:1218
/home/user/cmis.marketing.limited/vendor/laravel/framework/src/Illuminate/Support/Traits/ForwardsCalls.php:23
/home/user/cmis.marketing.limited/vendor/laravel/framework/src/Illuminate/Database/Eloquent/Model.php:2540
/home/user/cmis.marketing.limited/vendor/laravel/framework/src/Illuminate/Database/Eloquent/Model.php:2556
/home/user/cmis.marketing.limited/tests/Traits/CreatesTestData.php:105
/home/user/cmis.marketing.limited/tests/Feature/API/IntegrationAPITest.php:57</error>
        </testcase>
        <testcase name="it_validates_platform_on_connect" file="/home/user/cmis.marketing.limited/tests/Feature/API/IntegrationAPITest.php" line="263" class="Tests\Feature\API\IntegrationAPITest" classname="Tests.Feature.API.IntegrationAPITest" assertions="1" time="0.307942">
          <failure type="PHPUnit\Framework\ExpectationFailedException">Tests\Feature\API\IntegrationAPITest::it_validates_platform_on_connect
Expected response status code [422] but received 404.
Failed asserting that 404 is identical to 422.

/home/user/cmis.marketing.limited/vendor/laravel/framework/src/Illuminate/Testing/TestResponseAssert.php:45
/home/user/cmis.marketing.limited/vendor/laravel/framework/src/Illuminate/Testing/TestResponse.php:174
/home/user/cmis.marketing.limited/tests/Feature/API/IntegrationAPITest.php:275</failure>
        </testcase>
        <testcase name="it_can_get_integration_permissions" file="/home/user/cmis.marketing.limited/tests/Feature/API/IntegrationAPITest.php" line="183" class="Tests\Feature\API\IntegrationAPITest" classname="Tests.Feature.API.IntegrationAPITest" assertions="0" time="0.364082">
          <error type="Illuminate\Database\Eloquent\InvalidCastException">Tests\Feature\API\IntegrationAPITest::it_can_get_integration_permissions
Illuminate\Database\Eloquent\InvalidCastException: Call to undefined cast [Illuminate\Database\Eloquent\Casts\Encrypted] on column [access_token] in model [App\Models\Core\Integration].

/home/user/cmis.marketing.limited/vendor/laravel/framework/src/Illuminate/Database/Eloquent/Concerns/HasAttributes.php:1768
/home/user/cmis.marketing.limited/vendor/laravel/framework/src/Illuminate/Database/Eloquent/Concerns/HasAttributes.php:1084
/home/user/cmis.marketing.limited/vendor/laravel/framework/src/Illuminate/Database/Eloquent/Model.php:619
/home/user/cmis.marketing.limited/vendor/laravel/framework/src/Illuminate/Database/Eloquent/Model.php:713
/home/user/cmis.marketing.limited/vendor/laravel/framework/src/Illuminate/Database/Eloquent/Builder.php:1747
/home/user/cmis.marketing.limited/vendor/laravel/framework/src/Illuminate/Database/Eloquent/Builder.php:1218
/home/user/cmis.marketing.limited/vendor/laravel/framework/src/Illuminate/Support/Traits/ForwardsCalls.php:23
/home/user/cmis.marketing.limited/vendor/laravel/framework/src/Illuminate/Database/Eloquent/Model.php:2540
/home/user/cmis.marketing.limited/vendor/laravel/framework/src/Illuminate/Database/Eloquent/Model.php:2556
/home/user/cmis.marketing.limited/tests/Traits/CreatesTestData.php:105
/home/user/cmis.marketing.limited/tests/Feature/API/IntegrationAPITest.php:189</error>
        </testcase>
        <testcase name="it_can_disconnect_integration" file="/home/user/cmis.marketing.limited/tests/Feature/API/IntegrationAPITest.php" line="108" class="Tests\Feature\API\IntegrationAPITest" classname="Tests.Feature.API.IntegrationAPITest" assertions="0" time="0.307355">
          <error type="Illuminate\Database\Eloquent\InvalidCastException">Tests\Feature\API\IntegrationAPITest::it_can_disconnect_integration
Illuminate\Database\Eloquent\InvalidCastException: Call to undefined cast [Illuminate\Database\Eloquent\Casts\Encrypted] on column [access_token] in model [App\Models\Core\Integration].

/home/user/cmis.marketing.limited/vendor/laravel/framework/src/Illuminate/Database/Eloquent/Concerns/HasAttributes.php:1768
/home/user/cmis.marketing.limited/vendor/laravel/framework/src/Illuminate/Database/Eloquent/Concerns/HasAttributes.php:1084
/home/user/cmis.marketing.limited/vendor/laravel/framework/src/Illuminate/Database/Eloquent/Model.php:619
/home/user/cmis.marketing.limited/vendor/laravel/framework/src/Illuminate/Database/Eloquent/Model.php:713
/home/user/cmis.marketing.limited/vendor/laravel/framework/src/Illuminate/Database/Eloquent/Builder.php:1747
/home/user/cmis.marketing.limited/vendor/laravel/framework/src/Illuminate/Database/Eloquent/Builder.php:1218
/home/user/cmis.marketing.limited/vendor/laravel/framework/src/Illuminate/Support/Traits/ForwardsCalls.php:23
/home/user/cmis.marketing.limited/vendor/laravel/framework/src/Illuminate/Database/Eloquent/Model.php:2540
/home/user/cmis.marketing.limited/vendor/laravel/framework/src/Illuminate/Database/Eloquent/Model.php:2556
/home/user/cmis.marketing.limited/tests/Traits/CreatesTestData.php:105
/home/user/cmis.marketing.limited/tests/Feature/API/IntegrationAPITest.php:114</error>
        </testcase>
        <testcase name="it_can_list_all_integrations" file="/home/user/cmis.marketing.limited/tests/Feature/API/IntegrationAPITest.php" line="24" class="Tests\Feature\API\IntegrationAPITest" classname="Tests.Feature.API.IntegrationAPITest" assertions="0" time="0.303700">
          <error type="Illuminate\Database\Eloquent\InvalidCastException">Tests\Feature\API\IntegrationAPITest::it_can_list_all_integrations
Illuminate\Database\Eloquent\InvalidCastException: Call to undefined cast [Illuminate\Database\Eloquent\Casts\Encrypted] on column [access_token] in model [App\Models\Core\Integration].

/home/user/cmis.marketing.limited/vendor/laravel/framework/src/Illuminate/Database/Eloquent/Concerns/HasAttributes.php:1768
/home/user/cmis.marketing.limited/vendor/laravel/framework/src/Illuminate/Database/Eloquent/Concerns/HasAttributes.php:1084
/home/user/cmis.marketing.limited/vendor/laravel/framework/src/Illuminate/Database/Eloquent/Model.php:619
/home/user/cmis.marketing.limited/vendor/laravel/framework/src/Illuminate/Database/Eloquent/Model.php:713
/home/user/cmis.marketing.limited/vendor/laravel/framework/src/Illuminate/Database/Eloquent/Builder.php:1747
/home/user/cmis.marketing.limited/vendor/laravel/framework/src/Illuminate/Database/Eloquent/Builder.php:1218
/home/user/cmis.marketing.limited/vendor/laravel/framework/src/Illuminate/Support/Traits/ForwardsCalls.php:23
/home/user/cmis.marketing.limited/vendor/laravel/framework/src/Illuminate/Database/Eloquent/Model.php:2540
/home/user/cmis.marketing.limited/vendor/laravel/framework/src/Illuminate/Database/Eloquent/Model.php:2556
/home/user/cmis.marketing.limited/tests/Traits/CreatesTestData.php:105
/home/user/cmis.marketing.limited/tests/Feature/API/IntegrationAPITest.php:30</error>
        </testcase>
      </testsuite>
      <testsuite name="Tests\Feature\CampaignTest" file="/home/user/cmis.marketing.limited/tests/Feature/CampaignTest.php" tests="1" assertions="1" errors="0" failures="1" skipped="0" time="0.075150">
        <testcase name="test_example" file="/home/user/cmis.marketing.limited/tests/Feature/CampaignTest.php" line="14" class="Tests\Feature\CampaignTest" classname="Tests.Feature.CampaignTest" assertions="1" time="0.075150">
          <failure type="PHPUnit\Framework\ExpectationFailedException">Tests\Feature\CampaignTest::test_example
Expected response status code [200] but received 302.
Failed asserting that 302 is identical to 200.

/home/user/cmis.marketing.limited/vendor/laravel/framework/src/Illuminate/Testing/TestResponseAssert.php:45
/home/user/cmis.marketing.limited/vendor/laravel/framework/src/Illuminate/Testing/TestResponse.php:174
/home/user/cmis.marketing.limited/tests/Feature/CampaignTest.php:18</failure>
        </testcase>
      </testsuite>
      <testsuite name="Tests\Feature\API\KnowledgeAPITest" file="/home/user/cmis.marketing.limited/tests/Feature/API/KnowledgeAPITest.php" tests="12" assertions="2" errors="10" failures="2" skipped="0" time="4.050107">
        <testcase name="it_can_get_knowledge_entry_by_id" file="/home/user/cmis.marketing.limited/tests/Feature/API/KnowledgeAPITest.php" line="93" class="Tests\Feature\API\KnowledgeAPITest" classname="Tests.Feature.API.KnowledgeAPITest" assertions="0" time="0.359185">
          <error type="Illuminate\Database\QueryException">Tests\Feature\API\KnowledgeAPITest::it_can_get_knowledge_entry_by_id
Illuminate\Database\QueryException: SQLSTATE[42P01]: Undefined table: 7 ERROR:  relation "cmis.knowledge_index" does not exist
LINE 1: insert into "cmis"."knowledge_index" ("org_id", "title", "co...
                    ^ (Connection: pgsql, SQL: insert into "cmis"."knowledge_index" ("org_id", "title", "content", "embedding", "knowledge_id", "updated_at", "created_at") values (aa71625f-a19d-4e6a-8e54-6ef2f6fffee2, Test Entry, Test Content, [0.1,0.1,0.1,0.1,0.1,0.1,0.1,0.1,0.1,0.1,0.1,0.1,0.1,0.1,0.1,0.1,0.1,0.1,0.1,0.1,0.1,0.1,0.1,0.1,0.1,0.1,0.1,0.1,0.1,0.1,0.1,0.1,0.1,0.1,0.1,0.1,0.1,0.1,0.1,0.1,0.1,0.1,0.1,0.1,0.1,0.1,0.1,0.1,0.1,0.1,0.1,0.1,0.1,0.1,0.1,0.1,0.1,0.1,0.1,0.1,0.1,0.1,0.1,0.1,0.1,0.1,0.1,0.1,0.1,0.1,0.1,0.1,0.1,0.1,0.1,0.1,0.1,0.1,0.1,0.1,0.1,0.1,0.1,0.1,0.1,0.1,0.1,0.1,0.1,0.1,0.1,0.1,0.1,0.1,0.1,0.1,0.1,0.1,0.1,0.1,0.1,0.1,0.1,0.1,0.1,0.1,0.1,0.1,0.1,0.1,0.1,0.1,0.1,0.1,0.1,0.1,0.1,0.1,0.1,0.1,0.1,0.1,0.1,0.1,0.1,0.1,0.1,0.1,0.1,0.1,0.1,0.1,0.1,0.1,0.1,0.1,0.1,0.1,0.1,0.1,0.1,0.1,0.1,0.1,0.1,0.1,0.1,0.1,0.1,0.1,0.1,0.1,0.1,0.1,0.1,0.1,0.1,0.1,0.1,0.1,0.1,0.1,0.1,0.1,0.1,0.1,0.1,0.1,0.1,0.1,0.1,0.1,0.1,0.1,0.1,0.1,0.1,0.1,0.1,0.1,0.1,0.1,0.1,0.1,0.1,0.1,0.1,0.1,0.1,0.1,0.1,0.1,0.1,0.1,0.1,0.1,0.1,0.1,0.1,0.1,0.1,0.1,0.1,0.1,0.1,0.1,0.1,0.1,0.1,0.1,0.1,0.1,0.1,0.1,0.1,0.1,0.1,0.1,0.1,0.1,0.1,0.1,0.1,0.1,0.1,0.1,0.1,0.1,0.1,0.1,0.1,0.1,0.1,0.1,0.1,0.1,0.1,0.1,0.1,0.1,0.1,0.1,0.1,0.1,0.1,0.1,0.1,0.1,0.1,0.1,0.1,0.1,0.1,0.1,0.1,0.1,0.1,0.1,0.1,0.1,0.1,0.1,0.1,0.1,0.1,0.1,0.1,0.1,0.1,0.1,0.1,0.1,0.1,0.1,0.1,0.1,0.1,0.1,0.1,0.1,0.1,0.1,0.1,0.1,0.1,0.1,0.1,0.1,0.1,0.1,0.1,0.1,0.1,0.1,0.1,0.1,0.1,0.1,0.1,0.1,0.1,0.1,0.1,0.1,0.1,0.1,0.1,0.1,0.1,0.1,0.1,0.1,0.1,0.1,0.1,0.1,0.1,0.1,0.1,0.1,0.1,0.1,0.1,0.1,0.1,0.1,0.1,0.1,0.1,0.1,0.1,0.1,0.1,0.1,0.1,0.1,0.1,0.1,0.1,0.1,0.1,0.1,0.1,0.1,0.1,0.1,0.1,0.1,0.1,0.1,0.1,0.1,0.1,0.1,0.1,0.1,0.1,0.1,0.1,0.1,0.1,0.1,0.1,0.1,0.1,0.1,0.1,0.1,0.1,0.1,0.1,0.1,0.1,0.1,0.1,0.1,0.1,0.1,0.1,0.1,0.1,0.1,0.1,0.1,0.1,0.1,0.1,0.1,0.1,0.1,0.1,0.1,0.1,0.1,0.1,0.1,0.1,0.1,0.1,0.1,0.1,0.1,0.1,0.1,0.1,0.1,0.1,0.1,0.1,0.1,0.1,0.1,0.1,0.1,0.1,0.1,0.1,0.1,0.1,0.1,0.1,0.1,0.1,0.1,0.1,0.1,0.1,0.1,0.1,0.1,0.1,0.1,0.1,0.1,0.1,0.1,0.1,0.1,0.1,0.1,0.1,0.1,0.1,0.1,0.1,0.1,0.1,0.1,0.1,0.1,0.1,0.1,0.1,0.1,0.1,0.1,0.1,0.1,0.1,0.1,0.1,0.1,0.1,0.1,0.1,0.1,0.1,0.1,0.1,0.1,0.1,0.1,0.1,0.1,0.1,0.1,0.1,0.1,0.1,0.1,0.1,0.1,0.1,0.1,0.1,0.1,0.1,0.1,0.1,0.1,0.1,0.1,0.1,0.1,0.1,0.1,0.1,0.1,0.1,0.1,0.1,0.1,0.1,0.1,0.1,0.1,0.1,0.1,0.1,0.1,0.1,0.1,0.1,0.1,0.1,0.1,0.1,0.1,0.1,0.1,0.1,0.1,0.1,0.1,0.1,0.1,0.1,0.1,0.1,0.1,0.1,0.1,0.1,0.1,0.1,0.1,0.1,0.1,0.1,0.1,0.1,0.1,0.1,0.1,0.1,0.1,0.1,0.1,0.1,0.1,0.1,0.1,0.1,0.1,0.1,0.1,0.1,0.1,0.1,0.1,0.1,0.1,0.1,0.1,0.1,0.1,0.1,0.1,0.1,0.1,0.1,0.1,0.1,0.1,0.1,0.1,0.1,0.1,0.1,0.1,0.1,0.1,0.1,0.1,0.1,0.1,0.1,0.1,0.1,0.1,0.1,0.1,0.1,0.1,0.1,0.1,0.1,0.1,0.1,0.1,0.1,0.1,0.1,0.1,0.1,0.1,0.1,0.1,0.1,0.1,0.1,0.1,0.1,0.1,0.1,0.1,0.1,0.1,0.1,0.1,0.1,0.1,0.1,0.1,0.1,0.1,0.1,0.1,0.1,0.1,0.1,0.1,0.1,0.1,0.1,0.1,0.1,0.1,0.1,0.1,0.1,0.1,0.1,0.1,0.1,0.1,0.1,0.1,0.1,0.1,0.1,0.1,0.1,0.1,0.1,0.1,0.1,0.1,0.1,0.1,0.1,0.1,0.1,0.1,0.1,0.1,0.1,0.1,0.1,0.1,0.1,0.1,0.1,0.1,0.1,0.1,0.1,0.1,0.1,0.1,0.1,0.1,0.1,0.1,0.1,0.1,0.1,0.1,0.1,0.1,0.1,0.1,0.1,0.1,0.1,0.1,0.1,0.1,0.1,0.1,0.1,0.1,0.1,0.1,0.1,0.1,0.1,0.1,0.1,0.1,0.1,0.1,0.1,0.1,0.1,0.1,0.1,0.1,0.1,0.1,0.1,0.1,0.1,0.1,0.1,0.1,0.1,0.1,0.1,0.1,0.1,0.1,0.1,0.1,0.1,0.1,0.1,0.1,0.1,0.1,0.1,0.1,0.1,0.1,0.1,0.1,0.1,0.1,0.1,0.1,0.1,0.1,0.1,0.1,0.1,0.1,0.1,0.1,0.1,0.1,0.1,0.1,0.1,0.1,0.1,0.1,0.1,0.1], 019a9bcb-87c3-725f-bc2d-8b94486858ac, 2025-11-19 11:06:38, 2025-11-19 11:06:38))

/home/user/cmis.marketing.limited/vendor/laravel/framework/src/Illuminate/Database/Connection.php:824
/home/user/cmis.marketing.limited/vendor/laravel/framework/src/Illuminate/Database/Connection.php:778
/home/user/cmis.marketing.limited/vendor/laravel/framework/src/Illuminate/Database/Connection.php:559
/home/user/cmis.marketing.limited/vendor/laravel/framework/src/Illuminate/Database/Connection.php:523
/home/user/cmis.marketing.limited/vendor/laravel/framework/src/Illuminate/Database/Query/Builder.php:3804
/home/user/cmis.marketing.limited/vendor/laravel/framework/src/Illuminate/Database/Eloquent/Builder.php:2235
/home/user/cmis.marketing.limited/vendor/laravel/framework/src/Illuminate/Database/Eloquent/Model.php:1412
/home/user/cmis.marketing.limited/vendor/laravel/framework/src/Illuminate/Database/Eloquent/Model.php:1240
/home/user/cmis.marketing.limited/vendor/laravel/framework/src/Illuminate/Database/Eloquent/Builder.php:1219
/home/user/cmis.marketing.limited/vendor/laravel/framework/src/Illuminate/Support/helpers.php:390
/home/user/cmis.marketing.limited/vendor/laravel/framework/src/Illuminate/Database/Eloquent/Builder.php:1218
/home/user/cmis.marketing.limited/vendor/laravel/framework/src/Illuminate/Support/Traits/ForwardsCalls.php:23
/home/user/cmis.marketing.limited/vendor/laravel/framework/src/Illuminate/Database/Eloquent/Model.php:2540
/home/user/cmis.marketing.limited/vendor/laravel/framework/src/Illuminate/Database/Eloquent/Model.php:2556
/home/user/cmis.marketing.limited/tests/Feature/API/KnowledgeAPITest.php:99</error>
        </testcase>
        <testcase name="it_can_get_knowledge_statistics" file="/home/user/cmis.marketing.limited/tests/Feature/API/KnowledgeAPITest.php" line="330" class="Tests\Feature\API\KnowledgeAPITest" classname="Tests.Feature.API.KnowledgeAPITest" assertions="0" time="0.299222">
          <error type="Illuminate\Database\QueryException">Tests\Feature\API\KnowledgeAPITest::it_can_get_knowledge_statistics
Illuminate\Database\QueryException: SQLSTATE[42P01]: Undefined table: 7 ERROR:  relation "cmis.knowledge_index" does not exist
LINE 1: insert into "cmis"."knowledge_index" ("org_id", "title", "co...
                    ^ (Connection: pgsql, SQL: insert into "cmis"."knowledge_index" ("org_id", "title", "content", "embedding", "knowledge_id", "updated_at", "created_at") values (8ac5669f-5596-4441-9675-ba5c5fd5bf5d, Entry 1, Content, [0.1,0.1,0.1,0.1,0.1,0.1,0.1,0.1,0.1,0.1,0.1,0.1,0.1,0.1,0.1,0.1,0.1,0.1,0.1,0.1,0.1,0.1,0.1,0.1,0.1,0.1,0.1,0.1,0.1,0.1,0.1,0.1,0.1,0.1,0.1,0.1,0.1,0.1,0.1,0.1,0.1,0.1,0.1,0.1,0.1,0.1,0.1,0.1,0.1,0.1,0.1,0.1,0.1,0.1,0.1,0.1,0.1,0.1,0.1,0.1,0.1,0.1,0.1,0.1,0.1,0.1,0.1,0.1,0.1,0.1,0.1,0.1,0.1,0.1,0.1,0.1,0.1,0.1,0.1,0.1,0.1,0.1,0.1,0.1,0.1,0.1,0.1,0.1,0.1,0.1,0.1,0.1,0.1,0.1,0.1,0.1,0.1,0.1,0.1,0.1,0.1,0.1,0.1,0.1,0.1,0.1,0.1,0.1,0.1,0.1,0.1,0.1,0.1,0.1,0.1,0.1,0.1,0.1,0.1,0.1,0.1,0.1,0.1,0.1,0.1,0.1,0.1,0.1,0.1,0.1,0.1,0.1,0.1,0.1,0.1,0.1,0.1,0.1,0.1,0.1,0.1,0.1,0.1,0.1,0.1,0.1,0.1,0.1,0.1,0.1,0.1,0.1,0.1,0.1,0.1,0.1,0.1,0.1,0.1,0.1,0.1,0.1,0.1,0.1,0.1,0.1,0.1,0.1,0.1,0.1,0.1,0.1,0.1,0.1,0.1,0.1,0.1,0.1,0.1,0.1,0.1,0.1,0.1,0.1,0.1,0.1,0.1,0.1,0.1,0.1,0.1,0.1,0.1,0.1,0.1,0.1,0.1,0.1,0.1,0.1,0.1,0.1,0.1,0.1,0.1,0.1,0.1,0.1,0.1,0.1,0.1,0.1,0.1,0.1,0.1,0.1,0.1,0.1,0.1,0.1,0.1,0.1,0.1,0.1,0.1,0.1,0.1,0.1,0.1,0.1,0.1,0.1,0.1,0.1,0.1,0.1,0.1,0.1,0.1,0.1,0.1,0.1,0.1,0.1,0.1,0.1,0.1,0.1,0.1,0.1,0.1,0.1,0.1,0.1,0.1,0.1,0.1,0.1,0.1,0.1,0.1,0.1,0.1,0.1,0.1,0.1,0.1,0.1,0.1,0.1,0.1,0.1,0.1,0.1,0.1,0.1,0.1,0.1,0.1,0.1,0.1,0.1,0.1,0.1,0.1,0.1,0.1,0.1,0.1,0.1,0.1,0.1,0.1,0.1,0.1,0.1,0.1,0.1,0.1,0.1,0.1,0.1,0.1,0.1,0.1,0.1,0.1,0.1,0.1,0.1,0.1,0.1,0.1,0.1,0.1,0.1,0.1,0.1,0.1,0.1,0.1,0.1,0.1,0.1,0.1,0.1,0.1,0.1,0.1,0.1,0.1,0.1,0.1,0.1,0.1,0.1,0.1,0.1,0.1,0.1,0.1,0.1,0.1,0.1,0.1,0.1,0.1,0.1,0.1,0.1,0.1,0.1,0.1,0.1,0.1,0.1,0.1,0.1,0.1,0.1,0.1,0.1,0.1,0.1,0.1,0.1,0.1,0.1,0.1,0.1,0.1,0.1,0.1,0.1,0.1,0.1,0.1,0.1,0.1,0.1,0.1,0.1,0.1,0.1,0.1,0.1,0.1,0.1,0.1,0.1,0.1,0.1,0.1,0.1,0.1,0.1,0.1,0.1,0.1,0.1,0.1,0.1,0.1,0.1,0.1,0.1,0.1,0.1,0.1,0.1,0.1,0.1,0.1,0.1,0.1,0.1,0.1,0.1,0.1,0.1,0.1,0.1,0.1,0.1,0.1,0.1,0.1,0.1,0.1,0.1,0.1,0.1,0.1,0.1,0.1,0.1,0.1,0.1,0.1,0.1,0.1,0.1,0.1,0.1,0.1,0.1,0.1,0.1,0.1,0.1,0.1,0.1,0.1,0.1,0.1,0.1,0.1,0.1,0.1,0.1,0.1,0.1,0.1,0.1,0.1,0.1,0.1,0.1,0.1,0.1,0.1,0.1,0.1,0.1,0.1,0.1,0.1,0.1,0.1,0.1,0.1,0.1,0.1,0.1,0.1,0.1,0.1,0.1,0.1,0.1,0.1,0.1,0.1,0.1,0.1,0.1,0.1,0.1,0.1,0.1,0.1,0.1,0.1,0.1,0.1,0.1,0.1,0.1,0.1,0.1,0.1,0.1,0.1,0.1,0.1,0.1,0.1,0.1,0.1,0.1,0.1,0.1,0.1,0.1,0.1,0.1,0.1,0.1,0.1,0.1,0.1,0.1,0.1,0.1,0.1,0.1,0.1,0.1,0.1,0.1,0.1,0.1,0.1,0.1,0.1,0.1,0.1,0.1,0.1,0.1,0.1,0.1,0.1,0.1,0.1,0.1,0.1,0.1,0.1,0.1,0.1,0.1,0.1,0.1,0.1,0.1,0.1,0.1,0.1,0.1,0.1,0.1,0.1,0.1,0.1,0.1,0.1,0.1,0.1,0.1,0.1,0.1,0.1,0.1,0.1,0.1,0.1,0.1,0.1,0.1,0.1,0.1,0.1,0.1,0.1,0.1,0.1,0.1,0.1,0.1,0.1,0.1,0.1,0.1,0.1,0.1,0.1,0.1,0.1,0.1,0.1,0.1,0.1,0.1,0.1,0.1,0.1,0.1,0.1,0.1,0.1,0.1,0.1,0.1,0.1,0.1,0.1,0.1,0.1,0.1,0.1,0.1,0.1,0.1,0.1,0.1,0.1,0.1,0.1,0.1,0.1,0.1,0.1,0.1,0.1,0.1,0.1,0.1,0.1,0.1,0.1,0.1,0.1,0.1,0.1,0.1,0.1,0.1,0.1,0.1,0.1,0.1,0.1,0.1,0.1,0.1,0.1,0.1,0.1,0.1,0.1,0.1,0.1,0.1,0.1,0.1,0.1,0.1,0.1,0.1,0.1,0.1,0.1,0.1,0.1,0.1,0.1,0.1,0.1,0.1,0.1,0.1,0.1,0.1,0.1,0.1,0.1,0.1,0.1,0.1,0.1,0.1,0.1,0.1,0.1,0.1,0.1,0.1,0.1,0.1,0.1,0.1,0.1,0.1,0.1,0.1,0.1,0.1,0.1,0.1,0.1,0.1,0.1,0.1,0.1,0.1,0.1,0.1,0.1,0.1,0.1,0.1,0.1,0.1,0.1,0.1,0.1,0.1,0.1,0.1,0.1,0.1,0.1,0.1,0.1,0.1,0.1,0.1,0.1,0.1,0.1,0.1,0.1,0.1,0.1,0.1,0.1,0.1,0.1,0.1,0.1,0.1,0.1,0.1,0.1,0.1,0.1,0.1], 019a9bcb-88ee-70f7-a0ee-699a9ddd3c58, 2025-11-19 11:06:38, 2025-11-19 11:06:38))

/home/user/cmis.marketing.limited/vendor/laravel/framework/src/Illuminate/Database/Connection.php:824
/home/user/cmis.marketing.limited/vendor/laravel/framework/src/Illuminate/Database/Connection.php:778
/home/user/cmis.marketing.limited/vendor/laravel/framework/src/Illuminate/Database/Connection.php:559
/home/user/cmis.marketing.limited/vendor/laravel/framework/src/Illuminate/Database/Connection.php:523
/home/user/cmis.marketing.limited/vendor/laravel/framework/src/Illuminate/Database/Query/Builder.php:3804
/home/user/cmis.marketing.limited/vendor/laravel/framework/src/Illuminate/Database/Eloquent/Builder.php:2235
/home/user/cmis.marketing.limited/vendor/laravel/framework/src/Illuminate/Database/Eloquent/Model.php:1412
/home/user/cmis.marketing.limited/vendor/laravel/framework/src/Illuminate/Database/Eloquent/Model.php:1240
/home/user/cmis.marketing.limited/vendor/laravel/framework/src/Illuminate/Database/Eloquent/Builder.php:1219
/home/user/cmis.marketing.limited/vendor/laravel/framework/src/Illuminate/Support/helpers.php:390
/home/user/cmis.marketing.limited/vendor/laravel/framework/src/Illuminate/Database/Eloquent/Builder.php:1218
/home/user/cmis.marketing.limited/vendor/laravel/framework/src/Illuminate/Support/Traits/ForwardsCalls.php:23
/home/user/cmis.marketing.limited/vendor/laravel/framework/src/Illuminate/Database/Eloquent/Model.php:2540
/home/user/cmis.marketing.limited/vendor/laravel/framework/src/Illuminate/Database/Eloquent/Model.php:2556
/home/user/cmis.marketing.limited/tests/Feature/API/KnowledgeAPITest.php:336</error>
        </testcase>
        <testcase name="it_can_filter_by_category" file="/home/user/cmis.marketing.limited/tests/Feature/API/KnowledgeAPITest.php" line="254" class="Tests\Feature\API\KnowledgeAPITest" classname="Tests.Feature.API.KnowledgeAPITest" assertions="0" time="0.298843">
          <error type="Illuminate\Database\QueryException">Tests\Feature\API\KnowledgeAPITest::it_can_filter_by_category
Illuminate\Database\QueryException: SQLSTATE[42P01]: Undefined table: 7 ERROR:  relation "cmis.knowledge_index" does not exist
LINE 1: insert into "cmis"."knowledge_index" ("org_id", "title", "co...
                    ^ (Connection: pgsql, SQL: insert into "cmis"."knowledge_index" ("org_id", "title", "content", "metadata", "embedding", "knowledge_id", "updated_at", "created_at") values (c2f37b40-5f0f-48c8-93ac-03013b8782b2, Marketing Guide, Content, {"category":"marketing"}, [0.1,0.1,0.1,0.1,0.1,0.1,0.1,0.1,0.1,0.1,0.1,0.1,0.1,0.1,0.1,0.1,0.1,0.1,0.1,0.1,0.1,0.1,0.1,0.1,0.1,0.1,0.1,0.1,0.1,0.1,0.1,0.1,0.1,0.1,0.1,0.1,0.1,0.1,0.1,0.1,0.1,0.1,0.1,0.1,0.1,0.1,0.1,0.1,0.1,0.1,0.1,0.1,0.1,0.1,0.1,0.1,0.1,0.1,0.1,0.1,0.1,0.1,0.1,0.1,0.1,0.1,0.1,0.1,0.1,0.1,0.1,0.1,0.1,0.1,0.1,0.1,0.1,0.1,0.1,0.1,0.1,0.1,0.1,0.1,0.1,0.1,0.1,0.1,0.1,0.1,0.1,0.1,0.1,0.1,0.1,0.1,0.1,0.1,0.1,0.1,0.1,0.1,0.1,0.1,0.1,0.1,0.1,0.1,0.1,0.1,0.1,0.1,0.1,0.1,0.1,0.1,0.1,0.1,0.1,0.1,0.1,0.1,0.1,0.1,0.1,0.1,0.1,0.1,0.1,0.1,0.1,0.1,0.1,0.1,0.1,0.1,0.1,0.1,0.1,0.1,0.1,0.1,0.1,0.1,0.1,0.1,0.1,0.1,0.1,0.1,0.1,0.1,0.1,0.1,0.1,0.1,0.1,0.1,0.1,0.1,0.1,0.1,0.1,0.1,0.1,0.1,0.1,0.1,0.1,0.1,0.1,0.1,0.1,0.1,0.1,0.1,0.1,0.1,0.1,0.1,0.1,0.1,0.1,0.1,0.1,0.1,0.1,0.1,0.1,0.1,0.1,0.1,0.1,0.1,0.1,0.1,0.1,0.1,0.1,0.1,0.1,0.1,0.1,0.1,0.1,0.1,0.1,0.1,0.1,0.1,0.1,0.1,0.1,0.1,0.1,0.1,0.1,0.1,0.1,0.1,0.1,0.1,0.1,0.1,0.1,0.1,0.1,0.1,0.1,0.1,0.1,0.1,0.1,0.1,0.1,0.1,0.1,0.1,0.1,0.1,0.1,0.1,0.1,0.1,0.1,0.1,0.1,0.1,0.1,0.1,0.1,0.1,0.1,0.1,0.1,0.1,0.1,0.1,0.1,0.1,0.1,0.1,0.1,0.1,0.1,0.1,0.1,0.1,0.1,0.1,0.1,0.1,0.1,0.1,0.1,0.1,0.1,0.1,0.1,0.1,0.1,0.1,0.1,0.1,0.1,0.1,0.1,0.1,0.1,0.1,0.1,0.1,0.1,0.1,0.1,0.1,0.1,0.1,0.1,0.1,0.1,0.1,0.1,0.1,0.1,0.1,0.1,0.1,0.1,0.1,0.1,0.1,0.1,0.1,0.1,0.1,0.1,0.1,0.1,0.1,0.1,0.1,0.1,0.1,0.1,0.1,0.1,0.1,0.1,0.1,0.1,0.1,0.1,0.1,0.1,0.1,0.1,0.1,0.1,0.1,0.1,0.1,0.1,0.1,0.1,0.1,0.1,0.1,0.1,0.1,0.1,0.1,0.1,0.1,0.1,0.1,0.1,0.1,0.1,0.1,0.1,0.1,0.1,0.1,0.1,0.1,0.1,0.1,0.1,0.1,0.1,0.1,0.1,0.1,0.1,0.1,0.1,0.1,0.1,0.1,0.1,0.1,0.1,0.1,0.1,0.1,0.1,0.1,0.1,0.1,0.1,0.1,0.1,0.1,0.1,0.1,0.1,0.1,0.1,0.1,0.1,0.1,0.1,0.1,0.1,0.1,0.1,0.1,0.1,0.1,0.1,0.1,0.1,0.1,0.1,0.1,0.1,0.1,0.1,0.1,0.1,0.1,0.1,0.1,0.1,0.1,0.1,0.1,0.1,0.1,0.1,0.1,0.1,0.1,0.1,0.1,0.1,0.1,0.1,0.1,0.1,0.1,0.1,0.1,0.1,0.1,0.1,0.1,0.1,0.1,0.1,0.1,0.1,0.1,0.1,0.1,0.1,0.1,0.1,0.1,0.1,0.1,0.1,0.1,0.1,0.1,0.1,0.1,0.1,0.1,0.1,0.1,0.1,0.1,0.1,0.1,0.1,0.1,0.1,0.1,0.1,0.1,0.1,0.1,0.1,0.1,0.1,0.1,0.1,0.1,0.1,0.1,0.1,0.1,0.1,0.1,0.1,0.1,0.1,0.1,0.1,0.1,0.1,0.1,0.1,0.1,0.1,0.1,0.1,0.1,0.1,0.1,0.1,0.1,0.1,0.1,0.1,0.1,0.1,0.1,0.1,0.1,0.1,0.1,0.1,0.1,0.1,0.1,0.1,0.1,0.1,0.1,0.1,0.1,0.1,0.1,0.1,0.1,0.1,0.1,0.1,0.1,0.1,0.1,0.1,0.1,0.1,0.1,0.1,0.1,0.1,0.1,0.1,0.1,0.1,0.1,0.1,0.1,0.1,0.1,0.1,0.1,0.1,0.1,0.1,0.1,0.1,0.1,0.1,0.1,0.1,0.1,0.1,0.1,0.1,0.1,0.1,0.1,0.1,0.1,0.1,0.1,0.1,0.1,0.1,0.1,0.1,0.1,0.1,0.1,0.1,0.1,0.1,0.1,0.1,0.1,0.1,0.1,0.1,0.1,0.1,0.1,0.1,0.1,0.1,0.1,0.1,0.1,0.1,0.1,0.1,0.1,0.1,0.1,0.1,0.1,0.1,0.1,0.1,0.1,0.1,0.1,0.1,0.1,0.1,0.1,0.1,0.1,0.1,0.1,0.1,0.1,0.1,0.1,0.1,0.1,0.1,0.1,0.1,0.1,0.1,0.1,0.1,0.1,0.1,0.1,0.1,0.1,0.1,0.1,0.1,0.1,0.1,0.1,0.1,0.1,0.1,0.1,0.1,0.1,0.1,0.1,0.1,0.1,0.1,0.1,0.1,0.1,0.1,0.1,0.1,0.1,0.1,0.1,0.1,0.1,0.1,0.1,0.1,0.1,0.1,0.1,0.1,0.1,0.1,0.1,0.1,0.1,0.1,0.1,0.1,0.1,0.1,0.1,0.1,0.1,0.1,0.1,0.1,0.1,0.1,0.1,0.1,0.1,0.1,0.1,0.1,0.1,0.1,0.1,0.1,0.1,0.1,0.1,0.1,0.1,0.1,0.1,0.1,0.1,0.1,0.1,0.1,0.1,0.1,0.1,0.1,0.1,0.1,0.1,0.1,0.1,0.1,0.1,0.1,0.1,0.1,0.1,0.1,0.1,0.1,0.1,0.1,0.1,0.1,0.1,0.1,0.1,0.1,0.1,0.1,0.1,0.1,0.1,0.1,0.1,0.1,0.1,0.1,0.1,0.1,0.1,0.1,0.1,0.1,0.1,0.1,0.1], 019a9bcb-8a19-70b1-aa10-d439347f93e9, 2025-11-19 11:06:39, 2025-11-19 11:06:39))

/home/user/cmis.marketing.limited/vendor/laravel/framework/src/Illuminate/Database/Connection.php:824
/home/user/cmis.marketing.limited/vendor/laravel/framework/src/Illuminate/Database/Connection.php:778
/home/user/cmis.marketing.limited/vendor/laravel/framework/src/Illuminate/Database/Connection.php:559
/home/user/cmis.marketing.limited/vendor/laravel/framework/src/Illuminate/Database/Connection.php:523
/home/user/cmis.marketing.limited/vendor/laravel/framework/src/Illuminate/Database/Query/Builder.php:3804
/home/user/cmis.marketing.limited/vendor/laravel/framework/src/Illuminate/Database/Eloquent/Builder.php:2235
/home/user/cmis.marketing.limited/vendor/laravel/framework/src/Illuminate/Database/Eloquent/Model.php:1412
/home/user/cmis.marketing.limited/vendor/laravel/framework/src/Illuminate/Database/Eloquent/Model.php:1240
/home/user/cmis.marketing.limited/vendor/laravel/framework/src/Illuminate/Database/Eloquent/Builder.php:1219
/home/user/cmis.marketing.limited/vendor/laravel/framework/src/Illuminate/Support/helpers.php:390
/home/user/cmis.marketing.limited/vendor/laravel/framework/src/Illuminate/Database/Eloquent/Builder.php:1218
/home/user/cmis.marketing.limited/vendor/laravel/framework/src/Illuminate/Support/Traits/ForwardsCalls.php:23
/home/user/cmis.marketing.limited/vendor/laravel/framework/src/Illuminate/Database/Eloquent/Model.php:2540
/home/user/cmis.marketing.limited/vendor/laravel/framework/src/Illuminate/Database/Eloquent/Model.php:2556
/home/user/cmis.marketing.limited/tests/Feature/API/KnowledgeAPITest.php:260</error>
        </testcase>
        <testcase name="it_can_delete_knowledge_entry" file="/home/user/cmis.marketing.limited/tests/Feature/API/KnowledgeAPITest.php" line="154" class="Tests\Feature\API\KnowledgeAPITest" classname="Tests.Feature.API.KnowledgeAPITest" assertions="0" time="0.308609">
          <error type="Illuminate\Database\QueryException">Tests\Feature\API\KnowledgeAPITest::it_can_delete_knowledge_entry
Illuminate\Database\QueryException: SQLSTATE[42P01]: Undefined table: 7 ERROR:  relation "cmis.knowledge_index" does not exist
LINE 1: insert into "cmis"."knowledge_index" ("org_id", "title", "co...
                    ^ (Connection: pgsql, SQL: insert into "cmis"."knowledge_index" ("org_id", "title", "content", "embedding", "knowledge_id", "updated_at", "created_at") values (efc41873-3506-4a6b-9569-e3598ad0016c, To Delete, Content, [0.1,0.1,0.1,0.1,0.1,0.1,0.1,0.1,0.1,0.1,0.1,0.1,0.1,0.1,0.1,0.1,0.1,0.1,0.1,0.1,0.1,0.1,0.1,0.1,0.1,0.1,0.1,0.1,0.1,0.1,0.1,0.1,0.1,0.1,0.1,0.1,0.1,0.1,0.1,0.1,0.1,0.1,0.1,0.1,0.1,0.1,0.1,0.1,0.1,0.1,0.1,0.1,0.1,0.1,0.1,0.1,0.1,0.1,0.1,0.1,0.1,0.1,0.1,0.1,0.1,0.1,0.1,0.1,0.1,0.1,0.1,0.1,0.1,0.1,0.1,0.1,0.1,0.1,0.1,0.1,0.1,0.1,0.1,0.1,0.1,0.1,0.1,0.1,0.1,0.1,0.1,0.1,0.1,0.1,0.1,0.1,0.1,0.1,0.1,0.1,0.1,0.1,0.1,0.1,0.1,0.1,0.1,0.1,0.1,0.1,0.1,0.1,0.1,0.1,0.1,0.1,0.1,0.1,0.1,0.1,0.1,0.1,0.1,0.1,0.1,0.1,0.1,0.1,0.1,0.1,0.1,0.1,0.1,0.1,0.1,0.1,0.1,0.1,0.1,0.1,0.1,0.1,0.1,0.1,0.1,0.1,0.1,0.1,0.1,0.1,0.1,0.1,0.1,0.1,0.1,0.1,0.1,0.1,0.1,0.1,0.1,0.1,0.1,0.1,0.1,0.1,0.1,0.1,0.1,0.1,0.1,0.1,0.1,0.1,0.1,0.1,0.1,0.1,0.1,0.1,0.1,0.1,0.1,0.1,0.1,0.1,0.1,0.1,0.1,0.1,0.1,0.1,0.1,0.1,0.1,0.1,0.1,0.1,0.1,0.1,0.1,0.1,0.1,0.1,0.1,0.1,0.1,0.1,0.1,0.1,0.1,0.1,0.1,0.1,0.1,0.1,0.1,0.1,0.1,0.1,0.1,0.1,0.1,0.1,0.1,0.1,0.1,0.1,0.1,0.1,0.1,0.1,0.1,0.1,0.1,0.1,0.1,0.1,0.1,0.1,0.1,0.1,0.1,0.1,0.1,0.1,0.1,0.1,0.1,0.1,0.1,0.1,0.1,0.1,0.1,0.1,0.1,0.1,0.1,0.1,0.1,0.1,0.1,0.1,0.1,0.1,0.1,0.1,0.1,0.1,0.1,0.1,0.1,0.1,0.1,0.1,0.1,0.1,0.1,0.1,0.1,0.1,0.1,0.1,0.1,0.1,0.1,0.1,0.1,0.1,0.1,0.1,0.1,0.1,0.1,0.1,0.1,0.1,0.1,0.1,0.1,0.1,0.1,0.1,0.1,0.1,0.1,0.1,0.1,0.1,0.1,0.1,0.1,0.1,0.1,0.1,0.1,0.1,0.1,0.1,0.1,0.1,0.1,0.1,0.1,0.1,0.1,0.1,0.1,0.1,0.1,0.1,0.1,0.1,0.1,0.1,0.1,0.1,0.1,0.1,0.1,0.1,0.1,0.1,0.1,0.1,0.1,0.1,0.1,0.1,0.1,0.1,0.1,0.1,0.1,0.1,0.1,0.1,0.1,0.1,0.1,0.1,0.1,0.1,0.1,0.1,0.1,0.1,0.1,0.1,0.1,0.1,0.1,0.1,0.1,0.1,0.1,0.1,0.1,0.1,0.1,0.1,0.1,0.1,0.1,0.1,0.1,0.1,0.1,0.1,0.1,0.1,0.1,0.1,0.1,0.1,0.1,0.1,0.1,0.1,0.1,0.1,0.1,0.1,0.1,0.1,0.1,0.1,0.1,0.1,0.1,0.1,0.1,0.1,0.1,0.1,0.1,0.1,0.1,0.1,0.1,0.1,0.1,0.1,0.1,0.1,0.1,0.1,0.1,0.1,0.1,0.1,0.1,0.1,0.1,0.1,0.1,0.1,0.1,0.1,0.1,0.1,0.1,0.1,0.1,0.1,0.1,0.1,0.1,0.1,0.1,0.1,0.1,0.1,0.1,0.1,0.1,0.1,0.1,0.1,0.1,0.1,0.1,0.1,0.1,0.1,0.1,0.1,0.1,0.1,0.1,0.1,0.1,0.1,0.1,0.1,0.1,0.1,0.1,0.1,0.1,0.1,0.1,0.1,0.1,0.1,0.1,0.1,0.1,0.1,0.1,0.1,0.1,0.1,0.1,0.1,0.1,0.1,0.1,0.1,0.1,0.1,0.1,0.1,0.1,0.1,0.1,0.1,0.1,0.1,0.1,0.1,0.1,0.1,0.1,0.1,0.1,0.1,0.1,0.1,0.1,0.1,0.1,0.1,0.1,0.1,0.1,0.1,0.1,0.1,0.1,0.1,0.1,0.1,0.1,0.1,0.1,0.1,0.1,0.1,0.1,0.1,0.1,0.1,0.1,0.1,0.1,0.1,0.1,0.1,0.1,0.1,0.1,0.1,0.1,0.1,0.1,0.1,0.1,0.1,0.1,0.1,0.1,0.1,0.1,0.1,0.1,0.1,0.1,0.1,0.1,0.1,0.1,0.1,0.1,0.1,0.1,0.1,0.1,0.1,0.1,0.1,0.1,0.1,0.1,0.1,0.1,0.1,0.1,0.1,0.1,0.1,0.1,0.1,0.1,0.1,0.1,0.1,0.1,0.1,0.1,0.1,0.1,0.1,0.1,0.1,0.1,0.1,0.1,0.1,0.1,0.1,0.1,0.1,0.1,0.1,0.1,0.1,0.1,0.1,0.1,0.1,0.1,0.1,0.1,0.1,0.1,0.1,0.1,0.1,0.1,0.1,0.1,0.1,0.1,0.1,0.1,0.1,0.1,0.1,0.1,0.1,0.1,0.1,0.1,0.1,0.1,0.1,0.1,0.1,0.1,0.1,0.1,0.1,0.1,0.1,0.1,0.1,0.1,0.1,0.1,0.1,0.1,0.1,0.1,0.1,0.1,0.1,0.1,0.1,0.1,0.1,0.1,0.1,0.1,0.1,0.1,0.1,0.1,0.1,0.1,0.1,0.1,0.1,0.1,0.1,0.1,0.1,0.1,0.1,0.1,0.1,0.1,0.1,0.1,0.1,0.1,0.1,0.1,0.1,0.1,0.1,0.1,0.1,0.1,0.1,0.1,0.1,0.1,0.1,0.1,0.1,0.1,0.1,0.1,0.1,0.1,0.1,0.1,0.1,0.1,0.1,0.1,0.1,0.1,0.1,0.1,0.1,0.1,0.1,0.1,0.1,0.1,0.1,0.1,0.1,0.1,0.1,0.1,0.1,0.1,0.1,0.1,0.1,0.1,0.1,0.1,0.1,0.1,0.1,0.1,0.1,0.1,0.1,0.1,0.1,0.1,0.1,0.1,0.1,0.1,0.1,0.1,0.1,0.1,0.1,0.1,0.1], 019a9bcb-8b4e-73d0-b190-446f6a1dd35a, 2025-11-19 11:06:39, 2025-11-19 11:06:39))

/home/user/cmis.marketing.limited/vendor/laravel/framework/src/Illuminate/Database/Connection.php:824
/home/user/cmis.marketing.limited/vendor/laravel/framework/src/Illuminate/Database/Connection.php:778
/home/user/cmis.marketing.limited/vendor/laravel/framework/src/Illuminate/Database/Connection.php:559
/home/user/cmis.marketing.limited/vendor/laravel/framework/src/Illuminate/Database/Connection.php:523
/home/user/cmis.marketing.limited/vendor/laravel/framework/src/Illuminate/Database/Query/Builder.php:3804
/home/user/cmis.marketing.limited/vendor/laravel/framework/src/Illuminate/Database/Eloquent/Builder.php:2235
/home/user/cmis.marketing.limited/vendor/laravel/framework/src/Illuminate/Database/Eloquent/Model.php:1412
/home/user/cmis.marketing.limited/vendor/laravel/framework/src/Illuminate/Database/Eloquent/Model.php:1240
/home/user/cmis.marketing.limited/vendor/laravel/framework/src/Illuminate/Database/Eloquent/Builder.php:1219
/home/user/cmis.marketing.limited/vendor/laravel/framework/src/Illuminate/Support/helpers.php:390
/home/user/cmis.marketing.limited/vendor/laravel/framework/src/Illuminate/Database/Eloquent/Builder.php:1218
/home/user/cmis.marketing.limited/vendor/laravel/framework/src/Illuminate/Support/Traits/ForwardsCalls.php:23
/home/user/cmis.marketing.limited/vendor/laravel/framework/src/Illuminate/Database/Eloquent/Model.php:2540
/home/user/cmis.marketing.limited/vendor/laravel/framework/src/Illuminate/Database/Eloquent/Model.php:2556
/home/user/cmis.marketing.limited/tests/Feature/API/KnowledgeAPITest.php:160</error>
        </testcase>
        <testcase name="it_can_create_knowledge_entry" file="/home/user/cmis.marketing.limited/tests/Feature/API/KnowledgeAPITest.php" line="25" class="Tests\Feature\API\KnowledgeAPITest" classname="Tests.Feature.API.KnowledgeAPITest" assertions="1" time="0.374459">
          <failure type="PHPUnit\Framework\ExpectationFailedException">Tests\Feature\API\KnowledgeAPITest::it_can_create_knowledge_entry
Expected response status code [201] but received 404.
Failed asserting that 404 is identical to 201.

/home/user/cmis.marketing.limited/vendor/laravel/framework/src/Illuminate/Testing/TestResponseAssert.php:45
/home/user/cmis.marketing.limited/vendor/laravel/framework/src/Illuminate/Testing/TestResponse.php:174
/home/user/cmis.marketing.limited/tests/Feature/API/KnowledgeAPITest.php:42</failure>
        </testcase>
        <testcase name="it_validates_required_fields" file="/home/user/cmis.marketing.limited/tests/Feature/API/KnowledgeAPITest.php" line="387" class="Tests\Feature\API\KnowledgeAPITest" classname="Tests.Feature.API.KnowledgeAPITest" assertions="1" time="0.311909">
          <failure type="PHPUnit\Framework\ExpectationFailedException">Tests\Feature\API\KnowledgeAPITest::it_validates_required_fields
Expected response status code [422] but received 404.
Failed asserting that 404 is identical to 422.

/home/user/cmis.marketing.limited/vendor/laravel/framework/src/Illuminate/Testing/TestResponseAssert.php:45
/home/user/cmis.marketing.limited/vendor/laravel/framework/src/Illuminate/Testing/TestResponse.php:174
/home/user/cmis.marketing.limited/tests/Feature/API/KnowledgeAPITest.php:398</failure>
        </testcase>
        <testcase name="it_can_update_knowledge_entry" file="/home/user/cmis.marketing.limited/tests/Feature/API/KnowledgeAPITest.php" line="121" class="Tests\Feature\API\KnowledgeAPITest" classname="Tests.Feature.API.KnowledgeAPITest" assertions="0" time="0.363093">
          <error type="Illuminate\Database\QueryException">Tests\Feature\API\KnowledgeAPITest::it_can_update_knowledge_entry
Illuminate\Database\QueryException: SQLSTATE[42P01]: Undefined table: 7 ERROR:  relation "cmis.knowledge_index" does not exist
LINE 1: insert into "cmis"."knowledge_index" ("org_id", "title", "co...
                    ^ (Connection: pgsql, SQL: insert into "cmis"."knowledge_index" ("org_id", "title", "content", "embedding", "knowledge_id", "updated_at", "created_at") values (b0638d3b-2bb0-40b6-882d-39819d65646d, Original Title, Original Content, [0.1,0.1,0.1,0.1,0.1,0.1,0.1,0.1,0.1,0.1,0.1,0.1,0.1,0.1,0.1,0.1,0.1,0.1,0.1,0.1,0.1,0.1,0.1,0.1,0.1,0.1,0.1,0.1,0.1,0.1,0.1,0.1,0.1,0.1,0.1,0.1,0.1,0.1,0.1,0.1,0.1,0.1,0.1,0.1,0.1,0.1,0.1,0.1,0.1,0.1,0.1,0.1,0.1,0.1,0.1,0.1,0.1,0.1,0.1,0.1,0.1,0.1,0.1,0.1,0.1,0.1,0.1,0.1,0.1,0.1,0.1,0.1,0.1,0.1,0.1,0.1,0.1,0.1,0.1,0.1,0.1,0.1,0.1,0.1,0.1,0.1,0.1,0.1,0.1,0.1,0.1,0.1,0.1,0.1,0.1,0.1,0.1,0.1,0.1,0.1,0.1,0.1,0.1,0.1,0.1,0.1,0.1,0.1,0.1,0.1,0.1,0.1,0.1,0.1,0.1,0.1,0.1,0.1,0.1,0.1,0.1,0.1,0.1,0.1,0.1,0.1,0.1,0.1,0.1,0.1,0.1,0.1,0.1,0.1,0.1,0.1,0.1,0.1,0.1,0.1,0.1,0.1,0.1,0.1,0.1,0.1,0.1,0.1,0.1,0.1,0.1,0.1,0.1,0.1,0.1,0.1,0.1,0.1,0.1,0.1,0.1,0.1,0.1,0.1,0.1,0.1,0.1,0.1,0.1,0.1,0.1,0.1,0.1,0.1,0.1,0.1,0.1,0.1,0.1,0.1,0.1,0.1,0.1,0.1,0.1,0.1,0.1,0.1,0.1,0.1,0.1,0.1,0.1,0.1,0.1,0.1,0.1,0.1,0.1,0.1,0.1,0.1,0.1,0.1,0.1,0.1,0.1,0.1,0.1,0.1,0.1,0.1,0.1,0.1,0.1,0.1,0.1,0.1,0.1,0.1,0.1,0.1,0.1,0.1,0.1,0.1,0.1,0.1,0.1,0.1,0.1,0.1,0.1,0.1,0.1,0.1,0.1,0.1,0.1,0.1,0.1,0.1,0.1,0.1,0.1,0.1,0.1,0.1,0.1,0.1,0.1,0.1,0.1,0.1,0.1,0.1,0.1,0.1,0.1,0.1,0.1,0.1,0.1,0.1,0.1,0.1,0.1,0.1,0.1,0.1,0.1,0.1,0.1,0.1,0.1,0.1,0.1,0.1,0.1,0.1,0.1,0.1,0.1,0.1,0.1,0.1,0.1,0.1,0.1,0.1,0.1,0.1,0.1,0.1,0.1,0.1,0.1,0.1,0.1,0.1,0.1,0.1,0.1,0.1,0.1,0.1,0.1,0.1,0.1,0.1,0.1,0.1,0.1,0.1,0.1,0.1,0.1,0.1,0.1,0.1,0.1,0.1,0.1,0.1,0.1,0.1,0.1,0.1,0.1,0.1,0.1,0.1,0.1,0.1,0.1,0.1,0.1,0.1,0.1,0.1,0.1,0.1,0.1,0.1,0.1,0.1,0.1,0.1,0.1,0.1,0.1,0.1,0.1,0.1,0.1,0.1,0.1,0.1,0.1,0.1,0.1,0.1,0.1,0.1,0.1,0.1,0.1,0.1,0.1,0.1,0.1,0.1,0.1,0.1,0.1,0.1,0.1,0.1,0.1,0.1,0.1,0.1,0.1,0.1,0.1,0.1,0.1,0.1,0.1,0.1,0.1,0.1,0.1,0.1,0.1,0.1,0.1,0.1,0.1,0.1,0.1,0.1,0.1,0.1,0.1,0.1,0.1,0.1,0.1,0.1,0.1,0.1,0.1,0.1,0.1,0.1,0.1,0.1,0.1,0.1,0.1,0.1,0.1,0.1,0.1,0.1,0.1,0.1,0.1,0.1,0.1,0.1,0.1,0.1,0.1,0.1,0.1,0.1,0.1,0.1,0.1,0.1,0.1,0.1,0.1,0.1,0.1,0.1,0.1,0.1,0.1,0.1,0.1,0.1,0.1,0.1,0.1,0.1,0.1,0.1,0.1,0.1,0.1,0.1,0.1,0.1,0.1,0.1,0.1,0.1,0.1,0.1,0.1,0.1,0.1,0.1,0.1,0.1,0.1,0.1,0.1,0.1,0.1,0.1,0.1,0.1,0.1,0.1,0.1,0.1,0.1,0.1,0.1,0.1,0.1,0.1,0.1,0.1,0.1,0.1,0.1,0.1,0.1,0.1,0.1,0.1,0.1,0.1,0.1,0.1,0.1,0.1,0.1,0.1,0.1,0.1,0.1,0.1,0.1,0.1,0.1,0.1,0.1,0.1,0.1,0.1,0.1,0.1,0.1,0.1,0.1,0.1,0.1,0.1,0.1,0.1,0.1,0.1,0.1,0.1,0.1,0.1,0.1,0.1,0.1,0.1,0.1,0.1,0.1,0.1,0.1,0.1,0.1,0.1,0.1,0.1,0.1,0.1,0.1,0.1,0.1,0.1,0.1,0.1,0.1,0.1,0.1,0.1,0.1,0.1,0.1,0.1,0.1,0.1,0.1,0.1,0.1,0.1,0.1,0.1,0.1,0.1,0.1,0.1,0.1,0.1,0.1,0.1,0.1,0.1,0.1,0.1,0.1,0.1,0.1,0.1,0.1,0.1,0.1,0.1,0.1,0.1,0.1,0.1,0.1,0.1,0.1,0.1,0.1,0.1,0.1,0.1,0.1,0.1,0.1,0.1,0.1,0.1,0.1,0.1,0.1,0.1,0.1,0.1,0.1,0.1,0.1,0.1,0.1,0.1,0.1,0.1,0.1,0.1,0.1,0.1,0.1,0.1,0.1,0.1,0.1,0.1,0.1,0.1,0.1,0.1,0.1,0.1,0.1,0.1,0.1,0.1,0.1,0.1,0.1,0.1,0.1,0.1,0.1,0.1,0.1,0.1,0.1,0.1,0.1,0.1,0.1,0.1,0.1,0.1,0.1,0.1,0.1,0.1,0.1,0.1,0.1,0.1,0.1,0.1,0.1,0.1,0.1,0.1,0.1,0.1,0.1,0.1,0.1,0.1,0.1,0.1,0.1,0.1,0.1,0.1,0.1,0.1,0.1,0.1,0.1,0.1,0.1,0.1,0.1,0.1,0.1,0.1,0.1,0.1,0.1,0.1,0.1,0.1,0.1,0.1,0.1,0.1,0.1,0.1,0.1,0.1,0.1,0.1,0.1,0.1,0.1,0.1,0.1,0.1,0.1,0.1,0.1,0.1,0.1,0.1,0.1,0.1,0.1,0.1,0.1,0.1,0.1,0.1,0.1,0.1,0.1,0.1,0.1,0.1,0.1,0.1,0.1,0.1,0.1,0.1,0.1,0.1,0.1,0.1,0.1,0.1,0.1,0.1,0.1,0.1,0.1,0.1], 019a9bcb-8f68-703b-9869-f763ac55be65, 2025-11-19 11:06:40, 2025-11-19 11:06:40))

/home/user/cmis.marketing.limited/vendor/laravel/framework/src/Illuminate/Database/Connection.php:824
/home/user/cmis.marketing.limited/vendor/laravel/framework/src/Illuminate/Database/Connection.php:778
/home/user/cmis.marketing.limited/vendor/laravel/framework/src/Illuminate/Database/Connection.php:559
/home/user/cmis.marketing.limited/vendor/laravel/framework/src/Illuminate/Database/Connection.php:523
/home/user/cmis.marketing.limited/vendor/laravel/framework/src/Illuminate/Database/Query/Builder.php:3804
/home/user/cmis.marketing.limited/vendor/laravel/framework/src/Illuminate/Database/Eloquent/Builder.php:2235
/home/user/cmis.marketing.limited/vendor/laravel/framework/src/Illuminate/Database/Eloquent/Model.php:1412
/home/user/cmis.marketing.limited/vendor/laravel/framework/src/Illuminate/Database/Eloquent/Model.php:1240
/home/user/cmis.marketing.limited/vendor/laravel/framework/src/Illuminate/Database/Eloquent/Builder.php:1219
/home/user/cmis.marketing.limited/vendor/laravel/framework/src/Illuminate/Support/helpers.php:390
/home/user/cmis.marketing.limited/vendor/laravel/framework/src/Illuminate/Database/Eloquent/Builder.php:1218
/home/user/cmis.marketing.limited/vendor/laravel/framework/src/Illuminate/Support/Traits/ForwardsCalls.php:23
/home/user/cmis.marketing.limited/vendor/laravel/framework/src/Illuminate/Database/Eloquent/Model.php:2540
/home/user/cmis.marketing.limited/vendor/laravel/framework/src/Illuminate/Database/Eloquent/Model.php:2556
/home/user/cmis.marketing.limited/tests/Feature/API/KnowledgeAPITest.php:127</error>
        </testcase>
        <testcase name="it_can_find_similar_content" file="/home/user/cmis.marketing.limited/tests/Feature/API/KnowledgeAPITest.php" line="222" class="Tests\Feature\API\KnowledgeAPITest" classname="Tests.Feature.API.KnowledgeAPITest" assertions="0" time="0.296877">
          <error type="Illuminate\Database\QueryException">Tests\Feature\API\KnowledgeAPITest::it_can_find_similar_content
Illuminate\Database\QueryException: SQLSTATE[42P01]: Undefined table: 7 ERROR:  relation "cmis.knowledge_index" does not exist
LINE 1: insert into "cmis"."knowledge_index" ("org_id", "title", "co...
                    ^ (Connection: pgsql, SQL: insert into "cmis"."knowledge_index" ("org_id", "title", "content", "embedding", "knowledge_id", "updated_at", "created_at") values (2fb28846-475b-4e8b-b5e0-0a90e9ff549f, Original Entry, Content about marketing, [0.1,0.1,0.1,0.1,0.1,0.1,0.1,0.1,0.1,0.1,0.1,0.1,0.1,0.1,0.1,0.1,0.1,0.1,0.1,0.1,0.1,0.1,0.1,0.1,0.1,0.1,0.1,0.1,0.1,0.1,0.1,0.1,0.1,0.1,0.1,0.1,0.1,0.1,0.1,0.1,0.1,0.1,0.1,0.1,0.1,0.1,0.1,0.1,0.1,0.1,0.1,0.1,0.1,0.1,0.1,0.1,0.1,0.1,0.1,0.1,0.1,0.1,0.1,0.1,0.1,0.1,0.1,0.1,0.1,0.1,0.1,0.1,0.1,0.1,0.1,0.1,0.1,0.1,0.1,0.1,0.1,0.1,0.1,0.1,0.1,0.1,0.1,0.1,0.1,0.1,0.1,0.1,0.1,0.1,0.1,0.1,0.1,0.1,0.1,0.1,0.1,0.1,0.1,0.1,0.1,0.1,0.1,0.1,0.1,0.1,0.1,0.1,0.1,0.1,0.1,0.1,0.1,0.1,0.1,0.1,0.1,0.1,0.1,0.1,0.1,0.1,0.1,0.1,0.1,0.1,0.1,0.1,0.1,0.1,0.1,0.1,0.1,0.1,0.1,0.1,0.1,0.1,0.1,0.1,0.1,0.1,0.1,0.1,0.1,0.1,0.1,0.1,0.1,0.1,0.1,0.1,0.1,0.1,0.1,0.1,0.1,0.1,0.1,0.1,0.1,0.1,0.1,0.1,0.1,0.1,0.1,0.1,0.1,0.1,0.1,0.1,0.1,0.1,0.1,0.1,0.1,0.1,0.1,0.1,0.1,0.1,0.1,0.1,0.1,0.1,0.1,0.1,0.1,0.1,0.1,0.1,0.1,0.1,0.1,0.1,0.1,0.1,0.1,0.1,0.1,0.1,0.1,0.1,0.1,0.1,0.1,0.1,0.1,0.1,0.1,0.1,0.1,0.1,0.1,0.1,0.1,0.1,0.1,0.1,0.1,0.1,0.1,0.1,0.1,0.1,0.1,0.1,0.1,0.1,0.1,0.1,0.1,0.1,0.1,0.1,0.1,0.1,0.1,0.1,0.1,0.1,0.1,0.1,0.1,0.1,0.1,0.1,0.1,0.1,0.1,0.1,0.1,0.1,0.1,0.1,0.1,0.1,0.1,0.1,0.1,0.1,0.1,0.1,0.1,0.1,0.1,0.1,0.1,0.1,0.1,0.1,0.1,0.1,0.1,0.1,0.1,0.1,0.1,0.1,0.1,0.1,0.1,0.1,0.1,0.1,0.1,0.1,0.1,0.1,0.1,0.1,0.1,0.1,0.1,0.1,0.1,0.1,0.1,0.1,0.1,0.1,0.1,0.1,0.1,0.1,0.1,0.1,0.1,0.1,0.1,0.1,0.1,0.1,0.1,0.1,0.1,0.1,0.1,0.1,0.1,0.1,0.1,0.1,0.1,0.1,0.1,0.1,0.1,0.1,0.1,0.1,0.1,0.1,0.1,0.1,0.1,0.1,0.1,0.1,0.1,0.1,0.1,0.1,0.1,0.1,0.1,0.1,0.1,0.1,0.1,0.1,0.1,0.1,0.1,0.1,0.1,0.1,0.1,0.1,0.1,0.1,0.1,0.1,0.1,0.1,0.1,0.1,0.1,0.1,0.1,0.1,0.1,0.1,0.1,0.1,0.1,0.1,0.1,0.1,0.1,0.1,0.1,0.1,0.1,0.1,0.1,0.1,0.1,0.1,0.1,0.1,0.1,0.1,0.1,0.1,0.1,0.1,0.1,0.1,0.1,0.1,0.1,0.1,0.1,0.1,0.1,0.1,0.1,0.1,0.1,0.1,0.1,0.1,0.1,0.1,0.1,0.1,0.1,0.1,0.1,0.1,0.1,0.1,0.1,0.1,0.1,0.1,0.1,0.1,0.1,0.1,0.1,0.1,0.1,0.1,0.1,0.1,0.1,0.1,0.1,0.1,0.1,0.1,0.1,0.1,0.1,0.1,0.1,0.1,0.1,0.1,0.1,0.1,0.1,0.1,0.1,0.1,0.1,0.1,0.1,0.1,0.1,0.1,0.1,0.1,0.1,0.1,0.1,0.1,0.1,0.1,0.1,0.1,0.1,0.1,0.1,0.1,0.1,0.1,0.1,0.1,0.1,0.1,0.1,0.1,0.1,0.1,0.1,0.1,0.1,0.1,0.1,0.1,0.1,0.1,0.1,0.1,0.1,0.1,0.1,0.1,0.1,0.1,0.1,0.1,0.1,0.1,0.1,0.1,0.1,0.1,0.1,0.1,0.1,0.1,0.1,0.1,0.1,0.1,0.1,0.1,0.1,0.1,0.1,0.1,0.1,0.1,0.1,0.1,0.1,0.1,0.1,0.1,0.1,0.1,0.1,0.1,0.1,0.1,0.1,0.1,0.1,0.1,0.1,0.1,0.1,0.1,0.1,0.1,0.1,0.1,0.1,0.1,0.1,0.1,0.1,0.1,0.1,0.1,0.1,0.1,0.1,0.1,0.1,0.1,0.1,0.1,0.1,0.1,0.1,0.1,0.1,0.1,0.1,0.1,0.1,0.1,0.1,0.1,0.1,0.1,0.1,0.1,0.1,0.1,0.1,0.1,0.1,0.1,0.1,0.1,0.1,0.1,0.1,0.1,0.1,0.1,0.1,0.1,0.1,0.1,0.1,0.1,0.1,0.1,0.1,0.1,0.1,0.1,0.1,0.1,0.1,0.1,0.1,0.1,0.1,0.1,0.1,0.1,0.1,0.1,0.1,0.1,0.1,0.1,0.1,0.1,0.1,0.1,0.1,0.1,0.1,0.1,0.1,0.1,0.1,0.1,0.1,0.1,0.1,0.1,0.1,0.1,0.1,0.1,0.1,0.1,0.1,0.1,0.1,0.1,0.1,0.1,0.1,0.1,0.1,0.1,0.1,0.1,0.1,0.1,0.1,0.1,0.1,0.1,0.1,0.1,0.1,0.1,0.1,0.1,0.1,0.1,0.1,0.1,0.1,0.1,0.1,0.1,0.1,0.1,0.1,0.1,0.1,0.1,0.1,0.1,0.1,0.1,0.1,0.1,0.1,0.1,0.1,0.1,0.1,0.1,0.1,0.1,0.1,0.1,0.1,0.1,0.1,0.1,0.1,0.1,0.1,0.1,0.1,0.1,0.1,0.1,0.1,0.1,0.1,0.1,0.1,0.1,0.1,0.1,0.1,0.1,0.1,0.1,0.1,0.1,0.1,0.1,0.1,0.1,0.1,0.1,0.1,0.1,0.1,0.1,0.1,0.1,0.1,0.1,0.1,0.1,0.1,0.1,0.1,0.1,0.1,0.1,0.1,0.1,0.1,0.1,0.1,0.1,0.1,0.1,0.1,0.1,0.1,0.1,0.1,0.1], 019a9bcb-9091-70ce-a20b-3707f06532b5, 2025-11-19 11:06:40, 2025-11-19 11:06:40))

/home/user/cmis.marketing.limited/vendor/laravel/framework/src/Illuminate/Database/Connection.php:824
/home/user/cmis.marketing.limited/vendor/laravel/framework/src/Illuminate/Database/Connection.php:778
/home/user/cmis.marketing.limited/vendor/laravel/framework/src/Illuminate/Database/Connection.php:559
/home/user/cmis.marketing.limited/vendor/laravel/framework/src/Illuminate/Database/Connection.php:523
/home/user/cmis.marketing.limited/vendor/laravel/framework/src/Illuminate/Database/Query/Builder.php:3804
/home/user/cmis.marketing.limited/vendor/laravel/framework/src/Illuminate/Database/Eloquent/Builder.php:2235
/home/user/cmis.marketing.limited/vendor/laravel/framework/src/Illuminate/Database/Eloquent/Model.php:1412
/home/user/cmis.marketing.limited/vendor/laravel/framework/src/Illuminate/Database/Eloquent/Model.php:1240
/home/user/cmis.marketing.limited/vendor/laravel/framework/src/Illuminate/Database/Eloquent/Builder.php:1219
/home/user/cmis.marketing.limited/vendor/laravel/framework/src/Illuminate/Support/helpers.php:390
/home/user/cmis.marketing.limited/vendor/laravel/framework/src/Illuminate/Database/Eloquent/Builder.php:1218
/home/user/cmis.marketing.limited/vendor/laravel/framework/src/Illuminate/Support/Traits/ForwardsCalls.php:23
/home/user/cmis.marketing.limited/vendor/laravel/framework/src/Illuminate/Database/Eloquent/Model.php:2540
/home/user/cmis.marketing.limited/vendor/laravel/framework/src/Illuminate/Database/Eloquent/Model.php:2556
/home/user/cmis.marketing.limited/tests/Feature/API/KnowledgeAPITest.php:228</error>
        </testcase>
        <testcase name="it_can_filter_by_content_type" file="/home/user/cmis.marketing.limited/tests/Feature/API/KnowledgeAPITest.php" line="293" class="Tests\Feature\API\KnowledgeAPITest" classname="Tests.Feature.API.KnowledgeAPITest" assertions="0" time="0.298913">
          <error type="Illuminate\Database\QueryException">Tests\Feature\API\KnowledgeAPITest::it_can_filter_by_content_type
Illuminate\Database\QueryException: SQLSTATE[42P01]: Undefined table: 7 ERROR:  relation "cmis.knowledge_index" does not exist
LINE 1: insert into "cmis"."knowledge_index" ("org_id", "title", "co...
                    ^ (Connection: pgsql, SQL: insert into "cmis"."knowledge_index" ("org_id", "title", "content", "embedding", "knowledge_id", "updated_at", "created_at") values (6080bc4a-991b-4c09-8386-b2cd6b7b1be4, Article 1, Content, [0.1,0.1,0.1,0.1,0.1,0.1,0.1,0.1,0.1,0.1,0.1,0.1,0.1,0.1,0.1,0.1,0.1,0.1,0.1,0.1,0.1,0.1,0.1,0.1,0.1,0.1,0.1,0.1,0.1,0.1,0.1,0.1,0.1,0.1,0.1,0.1,0.1,0.1,0.1,0.1,0.1,0.1,0.1,0.1,0.1,0.1,0.1,0.1,0.1,0.1,0.1,0.1,0.1,0.1,0.1,0.1,0.1,0.1,0.1,0.1,0.1,0.1,0.1,0.1,0.1,0.1,0.1,0.1,0.1,0.1,0.1,0.1,0.1,0.1,0.1,0.1,0.1,0.1,0.1,0.1,0.1,0.1,0.1,0.1,0.1,0.1,0.1,0.1,0.1,0.1,0.1,0.1,0.1,0.1,0.1,0.1,0.1,0.1,0.1,0.1,0.1,0.1,0.1,0.1,0.1,0.1,0.1,0.1,0.1,0.1,0.1,0.1,0.1,0.1,0.1,0.1,0.1,0.1,0.1,0.1,0.1,0.1,0.1,0.1,0.1,0.1,0.1,0.1,0.1,0.1,0.1,0.1,0.1,0.1,0.1,0.1,0.1,0.1,0.1,0.1,0.1,0.1,0.1,0.1,0.1,0.1,0.1,0.1,0.1,0.1,0.1,0.1,0.1,0.1,0.1,0.1,0.1,0.1,0.1,0.1,0.1,0.1,0.1,0.1,0.1,0.1,0.1,0.1,0.1,0.1,0.1,0.1,0.1,0.1,0.1,0.1,0.1,0.1,0.1,0.1,0.1,0.1,0.1,0.1,0.1,0.1,0.1,0.1,0.1,0.1,0.1,0.1,0.1,0.1,0.1,0.1,0.1,0.1,0.1,0.1,0.1,0.1,0.1,0.1,0.1,0.1,0.1,0.1,0.1,0.1,0.1,0.1,0.1,0.1,0.1,0.1,0.1,0.1,0.1,0.1,0.1,0.1,0.1,0.1,0.1,0.1,0.1,0.1,0.1,0.1,0.1,0.1,0.1,0.1,0.1,0.1,0.1,0.1,0.1,0.1,0.1,0.1,0.1,0.1,0.1,0.1,0.1,0.1,0.1,0.1,0.1,0.1,0.1,0.1,0.1,0.1,0.1,0.1,0.1,0.1,0.1,0.1,0.1,0.1,0.1,0.1,0.1,0.1,0.1,0.1,0.1,0.1,0.1,0.1,0.1,0.1,0.1,0.1,0.1,0.1,0.1,0.1,0.1,0.1,0.1,0.1,0.1,0.1,0.1,0.1,0.1,0.1,0.1,0.1,0.1,0.1,0.1,0.1,0.1,0.1,0.1,0.1,0.1,0.1,0.1,0.1,0.1,0.1,0.1,0.1,0.1,0.1,0.1,0.1,0.1,0.1,0.1,0.1,0.1,0.1,0.1,0.1,0.1,0.1,0.1,0.1,0.1,0.1,0.1,0.1,0.1,0.1,0.1,0.1,0.1,0.1,0.1,0.1,0.1,0.1,0.1,0.1,0.1,0.1,0.1,0.1,0.1,0.1,0.1,0.1,0.1,0.1,0.1,0.1,0.1,0.1,0.1,0.1,0.1,0.1,0.1,0.1,0.1,0.1,0.1,0.1,0.1,0.1,0.1,0.1,0.1,0.1,0.1,0.1,0.1,0.1,0.1,0.1,0.1,0.1,0.1,0.1,0.1,0.1,0.1,0.1,0.1,0.1,0.1,0.1,0.1,0.1,0.1,0.1,0.1,0.1,0.1,0.1,0.1,0.1,0.1,0.1,0.1,0.1,0.1,0.1,0.1,0.1,0.1,0.1,0.1,0.1,0.1,0.1,0.1,0.1,0.1,0.1,0.1,0.1,0.1,0.1,0.1,0.1,0.1,0.1,0.1,0.1,0.1,0.1,0.1,0.1,0.1,0.1,0.1,0.1,0.1,0.1,0.1,0.1,0.1,0.1,0.1,0.1,0.1,0.1,0.1,0.1,0.1,0.1,0.1,0.1,0.1,0.1,0.1,0.1,0.1,0.1,0.1,0.1,0.1,0.1,0.1,0.1,0.1,0.1,0.1,0.1,0.1,0.1,0.1,0.1,0.1,0.1,0.1,0.1,0.1,0.1,0.1,0.1,0.1,0.1,0.1,0.1,0.1,0.1,0.1,0.1,0.1,0.1,0.1,0.1,0.1,0.1,0.1,0.1,0.1,0.1,0.1,0.1,0.1,0.1,0.1,0.1,0.1,0.1,0.1,0.1,0.1,0.1,0.1,0.1,0.1,0.1,0.1,0.1,0.1,0.1,0.1,0.1,0.1,0.1,0.1,0.1,0.1,0.1,0.1,0.1,0.1,0.1,0.1,0.1,0.1,0.1,0.1,0.1,0.1,0.1,0.1,0.1,0.1,0.1,0.1,0.1,0.1,0.1,0.1,0.1,0.1,0.1,0.1,0.1,0.1,0.1,0.1,0.1,0.1,0.1,0.1,0.1,0.1,0.1,0.1,0.1,0.1,0.1,0.1,0.1,0.1,0.1,0.1,0.1,0.1,0.1,0.1,0.1,0.1,0.1,0.1,0.1,0.1,0.1,0.1,0.1,0.1,0.1,0.1,0.1,0.1,0.1,0.1,0.1,0.1,0.1,0.1,0.1,0.1,0.1,0.1,0.1,0.1,0.1,0.1,0.1,0.1,0.1,0.1,0.1,0.1,0.1,0.1,0.1,0.1,0.1,0.1,0.1,0.1,0.1,0.1,0.1,0.1,0.1,0.1,0.1,0.1,0.1,0.1,0.1,0.1,0.1,0.1,0.1,0.1,0.1,0.1,0.1,0.1,0.1,0.1,0.1,0.1,0.1,0.1,0.1,0.1,0.1,0.1,0.1,0.1,0.1,0.1,0.1,0.1,0.1,0.1,0.1,0.1,0.1,0.1,0.1,0.1,0.1,0.1,0.1,0.1,0.1,0.1,0.1,0.1,0.1,0.1,0.1,0.1,0.1,0.1,0.1,0.1,0.1,0.1,0.1,0.1,0.1,0.1,0.1,0.1,0.1,0.1,0.1,0.1,0.1,0.1,0.1,0.1,0.1,0.1,0.1,0.1,0.1,0.1,0.1,0.1,0.1,0.1,0.1,0.1,0.1,0.1,0.1,0.1,0.1,0.1,0.1,0.1,0.1,0.1,0.1,0.1,0.1,0.1,0.1,0.1,0.1,0.1,0.1,0.1,0.1,0.1,0.1,0.1,0.1,0.1,0.1,0.1,0.1,0.1,0.1,0.1,0.1,0.1,0.1,0.1,0.1,0.1,0.1,0.1,0.1,0.1,0.1,0.1,0.1,0.1,0.1,0.1,0.1,0.1,0.1,0.1,0.1,0.1,0.1,0.1,0.1,0.1,0.1,0.1,0.1,0.1,0.1], 019a9bcb-91bb-7327-b913-2d0c320a6e38, 2025-11-19 11:06:40, 2025-11-19 11:06:40))

/home/user/cmis.marketing.limited/vendor/laravel/framework/src/Illuminate/Database/Connection.php:824
/home/user/cmis.marketing.limited/vendor/laravel/framework/src/Illuminate/Database/Connection.php:778
/home/user/cmis.marketing.limited/vendor/laravel/framework/src/Illuminate/Database/Connection.php:559
/home/user/cmis.marketing.limited/vendor/laravel/framework/src/Illuminate/Database/Connection.php:523
/home/user/cmis.marketing.limited/vendor/laravel/framework/src/Illuminate/Database/Query/Builder.php:3804
/home/user/cmis.marketing.limited/vendor/laravel/framework/src/Illuminate/Database/Eloquent/Builder.php:2235
/home/user/cmis.marketing.limited/vendor/laravel/framework/src/Illuminate/Database/Eloquent/Model.php:1412
/home/user/cmis.marketing.limited/vendor/laravel/framework/src/Illuminate/Database/Eloquent/Model.php:1240
/home/user/cmis.marketing.limited/vendor/laravel/framework/src/Illuminate/Database/Eloquent/Builder.php:1219
/home/user/cmis.marketing.limited/vendor/laravel/framework/src/Illuminate/Support/helpers.php:390
/home/user/cmis.marketing.limited/vendor/laravel/framework/src/Illuminate/Database/Eloquent/Builder.php:1218
/home/user/cmis.marketing.limited/vendor/laravel/framework/src/Illuminate/Support/Traits/ForwardsCalls.php:23
/home/user/cmis.marketing.limited/vendor/laravel/framework/src/Illuminate/Database/Eloquent/Model.php:2540
/home/user/cmis.marketing.limited/vendor/laravel/framework/src/Illuminate/Database/Eloquent/Model.php:2556
/home/user/cmis.marketing.limited/tests/Feature/API/KnowledgeAPITest.php:299</error>
        </testcase>
        <testcase name="it_can_get_all_knowledge_entries" file="/home/user/cmis.marketing.limited/tests/Feature/API/KnowledgeAPITest.php" line="56" class="Tests\Feature\API\KnowledgeAPITest" classname="Tests.Feature.API.KnowledgeAPITest" assertions="0" time="0.307745">
          <error type="Illuminate\Database\QueryException">Tests\Feature\API\KnowledgeAPITest::it_can_get_all_knowledge_entries
Illuminate\Database\QueryException: SQLSTATE[42P01]: Undefined table: 7 ERROR:  relation "cmis.knowledge_index" does not exist
LINE 1: insert into "cmis"."knowledge_index" ("org_id", "title", "co...
                    ^ (Connection: pgsql, SQL: insert into "cmis"."knowledge_index" ("org_id", "title", "content", "embedding", "knowledge_id", "updated_at", "created_at") values (71a7136c-253f-405b-896f-96b9a65f3720, Entry 1, Content 1, [0.1,0.1,0.1,0.1,0.1,0.1,0.1,0.1,0.1,0.1,0.1,0.1,0.1,0.1,0.1,0.1,0.1,0.1,0.1,0.1,0.1,0.1,0.1,0.1,0.1,0.1,0.1,0.1,0.1,0.1,0.1,0.1,0.1,0.1,0.1,0.1,0.1,0.1,0.1,0.1,0.1,0.1,0.1,0.1,0.1,0.1,0.1,0.1,0.1,0.1,0.1,0.1,0.1,0.1,0.1,0.1,0.1,0.1,0.1,0.1,0.1,0.1,0.1,0.1,0.1,0.1,0.1,0.1,0.1,0.1,0.1,0.1,0.1,0.1,0.1,0.1,0.1,0.1,0.1,0.1,0.1,0.1,0.1,0.1,0.1,0.1,0.1,0.1,0.1,0.1,0.1,0.1,0.1,0.1,0.1,0.1,0.1,0.1,0.1,0.1,0.1,0.1,0.1,0.1,0.1,0.1,0.1,0.1,0.1,0.1,0.1,0.1,0.1,0.1,0.1,0.1,0.1,0.1,0.1,0.1,0.1,0.1,0.1,0.1,0.1,0.1,0.1,0.1,0.1,0.1,0.1,0.1,0.1,0.1,0.1,0.1,0.1,0.1,0.1,0.1,0.1,0.1,0.1,0.1,0.1,0.1,0.1,0.1,0.1,0.1,0.1,0.1,0.1,0.1,0.1,0.1,0.1,0.1,0.1,0.1,0.1,0.1,0.1,0.1,0.1,0.1,0.1,0.1,0.1,0.1,0.1,0.1,0.1,0.1,0.1,0.1,0.1,0.1,0.1,0.1,0.1,0.1,0.1,0.1,0.1,0.1,0.1,0.1,0.1,0.1,0.1,0.1,0.1,0.1,0.1,0.1,0.1,0.1,0.1,0.1,0.1,0.1,0.1,0.1,0.1,0.1,0.1,0.1,0.1,0.1,0.1,0.1,0.1,0.1,0.1,0.1,0.1,0.1,0.1,0.1,0.1,0.1,0.1,0.1,0.1,0.1,0.1,0.1,0.1,0.1,0.1,0.1,0.1,0.1,0.1,0.1,0.1,0.1,0.1,0.1,0.1,0.1,0.1,0.1,0.1,0.1,0.1,0.1,0.1,0.1,0.1,0.1,0.1,0.1,0.1,0.1,0.1,0.1,0.1,0.1,0.1,0.1,0.1,0.1,0.1,0.1,0.1,0.1,0.1,0.1,0.1,0.1,0.1,0.1,0.1,0.1,0.1,0.1,0.1,0.1,0.1,0.1,0.1,0.1,0.1,0.1,0.1,0.1,0.1,0.1,0.1,0.1,0.1,0.1,0.1,0.1,0.1,0.1,0.1,0.1,0.1,0.1,0.1,0.1,0.1,0.1,0.1,0.1,0.1,0.1,0.1,0.1,0.1,0.1,0.1,0.1,0.1,0.1,0.1,0.1,0.1,0.1,0.1,0.1,0.1,0.1,0.1,0.1,0.1,0.1,0.1,0.1,0.1,0.1,0.1,0.1,0.1,0.1,0.1,0.1,0.1,0.1,0.1,0.1,0.1,0.1,0.1,0.1,0.1,0.1,0.1,0.1,0.1,0.1,0.1,0.1,0.1,0.1,0.1,0.1,0.1,0.1,0.1,0.1,0.1,0.1,0.1,0.1,0.1,0.1,0.1,0.1,0.1,0.1,0.1,0.1,0.1,0.1,0.1,0.1,0.1,0.1,0.1,0.1,0.1,0.1,0.1,0.1,0.1,0.1,0.1,0.1,0.1,0.1,0.1,0.1,0.1,0.1,0.1,0.1,0.1,0.1,0.1,0.1,0.1,0.1,0.1,0.1,0.1,0.1,0.1,0.1,0.1,0.1,0.1,0.1,0.1,0.1,0.1,0.1,0.1,0.1,0.1,0.1,0.1,0.1,0.1,0.1,0.1,0.1,0.1,0.1,0.1,0.1,0.1,0.1,0.1,0.1,0.1,0.1,0.1,0.1,0.1,0.1,0.1,0.1,0.1,0.1,0.1,0.1,0.1,0.1,0.1,0.1,0.1,0.1,0.1,0.1,0.1,0.1,0.1,0.1,0.1,0.1,0.1,0.1,0.1,0.1,0.1,0.1,0.1,0.1,0.1,0.1,0.1,0.1,0.1,0.1,0.1,0.1,0.1,0.1,0.1,0.1,0.1,0.1,0.1,0.1,0.1,0.1,0.1,0.1,0.1,0.1,0.1,0.1,0.1,0.1,0.1,0.1,0.1,0.1,0.1,0.1,0.1,0.1,0.1,0.1,0.1,0.1,0.1,0.1,0.1,0.1,0.1,0.1,0.1,0.1,0.1,0.1,0.1,0.1,0.1,0.1,0.1,0.1,0.1,0.1,0.1,0.1,0.1,0.1,0.1,0.1,0.1,0.1,0.1,0.1,0.1,0.1,0.1,0.1,0.1,0.1,0.1,0.1,0.1,0.1,0.1,0.1,0.1,0.1,0.1,0.1,0.1,0.1,0.1,0.1,0.1,0.1,0.1,0.1,0.1,0.1,0.1,0.1,0.1,0.1,0.1,0.1,0.1,0.1,0.1,0.1,0.1,0.1,0.1,0.1,0.1,0.1,0.1,0.1,0.1,0.1,0.1,0.1,0.1,0.1,0.1,0.1,0.1,0.1,0.1,0.1,0.1,0.1,0.1,0.1,0.1,0.1,0.1,0.1,0.1,0.1,0.1,0.1,0.1,0.1,0.1,0.1,0.1,0.1,0.1,0.1,0.1,0.1,0.1,0.1,0.1,0.1,0.1,0.1,0.1,0.1,0.1,0.1,0.1,0.1,0.1,0.1,0.1,0.1,0.1,0.1,0.1,0.1,0.1,0.1,0.1,0.1,0.1,0.1,0.1,0.1,0.1,0.1,0.1,0.1,0.1,0.1,0.1,0.1,0.1,0.1,0.1,0.1,0.1,0.1,0.1,0.1,0.1,0.1,0.1,0.1,0.1,0.1,0.1,0.1,0.1,0.1,0.1,0.1,0.1,0.1,0.1,0.1,0.1,0.1,0.1,0.1,0.1,0.1,0.1,0.1,0.1,0.1,0.1,0.1,0.1,0.1,0.1,0.1,0.1,0.1,0.1,0.1,0.1,0.1,0.1,0.1,0.1,0.1,0.1,0.1,0.1,0.1,0.1,0.1,0.1,0.1,0.1,0.1,0.1,0.1,0.1,0.1,0.1,0.1,0.1,0.1,0.1,0.1,0.1,0.1,0.1,0.1,0.1,0.1,0.1,0.1,0.1,0.1,0.1,0.1,0.1,0.1,0.1,0.1,0.1,0.1,0.1,0.1,0.1,0.1,0.1,0.1,0.1,0.1,0.1,0.1,0.1,0.1,0.1,0.1,0.1,0.1,0.1,0.1,0.1,0.1,0.1,0.1,0.1,0.1,0.1,0.1,0.1,0.1], 019a9bcb-92f0-703f-abb9-9900b37c6013, 2025-11-19 11:06:41, 2025-11-19 11:06:41))

/home/user/cmis.marketing.limited/vendor/laravel/framework/src/Illuminate/Database/Connection.php:824
/home/user/cmis.marketing.limited/vendor/laravel/framework/src/Illuminate/Database/Connection.php:778
/home/user/cmis.marketing.limited/vendor/laravel/framework/src/Illuminate/Database/Connection.php:559
/home/user/cmis.marketing.limited/vendor/laravel/framework/src/Illuminate/Database/Connection.php:523
/home/user/cmis.marketing.limited/vendor/laravel/framework/src/Illuminate/Database/Query/Builder.php:3804
/home/user/cmis.marketing.limited/vendor/laravel/framework/src/Illuminate/Database/Eloquent/Builder.php:2235
/home/user/cmis.marketing.limited/vendor/laravel/framework/src/Illuminate/Database/Eloquent/Model.php:1412
/home/user/cmis.marketing.limited/vendor/laravel/framework/src/Illuminate/Database/Eloquent/Model.php:1240
/home/user/cmis.marketing.limited/vendor/laravel/framework/src/Illuminate/Database/Eloquent/Builder.php:1219
/home/user/cmis.marketing.limited/vendor/laravel/framework/src/Illuminate/Support/helpers.php:390
/home/user/cmis.marketing.limited/vendor/laravel/framework/src/Illuminate/Database/Eloquent/Builder.php:1218
/home/user/cmis.marketing.limited/vendor/laravel/framework/src/Illuminate/Support/Traits/ForwardsCalls.php:23
/home/user/cmis.marketing.limited/vendor/laravel/framework/src/Illuminate/Database/Eloquent/Model.php:2540
/home/user/cmis.marketing.limited/vendor/laravel/framework/src/Illuminate/Database/Eloquent/Model.php:2556
/home/user/cmis.marketing.limited/tests/Feature/API/KnowledgeAPITest.php:62</error>
        </testcase>
        <testcase name="it_respects_org_isolation" file="/home/user/cmis.marketing.limited/tests/Feature/API/KnowledgeAPITest.php" line="360" class="Tests\Feature\API\KnowledgeAPITest" classname="Tests.Feature.API.KnowledgeAPITest" assertions="0" time="0.535532">
          <error type="Illuminate\Database\QueryException">Tests\Feature\API\KnowledgeAPITest::it_respects_org_isolation
Illuminate\Database\QueryException: SQLSTATE[42P01]: Undefined table: 7 ERROR:  relation "cmis.knowledge_index" does not exist
LINE 1: insert into "cmis"."knowledge_index" ("org_id", "title", "co...
                    ^ (Connection: pgsql, SQL: insert into "cmis"."knowledge_index" ("org_id", "title", "content", "embedding", "knowledge_id", "updated_at", "created_at") values (91d31e9c-cd38-4d90-a900-3356fa3a0184, Org 1 Entry, Content, [0.1,0.1,0.1,0.1,0.1,0.1,0.1,0.1,0.1,0.1,0.1,0.1,0.1,0.1,0.1,0.1,0.1,0.1,0.1,0.1,0.1,0.1,0.1,0.1,0.1,0.1,0.1,0.1,0.1,0.1,0.1,0.1,0.1,0.1,0.1,0.1,0.1,0.1,0.1,0.1,0.1,0.1,0.1,0.1,0.1,0.1,0.1,0.1,0.1,0.1,0.1,0.1,0.1,0.1,0.1,0.1,0.1,0.1,0.1,0.1,0.1,0.1,0.1,0.1,0.1,0.1,0.1,0.1,0.1,0.1,0.1,0.1,0.1,0.1,0.1,0.1,0.1,0.1,0.1,0.1,0.1,0.1,0.1,0.1,0.1,0.1,0.1,0.1,0.1,0.1,0.1,0.1,0.1,0.1,0.1,0.1,0.1,0.1,0.1,0.1,0.1,0.1,0.1,0.1,0.1,0.1,0.1,0.1,0.1,0.1,0.1,0.1,0.1,0.1,0.1,0.1,0.1,0.1,0.1,0.1,0.1,0.1,0.1,0.1,0.1,0.1,0.1,0.1,0.1,0.1,0.1,0.1,0.1,0.1,0.1,0.1,0.1,0.1,0.1,0.1,0.1,0.1,0.1,0.1,0.1,0.1,0.1,0.1,0.1,0.1,0.1,0.1,0.1,0.1,0.1,0.1,0.1,0.1,0.1,0.1,0.1,0.1,0.1,0.1,0.1,0.1,0.1,0.1,0.1,0.1,0.1,0.1,0.1,0.1,0.1,0.1,0.1,0.1,0.1,0.1,0.1,0.1,0.1,0.1,0.1,0.1,0.1,0.1,0.1,0.1,0.1,0.1,0.1,0.1,0.1,0.1,0.1,0.1,0.1,0.1,0.1,0.1,0.1,0.1,0.1,0.1,0.1,0.1,0.1,0.1,0.1,0.1,0.1,0.1,0.1,0.1,0.1,0.1,0.1,0.1,0.1,0.1,0.1,0.1,0.1,0.1,0.1,0.1,0.1,0.1,0.1,0.1,0.1,0.1,0.1,0.1,0.1,0.1,0.1,0.1,0.1,0.1,0.1,0.1,0.1,0.1,0.1,0.1,0.1,0.1,0.1,0.1,0.1,0.1,0.1,0.1,0.1,0.1,0.1,0.1,0.1,0.1,0.1,0.1,0.1,0.1,0.1,0.1,0.1,0.1,0.1,0.1,0.1,0.1,0.1,0.1,0.1,0.1,0.1,0.1,0.1,0.1,0.1,0.1,0.1,0.1,0.1,0.1,0.1,0.1,0.1,0.1,0.1,0.1,0.1,0.1,0.1,0.1,0.1,0.1,0.1,0.1,0.1,0.1,0.1,0.1,0.1,0.1,0.1,0.1,0.1,0.1,0.1,0.1,0.1,0.1,0.1,0.1,0.1,0.1,0.1,0.1,0.1,0.1,0.1,0.1,0.1,0.1,0.1,0.1,0.1,0.1,0.1,0.1,0.1,0.1,0.1,0.1,0.1,0.1,0.1,0.1,0.1,0.1,0.1,0.1,0.1,0.1,0.1,0.1,0.1,0.1,0.1,0.1,0.1,0.1,0.1,0.1,0.1,0.1,0.1,0.1,0.1,0.1,0.1,0.1,0.1,0.1,0.1,0.1,0.1,0.1,0.1,0.1,0.1,0.1,0.1,0.1,0.1,0.1,0.1,0.1,0.1,0.1,0.1,0.1,0.1,0.1,0.1,0.1,0.1,0.1,0.1,0.1,0.1,0.1,0.1,0.1,0.1,0.1,0.1,0.1,0.1,0.1,0.1,0.1,0.1,0.1,0.1,0.1,0.1,0.1,0.1,0.1,0.1,0.1,0.1,0.1,0.1,0.1,0.1,0.1,0.1,0.1,0.1,0.1,0.1,0.1,0.1,0.1,0.1,0.1,0.1,0.1,0.1,0.1,0.1,0.1,0.1,0.1,0.1,0.1,0.1,0.1,0.1,0.1,0.1,0.1,0.1,0.1,0.1,0.1,0.1,0.1,0.1,0.1,0.1,0.1,0.1,0.1,0.1,0.1,0.1,0.1,0.1,0.1,0.1,0.1,0.1,0.1,0.1,0.1,0.1,0.1,0.1,0.1,0.1,0.1,0.1,0.1,0.1,0.1,0.1,0.1,0.1,0.1,0.1,0.1,0.1,0.1,0.1,0.1,0.1,0.1,0.1,0.1,0.1,0.1,0.1,0.1,0.1,0.1,0.1,0.1,0.1,0.1,0.1,0.1,0.1,0.1,0.1,0.1,0.1,0.1,0.1,0.1,0.1,0.1,0.1,0.1,0.1,0.1,0.1,0.1,0.1,0.1,0.1,0.1,0.1,0.1,0.1,0.1,0.1,0.1,0.1,0.1,0.1,0.1,0.1,0.1,0.1,0.1,0.1,0.1,0.1,0.1,0.1,0.1,0.1,0.1,0.1,0.1,0.1,0.1,0.1,0.1,0.1,0.1,0.1,0.1,0.1,0.1,0.1,0.1,0.1,0.1,0.1,0.1,0.1,0.1,0.1,0.1,0.1,0.1,0.1,0.1,0.1,0.1,0.1,0.1,0.1,0.1,0.1,0.1,0.1,0.1,0.1,0.1,0.1,0.1,0.1,0.1,0.1,0.1,0.1,0.1,0.1,0.1,0.1,0.1,0.1,0.1,0.1,0.1,0.1,0.1,0.1,0.1,0.1,0.1,0.1,0.1,0.1,0.1,0.1,0.1,0.1,0.1,0.1,0.1,0.1,0.1,0.1,0.1,0.1,0.1,0.1,0.1,0.1,0.1,0.1,0.1,0.1,0.1,0.1,0.1,0.1,0.1,0.1,0.1,0.1,0.1,0.1,0.1,0.1,0.1,0.1,0.1,0.1,0.1,0.1,0.1,0.1,0.1,0.1,0.1,0.1,0.1,0.1,0.1,0.1,0.1,0.1,0.1,0.1,0.1,0.1,0.1,0.1,0.1,0.1,0.1,0.1,0.1,0.1,0.1,0.1,0.1,0.1,0.1,0.1,0.1,0.1,0.1,0.1,0.1,0.1,0.1,0.1,0.1,0.1,0.1,0.1,0.1,0.1,0.1,0.1,0.1,0.1,0.1,0.1,0.1,0.1,0.1,0.1,0.1,0.1,0.1,0.1,0.1,0.1,0.1,0.1,0.1,0.1,0.1,0.1,0.1,0.1,0.1,0.1,0.1,0.1,0.1,0.1,0.1,0.1,0.1,0.1,0.1,0.1,0.1,0.1,0.1,0.1,0.1,0.1,0.1,0.1,0.1,0.1,0.1,0.1,0.1,0.1,0.1,0.1,0.1,0.1,0.1,0.1,0.1,0.1,0.1,0.1,0.1,0.1,0.1,0.1,0.1,0.1,0.1,0.1,0.1,0.1,0.1,0.1,0.1], 019a9bcb-9507-7005-97e8-142f9ad55641, 2025-11-19 11:06:41, 2025-11-19 11:06:41))

/home/user/cmis.marketing.limited/vendor/laravel/framework/src/Illuminate/Database/Connection.php:824
/home/user/cmis.marketing.limited/vendor/laravel/framework/src/Illuminate/Database/Connection.php:778
/home/user/cmis.marketing.limited/vendor/laravel/framework/src/Illuminate/Database/Connection.php:559
/home/user/cmis.marketing.limited/vendor/laravel/framework/src/Illuminate/Database/Connection.php:523
/home/user/cmis.marketing.limited/vendor/laravel/framework/src/Illuminate/Database/Query/Builder.php:3804
/home/user/cmis.marketing.limited/vendor/laravel/framework/src/Illuminate/Database/Eloquent/Builder.php:2235
/home/user/cmis.marketing.limited/vendor/laravel/framework/src/Illuminate/Database/Eloquent/Model.php:1412
/home/user/cmis.marketing.limited/vendor/laravel/framework/src/Illuminate/Database/Eloquent/Model.php:1240
/home/user/cmis.marketing.limited/vendor/laravel/framework/src/Illuminate/Database/Eloquent/Builder.php:1219
/home/user/cmis.marketing.limited/vendor/laravel/framework/src/Illuminate/Support/helpers.php:390
/home/user/cmis.marketing.limited/vendor/laravel/framework/src/Illuminate/Database/Eloquent/Builder.php:1218
/home/user/cmis.marketing.limited/vendor/laravel/framework/src/Illuminate/Support/Traits/ForwardsCalls.php:23
/home/user/cmis.marketing.limited/vendor/laravel/framework/src/Illuminate/Database/Eloquent/Model.php:2540
/home/user/cmis.marketing.limited/vendor/laravel/framework/src/Illuminate/Database/Eloquent/Model.php:2556
/home/user/cmis.marketing.limited/tests/Feature/API/KnowledgeAPITest.php:365</error>
        </testcase>
        <testcase name="it_can_perform_semantic_search" file="/home/user/cmis.marketing.limited/tests/Feature/API/KnowledgeAPITest.php" line="185" class="Tests\Feature\API\KnowledgeAPITest" classname="Tests.Feature.API.KnowledgeAPITest" assertions="0" time="0.295720">
          <error type="Illuminate\Database\QueryException">Tests\Feature\API\KnowledgeAPITest::it_can_perform_semantic_search
Illuminate\Database\QueryException: SQLSTATE[42P01]: Undefined table: 7 ERROR:  relation "cmis.knowledge_index" does not exist
LINE 1: insert into "cmis"."knowledge_index" ("org_id", "title", "co...
                    ^ (Connection: pgsql, SQL: insert into "cmis"."knowledge_index" ("org_id", "title", "content", "embedding", "knowledge_id", "updated_at", "created_at") values (7ef6d8f8-a656-48ac-af3d-e22608eae9b5, التسويق عبر السوشيال ميديا, دليل شامل للتسويق عبر منصات التواصل الاجتماعي, [0.1,0.1,0.1,0.1,0.1,0.1,0.1,0.1,0.1,0.1,0.1,0.1,0.1,0.1,0.1,0.1,0.1,0.1,0.1,0.1,0.1,0.1,0.1,0.1,0.1,0.1,0.1,0.1,0.1,0.1,0.1,0.1,0.1,0.1,0.1,0.1,0.1,0.1,0.1,0.1,0.1,0.1,0.1,0.1,0.1,0.1,0.1,0.1,0.1,0.1,0.1,0.1,0.1,0.1,0.1,0.1,0.1,0.1,0.1,0.1,0.1,0.1,0.1,0.1,0.1,0.1,0.1,0.1,0.1,0.1,0.1,0.1,0.1,0.1,0.1,0.1,0.1,0.1,0.1,0.1,0.1,0.1,0.1,0.1,0.1,0.1,0.1,0.1,0.1,0.1,0.1,0.1,0.1,0.1,0.1,0.1,0.1,0.1,0.1,0.1,0.1,0.1,0.1,0.1,0.1,0.1,0.1,0.1,0.1,0.1,0.1,0.1,0.1,0.1,0.1,0.1,0.1,0.1,0.1,0.1,0.1,0.1,0.1,0.1,0.1,0.1,0.1,0.1,0.1,0.1,0.1,0.1,0.1,0.1,0.1,0.1,0.1,0.1,0.1,0.1,0.1,0.1,0.1,0.1,0.1,0.1,0.1,0.1,0.1,0.1,0.1,0.1,0.1,0.1,0.1,0.1,0.1,0.1,0.1,0.1,0.1,0.1,0.1,0.1,0.1,0.1,0.1,0.1,0.1,0.1,0.1,0.1,0.1,0.1,0.1,0.1,0.1,0.1,0.1,0.1,0.1,0.1,0.1,0.1,0.1,0.1,0.1,0.1,0.1,0.1,0.1,0.1,0.1,0.1,0.1,0.1,0.1,0.1,0.1,0.1,0.1,0.1,0.1,0.1,0.1,0.1,0.1,0.1,0.1,0.1,0.1,0.1,0.1,0.1,0.1,0.1,0.1,0.1,0.1,0.1,0.1,0.1,0.1,0.1,0.1,0.1,0.1,0.1,0.1,0.1,0.1,0.1,0.1,0.1,0.1,0.1,0.1,0.1,0.1,0.1,0.1,0.1,0.1,0.1,0.1,0.1,0.1,0.1,0.1,0.1,0.1,0.1,0.1,0.1,0.1,0.1,0.1,0.1,0.1,0.1,0.1,0.1,0.1,0.1,0.1,0.1,0.1,0.1,0.1,0.1,0.1,0.1,0.1,0.1,0.1,0.1,0.1,0.1,0.1,0.1,0.1,0.1,0.1,0.1,0.1,0.1,0.1,0.1,0.1,0.1,0.1,0.1,0.1,0.1,0.1,0.1,0.1,0.1,0.1,0.1,0.1,0.1,0.1,0.1,0.1,0.1,0.1,0.1,0.1,0.1,0.1,0.1,0.1,0.1,0.1,0.1,0.1,0.1,0.1,0.1,0.1,0.1,0.1,0.1,0.1,0.1,0.1,0.1,0.1,0.1,0.1,0.1,0.1,0.1,0.1,0.1,0.1,0.1,0.1,0.1,0.1,0.1,0.1,0.1,0.1,0.1,0.1,0.1,0.1,0.1,0.1,0.1,0.1,0.1,0.1,0.1,0.1,0.1,0.1,0.1,0.1,0.1,0.1,0.1,0.1,0.1,0.1,0.1,0.1,0.1,0.1,0.1,0.1,0.1,0.1,0.1,0.1,0.1,0.1,0.1,0.1,0.1,0.1,0.1,0.1,0.1,0.1,0.1,0.1,0.1,0.1,0.1,0.1,0.1,0.1,0.1,0.1,0.1,0.1,0.1,0.1,0.1,0.1,0.1,0.1,0.1,0.1,0.1,0.1,0.1,0.1,0.1,0.1,0.1,0.1,0.1,0.1,0.1,0.1,0.1,0.1,0.1,0.1,0.1,0.1,0.1,0.1,0.1,0.1,0.1,0.1,0.1,0.1,0.1,0.1,0.1,0.1,0.1,0.1,0.1,0.1,0.1,0.1,0.1,0.1,0.1,0.1,0.1,0.1,0.1,0.1,0.1,0.1,0.1,0.1,0.1,0.1,0.1,0.1,0.1,0.1,0.1,0.1,0.1,0.1,0.1,0.1,0.1,0.1,0.1,0.1,0.1,0.1,0.1,0.1,0.1,0.1,0.1,0.1,0.1,0.1,0.1,0.1,0.1,0.1,0.1,0.1,0.1,0.1,0.1,0.1,0.1,0.1,0.1,0.1,0.1,0.1,0.1,0.1,0.1,0.1,0.1,0.1,0.1,0.1,0.1,0.1,0.1,0.1,0.1,0.1,0.1,0.1,0.1,0.1,0.1,0.1,0.1,0.1,0.1,0.1,0.1,0.1,0.1,0.1,0.1,0.1,0.1,0.1,0.1,0.1,0.1,0.1,0.1,0.1,0.1,0.1,0.1,0.1,0.1,0.1,0.1,0.1,0.1,0.1,0.1,0.1,0.1,0.1,0.1,0.1,0.1,0.1,0.1,0.1,0.1,0.1,0.1,0.1,0.1,0.1,0.1,0.1,0.1,0.1,0.1,0.1,0.1,0.1,0.1,0.1,0.1,0.1,0.1,0.1,0.1,0.1,0.1,0.1,0.1,0.1,0.1,0.1,0.1,0.1,0.1,0.1,0.1,0.1,0.1,0.1,0.1,0.1,0.1,0.1,0.1,0.1,0.1,0.1,0.1,0.1,0.1,0.1,0.1,0.1,0.1,0.1,0.1,0.1,0.1,0.1,0.1,0.1,0.1,0.1,0.1,0.1,0.1,0.1,0.1,0.1,0.1,0.1,0.1,0.1,0.1,0.1,0.1,0.1,0.1,0.1,0.1,0.1,0.1,0.1,0.1,0.1,0.1,0.1,0.1,0.1,0.1,0.1,0.1,0.1,0.1,0.1,0.1,0.1,0.1,0.1,0.1,0.1,0.1,0.1,0.1,0.1,0.1,0.1,0.1,0.1,0.1,0.1,0.1,0.1,0.1,0.1,0.1,0.1,0.1,0.1,0.1,0.1,0.1,0.1,0.1,0.1,0.1,0.1,0.1,0.1,0.1,0.1,0.1,0.1,0.1,0.1,0.1,0.1,0.1,0.1,0.1,0.1,0.1,0.1,0.1,0.1,0.1,0.1,0.1,0.1,0.1,0.1,0.1,0.1,0.1,0.1,0.1,0.1,0.1,0.1,0.1,0.1,0.1,0.1,0.1,0.1,0.1,0.1,0.1,0.1,0.1,0.1,0.1,0.1,0.1,0.1,0.1,0.1,0.1,0.1,0.1,0.1,0.1,0.1,0.1,0.1,0.1,0.1,0.1,0.1,0.1,0.1,0.1,0.1,0.1,0.1,0.1,0.1,0.1,0.1,0.1,0.1,0.1,0.1,0.1,0.1,0.1,0.1,0.1,0.1,0.1,0.1,0.1,0.1,0.1,0.1,0.1], 019a9bcb-962f-7293-8d0e-6475080564a6, 2025-11-19 11:06:42, 2025-11-19 11:06:42))

/home/user/cmis.marketing.limited/vendor/laravel/framework/src/Illuminate/Database/Connection.php:824
/home/user/cmis.marketing.limited/vendor/laravel/framework/src/Illuminate/Database/Connection.php:778
/home/user/cmis.marketing.limited/vendor/laravel/framework/src/Illuminate/Database/Connection.php:559
/home/user/cmis.marketing.limited/vendor/laravel/framework/src/Illuminate/Database/Connection.php:523
/home/user/cmis.marketing.limited/vendor/laravel/framework/src/Illuminate/Database/Query/Builder.php:3804
/home/user/cmis.marketing.limited/vendor/laravel/framework/src/Illuminate/Database/Eloquent/Builder.php:2235
/home/user/cmis.marketing.limited/vendor/laravel/framework/src/Illuminate/Database/Eloquent/Model.php:1412
/home/user/cmis.marketing.limited/vendor/laravel/framework/src/Illuminate/Database/Eloquent/Model.php:1240
/home/user/cmis.marketing.limited/vendor/laravel/framework/src/Illuminate/Database/Eloquent/Builder.php:1219
/home/user/cmis.marketing.limited/vendor/laravel/framework/src/Illuminate/Support/helpers.php:390
/home/user/cmis.marketing.limited/vendor/laravel/framework/src/Illuminate/Database/Eloquent/Builder.php:1218
/home/user/cmis.marketing.limited/vendor/laravel/framework/src/Illuminate/Support/Traits/ForwardsCalls.php:23
/home/user/cmis.marketing.limited/vendor/laravel/framework/src/Illuminate/Database/Eloquent/Model.php:2540
/home/user/cmis.marketing.limited/vendor/laravel/framework/src/Illuminate/Database/Eloquent/Model.php:2556
/home/user/cmis.marketing.limited/tests/Feature/API/KnowledgeAPITest.php:191</error>
        </testcase>
      </testsuite>
      <testsuite name="Tests\Feature\Campaigns\CampaignManagementTest" file="/home/user/cmis.marketing.limited/tests/Feature/Campaigns/CampaignManagementTest.php" tests="8" assertions="0" errors="8" failures="0" skipped="0" time="0.000000">
        <testcase name="test_user_can_search_campaigns" file="/home/user/cmis.marketing.limited/tests/Feature/Campaigns/CampaignManagementTest.php" line="129" class="Tests\Feature\Campaigns\CampaignManagementTest" classname="Tests.Feature.Campaigns.CampaignManagementTest" assertions="0" time="0.000000">
          <error type="Error">Tests\Feature\Campaigns\CampaignManagementTest::test_user_can_search_campaigns
Error: Class "App\Models\Core\User" not found

/home/user/cmis.marketing.limited/tests/Feature/Campaigns/CampaignManagementTest.php:21</error>
        </testcase>
        <testcase name="test_user_can_view_campaign_details" file="/home/user/cmis.marketing.limited/tests/Feature/Campaigns/CampaignManagementTest.php" line="75" class="Tests\Feature\Campaigns\CampaignManagementTest" classname="Tests.Feature.Campaigns.CampaignManagementTest" assertions="0" time="0.000000">
          <error type="Error">Tests\Feature\Campaigns\CampaignManagementTest::test_user_can_view_campaign_details
Error: Class "App\Models\Core\User" not found

/home/user/cmis.marketing.limited/tests/Feature/Campaigns/CampaignManagementTest.php:21</error>
        </testcase>
        <testcase name="test_user_can_update_campaign" file="/home/user/cmis.marketing.limited/tests/Feature/Campaigns/CampaignManagementTest.php" line="91" class="Tests\Feature\Campaigns\CampaignManagementTest" classname="Tests.Feature.Campaigns.CampaignManagementTest" assertions="0" time="0.000000">
          <error type="Error">Tests\Feature\Campaigns\CampaignManagementTest::test_user_can_update_campaign
Error: Class "App\Models\Core\User" not found

/home/user/cmis.marketing.limited/tests/Feature/Campaigns/CampaignManagementTest.php:21</error>
        </testcase>
        <testcase name="test_user_can_list_campaigns" file="/home/user/cmis.marketing.limited/tests/Feature/Campaigns/CampaignManagementTest.php" line="33" class="Tests\Feature\Campaigns\CampaignManagementTest" classname="Tests.Feature.Campaigns.CampaignManagementTest" assertions="0" time="0.000000">
          <error type="Error">Tests\Feature\Campaigns\CampaignManagementTest::test_user_can_list_campaigns
Error: Class "App\Models\Core\User" not found

/home/user/cmis.marketing.limited/tests/Feature/Campaigns/CampaignManagementTest.php:21</error>
        </testcase>
        <testcase name="test_user_can_filter_campaigns_by_status" file="/home/user/cmis.marketing.limited/tests/Feature/Campaigns/CampaignManagementTest.php" line="151" class="Tests\Feature\Campaigns\CampaignManagementTest" classname="Tests.Feature.Campaigns.CampaignManagementTest" assertions="0" time="0.000000">
          <error type="Error">Tests\Feature\Campaigns\CampaignManagementTest::test_user_can_filter_campaigns_by_status
Error: Class "App\Models\Core\User" not found

/home/user/cmis.marketing.limited/tests/Feature/Campaigns/CampaignManagementTest.php:21</error>
        </testcase>
        <testcase name="test_user_can_create_campaign" file="/home/user/cmis.marketing.limited/tests/Feature/Campaigns/CampaignManagementTest.php" line="52" class="Tests\Feature\Campaigns\CampaignManagementTest" classname="Tests.Feature.Campaigns.CampaignManagementTest" assertions="0" time="0.000000">
          <error type="Error">Tests\Feature\Campaigns\CampaignManagementTest::test_user_can_create_campaign
Error: Class "App\Models\Core\User" not found

/home/user/cmis.marketing.limited/tests/Feature/Campaigns/CampaignManagementTest.php:21</error>
        </testcase>
        <testcase name="test_user_cannot_access_campaigns_from_another_org" file="/home/user/cmis.marketing.limited/tests/Feature/Campaigns/CampaignManagementTest.php" line="173" class="Tests\Feature\Campaigns\CampaignManagementTest" classname="Tests.Feature.Campaigns.CampaignManagementTest" assertions="0" time="0.000000">
          <error type="Error">Tests\Feature\Campaigns\CampaignManagementTest::test_user_cannot_access_campaigns_from_another_org
Error: Class "App\Models\Core\User" not found

/home/user/cmis.marketing.limited/tests/Feature/Campaigns/CampaignManagementTest.php:21</error>
        </testcase>
        <testcase name="test_user_can_delete_campaign" file="/home/user/cmis.marketing.limited/tests/Feature/Campaigns/CampaignManagementTest.php" line="113" class="Tests\Feature\Campaigns\CampaignManagementTest" classname="Tests.Feature.Campaigns.CampaignManagementTest" assertions="0" time="0.000000">
          <error type="Error">Tests\Feature\Campaigns\CampaignManagementTest::test_user_can_delete_campaign
Error: Class "App\Models\Core\User" not found

/home/user/cmis.marketing.limited/tests/Feature/Campaigns/CampaignManagementTest.php:21</error>
        </testcase>
      </testsuite>
      <testsuite name="Tests\Feature\API\CampaignAPITest" file="/home/user/cmis.marketing.limited/tests/Feature/API/CampaignAPITest.php" tests="10" assertions="10" errors="0" failures="9" skipped="0" time="3.436911">
        <testcase name="it_can_view_a_specific_campaign" file="/home/user/cmis.marketing.limited/tests/Feature/API/CampaignAPITest.php" line="106" class="Tests\Feature\API\CampaignAPITest" classname="Tests.Feature.API.CampaignAPITest" assertions="1" time="0.301057">
          <failure type="PHPUnit\Framework\ExpectationFailedException">Tests\Feature\API\CampaignAPITest::it_can_view_a_specific_campaign
Expected response status code [200] but received 500.
Failed asserting that 500 is identical to 200.

/home/user/cmis.marketing.limited/vendor/laravel/framework/src/Illuminate/Testing/TestResponseAssert.php:45
/home/user/cmis.marketing.limited/vendor/laravel/framework/src/Illuminate/Testing/TestResponse.php:174
/home/user/cmis.marketing.limited/tests/Feature/API/CampaignAPITest.php:119</failure>
        </testcase>
        <testcase name="it_can_update_a_campaign" file="/home/user/cmis.marketing.limited/tests/Feature/API/CampaignAPITest.php" line="134" class="Tests\Feature\API\CampaignAPITest" classname="Tests.Feature.API.CampaignAPITest" assertions="1" time="0.297182">
          <failure type="PHPUnit\Framework\ExpectationFailedException">Tests\Feature\API\CampaignAPITest::it_can_update_a_campaign
Expected response status code [200] but received 500.
Failed asserting that 500 is identical to 200.

/home/user/cmis.marketing.limited/vendor/laravel/framework/src/Illuminate/Testing/TestResponseAssert.php:45
/home/user/cmis.marketing.limited/vendor/laravel/framework/src/Illuminate/Testing/TestResponse.php:174
/home/user/cmis.marketing.limited/tests/Feature/API/CampaignAPITest.php:153</failure>
        </testcase>
        <testcase name="it_requires_authentication" file="/home/user/cmis.marketing.limited/tests/Feature/API/CampaignAPITest.php" line="243" class="Tests\Feature\API\CampaignAPITest" classname="Tests.Feature.API.CampaignAPITest" assertions="1" time="0.351657"/>
        <testcase name="it_can_filter_campaigns_by_status" file="/home/user/cmis.marketing.limited/tests/Feature/API/CampaignAPITest.php" line="259" class="Tests\Feature\API\CampaignAPITest" classname="Tests.Feature.API.CampaignAPITest" assertions="1" time="0.301725">
          <failure type="PHPUnit\Framework\ExpectationFailedException">Tests\Feature\API\CampaignAPITest::it_can_filter_campaigns_by_status
Expected response status code [200] but received 500.
Failed asserting that 500 is identical to 200.

/home/user/cmis.marketing.limited/vendor/laravel/framework/src/Illuminate/Testing/TestResponseAssert.php:45
/home/user/cmis.marketing.limited/vendor/laravel/framework/src/Illuminate/Testing/TestResponse.php:174
/home/user/cmis.marketing.limited/tests/Feature/API/CampaignAPITest.php:272</failure>
        </testcase>
        <testcase name="it_enforces_org_isolation_for_campaigns" file="/home/user/cmis.marketing.limited/tests/Feature/API/CampaignAPITest.php" line="198" class="Tests\Feature\API\CampaignAPITest" classname="Tests.Feature.API.CampaignAPITest" assertions="1" time="0.534968">
          <failure type="PHPUnit\Framework\ExpectationFailedException">Tests\Feature\API\CampaignAPITest::it_enforces_org_isolation_for_campaigns
Expected response status code [404] but received 500.
Failed asserting that 500 is identical to 404.

/home/user/cmis.marketing.limited/vendor/laravel/framework/src/Illuminate/Testing/TestResponseAssert.php:45
/home/user/cmis.marketing.limited/vendor/laravel/framework/src/Illuminate/Testing/TestResponse.php:174
/home/user/cmis.marketing.limited/tests/Feature/API/CampaignAPITest.php:209</failure>
        </testcase>
        <testcase name="it_can_create_a_campaign" file="/home/user/cmis.marketing.limited/tests/Feature/API/CampaignAPITest.php" line="58" class="Tests\Feature\API\CampaignAPITest" classname="Tests.Feature.API.CampaignAPITest" assertions="1" time="0.350022">
          <failure type="PHPUnit\Framework\ExpectationFailedException">Tests\Feature\API\CampaignAPITest::it_can_create_a_campaign
Expected response status code [201] but received 500.
Failed asserting that 500 is identical to 201.

/home/user/cmis.marketing.limited/vendor/laravel/framework/src/Illuminate/Testing/TestResponseAssert.php:45
/home/user/cmis.marketing.limited/vendor/laravel/framework/src/Illuminate/Testing/TestResponse.php:174
/home/user/cmis.marketing.limited/tests/Feature/API/CampaignAPITest.php:78</failure>
        </testcase>
        <testcase name="it_can_delete_a_campaign" file="/home/user/cmis.marketing.limited/tests/Feature/API/CampaignAPITest.php" line="174" class="Tests\Feature\API\CampaignAPITest" classname="Tests.Feature.API.CampaignAPITest" assertions="1" time="0.304223">
          <failure type="PHPUnit\Framework\ExpectationFailedException">Tests\Feature\API\CampaignAPITest::it_can_delete_a_campaign
Expected response status code [200] but received 500.
Failed asserting that 500 is identical to 200.

/home/user/cmis.marketing.limited/vendor/laravel/framework/src/Illuminate/Testing/TestResponseAssert.php:45
/home/user/cmis.marketing.limited/vendor/laravel/framework/src/Illuminate/Testing/TestResponse.php:174
/home/user/cmis.marketing.limited/tests/Feature/API/CampaignAPITest.php:185</failure>
        </testcase>
        <testcase name="it_can_search_campaigns" file="/home/user/cmis.marketing.limited/tests/Feature/API/CampaignAPITest.php" line="283" class="Tests\Feature\API\CampaignAPITest" classname="Tests.Feature.API.CampaignAPITest" assertions="1" time="0.305577">
          <failure type="PHPUnit\Framework\ExpectationFailedException">Tests\Feature\API\CampaignAPITest::it_can_search_campaigns
Expected response status code [200] but received 500.
Failed asserting that 500 is identical to 200.

/home/user/cmis.marketing.limited/vendor/laravel/framework/src/Illuminate/Testing/TestResponseAssert.php:45
/home/user/cmis.marketing.limited/vendor/laravel/framework/src/Illuminate/Testing/TestResponse.php:174
/home/user/cmis.marketing.limited/tests/Feature/API/CampaignAPITest.php:296</failure>
        </testcase>
        <testcase name="it_can_list_campaigns_for_organization" file="/home/user/cmis.marketing.limited/tests/Feature/API/CampaignAPITest.php" line="21" class="Tests\Feature\API\CampaignAPITest" classname="Tests.Feature.API.CampaignAPITest" assertions="1" time="0.323519">
          <failure type="PHPUnit\Framework\ExpectationFailedException">Tests\Feature\API\CampaignAPITest::it_can_list_campaigns_for_organization
Expected response status code [200] but received 500.
Failed asserting that 500 is identical to 200.

/home/user/cmis.marketing.limited/vendor/laravel/framework/src/Illuminate/Testing/TestResponseAssert.php:45
/home/user/cmis.marketing.limited/vendor/laravel/framework/src/Illuminate/Testing/TestResponse.php:174
/home/user/cmis.marketing.limited/tests/Feature/API/CampaignAPITest.php:35</failure>
        </testcase>
        <testcase name="it_validates_campaign_creation_data" file="/home/user/cmis.marketing.limited/tests/Feature/API/CampaignAPITest.php" line="219" class="Tests\Feature\API\CampaignAPITest" classname="Tests.Feature.API.CampaignAPITest" assertions="1" time="0.366980">
          <failure type="PHPUnit\Framework\ExpectationFailedException">Tests\Feature\API\CampaignAPITest::it_validates_campaign_creation_data
Expected response status code [422] but received 500.
Failed asserting that 500 is identical to 422.

/home/user/cmis.marketing.limited/vendor/laravel/framework/src/Illuminate/Testing/TestResponseAssert.php:45
/home/user/cmis.marketing.limited/vendor/laravel/framework/src/Illuminate/Testing/TestResponse.php:174
/home/user/cmis.marketing.limited/tests/Feature/API/CampaignAPITest.php:233</failure>
        </testcase>
      </testsuite>
      <testsuite name="Tests\Feature\Auth\AuthTest" file="/home/user/cmis.marketing.limited/tests/Feature/Auth/AuthTest.php" tests="13" assertions="23" errors="5" failures="4" skipped="0" time="2.417611">
        <testcase name="test_login_fails_with_nonexistent_email" file="/home/user/cmis.marketing.limited/tests/Feature/Auth/AuthTest.php" line="62" class="Tests\Feature\Auth\AuthTest" classname="Tests.Feature.Auth.AuthTest" assertions="3" time="0.079943"/>
        <testcase name="test_login_validates_required_fields" file="/home/user/cmis.marketing.limited/tests/Feature/Auth/AuthTest.php" line="103" class="Tests\Feature\Auth\AuthTest" classname="Tests.Feature.Auth.AuthTest" assertions="9" time="0.068264"/>
        <testcase name="test_login_fails_for_inactive_users" file="/home/user/cmis.marketing.limited/tests/Feature/Auth/AuthTest.php" line="78" class="Tests\Feature\Auth\AuthTest" classname="Tests.Feature.Auth.AuthTest" assertions="2" time="0.524230"/>
        <testcase name="test_token_refresh_requires_authentication" file="/home/user/cmis.marketing.limited/tests/Feature/Auth/AuthTest.php" line="232" class="Tests\Feature\Auth\AuthTest" classname="Tests.Feature.Auth.AuthTest" assertions="1" time="0.064532"/>
        <testcase name="test_authenticated_user_can_get_profile" file="/home/user/cmis.marketing.limited/tests/Feature/Auth/AuthTest.php" line="297" class="Tests\Feature\Auth\AuthTest" classname="Tests.Feature.Auth.AuthTest" assertions="0" time="0.131996">
          <error type="Illuminate\Database\QueryException">Tests\Feature\Auth\AuthTest::test_authenticated_user_can_get_profile
Illuminate\Database\QueryException: SQLSTATE[42P01]: Undefined table: 7 ERROR:  relation "personal_access_tokens" does not exist
LINE 1: insert into "personal_access_tokens" ("name", "token", "abil...
                    ^ (Connection: pgsql, SQL: insert into "personal_access_tokens" ("name", "token", "abilities", "expires_at", "tokenable_id", "tokenable_type", "updated_at", "created_at") values (test-token, a8da80430d956b2a6cf578ada1913588f6d116b39a6cc5ff71586c8c87d03e0a, ["*"], ?, dad169ca-f677-442d-8113-5ea79fb5b55d, App\Models\User, 2025-11-19 11:06:46, 2025-11-19 11:06:46) returning "id")

/home/user/cmis.marketing.limited/vendor/laravel/framework/src/Illuminate/Database/Connection.php:824
/home/user/cmis.marketing.limited/vendor/laravel/framework/src/Illuminate/Database/Connection.php:778
/home/user/cmis.marketing.limited/vendor/laravel/framework/src/Illuminate/Database/Connection.php:397
/home/user/cmis.marketing.limited/vendor/laravel/framework/src/Illuminate/Database/Connection.php:384
/home/user/cmis.marketing.limited/vendor/laravel/framework/src/Illuminate/Database/Query/Processors/PostgresProcessor.php:24
/home/user/cmis.marketing.limited/vendor/laravel/framework/src/Illuminate/Database/Query/Builder.php:3853
/home/user/cmis.marketing.limited/vendor/laravel/framework/src/Illuminate/Database/Eloquent/Builder.php:2235
/home/user/cmis.marketing.limited/vendor/laravel/framework/src/Illuminate/Database/Eloquent/Model.php:1436
/home/user/cmis.marketing.limited/vendor/laravel/framework/src/Illuminate/Database/Eloquent/Model.php:1401
/home/user/cmis.marketing.limited/vendor/laravel/framework/src/Illuminate/Database/Eloquent/Model.php:1240
/home/user/cmis.marketing.limited/vendor/laravel/framework/src/Illuminate/Database/Eloquent/Relations/HasOneOrMany.php:370
/home/user/cmis.marketing.limited/vendor/laravel/framework/src/Illuminate/Support/helpers.php:390
/home/user/cmis.marketing.limited/vendor/laravel/framework/src/Illuminate/Database/Eloquent/Relations/HasOneOrMany.php:367
/home/user/cmis.marketing.limited/vendor/laravel/sanctum/src/HasApiTokens.php:64
/home/user/cmis.marketing.limited/tests/Feature/Auth/AuthTest.php:305</error>
        </testcase>
        <testcase name="test_registration_creates_user_and_returns_token" file="/home/user/cmis.marketing.limited/tests/Feature/Auth/AuthTest.php" line="133" class="Tests\Feature\Auth\AuthTest" classname="Tests.Feature.Auth.AuthTest" assertions="1" time="0.062425">
          <failure type="PHPUnit\Framework\ExpectationFailedException">Tests\Feature\Auth\AuthTest::test_registration_creates_user_and_returns_token
Expected response status code [201] but received 500.
Failed asserting that 500 is identical to 201.

/home/user/cmis.marketing.limited/vendor/laravel/framework/src/Illuminate/Testing/TestResponseAssert.php:45
/home/user/cmis.marketing.limited/vendor/laravel/framework/src/Illuminate/Testing/TestResponse.php:174
/home/user/cmis.marketing.limited/tests/Feature/Auth/AuthTest.php:142</failure>
        </testcase>
        <testcase name="test_login_requires_correct_password" file="/home/user/cmis.marketing.limited/tests/Feature/Auth/AuthTest.php" line="19" class="Tests\Feature\Auth\AuthTest" classname="Tests.Feature.Auth.AuthTest" assertions="5" time="0.754892">
          <failure type="PHPUnit\Framework\ExpectationFailedException">Tests\Feature\Auth\AuthTest::test_login_requires_correct_password
Expected response status code [200] but received 500.
Failed asserting that 500 is identical to 200.

/home/user/cmis.marketing.limited/vendor/laravel/framework/src/Illuminate/Testing/TestResponseAssert.php:45
/home/user/cmis.marketing.limited/vendor/laravel/framework/src/Illuminate/Testing/TestResponse.php:174
/home/user/cmis.marketing.limited/tests/Feature/Auth/AuthTest.php:44</failure>
        </testcase>
        <testcase name="test_logout_all_revokes_all_tokens" file="/home/user/cmis.marketing.limited/tests/Feature/Auth/AuthTest.php" line="269" class="Tests\Feature\Auth\AuthTest" classname="Tests.Feature.Auth.AuthTest" assertions="0" time="0.333759">
          <error type="Illuminate\Database\QueryException">Tests\Feature\Auth\AuthTest::test_logout_all_revokes_all_tokens
Illuminate\Database\QueryException: SQLSTATE[42P01]: Undefined table: 7 ERROR:  relation "personal_access_tokens" does not exist
LINE 1: insert into "personal_access_tokens" ("name", "token", "abil...
                    ^ (Connection: pgsql, SQL: insert into "personal_access_tokens" ("name", "token", "abilities", "expires_at", "tokenable_id", "tokenable_type", "updated_at", "created_at") values (token-1, 47b5abfde37ee98f9e8144075813c9bfd92b93a7e47253dc0cd6da5306bc96b7, ["*"], ?, 3615041b-037e-4f16-9ddf-d2940d89a70f, App\Models\User, 2025-11-19 11:06:48, 2025-11-19 11:06:48) returning "id")

/home/user/cmis.marketing.limited/vendor/laravel/framework/src/Illuminate/Database/Connection.php:824
/home/user/cmis.marketing.limited/vendor/laravel/framework/src/Illuminate/Database/Connection.php:778
/home/user/cmis.marketing.limited/vendor/laravel/framework/src/Illuminate/Database/Connection.php:397
/home/user/cmis.marketing.limited/vendor/laravel/framework/src/Illuminate/Database/Connection.php:384
/home/user/cmis.marketing.limited/vendor/laravel/framework/src/Illuminate/Database/Query/Processors/PostgresProcessor.php:24
/home/user/cmis.marketing.limited/vendor/laravel/framework/src/Illuminate/Database/Query/Builder.php:3853
/home/user/cmis.marketing.limited/vendor/laravel/framework/src/Illuminate/Database/Eloquent/Builder.php:2235
/home/user/cmis.marketing.limited/vendor/laravel/framework/src/Illuminate/Database/Eloquent/Model.php:1436
/home/user/cmis.marketing.limited/vendor/laravel/framework/src/Illuminate/Database/Eloquent/Model.php:1401
/home/user/cmis.marketing.limited/vendor/laravel/framework/src/Illuminate/Database/Eloquent/Model.php:1240
/home/user/cmis.marketing.limited/vendor/laravel/framework/src/Illuminate/Database/Eloquent/Relations/HasOneOrMany.php:370
/home/user/cmis.marketing.limited/vendor/laravel/framework/src/Illuminate/Support/helpers.php:390
/home/user/cmis.marketing.limited/vendor/laravel/framework/src/Illuminate/Database/Eloquent/Relations/HasOneOrMany.php:367
/home/user/cmis.marketing.limited/vendor/laravel/sanctum/src/HasApiTokens.php:64
/home/user/cmis.marketing.limited/tests/Feature/Auth/AuthTest.php:273</error>
        </testcase>
        <testcase name="test_token_refresh_works" file="/home/user/cmis.marketing.limited/tests/Feature/Auth/AuthTest.php" line="190" class="Tests\Feature\Auth\AuthTest" classname="Tests.Feature.Auth.AuthTest" assertions="0" time="0.072312">
          <error type="Illuminate\Database\QueryException">Tests\Feature\Auth\AuthTest::test_token_refresh_works
Illuminate\Database\QueryException: SQLSTATE[42P01]: Undefined table: 7 ERROR:  relation "personal_access_tokens" does not exist
LINE 1: insert into "personal_access_tokens" ("name", "token", "abil...
                    ^ (Connection: pgsql, SQL: insert into "personal_access_tokens" ("name", "token", "abilities", "expires_at", "tokenable_id", "tokenable_type", "updated_at", "created_at") values (test-token, 424758e61d964710bd475944379ba412196534c214e0d76e49259f26a74c6739, ["*"], ?, a7951858-c174-44b1-9589-b6caff1a242d, App\Models\User, 2025-11-19 11:06:48, 2025-11-19 11:06:48) returning "id")

/home/user/cmis.marketing.limited/vendor/laravel/framework/src/Illuminate/Database/Connection.php:824
/home/user/cmis.marketing.limited/vendor/laravel/framework/src/Illuminate/Database/Connection.php:778
/home/user/cmis.marketing.limited/vendor/laravel/framework/src/Illuminate/Database/Connection.php:397
/home/user/cmis.marketing.limited/vendor/laravel/framework/src/Illuminate/Database/Connection.php:384
/home/user/cmis.marketing.limited/vendor/laravel/framework/src/Illuminate/Database/Query/Processors/PostgresProcessor.php:24
/home/user/cmis.marketing.limited/vendor/laravel/framework/src/Illuminate/Database/Query/Builder.php:3853
/home/user/cmis.marketing.limited/vendor/laravel/framework/src/Illuminate/Database/Eloquent/Builder.php:2235
/home/user/cmis.marketing.limited/vendor/laravel/framework/src/Illuminate/Database/Eloquent/Model.php:1436
/home/user/cmis.marketing.limited/vendor/laravel/framework/src/Illuminate/Database/Eloquent/Model.php:1401
/home/user/cmis.marketing.limited/vendor/laravel/framework/src/Illuminate/Database/Eloquent/Model.php:1240
/home/user/cmis.marketing.limited/vendor/laravel/framework/src/Illuminate/Database/Eloquent/Relations/HasOneOrMany.php:370
/home/user/cmis.marketing.limited/vendor/laravel/framework/src/Illuminate/Support/helpers.php:390
/home/user/cmis.marketing.limited/vendor/laravel/framework/src/Illuminate/Database/Eloquent/Relations/HasOneOrMany.php:367
/home/user/cmis.marketing.limited/vendor/laravel/sanctum/src/HasApiTokens.php:64
/home/user/cmis.marketing.limited/tests/Feature/Auth/AuthTest.php:196</error>
        </testcase>
        <testcase name="test_authenticated_user_can_update_profile" file="/home/user/cmis.marketing.limited/tests/Feature/Auth/AuthTest.php" line="327" class="Tests\Feature\Auth\AuthTest" classname="Tests.Feature.Auth.AuthTest" assertions="0" time="0.131001">
          <error type="Illuminate\Database\QueryException">Tests\Feature\Auth\AuthTest::test_authenticated_user_can_update_profile
Illuminate\Database\QueryException: SQLSTATE[42P01]: Undefined table: 7 ERROR:  relation "personal_access_tokens" does not exist
LINE 1: insert into "personal_access_tokens" ("name", "token", "abil...
                    ^ (Connection: pgsql, SQL: insert into "personal_access_tokens" ("name", "token", "abilities", "expires_at", "tokenable_id", "tokenable_type", "updated_at", "created_at") values (test-token, f0f58e7c6644c3d6603e01e11f5695fbcf93992161b2463a3072cd11b77b6439, ["*"], ?, 4e0b6707-9925-487c-b23d-6fe55052c87f, App\Models\User, 2025-11-19 11:06:48, 2025-11-19 11:06:48) returning "id")

/home/user/cmis.marketing.limited/vendor/laravel/framework/src/Illuminate/Database/Connection.php:824
/home/user/cmis.marketing.limited/vendor/laravel/framework/src/Illuminate/Database/Connection.php:778
/home/user/cmis.marketing.limited/vendor/laravel/framework/src/Illuminate/Database/Connection.php:397
/home/user/cmis.marketing.limited/vendor/laravel/framework/src/Illuminate/Database/Connection.php:384
/home/user/cmis.marketing.limited/vendor/laravel/framework/src/Illuminate/Database/Query/Processors/PostgresProcessor.php:24
/home/user/cmis.marketing.limited/vendor/laravel/framework/src/Illuminate/Database/Query/Builder.php:3853
/home/user/cmis.marketing.limited/vendor/laravel/framework/src/Illuminate/Database/Eloquent/Builder.php:2235
/home/user/cmis.marketing.limited/vendor/laravel/framework/src/Illuminate/Database/Eloquent/Model.php:1436
/home/user/cmis.marketing.limited/vendor/laravel/framework/src/Illuminate/Database/Eloquent/Model.php:1401
/home/user/cmis.marketing.limited/vendor/laravel/framework/src/Illuminate/Database/Eloquent/Model.php:1240
/home/user/cmis.marketing.limited/vendor/laravel/framework/src/Illuminate/Database/Eloquent/Relations/HasOneOrMany.php:370
/home/user/cmis.marketing.limited/vendor/laravel/framework/src/Illuminate/Support/helpers.php:390
/home/user/cmis.marketing.limited/vendor/laravel/framework/src/Illuminate/Database/Eloquent/Relations/HasOneOrMany.php:367
/home/user/cmis.marketing.limited/vendor/laravel/sanctum/src/HasApiTokens.php:64
/home/user/cmis.marketing.limited/tests/Feature/Auth/AuthTest.php:333</error>
        </testcase>
        <testcase name="test_logout_revokes_current_token" file="/home/user/cmis.marketing.limited/tests/Feature/Auth/AuthTest.php" line="243" class="Tests\Feature\Auth\AuthTest" classname="Tests.Feature.Auth.AuthTest" assertions="0" time="0.061880">
          <error type="Illuminate\Database\QueryException">Tests\Feature\Auth\AuthTest::test_logout_revokes_current_token
Illuminate\Database\QueryException: SQLSTATE[42P01]: Undefined table: 7 ERROR:  relation "personal_access_tokens" does not exist
LINE 1: insert into "personal_access_tokens" ("name", "token", "abil...
                    ^ (Connection: pgsql, SQL: insert into "personal_access_tokens" ("name", "token", "abilities", "expires_at", "tokenable_id", "tokenable_type", "updated_at", "created_at") values (test-token, f8c5aa51467eddaef550d5c828d4c31fa1f573acf23dfdaf1d39590372bc544e, ["*"], ?, 04aa48b2-bf7c-4518-a6dd-1e679affe63f, App\Models\User, 2025-11-19 11:06:48, 2025-11-19 11:06:48) returning "id")

/home/user/cmis.marketing.limited/vendor/laravel/framework/src/Illuminate/Database/Connection.php:824
/home/user/cmis.marketing.limited/vendor/laravel/framework/src/Illuminate/Database/Connection.php:778
/home/user/cmis.marketing.limited/vendor/laravel/framework/src/Illuminate/Database/Connection.php:397
/home/user/cmis.marketing.limited/vendor/laravel/framework/src/Illuminate/Database/Connection.php:384
/home/user/cmis.marketing.limited/vendor/laravel/framework/src/Illuminate/Database/Query/Processors/PostgresProcessor.php:24
/home/user/cmis.marketing.limited/vendor/laravel/framework/src/Illuminate/Database/Query/Builder.php:3853
/home/user/cmis.marketing.limited/vendor/laravel/framework/src/Illuminate/Database/Eloquent/Builder.php:2235
/home/user/cmis.marketing.limited/vendor/laravel/framework/src/Illuminate/Database/Eloquent/Model.php:1436
/home/user/cmis.marketing.limited/vendor/laravel/framework/src/Illuminate/Database/Eloquent/Model.php:1401
/home/user/cmis.marketing.limited/vendor/laravel/framework/src/Illuminate/Database/Eloquent/Model.php:1240
/home/user/cmis.marketing.limited/vendor/laravel/framework/src/Illuminate/Database/Eloquent/Relations/HasOneOrMany.php:370
/home/user/cmis.marketing.limited/vendor/laravel/framework/src/Illuminate/Support/helpers.php:390
/home/user/cmis.marketing.limited/vendor/laravel/framework/src/Illuminate/Database/Eloquent/Relations/HasOneOrMany.php:367
/home/user/cmis.marketing.limited/vendor/laravel/sanctum/src/HasApiTokens.php:64
/home/user/cmis.marketing.limited/tests/Feature/Auth/AuthTest.php:246</error>
        </testcase>
        <testcase name="test_password_is_hashed_during_registration" file="/home/user/cmis.marketing.limited/tests/Feature/Auth/AuthTest.php" line="359" class="Tests\Feature\Auth\AuthTest" classname="Tests.Feature.Auth.AuthTest" assertions="1" time="0.065325">
          <failure type="PHPUnit\Framework\ExpectationFailedException">Tests\Feature\Auth\AuthTest::test_password_is_hashed_during_registration
Expected response status code [201] but received 500.
Failed asserting that 500 is identical to 201.

/home/user/cmis.marketing.limited/vendor/laravel/framework/src/Illuminate/Testing/TestResponseAssert.php:45
/home/user/cmis.marketing.limited/vendor/laravel/framework/src/Illuminate/Testing/TestResponse.php:174
/home/user/cmis.marketing.limited/tests/Feature/Auth/AuthTest.php:370</failure>
        </testcase>
        <testcase name="test_registration_with_org_creates_organization" file="/home/user/cmis.marketing.limited/tests/Feature/Auth/AuthTest.php" line="164" class="Tests\Feature\Auth\AuthTest" classname="Tests.Feature.Auth.AuthTest" assertions="1" time="0.067051">
          <failure type="PHPUnit\Framework\ExpectationFailedException">Tests\Feature\Auth\AuthTest::test_registration_with_org_creates_organization
Expected response status code [201] but received 500.
Failed asserting that 500 is identical to 201.

/home/user/cmis.marketing.limited/vendor/laravel/framework/src/Illuminate/Testing/TestResponseAssert.php:45
/home/user/cmis.marketing.limited/vendor/laravel/framework/src/Illuminate/Testing/TestResponse.php:174
/home/user/cmis.marketing.limited/tests/Feature/Auth/AuthTest.php:174</failure>
        </testcase>
      </testsuite>
      <testsuite name="Tests\Feature\API\PublishingAPITest" file="/home/user/cmis.marketing.limited/tests/Feature/API/PublishingAPITest.php" tests="11" assertions="0" errors="11" failures="0" skipped="0" time="3.788527">
        <testcase name="it_can_get_publishing_history" file="/home/user/cmis.marketing.limited/tests/Feature/API/PublishingAPITest.php" line="306" class="Tests\Feature\API\PublishingAPITest" classname="Tests.Feature.API.PublishingAPITest" assertions="0" time="0.389829">
          <error type="Error">Tests\Feature\API\PublishingAPITest::it_can_get_publishing_history
Error: Call to undefined method Tests\Feature\API\PublishingAPITest::createTestContent()

/home/user/cmis.marketing.limited/tests/Feature/API/PublishingAPITest.php:314</error>
        </testcase>
        <testcase name="it_can_schedule_instagram_post" file="/home/user/cmis.marketing.limited/tests/Feature/API/PublishingAPITest.php" line="29" class="Tests\Feature\API\PublishingAPITest" classname="Tests.Feature.API.PublishingAPITest" assertions="0" time="0.318373">
          <error type="Error">Tests\Feature\API\PublishingAPITest::it_can_schedule_instagram_post
Error: Call to undefined method Tests\Feature\API\PublishingAPITest::createTestContent()

/home/user/cmis.marketing.limited/tests/Feature/API/PublishingAPITest.php:36</error>
        </testcase>
        <testcase name="it_can_bulk_schedule_posts" file="/home/user/cmis.marketing.limited/tests/Feature/API/PublishingAPITest.php" line="271" class="Tests\Feature\API\PublishingAPITest" classname="Tests.Feature.API.PublishingAPITest" assertions="0" time="0.310014">
          <error type="Error">Tests\Feature\API\PublishingAPITest::it_can_bulk_schedule_posts
Error: Call to undefined method Tests\Feature\API\PublishingAPITest::createTestContent()

/home/user/cmis.marketing.limited/tests/Feature/API/PublishingAPITest.php:279</error>
        </testcase>
        <testcase name="it_can_cancel_scheduled_post" file="/home/user/cmis.marketing.limited/tests/Feature/API/PublishingAPITest.php" line="129" class="Tests\Feature\API\PublishingAPITest" classname="Tests.Feature.API.PublishingAPITest" assertions="0" time="0.308678">
          <error type="Error">Tests\Feature\API\PublishingAPITest::it_can_cancel_scheduled_post
Error: Call to undefined method Tests\Feature\API\PublishingAPITest::createTestContent()

/home/user/cmis.marketing.limited/tests/Feature/API/PublishingAPITest.php:136</error>
        </testcase>
        <testcase name="it_can_schedule_multiple_platforms" file="/home/user/cmis.marketing.limited/tests/Feature/API/PublishingAPITest.php" line="97" class="Tests\Feature\API\PublishingAPITest" classname="Tests.Feature.API.PublishingAPITest" assertions="0" time="0.308965">
          <error type="Error">Tests\Feature\API\PublishingAPITest::it_can_schedule_multiple_platforms
Error: Call to undefined method Tests\Feature\API\PublishingAPITest::createTestContent()

/home/user/cmis.marketing.limited/tests/Feature/API/PublishingAPITest.php:104</error>
        </testcase>
        <testcase name="it_validates_scheduling_time" file="/home/user/cmis.marketing.limited/tests/Feature/API/PublishingAPITest.php" line="218" class="Tests\Feature\API\PublishingAPITest" classname="Tests.Feature.API.PublishingAPITest" assertions="0" time="0.380100">
          <error type="Error">Tests\Feature\API\PublishingAPITest::it_validates_scheduling_time
Error: Call to undefined method Tests\Feature\API\PublishingAPITest::createTestContent()

/home/user/cmis.marketing.limited/tests/Feature/API/PublishingAPITest.php:225</error>
        </testcase>
        <testcase name="it_can_retry_failed_publishing" file="/home/user/cmis.marketing.limited/tests/Feature/API/PublishingAPITest.php" line="190" class="Tests\Feature\API\PublishingAPITest" classname="Tests.Feature.API.PublishingAPITest" assertions="0" time="0.304670">
          <error type="Error">Tests\Feature\API\PublishingAPITest::it_can_retry_failed_publishing
Error: Call to undefined method Tests\Feature\API\PublishingAPITest::createTestContent()

/home/user/cmis.marketing.limited/tests/Feature/API/PublishingAPITest.php:197</error>
        </testcase>
        <testcase name="it_respects_org_isolation" file="/home/user/cmis.marketing.limited/tests/Feature/API/PublishingAPITest.php" line="246" class="Tests\Feature\API\PublishingAPITest" classname="Tests.Feature.API.PublishingAPITest" assertions="0" time="0.538723">
          <error type="Error">Tests\Feature\API\PublishingAPITest::it_respects_org_isolation
Error: Call to undefined method Tests\Feature\API\PublishingAPITest::createTestContent()

/home/user/cmis.marketing.limited/tests/Feature/API/PublishingAPITest.php:252</error>
        </testcase>
        <testcase name="it_can_preview_post_before_publishing" file="/home/user/cmis.marketing.limited/tests/Feature/API/PublishingAPITest.php" line="341" class="Tests\Feature\API\PublishingAPITest" classname="Tests.Feature.API.PublishingAPITest" assertions="0" time="0.307856">
          <error type="Error">Tests\Feature\API\PublishingAPITest::it_can_preview_post_before_publishing
Error: Call to undefined method Tests\Feature\API\PublishingAPITest::createTestContent()

/home/user/cmis.marketing.limited/tests/Feature/API/PublishingAPITest.php:348</error>
        </testcase>
        <testcase name="it_can_get_publishing_queue" file="/home/user/cmis.marketing.limited/tests/Feature/API/PublishingAPITest.php" line="155" class="Tests\Feature\API\PublishingAPITest" classname="Tests.Feature.API.PublishingAPITest" assertions="0" time="0.313500">
          <error type="Error">Tests\Feature\API\PublishingAPITest::it_can_get_publishing_queue
Error: Call to undefined method Tests\Feature\API\PublishingAPITest::createTestContent()

/home/user/cmis.marketing.limited/tests/Feature/API/PublishingAPITest.php:163</error>
        </testcase>
        <testcase name="it_can_publish_immediately_to_facebook" file="/home/user/cmis.marketing.limited/tests/Feature/API/PublishingAPITest.php" line="61" class="Tests\Feature\API\PublishingAPITest" classname="Tests.Feature.API.PublishingAPITest" assertions="0" time="0.307818">
          <error type="Error">Tests\Feature\API\PublishingAPITest::it_can_publish_immediately_to_facebook
Error: Call to undefined method Tests\Feature\API\PublishingAPITest::createTestContent()

/home/user/cmis.marketing.limited/tests/Feature/API/PublishingAPITest.php:68</error>
        </testcase>
      </testsuite>
      <testsuite name="Tests\Feature\Controllers\CampaignControllerTest" file="/home/user/cmis.marketing.limited/tests/Feature/Controllers/CampaignControllerTest.php" tests="12" assertions="12" errors="0" failures="12" skipped="0" time="4.143830">
        <testcase name="it_requires_authentication" file="/home/user/cmis.marketing.limited/tests/Feature/Controllers/CampaignControllerTest.php" line="267" class="Tests\Feature\Controllers\CampaignControllerTest" classname="Tests.Feature.Controllers.CampaignControllerTest" assertions="1" time="0.141346">
          <failure type="PHPUnit\Framework\ExpectationFailedException">Tests\Feature\Controllers\CampaignControllerTest::it_requires_authentication
Expected response status code [401] but received 404.
Failed asserting that 404 is identical to 401.

/home/user/cmis.marketing.limited/vendor/laravel/framework/src/Illuminate/Testing/TestResponseAssert.php:45
/home/user/cmis.marketing.limited/vendor/laravel/framework/src/Illuminate/Testing/TestResponse.php:174
/home/user/cmis.marketing.limited/tests/Feature/Controllers/CampaignControllerTest.php:271</failure>
        </testcase>
        <testcase name="it_can_get_campaign_analytics" file="/home/user/cmis.marketing.limited/tests/Feature/Controllers/CampaignControllerTest.php" line="219" class="Tests\Feature\Controllers\CampaignControllerTest" classname="Tests.Feature.Controllers.CampaignControllerTest" assertions="1" time="0.362475">
          <failure type="PHPUnit\Framework\ExpectationFailedException">Tests\Feature\Controllers\CampaignControllerTest::it_can_get_campaign_analytics
Expected response status code [200] but received 404.
Failed asserting that 404 is identical to 200.

/home/user/cmis.marketing.limited/vendor/laravel/framework/src/Illuminate/Testing/TestResponseAssert.php:45
/home/user/cmis.marketing.limited/vendor/laravel/framework/src/Illuminate/Testing/TestResponse.php:174
/home/user/cmis.marketing.limited/tests/Feature/Controllers/CampaignControllerTest.php:231</failure>
        </testcase>
        <testcase name="it_can_get_single_campaign" file="/home/user/cmis.marketing.limited/tests/Feature/Controllers/CampaignControllerTest.php" line="72" class="Tests\Feature\Controllers\CampaignControllerTest" classname="Tests.Feature.Controllers.CampaignControllerTest" assertions="1" time="0.308985">
          <failure type="PHPUnit\Framework\ExpectationFailedException">Tests\Feature\Controllers\CampaignControllerTest::it_can_get_single_campaign
Expected response status code [200] but received 404.
Failed asserting that 404 is identical to 200.

/home/user/cmis.marketing.limited/vendor/laravel/framework/src/Illuminate/Testing/TestResponseAssert.php:45
/home/user/cmis.marketing.limited/vendor/laravel/framework/src/Illuminate/Testing/TestResponse.php:174
/home/user/cmis.marketing.limited/tests/Feature/Controllers/CampaignControllerTest.php:86</failure>
        </testcase>
        <testcase name="it_respects_org_isolation" file="/home/user/cmis.marketing.limited/tests/Feature/Controllers/CampaignControllerTest.php" line="247" class="Tests\Feature\Controllers\CampaignControllerTest" classname="Tests.Feature.Controllers.CampaignControllerTest" assertions="1" time="0.606283">
          <failure type="PHPUnit\Framework\ExpectationFailedException">Tests\Feature\Controllers\CampaignControllerTest::it_respects_org_isolation
Expected response status code [403] but received 404.
Failed asserting that 404 is identical to 403.

/home/user/cmis.marketing.limited/vendor/laravel/framework/src/Illuminate/Testing/TestResponseAssert.php:45
/home/user/cmis.marketing.limited/vendor/laravel/framework/src/Illuminate/Testing/TestResponse.php:174
/home/user/cmis.marketing.limited/tests/Feature/Controllers/CampaignControllerTest.php:258</failure>
        </testcase>
        <testcase name="it_validates_required_fields" file="/home/user/cmis.marketing.limited/tests/Feature/Controllers/CampaignControllerTest.php" line="150" class="Tests\Feature\Controllers\CampaignControllerTest" classname="Tests.Feature.Controllers.CampaignControllerTest" assertions="1" time="0.306293">
          <failure type="PHPUnit\Framework\ExpectationFailedException">Tests\Feature\Controllers\CampaignControllerTest::it_validates_required_fields
Expected response status code [422] but received 404.
Failed asserting that 404 is identical to 422.

/home/user/cmis.marketing.limited/vendor/laravel/framework/src/Illuminate/Testing/TestResponseAssert.php:45
/home/user/cmis.marketing.limited/vendor/laravel/framework/src/Illuminate/Testing/TestResponse.php:174
/home/user/cmis.marketing.limited/tests/Feature/Controllers/CampaignControllerTest.php:161</failure>
        </testcase>
        <testcase name="it_can_create_campaign" file="/home/user/cmis.marketing.limited/tests/Feature/Controllers/CampaignControllerTest.php" line="47" class="Tests\Feature\Controllers\CampaignControllerTest" classname="Tests.Feature.Controllers.CampaignControllerTest" assertions="1" time="0.372302">
          <failure type="PHPUnit\Framework\ExpectationFailedException">Tests\Feature\Controllers\CampaignControllerTest::it_can_create_campaign
Expected response status code [201] but received 404.
Failed asserting that 404 is identical to 201.

/home/user/cmis.marketing.limited/vendor/laravel/framework/src/Illuminate/Testing/TestResponseAssert.php:45
/home/user/cmis.marketing.limited/vendor/laravel/framework/src/Illuminate/Testing/TestResponse.php:174
/home/user/cmis.marketing.limited/tests/Feature/Controllers/CampaignControllerTest.php:62</failure>
        </testcase>
        <testcase name="it_can_filter_campaigns_by_status" file="/home/user/cmis.marketing.limited/tests/Feature/Controllers/CampaignControllerTest.php" line="171" class="Tests\Feature\Controllers\CampaignControllerTest" classname="Tests.Feature.Controllers.CampaignControllerTest" assertions="1" time="0.310547">
          <failure type="PHPUnit\Framework\ExpectationFailedException">Tests\Feature\Controllers\CampaignControllerTest::it_can_filter_campaigns_by_status
Expected response status code [200] but received 404.
Failed asserting that 404 is identical to 200.

/home/user/cmis.marketing.limited/vendor/laravel/framework/src/Illuminate/Testing/TestResponseAssert.php:45
/home/user/cmis.marketing.limited/vendor/laravel/framework/src/Illuminate/Testing/TestResponse.php:174
/home/user/cmis.marketing.limited/tests/Feature/Controllers/CampaignControllerTest.php:185</failure>
        </testcase>
        <testcase name="it_can_delete_campaign" file="/home/user/cmis.marketing.limited/tests/Feature/Controllers/CampaignControllerTest.php" line="125" class="Tests\Feature\Controllers\CampaignControllerTest" classname="Tests.Feature.Controllers.CampaignControllerTest" assertions="1" time="0.373232">
          <failure type="PHPUnit\Framework\ExpectationFailedException">Tests\Feature\Controllers\CampaignControllerTest::it_can_delete_campaign
Expected response status code [200] but received 404.
Failed asserting that 404 is identical to 200.

/home/user/cmis.marketing.limited/vendor/laravel/framework/src/Illuminate/Testing/TestResponseAssert.php:45
/home/user/cmis.marketing.limited/vendor/laravel/framework/src/Illuminate/Testing/TestResponse.php:174
/home/user/cmis.marketing.limited/tests/Feature/Controllers/CampaignControllerTest.php:137</failure>
        </testcase>
        <testcase name="it_can_update_campaign" file="/home/user/cmis.marketing.limited/tests/Feature/Controllers/CampaignControllerTest.php" line="96" class="Tests\Feature\Controllers\CampaignControllerTest" classname="Tests.Feature.Controllers.CampaignControllerTest" assertions="1" time="0.378052">
          <failure type="PHPUnit\Framework\ExpectationFailedException">Tests\Feature\Controllers\CampaignControllerTest::it_can_update_campaign
Expected response status code [200] but received 404.
Failed asserting that 404 is identical to 200.

/home/user/cmis.marketing.limited/vendor/laravel/framework/src/Illuminate/Testing/TestResponseAssert.php:45
/home/user/cmis.marketing.limited/vendor/laravel/framework/src/Illuminate/Testing/TestResponse.php:174
/home/user/cmis.marketing.limited/tests/Feature/Controllers/CampaignControllerTest.php:114</failure>
        </testcase>
        <testcase name="it_can_list_all_campaigns" file="/home/user/cmis.marketing.limited/tests/Feature/Controllers/CampaignControllerTest.php" line="24" class="Tests\Feature\Controllers\CampaignControllerTest" classname="Tests.Feature.Controllers.CampaignControllerTest" assertions="1" time="0.308237">
          <failure type="PHPUnit\Framework\ExpectationFailedException">Tests\Feature\Controllers\CampaignControllerTest::it_can_list_all_campaigns
Expected response status code [200] but received 404.
Failed asserting that 404 is identical to 200.

/home/user/cmis.marketing.limited/vendor/laravel/framework/src/Illuminate/Testing/TestResponseAssert.php:45
/home/user/cmis.marketing.limited/vendor/laravel/framework/src/Illuminate/Testing/TestResponse.php:174
/home/user/cmis.marketing.limited/tests/Feature/Controllers/CampaignControllerTest.php:37</failure>
        </testcase>
        <testcase name="it_can_duplicate_campaign" file="/home/user/cmis.marketing.limited/tests/Feature/Controllers/CampaignControllerTest.php" line="280" class="Tests\Feature\Controllers\CampaignControllerTest" classname="Tests.Feature.Controllers.CampaignControllerTest" assertions="1" time="0.365430">
          <failure type="PHPUnit\Framework\ExpectationFailedException">Tests\Feature\Controllers\CampaignControllerTest::it_can_duplicate_campaign
Expected response status code [201] but received 404.
Failed asserting that 404 is identical to 201.

/home/user/cmis.marketing.limited/vendor/laravel/framework/src/Illuminate/Testing/TestResponseAssert.php:45
/home/user/cmis.marketing.limited/vendor/laravel/framework/src/Illuminate/Testing/TestResponse.php:174
/home/user/cmis.marketing.limited/tests/Feature/Controllers/CampaignControllerTest.php:294</failure>
        </testcase>
        <testcase name="it_can_search_campaigns" file="/home/user/cmis.marketing.limited/tests/Feature/Controllers/CampaignControllerTest.php" line="195" class="Tests\Feature\Controllers\CampaignControllerTest" classname="Tests.Feature.Controllers.CampaignControllerTest" assertions="1" time="0.310648">
          <failure type="PHPUnit\Framework\ExpectationFailedException">Tests\Feature\Controllers\CampaignControllerTest::it_can_search_campaigns
Expected response status code [200] but received 404.
Failed asserting that 404 is identical to 200.

/home/user/cmis.marketing.limited/vendor/laravel/framework/src/Illuminate/Testing/TestResponseAssert.php:45
/home/user/cmis.marketing.limited/vendor/laravel/framework/src/Illuminate/Testing/TestResponse.php:174
/home/user/cmis.marketing.limited/tests/Feature/Controllers/CampaignControllerTest.php:209</failure>
        </testcase>
      </testsuite>
      <testsuite name="Tests\Feature\Core\OrgMarketControllerTest" file="/home/user/cmis.marketing.limited/tests/Feature/Core/OrgMarketControllerTest.php" tests="14" assertions="0" errors="14" failures="0" skipped="0" time="0.000000">
        <testcase name="it_cannot_access_markets_from_different_org" file="/home/user/cmis.marketing.limited/tests/Feature/Core/OrgMarketControllerTest.php" line="328" class="Tests\Feature\Core\OrgMarketControllerTest" classname="Tests.Feature.Core.OrgMarketControllerTest" assertions="0" time="0.000000">
          <error type="Error">Tests\Feature\Core\OrgMarketControllerTest::it_cannot_access_markets_from_different_org
Error: Class "Database\Factories\Market\MarketFactory" not found

/home/user/cmis.marketing.limited/vendor/laravel/framework/src/Illuminate/Database/Eloquent/Factories/Factory.php:947
/home/user/cmis.marketing.limited/vendor/laravel/framework/src/Illuminate/Database/Eloquent/Factories/HasFactory.php:21
/home/user/cmis.marketing.limited/tests/Feature/Core/OrgMarketControllerTest.php:35</error>
        </testcase>
        <testcase name="it_requires_authentication" file="/home/user/cmis.marketing.limited/tests/Feature/Core/OrgMarketControllerTest.php" line="318" class="Tests\Feature\Core\OrgMarketControllerTest" classname="Tests.Feature.Core.OrgMarketControllerTest" assertions="0" time="0.000000">
          <error type="Error">Tests\Feature\Core\OrgMarketControllerTest::it_requires_authentication
Error: Class "Database\Factories\Market\MarketFactory" not found

/home/user/cmis.marketing.limited/vendor/laravel/framework/src/Illuminate/Database/Eloquent/Factories/Factory.php:947
/home/user/cmis.marketing.limited/vendor/laravel/framework/src/Illuminate/Database/Eloquent/Factories/HasFactory.php:21
/home/user/cmis.marketing.limited/tests/Feature/Core/OrgMarketControllerTest.php:35</error>
        </testcase>
        <testcase name="it_validates_required_fields_when_adding_market" file="/home/user/cmis.marketing.limited/tests/Feature/Core/OrgMarketControllerTest.php" line="117" class="Tests\Feature\Core\OrgMarketControllerTest" classname="Tests.Feature.Core.OrgMarketControllerTest" assertions="0" time="0.000000">
          <error type="Error">Tests\Feature\Core\OrgMarketControllerTest::it_validates_required_fields_when_adding_market
Error: Class "Database\Factories\Market\MarketFactory" not found

/home/user/cmis.marketing.limited/vendor/laravel/framework/src/Illuminate/Database/Eloquent/Factories/Factory.php:947
/home/user/cmis.marketing.limited/vendor/laravel/framework/src/Illuminate/Database/Eloquent/Factories/HasFactory.php:21
/home/user/cmis.marketing.limited/tests/Feature/Core/OrgMarketControllerTest.php:35</error>
        </testcase>
        <testcase name="it_can_remove_market_from_organization" file="/home/user/cmis.marketing.limited/tests/Feature/Core/OrgMarketControllerTest.php" line="199" class="Tests\Feature\Core\OrgMarketControllerTest" classname="Tests.Feature.Core.OrgMarketControllerTest" assertions="0" time="0.000000">
          <error type="Error">Tests\Feature\Core\OrgMarketControllerTest::it_can_remove_market_from_organization
Error: Class "Database\Factories\Market\MarketFactory" not found

/home/user/cmis.marketing.limited/vendor/laravel/framework/src/Illuminate/Database/Eloquent/Factories/Factory.php:947
/home/user/cmis.marketing.limited/vendor/laravel/framework/src/Illuminate/Database/Eloquent/Factories/HasFactory.php:21
/home/user/cmis.marketing.limited/tests/Feature/Core/OrgMarketControllerTest.php:35</error>
        </testcase>
        <testcase name="it_can_list_organization_markets" file="/home/user/cmis.marketing.limited/tests/Feature/Core/OrgMarketControllerTest.php" line="42" class="Tests\Feature\Core\OrgMarketControllerTest" classname="Tests.Feature.Core.OrgMarketControllerTest" assertions="0" time="0.000000">
          <error type="Error">Tests\Feature\Core\OrgMarketControllerTest::it_can_list_organization_markets
Error: Class "Database\Factories\Market\MarketFactory" not found

/home/user/cmis.marketing.limited/vendor/laravel/framework/src/Illuminate/Database/Eloquent/Factories/Factory.php:947
/home/user/cmis.marketing.limited/vendor/laravel/framework/src/Illuminate/Database/Eloquent/Factories/HasFactory.php:21
/home/user/cmis.marketing.limited/tests/Feature/Core/OrgMarketControllerTest.php:35</error>
        </testcase>
        <testcase name="it_validates_priority_level_range" file="/home/user/cmis.marketing.limited/tests/Feature/Core/OrgMarketControllerTest.php" line="305" class="Tests\Feature\Core\OrgMarketControllerTest" classname="Tests.Feature.Core.OrgMarketControllerTest" assertions="0" time="0.000000">
          <error type="Error">Tests\Feature\Core\OrgMarketControllerTest::it_validates_priority_level_range
Error: Class "Database\Factories\Market\MarketFactory" not found

/home/user/cmis.marketing.limited/vendor/laravel/framework/src/Illuminate/Database/Eloquent/Factories/Factory.php:947
/home/user/cmis.marketing.limited/vendor/laravel/framework/src/Illuminate/Database/Eloquent/Factories/HasFactory.php:21
/home/user/cmis.marketing.limited/tests/Feature/Core/OrgMarketControllerTest.php:35</error>
        </testcase>
        <testcase name="it_can_get_organization_market_stats" file="/home/user/cmis.marketing.limited/tests/Feature/Core/OrgMarketControllerTest.php" line="243" class="Tests\Feature\Core\OrgMarketControllerTest" classname="Tests.Feature.Core.OrgMarketControllerTest" assertions="0" time="0.000000">
          <error type="Error">Tests\Feature\Core\OrgMarketControllerTest::it_can_get_organization_market_stats
Error: Class "Database\Factories\Market\MarketFactory" not found

/home/user/cmis.marketing.limited/vendor/laravel/framework/src/Illuminate/Database/Eloquent/Factories/Factory.php:947
/home/user/cmis.marketing.limited/vendor/laravel/framework/src/Illuminate/Database/Eloquent/Factories/HasFactory.php:21
/home/user/cmis.marketing.limited/tests/Feature/Core/OrgMarketControllerTest.php:35</error>
        </testcase>
        <testcase name="it_can_add_market_to_organization" file="/home/user/cmis.marketing.limited/tests/Feature/Core/OrgMarketControllerTest.php" line="83" class="Tests\Feature\Core\OrgMarketControllerTest" classname="Tests.Feature.Core.OrgMarketControllerTest" assertions="0" time="0.000000">
          <error type="Error">Tests\Feature\Core\OrgMarketControllerTest::it_can_add_market_to_organization
Error: Class "Database\Factories\Market\MarketFactory" not found

/home/user/cmis.marketing.limited/vendor/laravel/framework/src/Illuminate/Database/Eloquent/Factories/Factory.php:947
/home/user/cmis.marketing.limited/vendor/laravel/framework/src/Illuminate/Database/Eloquent/Factories/HasFactory.php:21
/home/user/cmis.marketing.limited/tests/Feature/Core/OrgMarketControllerTest.php:35</error>
        </testcase>
        <testcase name="it_prevents_duplicate_markets" file="/home/user/cmis.marketing.limited/tests/Feature/Core/OrgMarketControllerTest.php" line="126" class="Tests\Feature\Core\OrgMarketControllerTest" classname="Tests.Feature.Core.OrgMarketControllerTest" assertions="0" time="0.000000">
          <error type="Error">Tests\Feature\Core\OrgMarketControllerTest::it_prevents_duplicate_markets
Error: Class "Database\Factories\Market\MarketFactory" not found

/home/user/cmis.marketing.limited/vendor/laravel/framework/src/Illuminate/Database/Eloquent/Factories/Factory.php:947
/home/user/cmis.marketing.limited/vendor/laravel/framework/src/Illuminate/Database/Eloquent/Factories/HasFactory.php:21
/home/user/cmis.marketing.limited/tests/Feature/Core/OrgMarketControllerTest.php:35</error>
        </testcase>
        <testcase name="it_can_show_organization_market" file="/home/user/cmis.marketing.limited/tests/Feature/Core/OrgMarketControllerTest.php" line="147" class="Tests\Feature\Core\OrgMarketControllerTest" classname="Tests.Feature.Core.OrgMarketControllerTest" assertions="0" time="0.000000">
          <error type="Error">Tests\Feature\Core\OrgMarketControllerTest::it_can_show_organization_market
Error: Class "Database\Factories\Market\MarketFactory" not found

/home/user/cmis.marketing.limited/vendor/laravel/framework/src/Illuminate/Database/Eloquent/Factories/Factory.php:947
/home/user/cmis.marketing.limited/vendor/laravel/framework/src/Illuminate/Database/Eloquent/Factories/HasFactory.php:21
/home/user/cmis.marketing.limited/tests/Feature/Core/OrgMarketControllerTest.php:35</error>
        </testcase>
        <testcase name="it_can_list_available_markets" file="/home/user/cmis.marketing.limited/tests/Feature/Core/OrgMarketControllerTest.php" line="218" class="Tests\Feature\Core\OrgMarketControllerTest" classname="Tests.Feature.Core.OrgMarketControllerTest" assertions="0" time="0.000000">
          <error type="Error">Tests\Feature\Core\OrgMarketControllerTest::it_can_list_available_markets
Error: Class "Database\Factories\Market\MarketFactory" not found

/home/user/cmis.marketing.limited/vendor/laravel/framework/src/Illuminate/Database/Eloquent/Factories/Factory.php:947
/home/user/cmis.marketing.limited/vendor/laravel/framework/src/Illuminate/Database/Eloquent/Factories/HasFactory.php:21
/home/user/cmis.marketing.limited/tests/Feature/Core/OrgMarketControllerTest.php:35</error>
        </testcase>
        <testcase name="it_can_filter_markets_by_status" file="/home/user/cmis.marketing.limited/tests/Feature/Core/OrgMarketControllerTest.php" line="64" class="Tests\Feature\Core\OrgMarketControllerTest" classname="Tests.Feature.Core.OrgMarketControllerTest" assertions="0" time="0.000000">
          <error type="Error">Tests\Feature\Core\OrgMarketControllerTest::it_can_filter_markets_by_status
Error: Class "Database\Factories\Market\MarketFactory" not found

/home/user/cmis.marketing.limited/vendor/laravel/framework/src/Illuminate/Database/Eloquent/Factories/Factory.php:947
/home/user/cmis.marketing.limited/vendor/laravel/framework/src/Illuminate/Database/Eloquent/Factories/HasFactory.php:21
/home/user/cmis.marketing.limited/tests/Feature/Core/OrgMarketControllerTest.php:35</error>
        </testcase>
        <testcase name="it_can_update_organization_market" file="/home/user/cmis.marketing.limited/tests/Feature/Core/OrgMarketControllerTest.php" line="167" class="Tests\Feature\Core\OrgMarketControllerTest" classname="Tests.Feature.Core.OrgMarketControllerTest" assertions="0" time="0.000000">
          <error type="Error">Tests\Feature\Core\OrgMarketControllerTest::it_can_update_organization_market
Error: Class "Database\Factories\Market\MarketFactory" not found

/home/user/cmis.marketing.limited/vendor/laravel/framework/src/Illuminate/Database/Eloquent/Factories/Factory.php:947
/home/user/cmis.marketing.limited/vendor/laravel/framework/src/Illuminate/Database/Eloquent/Factories/HasFactory.php:21
/home/user/cmis.marketing.limited/tests/Feature/Core/OrgMarketControllerTest.php:35</error>
        </testcase>
        <testcase name="it_can_calculate_roi" file="/home/user/cmis.marketing.limited/tests/Feature/Core/OrgMarketControllerTest.php" line="277" class="Tests\Feature\Core\OrgMarketControllerTest" classname="Tests.Feature.Core.OrgMarketControllerTest" assertions="0" time="0.000000">
          <error type="Error">Tests\Feature\Core\OrgMarketControllerTest::it_can_calculate_roi
Error: Class "Database\Factories\Market\MarketFactory" not found

/home/user/cmis.marketing.limited/vendor/laravel/framework/src/Illuminate/Database/Eloquent/Factories/Factory.php:947
/home/user/cmis.marketing.limited/vendor/laravel/framework/src/Illuminate/Database/Eloquent/Factories/HasFactory.php:21
/home/user/cmis.marketing.limited/tests/Feature/Core/OrgMarketControllerTest.php:35</error>
        </testcase>
      </testsuite>
      <testsuite name="Tests\Feature\API\WebhookAPITest" file="/home/user/cmis.marketing.limited/tests/Feature/API/WebhookAPITest.php" tests="10" assertions="3" errors="7" failures="3" skipped="0" time="2.507566">
        <testcase name="it_receives_whatsapp_status_update_webhook" file="/home/user/cmis.marketing.limited/tests/Feature/API/WebhookAPITest.php" line="173" class="Tests\Feature\API\WebhookAPITest" classname="Tests.Feature.API.WebhookAPITest" assertions="0" time="0.310927">
          <error type="Illuminate\Database\Eloquent\InvalidCastException">Tests\Feature\API\WebhookAPITest::it_receives_whatsapp_status_update_webhook
Illuminate\Database\Eloquent\InvalidCastException: Call to undefined cast [Illuminate\Database\Eloquent\Casts\Encrypted] on column [access_token] in model [App\Models\Core\Integration].

/home/user/cmis.marketing.limited/vendor/laravel/framework/src/Illuminate/Database/Eloquent/Concerns/HasAttributes.php:1768
/home/user/cmis.marketing.limited/vendor/laravel/framework/src/Illuminate/Database/Eloquent/Concerns/HasAttributes.php:1084
/home/user/cmis.marketing.limited/vendor/laravel/framework/src/Illuminate/Database/Eloquent/Model.php:619
/home/user/cmis.marketing.limited/vendor/laravel/framework/src/Illuminate/Database/Eloquent/Model.php:713
/home/user/cmis.marketing.limited/vendor/laravel/framework/src/Illuminate/Database/Eloquent/Builder.php:1747
/home/user/cmis.marketing.limited/vendor/laravel/framework/src/Illuminate/Database/Eloquent/Builder.php:1218
/home/user/cmis.marketing.limited/vendor/laravel/framework/src/Illuminate/Support/Traits/ForwardsCalls.php:23
/home/user/cmis.marketing.limited/vendor/laravel/framework/src/Illuminate/Database/Eloquent/Model.php:2540
/home/user/cmis.marketing.limited/vendor/laravel/framework/src/Illuminate/Database/Eloquent/Model.php:2556
/home/user/cmis.marketing.limited/tests/Traits/CreatesTestData.php:105
/home/user/cmis.marketing.limited/tests/Feature/API/WebhookAPITest.php:178</error>
        </testcase>
        <testcase name="it_receives_instagram_message_webhook" file="/home/user/cmis.marketing.limited/tests/Feature/API/WebhookAPITest.php" line="37" class="Tests\Feature\API\WebhookAPITest" classname="Tests.Feature.API.WebhookAPITest" assertions="0" time="0.357766">
          <error type="Illuminate\Database\Eloquent\InvalidCastException">Tests\Feature\API\WebhookAPITest::it_receives_instagram_message_webhook
Illuminate\Database\Eloquent\InvalidCastException: Call to undefined cast [Illuminate\Database\Eloquent\Casts\Encrypted] on column [access_token] in model [App\Models\Core\Integration].

/home/user/cmis.marketing.limited/vendor/laravel/framework/src/Illuminate/Database/Eloquent/Concerns/HasAttributes.php:1768
/home/user/cmis.marketing.limited/vendor/laravel/framework/src/Illuminate/Database/Eloquent/Concerns/HasAttributes.php:1084
/home/user/cmis.marketing.limited/vendor/laravel/framework/src/Illuminate/Database/Eloquent/Model.php:619
/home/user/cmis.marketing.limited/vendor/laravel/framework/src/Illuminate/Database/Eloquent/Model.php:713
/home/user/cmis.marketing.limited/vendor/laravel/framework/src/Illuminate/Database/Eloquent/Builder.php:1747
/home/user/cmis.marketing.limited/vendor/laravel/framework/src/Illuminate/Database/Eloquent/Builder.php:1218
/home/user/cmis.marketing.limited/vendor/laravel/framework/src/Illuminate/Support/Traits/ForwardsCalls.php:23
/home/user/cmis.marketing.limited/vendor/laravel/framework/src/Illuminate/Database/Eloquent/Model.php:2540
/home/user/cmis.marketing.limited/vendor/laravel/framework/src/Illuminate/Database/Eloquent/Model.php:2556
/home/user/cmis.marketing.limited/tests/Traits/CreatesTestData.php:105
/home/user/cmis.marketing.limited/tests/Feature/API/WebhookAPITest.php:42</error>
        </testcase>
        <testcase name="it_receives_twitter_webhook" file="/home/user/cmis.marketing.limited/tests/Feature/API/WebhookAPITest.php" line="235" class="Tests\Feature\API\WebhookAPITest" classname="Tests.Feature.API.WebhookAPITest" assertions="0" time="0.301820">
          <error type="Illuminate\Database\Eloquent\InvalidCastException">Tests\Feature\API\WebhookAPITest::it_receives_twitter_webhook
Illuminate\Database\Eloquent\InvalidCastException: Call to undefined cast [Illuminate\Database\Eloquent\Casts\Encrypted] on column [access_token] in model [App\Models\Core\Integration].

/home/user/cmis.marketing.limited/vendor/laravel/framework/src/Illuminate/Database/Eloquent/Concerns/HasAttributes.php:1768
/home/user/cmis.marketing.limited/vendor/laravel/framework/src/Illuminate/Database/Eloquent/Concerns/HasAttributes.php:1084
/home/user/cmis.marketing.limited/vendor/laravel/framework/src/Illuminate/Database/Eloquent/Model.php:619
/home/user/cmis.marketing.limited/vendor/laravel/framework/src/Illuminate/Database/Eloquent/Model.php:713
/home/user/cmis.marketing.limited/vendor/laravel/framework/src/Illuminate/Database/Eloquent/Builder.php:1747
/home/user/cmis.marketing.limited/vendor/laravel/framework/src/Illuminate/Database/Eloquent/Builder.php:1218
/home/user/cmis.marketing.limited/vendor/laravel/framework/src/Illuminate/Support/Traits/ForwardsCalls.php:23
/home/user/cmis.marketing.limited/vendor/laravel/framework/src/Illuminate/Database/Eloquent/Model.php:2540
/home/user/cmis.marketing.limited/vendor/laravel/framework/src/Illuminate/Database/Eloquent/Model.php:2556
/home/user/cmis.marketing.limited/tests/Traits/CreatesTestData.php:105
/home/user/cmis.marketing.limited/tests/Feature/API/WebhookAPITest.php:240</error>
        </testcase>
        <testcase name="it_processes_webhooks_asynchronously" file="/home/user/cmis.marketing.limited/tests/Feature/API/WebhookAPITest.php" line="304" class="Tests\Feature\API\WebhookAPITest" classname="Tests.Feature.API.WebhookAPITest" assertions="0" time="0.304773">
          <error type="Illuminate\Database\Eloquent\InvalidCastException">Tests\Feature\API\WebhookAPITest::it_processes_webhooks_asynchronously
Illuminate\Database\Eloquent\InvalidCastException: Call to undefined cast [Illuminate\Database\Eloquent\Casts\Encrypted] on column [access_token] in model [App\Models\Core\Integration].

/home/user/cmis.marketing.limited/vendor/laravel/framework/src/Illuminate/Database/Eloquent/Concerns/HasAttributes.php:1768
/home/user/cmis.marketing.limited/vendor/laravel/framework/src/Illuminate/Database/Eloquent/Concerns/HasAttributes.php:1084
/home/user/cmis.marketing.limited/vendor/laravel/framework/src/Illuminate/Database/Eloquent/Model.php:619
/home/user/cmis.marketing.limited/vendor/laravel/framework/src/Illuminate/Database/Eloquent/Model.php:713
/home/user/cmis.marketing.limited/vendor/laravel/framework/src/Illuminate/Database/Eloquent/Builder.php:1747
/home/user/cmis.marketing.limited/vendor/laravel/framework/src/Illuminate/Database/Eloquent/Builder.php:1218
/home/user/cmis.marketing.limited/vendor/laravel/framework/src/Illuminate/Support/Traits/ForwardsCalls.php:23
/home/user/cmis.marketing.limited/vendor/laravel/framework/src/Illuminate/Database/Eloquent/Model.php:2540
/home/user/cmis.marketing.limited/vendor/laravel/framework/src/Illuminate/Database/Eloquent/Model.php:2556
/home/user/cmis.marketing.limited/tests/Traits/CreatesTestData.php:105
/home/user/cmis.marketing.limited/tests/Feature/API/WebhookAPITest.php:311</error>
        </testcase>
        <testcase name="it_handles_malformed_webhook_payloads_gracefully" file="/home/user/cmis.marketing.limited/tests/Feature/API/WebhookAPITest.php" line="340" class="Tests\Feature\API\WebhookAPITest" classname="Tests.Feature.API.WebhookAPITest" assertions="1" time="0.067997">
          <failure type="PHPUnit\Framework\ExpectationFailedException">Tests\Feature\API\WebhookAPITest::it_handles_malformed_webhook_payloads_gracefully
Failed asserting that an array contains 404.

/home/user/cmis.marketing.limited/tests/Feature/API/WebhookAPITest.php:349</failure>
        </testcase>
        <testcase name="it_receives_facebook_comment_webhook" file="/home/user/cmis.marketing.limited/tests/Feature/API/WebhookAPITest.php" line="77" class="Tests\Feature\API\WebhookAPITest" classname="Tests.Feature.API.WebhookAPITest" assertions="0" time="0.370447">
          <error type="Illuminate\Database\Eloquent\InvalidCastException">Tests\Feature\API\WebhookAPITest::it_receives_facebook_comment_webhook
Illuminate\Database\Eloquent\InvalidCastException: Call to undefined cast [Illuminate\Database\Eloquent\Casts\Encrypted] on column [access_token] in model [App\Models\Core\Integration].

/home/user/cmis.marketing.limited/vendor/laravel/framework/src/Illuminate/Database/Eloquent/Concerns/HasAttributes.php:1768
/home/user/cmis.marketing.limited/vendor/laravel/framework/src/Illuminate/Database/Eloquent/Concerns/HasAttributes.php:1084
/home/user/cmis.marketing.limited/vendor/laravel/framework/src/Illuminate/Database/Eloquent/Model.php:619
/home/user/cmis.marketing.limited/vendor/laravel/framework/src/Illuminate/Database/Eloquent/Model.php:713
/home/user/cmis.marketing.limited/vendor/laravel/framework/src/Illuminate/Database/Eloquent/Builder.php:1747
/home/user/cmis.marketing.limited/vendor/laravel/framework/src/Illuminate/Database/Eloquent/Builder.php:1218
/home/user/cmis.marketing.limited/vendor/laravel/framework/src/Illuminate/Support/Traits/ForwardsCalls.php:23
/home/user/cmis.marketing.limited/vendor/laravel/framework/src/Illuminate/Database/Eloquent/Model.php:2540
/home/user/cmis.marketing.limited/vendor/laravel/framework/src/Illuminate/Database/Eloquent/Model.php:2556
/home/user/cmis.marketing.limited/tests/Traits/CreatesTestData.php:105
/home/user/cmis.marketing.limited/tests/Feature/API/WebhookAPITest.php:82</error>
        </testcase>
        <testcase name="it_receives_tiktok_webhook" file="/home/user/cmis.marketing.limited/tests/Feature/API/WebhookAPITest.php" line="265" class="Tests\Feature\API\WebhookAPITest" classname="Tests.Feature.API.WebhookAPITest" assertions="0" time="0.300160">
          <error type="Illuminate\Database\Eloquent\InvalidCastException">Tests\Feature\API\WebhookAPITest::it_receives_tiktok_webhook
Illuminate\Database\Eloquent\InvalidCastException: Call to undefined cast [Illuminate\Database\Eloquent\Casts\Encrypted] on column [access_token] in model [App\Models\Core\Integration].

/home/user/cmis.marketing.limited/vendor/laravel/framework/src/Illuminate/Database/Eloquent/Concerns/HasAttributes.php:1768
/home/user/cmis.marketing.limited/vendor/laravel/framework/src/Illuminate/Database/Eloquent/Concerns/HasAttributes.php:1084
/home/user/cmis.marketing.limited/vendor/laravel/framework/src/Illuminate/Database/Eloquent/Model.php:619
/home/user/cmis.marketing.limited/vendor/laravel/framework/src/Illuminate/Database/Eloquent/Model.php:713
/home/user/cmis.marketing.limited/vendor/laravel/framework/src/Illuminate/Database/Eloquent/Builder.php:1747
/home/user/cmis.marketing.limited/vendor/laravel/framework/src/Illuminate/Database/Eloquent/Builder.php:1218
/home/user/cmis.marketing.limited/vendor/laravel/framework/src/Illuminate/Support/Traits/ForwardsCalls.php:23
/home/user/cmis.marketing.limited/vendor/laravel/framework/src/Illuminate/Database/Eloquent/Model.php:2540
/home/user/cmis.marketing.limited/vendor/laravel/framework/src/Illuminate/Database/Eloquent/Model.php:2556
/home/user/cmis.marketing.limited/tests/Traits/CreatesTestData.php:105
/home/user/cmis.marketing.limited/tests/Feature/API/WebhookAPITest.php:270</error>
        </testcase>
        <testcase name="it_receives_whatsapp_message_webhook" file="/home/user/cmis.marketing.limited/tests/Feature/API/WebhookAPITest.php" line="119" class="Tests\Feature\API\WebhookAPITest" classname="Tests.Feature.API.WebhookAPITest" assertions="0" time="0.301933">
          <error type="Illuminate\Database\Eloquent\InvalidCastException">Tests\Feature\API\WebhookAPITest::it_receives_whatsapp_message_webhook
Illuminate\Database\Eloquent\InvalidCastException: Call to undefined cast [Illuminate\Database\Eloquent\Casts\Encrypted] on column [access_token] in model [App\Models\Core\Integration].

/home/user/cmis.marketing.limited/vendor/laravel/framework/src/Illuminate/Database/Eloquent/Concerns/HasAttributes.php:1768
/home/user/cmis.marketing.limited/vendor/laravel/framework/src/Illuminate/Database/Eloquent/Concerns/HasAttributes.php:1084
/home/user/cmis.marketing.limited/vendor/laravel/framework/src/Illuminate/Database/Eloquent/Model.php:619
/home/user/cmis.marketing.limited/vendor/laravel/framework/src/Illuminate/Database/Eloquent/Model.php:713
/home/user/cmis.marketing.limited/vendor/laravel/framework/src/Illuminate/Database/Eloquent/Builder.php:1747
/home/user/cmis.marketing.limited/vendor/laravel/framework/src/Illuminate/Database/Eloquent/Builder.php:1218
/home/user/cmis.marketing.limited/vendor/laravel/framework/src/Illuminate/Support/Traits/ForwardsCalls.php:23
/home/user/cmis.marketing.limited/vendor/laravel/framework/src/Illuminate/Database/Eloquent/Model.php:2540
/home/user/cmis.marketing.limited/vendor/laravel/framework/src/Illuminate/Database/Eloquent/Model.php:2556
/home/user/cmis.marketing.limited/tests/Traits/CreatesTestData.php:105
/home/user/cmis.marketing.limited/tests/Feature/API/WebhookAPITest.php:124</error>
        </testcase>
        <testcase name="it_receives_facebook_webhook_verification" file="/home/user/cmis.marketing.limited/tests/Feature/API/WebhookAPITest.php" line="28" class="Tests\Feature\API\WebhookAPITest" classname="Tests.Feature.API.WebhookAPITest" assertions="1" time="0.123003">
          <failure type="PHPUnit\Framework\ExpectationFailedException">Tests\Feature\API\WebhookAPITest::it_receives_facebook_webhook_verification
Expected response status code [200] but received 404.
Failed asserting that 404 is identical to 200.

/home/user/cmis.marketing.limited/vendor/laravel/framework/src/Illuminate/Testing/TestResponseAssert.php:45
/home/user/cmis.marketing.limited/vendor/laravel/framework/src/Illuminate/Testing/TestResponse.php:174
/home/user/cmis.marketing.limited/tests/Feature/API/WebhookAPITest.php:32</failure>
        </testcase>
        <testcase name="it_validates_webhook_signatures" file="/home/user/cmis.marketing.limited/tests/Feature/API/WebhookAPITest.php" line="287" class="Tests\Feature\API\WebhookAPITest" classname="Tests.Feature.API.WebhookAPITest" assertions="1" time="0.068740">
          <failure type="PHPUnit\Framework\ExpectationFailedException">Tests\Feature\API\WebhookAPITest::it_validates_webhook_signatures
Failed asserting that false is true.

/home/user/cmis.marketing.limited/tests/Feature/API/WebhookAPITest.php:300</failure>
        </testcase>
      </testsuite>
      <testsuite name="Tests\Feature\AI\RateLimitTest" file="/home/user/cmis.marketing.limited/tests/Feature/AI/RateLimitTest.php" tests="10" assertions="1" errors="9" failures="1" skipped="0" time="0.779038">
        <testcase name="test_semantic_search_is_rate_limited" file="/home/user/cmis.marketing.limited/tests/Feature/AI/RateLimitTest.php" line="316" class="Tests\Feature\AI\RateLimitTest" classname="Tests.Feature.AI.RateLimitTest" assertions="0" time="0.067869">
          <error type="Illuminate\Database\QueryException">Tests\Feature\AI\RateLimitTest::test_semantic_search_is_rate_limited
Illuminate\Database\QueryException: SQLSTATE[42P01]: Undefined table: 7 ERROR:  relation "personal_access_tokens" does not exist
LINE 1: insert into "personal_access_tokens" ("name", "token", "abil...
                    ^ (Connection: pgsql, SQL: insert into "personal_access_tokens" ("name", "token", "abilities", "expires_at", "tokenable_id", "tokenable_type", "updated_at", "created_at") values (test-token, cc4656216ff7255cc31a0784cf515ce21cb188131aa204ad9744de57ae676e20, ["*"], ?, fbccdfaa-f6eb-46ed-94d2-3eee8fc7192d, App\Models\User, 2025-11-19 11:07:00, 2025-11-19 11:07:00) returning "id")

/home/user/cmis.marketing.limited/vendor/laravel/framework/src/Illuminate/Database/Connection.php:824
/home/user/cmis.marketing.limited/vendor/laravel/framework/src/Illuminate/Database/Connection.php:778
/home/user/cmis.marketing.limited/vendor/laravel/framework/src/Illuminate/Database/Connection.php:397
/home/user/cmis.marketing.limited/vendor/laravel/framework/src/Illuminate/Database/Connection.php:384
/home/user/cmis.marketing.limited/vendor/laravel/framework/src/Illuminate/Database/Query/Processors/PostgresProcessor.php:24
/home/user/cmis.marketing.limited/vendor/laravel/framework/src/Illuminate/Database/Query/Builder.php:3853
/home/user/cmis.marketing.limited/vendor/laravel/framework/src/Illuminate/Database/Eloquent/Builder.php:2235
/home/user/cmis.marketing.limited/vendor/laravel/framework/src/Illuminate/Database/Eloquent/Model.php:1436
/home/user/cmis.marketing.limited/vendor/laravel/framework/src/Illuminate/Database/Eloquent/Model.php:1401
/home/user/cmis.marketing.limited/vendor/laravel/framework/src/Illuminate/Database/Eloquent/Model.php:1240
/home/user/cmis.marketing.limited/vendor/laravel/framework/src/Illuminate/Database/Eloquent/Relations/HasOneOrMany.php:370
/home/user/cmis.marketing.limited/vendor/laravel/framework/src/Illuminate/Support/helpers.php:390
/home/user/cmis.marketing.limited/vendor/laravel/framework/src/Illuminate/Database/Eloquent/Relations/HasOneOrMany.php:367
/home/user/cmis.marketing.limited/vendor/laravel/sanctum/src/HasApiTokens.php:64
/home/user/cmis.marketing.limited/tests/Feature/AI/RateLimitTest.php:326</error>
        </testcase>
        <testcase name="test_retry_after_header_is_present_when_rate_limited" file="/home/user/cmis.marketing.limited/tests/Feature/AI/RateLimitTest.php" line="243" class="Tests\Feature\AI\RateLimitTest" classname="Tests.Feature.AI.RateLimitTest" assertions="0" time="0.111676">
          <error type="Illuminate\Database\QueryException">Tests\Feature\AI\RateLimitTest::test_retry_after_header_is_present_when_rate_limited
Illuminate\Database\QueryException: SQLSTATE[42P01]: Undefined table: 7 ERROR:  relation "personal_access_tokens" does not exist
LINE 1: insert into "personal_access_tokens" ("name", "token", "abil...
                    ^ (Connection: pgsql, SQL: insert into "personal_access_tokens" ("name", "token", "abilities", "expires_at", "tokenable_id", "tokenable_type", "updated_at", "created_at") values (test-token, b3ba53d4001742902e0da56b772c24ece91895c825adaeef22e4394380e8037e, ["*"], ?, 025b38b5-6fb6-4060-810f-c075f20f0f99, App\Models\User, 2025-11-19 11:07:00, 2025-11-19 11:07:00) returning "id")

/home/user/cmis.marketing.limited/vendor/laravel/framework/src/Illuminate/Database/Connection.php:824
/home/user/cmis.marketing.limited/vendor/laravel/framework/src/Illuminate/Database/Connection.php:778
/home/user/cmis.marketing.limited/vendor/laravel/framework/src/Illuminate/Database/Connection.php:397
/home/user/cmis.marketing.limited/vendor/laravel/framework/src/Illuminate/Database/Connection.php:384
/home/user/cmis.marketing.limited/vendor/laravel/framework/src/Illuminate/Database/Query/Processors/PostgresProcessor.php:24
/home/user/cmis.marketing.limited/vendor/laravel/framework/src/Illuminate/Database/Query/Builder.php:3853
/home/user/cmis.marketing.limited/vendor/laravel/framework/src/Illuminate/Database/Eloquent/Builder.php:2235
/home/user/cmis.marketing.limited/vendor/laravel/framework/src/Illuminate/Database/Eloquent/Model.php:1436
/home/user/cmis.marketing.limited/vendor/laravel/framework/src/Illuminate/Database/Eloquent/Model.php:1401
/home/user/cmis.marketing.limited/vendor/laravel/framework/src/Illuminate/Database/Eloquent/Model.php:1240
/home/user/cmis.marketing.limited/vendor/laravel/framework/src/Illuminate/Database/Eloquent/Relations/HasOneOrMany.php:370
/home/user/cmis.marketing.limited/vendor/laravel/framework/src/Illuminate/Support/helpers.php:390
/home/user/cmis.marketing.limited/vendor/laravel/framework/src/Illuminate/Database/Eloquent/Relations/HasOneOrMany.php:367
/home/user/cmis.marketing.limited/vendor/laravel/sanctum/src/HasApiTokens.php:64
/home/user/cmis.marketing.limited/tests/Feature/AI/RateLimitTest.php:253</error>
        </testcase>
        <testcase name="test_rate_limits_are_per_user" file="/home/user/cmis.marketing.limited/tests/Feature/AI/RateLimitTest.php" line="166" class="Tests\Feature\AI\RateLimitTest" classname="Tests.Feature.AI.RateLimitTest" assertions="0" time="0.068457">
          <error type="Illuminate\Database\QueryException">Tests\Feature\AI\RateLimitTest::test_rate_limits_are_per_user
Illuminate\Database\QueryException: SQLSTATE[42P01]: Undefined table: 7 ERROR:  relation "personal_access_tokens" does not exist
LINE 1: insert into "personal_access_tokens" ("name", "token", "abil...
                    ^ (Connection: pgsql, SQL: insert into "personal_access_tokens" ("name", "token", "abilities", "expires_at", "tokenable_id", "tokenable_type", "updated_at", "created_at") values (test-token, ac597c7e5c345b9e7c3f57c31e951776038bb73c2a4e2c8b163c522d6af26535, ["*"], ?, 395fafb8-5b2f-40e1-9a40-33b75a27f4d5, App\Models\User, 2025-11-19 11:07:00, 2025-11-19 11:07:00) returning "id")

/home/user/cmis.marketing.limited/vendor/laravel/framework/src/Illuminate/Database/Connection.php:824
/home/user/cmis.marketing.limited/vendor/laravel/framework/src/Illuminate/Database/Connection.php:778
/home/user/cmis.marketing.limited/vendor/laravel/framework/src/Illuminate/Database/Connection.php:397
/home/user/cmis.marketing.limited/vendor/laravel/framework/src/Illuminate/Database/Connection.php:384
/home/user/cmis.marketing.limited/vendor/laravel/framework/src/Illuminate/Database/Query/Processors/PostgresProcessor.php:24
/home/user/cmis.marketing.limited/vendor/laravel/framework/src/Illuminate/Database/Query/Builder.php:3853
/home/user/cmis.marketing.limited/vendor/laravel/framework/src/Illuminate/Database/Eloquent/Builder.php:2235
/home/user/cmis.marketing.limited/vendor/laravel/framework/src/Illuminate/Database/Eloquent/Model.php:1436
/home/user/cmis.marketing.limited/vendor/laravel/framework/src/Illuminate/Database/Eloquent/Model.php:1401
/home/user/cmis.marketing.limited/vendor/laravel/framework/src/Illuminate/Database/Eloquent/Model.php:1240
/home/user/cmis.marketing.limited/vendor/laravel/framework/src/Illuminate/Database/Eloquent/Relations/HasOneOrMany.php:370
/home/user/cmis.marketing.limited/vendor/laravel/framework/src/Illuminate/Support/helpers.php:390
/home/user/cmis.marketing.limited/vendor/laravel/framework/src/Illuminate/Database/Eloquent/Relations/HasOneOrMany.php:367
/home/user/cmis.marketing.limited/vendor/laravel/sanctum/src/HasApiTokens.php:64
/home/user/cmis.marketing.limited/tests/Feature/AI/RateLimitTest.php:182</error>
        </testcase>
        <testcase name="test_unauthenticated_requests_are_rate_limited_by_ip" file="/home/user/cmis.marketing.limited/tests/Feature/AI/RateLimitTest.php" line="215" class="Tests\Feature\AI\RateLimitTest" classname="Tests.Feature.AI.RateLimitTest" assertions="1" time="0.068246">
          <failure type="PHPUnit\Framework\ExpectationFailedException">Tests\Feature\AI\RateLimitTest::test_unauthenticated_requests_are_rate_limited_by_ip
Failed asserting that an array contains 404.

/home/user/cmis.marketing.limited/tests/Feature/AI/RateLimitTest.php:226</failure>
        </testcase>
        <testcase name="test_ai_hashtag_generation_is_rate_limited" file="/home/user/cmis.marketing.limited/tests/Feature/AI/RateLimitTest.php" line="64" class="Tests\Feature\AI\RateLimitTest" classname="Tests.Feature.AI.RateLimitTest" assertions="0" time="0.128285">
          <error type="Illuminate\Database\QueryException">Tests\Feature\AI\RateLimitTest::test_ai_hashtag_generation_is_rate_limited
Illuminate\Database\QueryException: SQLSTATE[42P01]: Undefined table: 7 ERROR:  relation "personal_access_tokens" does not exist
LINE 1: insert into "personal_access_tokens" ("name", "token", "abil...
                    ^ (Connection: pgsql, SQL: insert into "personal_access_tokens" ("name", "token", "abilities", "expires_at", "tokenable_id", "tokenable_type", "updated_at", "created_at") values (test-token, 31904a577cbd60349f135ee72aedb21e12d6fe54fd27ee318baff84c3a5d0366, ["*"], ?, 183fbac6-e2b6-4b8b-bbab-af02b1b8d2a6, App\Models\User, 2025-11-19 11:07:00, 2025-11-19 11:07:00) returning "id")

/home/user/cmis.marketing.limited/vendor/laravel/framework/src/Illuminate/Database/Connection.php:824
/home/user/cmis.marketing.limited/vendor/laravel/framework/src/Illuminate/Database/Connection.php:778
/home/user/cmis.marketing.limited/vendor/laravel/framework/src/Illuminate/Database/Connection.php:397
/home/user/cmis.marketing.limited/vendor/laravel/framework/src/Illuminate/Database/Connection.php:384
/home/user/cmis.marketing.limited/vendor/laravel/framework/src/Illuminate/Database/Query/Processors/PostgresProcessor.php:24
/home/user/cmis.marketing.limited/vendor/laravel/framework/src/Illuminate/Database/Query/Builder.php:3853
/home/user/cmis.marketing.limited/vendor/laravel/framework/src/Illuminate/Database/Eloquent/Builder.php:2235
/home/user/cmis.marketing.limited/vendor/laravel/framework/src/Illuminate/Database/Eloquent/Model.php:1436
/home/user/cmis.marketing.limited/vendor/laravel/framework/src/Illuminate/Database/Eloquent/Model.php:1401
/home/user/cmis.marketing.limited/vendor/laravel/framework/src/Illuminate/Database/Eloquent/Model.php:1240
/home/user/cmis.marketing.limited/vendor/laravel/framework/src/Illuminate/Database/Eloquent/Relations/HasOneOrMany.php:370
/home/user/cmis.marketing.limited/vendor/laravel/framework/src/Illuminate/Support/helpers.php:390
/home/user/cmis.marketing.limited/vendor/laravel/framework/src/Illuminate/Database/Eloquent/Relations/HasOneOrMany.php:367
/home/user/cmis.marketing.limited/vendor/laravel/sanctum/src/HasApiTokens.php:64
/home/user/cmis.marketing.limited/tests/Feature/AI/RateLimitTest.php:74</error>
        </testcase>
        <testcase name="test_rate_limit_resets_after_time_window" file="/home/user/cmis.marketing.limited/tests/Feature/AI/RateLimitTest.php" line="277" class="Tests\Feature\AI\RateLimitTest" classname="Tests.Feature.AI.RateLimitTest" assertions="0" time="0.066286">
          <error type="Illuminate\Database\QueryException">Tests\Feature\AI\RateLimitTest::test_rate_limit_resets_after_time_window
Illuminate\Database\QueryException: SQLSTATE[42P01]: Undefined table: 7 ERROR:  relation "personal_access_tokens" does not exist
LINE 1: insert into "personal_access_tokens" ("name", "token", "abil...
                    ^ (Connection: pgsql, SQL: insert into "personal_access_tokens" ("name", "token", "abilities", "expires_at", "tokenable_id", "tokenable_type", "updated_at", "created_at") values (test-token, 7b3196870e971def8f16453896a62e11e5d3a4a18e92009c61fd5ab05db4e58b, ["*"], ?, c74ae31a-0fdd-4784-9b4a-89048faf4bf7, App\Models\User, 2025-11-19 11:07:00, 2025-11-19 11:07:00) returning "id")

/home/user/cmis.marketing.limited/vendor/laravel/framework/src/Illuminate/Database/Connection.php:824
/home/user/cmis.marketing.limited/vendor/laravel/framework/src/Illuminate/Database/Connection.php:778
/home/user/cmis.marketing.limited/vendor/laravel/framework/src/Illuminate/Database/Connection.php:397
/home/user/cmis.marketing.limited/vendor/laravel/framework/src/Illuminate/Database/Connection.php:384
/home/user/cmis.marketing.limited/vendor/laravel/framework/src/Illuminate/Database/Query/Processors/PostgresProcessor.php:24
/home/user/cmis.marketing.limited/vendor/laravel/framework/src/Illuminate/Database/Query/Builder.php:3853
/home/user/cmis.marketing.limited/vendor/laravel/framework/src/Illuminate/Database/Eloquent/Builder.php:2235
/home/user/cmis.marketing.limited/vendor/laravel/framework/src/Illuminate/Database/Eloquent/Model.php:1436
/home/user/cmis.marketing.limited/vendor/laravel/framework/src/Illuminate/Database/Eloquent/Model.php:1401
/home/user/cmis.marketing.limited/vendor/laravel/framework/src/Illuminate/Database/Eloquent/Model.php:1240
/home/user/cmis.marketing.limited/vendor/laravel/framework/src/Illuminate/Database/Eloquent/Relations/HasOneOrMany.php:370
/home/user/cmis.marketing.limited/vendor/laravel/framework/src/Illuminate/Support/helpers.php:390
/home/user/cmis.marketing.limited/vendor/laravel/framework/src/Illuminate/Database/Eloquent/Relations/HasOneOrMany.php:367
/home/user/cmis.marketing.limited/vendor/laravel/sanctum/src/HasApiTokens.php:64
/home/user/cmis.marketing.limited/tests/Feature/AI/RateLimitTest.php:287</error>
        </testcase>
        <testcase name="test_ai_generation_endpoint_is_rate_limited" file="/home/user/cmis.marketing.limited/tests/Feature/AI/RateLimitTest.php" line="20" class="Tests\Feature\AI\RateLimitTest" classname="Tests.Feature.AI.RateLimitTest" assertions="0" time="0.066498">
          <error type="Illuminate\Database\QueryException">Tests\Feature\AI\RateLimitTest::test_ai_generation_endpoint_is_rate_limited
Illuminate\Database\QueryException: SQLSTATE[42P01]: Undefined table: 7 ERROR:  relation "personal_access_tokens" does not exist
LINE 1: insert into "personal_access_tokens" ("name", "token", "abil...
                    ^ (Connection: pgsql, SQL: insert into "personal_access_tokens" ("name", "token", "abilities", "expires_at", "tokenable_id", "tokenable_type", "updated_at", "created_at") values (test-token, 7f98a57ac7908b01e3b66531ff009f317edab6860a162cfe0d353e48362938ca, ["*"], ?, 24626337-c35d-4e87-a2b9-aac48c128fac, App\Models\User, 2025-11-19 11:07:00, 2025-11-19 11:07:00) returning "id")

/home/user/cmis.marketing.limited/vendor/laravel/framework/src/Illuminate/Database/Connection.php:824
/home/user/cmis.marketing.limited/vendor/laravel/framework/src/Illuminate/Database/Connection.php:778
/home/user/cmis.marketing.limited/vendor/laravel/framework/src/Illuminate/Database/Connection.php:397
/home/user/cmis.marketing.limited/vendor/laravel/framework/src/Illuminate/Database/Connection.php:384
/home/user/cmis.marketing.limited/vendor/laravel/framework/src/Illuminate/Database/Query/Processors/PostgresProcessor.php:24
/home/user/cmis.marketing.limited/vendor/laravel/framework/src/Illuminate/Database/Query/Builder.php:3853
/home/user/cmis.marketing.limited/vendor/laravel/framework/src/Illuminate/Database/Eloquent/Builder.php:2235
/home/user/cmis.marketing.limited/vendor/laravel/framework/src/Illuminate/Database/Eloquent/Model.php:1436
/home/user/cmis.marketing.limited/vendor/laravel/framework/src/Illuminate/Database/Eloquent/Model.php:1401
/home/user/cmis.marketing.limited/vendor/laravel/framework/src/Illuminate/Database/Eloquent/Model.php:1240
/home/user/cmis.marketing.limited/vendor/laravel/framework/src/Illuminate/Database/Eloquent/Relations/HasOneOrMany.php:370
/home/user/cmis.marketing.limited/vendor/laravel/framework/src/Illuminate/Support/helpers.php:390
/home/user/cmis.marketing.limited/vendor/laravel/framework/src/Illuminate/Database/Eloquent/Relations/HasOneOrMany.php:367
/home/user/cmis.marketing.limited/vendor/laravel/sanctum/src/HasApiTokens.php:64
/home/user/cmis.marketing.limited/tests/Feature/AI/RateLimitTest.php:31</error>
        </testcase>
        <testcase name="test_knowledge_processing_is_rate_limited" file="/home/user/cmis.marketing.limited/tests/Feature/AI/RateLimitTest.php" line="352" class="Tests\Feature\AI\RateLimitTest" classname="Tests.Feature.AI.RateLimitTest" assertions="0" time="0.068229">
          <error type="Illuminate\Database\QueryException">Tests\Feature\AI\RateLimitTest::test_knowledge_processing_is_rate_limited
Illuminate\Database\QueryException: SQLSTATE[42P01]: Undefined table: 7 ERROR:  relation "personal_access_tokens" does not exist
LINE 1: insert into "personal_access_tokens" ("name", "token", "abil...
                    ^ (Connection: pgsql, SQL: insert into "personal_access_tokens" ("name", "token", "abilities", "expires_at", "tokenable_id", "tokenable_type", "updated_at", "created_at") values (test-token, cf3134ce551e8845901dbae087a0e22365d6ebe6d2974ccc28eb9e63b55c6487, ["*"], ?, 9db63d4f-9426-4445-aa31-5e7cde88836f, App\Models\User, 2025-11-19 11:07:00, 2025-11-19 11:07:00) returning "id")

/home/user/cmis.marketing.limited/vendor/laravel/framework/src/Illuminate/Database/Connection.php:824
/home/user/cmis.marketing.limited/vendor/laravel/framework/src/Illuminate/Database/Connection.php:778
/home/user/cmis.marketing.limited/vendor/laravel/framework/src/Illuminate/Database/Connection.php:397
/home/user/cmis.marketing.limited/vendor/laravel/framework/src/Illuminate/Database/Connection.php:384
/home/user/cmis.marketing.limited/vendor/laravel/framework/src/Illuminate/Database/Query/Processors/PostgresProcessor.php:24
/home/user/cmis.marketing.limited/vendor/laravel/framework/src/Illuminate/Database/Query/Builder.php:3853
/home/user/cmis.marketing.limited/vendor/laravel/framework/src/Illuminate/Database/Eloquent/Builder.php:2235
/home/user/cmis.marketing.limited/vendor/laravel/framework/src/Illuminate/Database/Eloquent/Model.php:1436
/home/user/cmis.marketing.limited/vendor/laravel/framework/src/Illuminate/Database/Eloquent/Model.php:1401
/home/user/cmis.marketing.limited/vendor/laravel/framework/src/Illuminate/Database/Eloquent/Model.php:1240
/home/user/cmis.marketing.limited/vendor/laravel/framework/src/Illuminate/Database/Eloquent/Relations/HasOneOrMany.php:370
/home/user/cmis.marketing.limited/vendor/laravel/framework/src/Illuminate/Support/helpers.php:390
/home/user/cmis.marketing.limited/vendor/laravel/framework/src/Illuminate/Database/Eloquent/Relations/HasOneOrMany.php:367
/home/user/cmis.marketing.limited/vendor/laravel/sanctum/src/HasApiTokens.php:64
/home/user/cmis.marketing.limited/tests/Feature/AI/RateLimitTest.php:362</error>
        </testcase>
        <testcase name="test_rate_limit_headers_are_present" file="/home/user/cmis.marketing.limited/tests/Feature/AI/RateLimitTest.php" line="136" class="Tests\Feature\AI\RateLimitTest" classname="Tests.Feature.AI.RateLimitTest" assertions="0" time="0.065221">
          <error type="Illuminate\Database\QueryException">Tests\Feature\AI\RateLimitTest::test_rate_limit_headers_are_present
Illuminate\Database\QueryException: SQLSTATE[42P01]: Undefined table: 7 ERROR:  relation "personal_access_tokens" does not exist
LINE 1: insert into "personal_access_tokens" ("name", "token", "abil...
                    ^ (Connection: pgsql, SQL: insert into "personal_access_tokens" ("name", "token", "abilities", "expires_at", "tokenable_id", "tokenable_type", "updated_at", "created_at") values (test-token, 55baf4a107bd6c2d4da45aacf9df85da10842fd1316101fdb66ae442bae0f61d, ["*"], ?, feeb3781-af3d-4c0b-a99d-0f3267c2ce08, App\Models\User, 2025-11-19 11:07:00, 2025-11-19 11:07:00) returning "id")

/home/user/cmis.marketing.limited/vendor/laravel/framework/src/Illuminate/Database/Connection.php:824
/home/user/cmis.marketing.limited/vendor/laravel/framework/src/Illuminate/Database/Connection.php:778
/home/user/cmis.marketing.limited/vendor/laravel/framework/src/Illuminate/Database/Connection.php:397
/home/user/cmis.marketing.limited/vendor/laravel/framework/src/Illuminate/Database/Connection.php:384
/home/user/cmis.marketing.limited/vendor/laravel/framework/src/Illuminate/Database/Query/Processors/PostgresProcessor.php:24
/home/user/cmis.marketing.limited/vendor/laravel/framework/src/Illuminate/Database/Query/Builder.php:3853
/home/user/cmis.marketing.limited/vendor/laravel/framework/src/Illuminate/Database/Eloquent/Builder.php:2235
/home/user/cmis.marketing.limited/vendor/laravel/framework/src/Illuminate/Database/Eloquent/Model.php:1436
/home/user/cmis.marketing.limited/vendor/laravel/framework/src/Illuminate/Database/Eloquent/Model.php:1401
/home/user/cmis.marketing.limited/vendor/laravel/framework/src/Illuminate/Database/Eloquent/Model.php:1240
/home/user/cmis.marketing.limited/vendor/laravel/framework/src/Illuminate/Database/Eloquent/Relations/HasOneOrMany.php:370
/home/user/cmis.marketing.limited/vendor/laravel/framework/src/Illuminate/Support/helpers.php:390
/home/user/cmis.marketing.limited/vendor/laravel/framework/src/Illuminate/Database/Eloquent/Relations/HasOneOrMany.php:367
/home/user/cmis.marketing.limited/vendor/laravel/sanctum/src/HasApiTokens.php:64
/home/user/cmis.marketing.limited/tests/Feature/AI/RateLimitTest.php:146</error>
        </testcase>
        <testcase name="test_ai_caption_generation_is_rate_limited" file="/home/user/cmis.marketing.limited/tests/Feature/AI/RateLimitTest.php" line="100" class="Tests\Feature\AI\RateLimitTest" classname="Tests.Feature.AI.RateLimitTest" assertions="0" time="0.068271">
          <error type="Illuminate\Database\QueryException">Tests\Feature\AI\RateLimitTest::test_ai_caption_generation_is_rate_limited
Illuminate\Database\QueryException: SQLSTATE[42P01]: Undefined table: 7 ERROR:  relation "personal_access_tokens" does not exist
LINE 1: insert into "personal_access_tokens" ("name", "token", "abil...
                    ^ (Connection: pgsql, SQL: insert into "personal_access_tokens" ("name", "token", "abilities", "expires_at", "tokenable_id", "tokenable_type", "updated_at", "created_at") values (test-token, 99125252f26e4b6815f0a6a9317d949083de254ecd31f9e6a1209a72f45aa81f, ["*"], ?, cda24665-b5a7-41b9-98e0-93525e83a80b, App\Models\User, 2025-11-19 11:07:00, 2025-11-19 11:07:00) returning "id")

/home/user/cmis.marketing.limited/vendor/laravel/framework/src/Illuminate/Database/Connection.php:824
/home/user/cmis.marketing.limited/vendor/laravel/framework/src/Illuminate/Database/Connection.php:778
/home/user/cmis.marketing.limited/vendor/laravel/framework/src/Illuminate/Database/Connection.php:397
/home/user/cmis.marketing.limited/vendor/laravel/framework/src/Illuminate/Database/Connection.php:384
/home/user/cmis.marketing.limited/vendor/laravel/framework/src/Illuminate/Database/Query/Processors/PostgresProcessor.php:24
/home/user/cmis.marketing.limited/vendor/laravel/framework/src/Illuminate/Database/Query/Builder.php:3853
/home/user/cmis.marketing.limited/vendor/laravel/framework/src/Illuminate/Database/Eloquent/Builder.php:2235
/home/user/cmis.marketing.limited/vendor/laravel/framework/src/Illuminate/Database/Eloquent/Model.php:1436
/home/user/cmis.marketing.limited/vendor/laravel/framework/src/Illuminate/Database/Eloquent/Model.php:1401
/home/user/cmis.marketing.limited/vendor/laravel/framework/src/Illuminate/Database/Eloquent/Model.php:1240
/home/user/cmis.marketing.limited/vendor/laravel/framework/src/Illuminate/Database/Eloquent/Relations/HasOneOrMany.php:370
/home/user/cmis.marketing.limited/vendor/laravel/framework/src/Illuminate/Support/helpers.php:390
/home/user/cmis.marketing.limited/vendor/laravel/framework/src/Illuminate/Database/Eloquent/Relations/HasOneOrMany.php:367
/home/user/cmis.marketing.limited/vendor/laravel/sanctum/src/HasApiTokens.php:64
/home/user/cmis.marketing.limited/tests/Feature/AI/RateLimitTest.php:110</error>
        </testcase>
      </testsuite>
      <testsuite name="Tests\Feature\Controllers\SettingsControllerTest" file="/home/user/cmis.marketing.limited/tests/Feature/Controllers/SettingsControllerTest.php" tests="10" assertions="0" errors="10" failures="0" skipped="0" time="3.035164">
        <testcase name="it_can_update_security_settings" file="/home/user/cmis.marketing.limited/tests/Feature/Controllers/SettingsControllerTest.php" line="224" class="Tests\Feature\Controllers\SettingsControllerTest" classname="Tests.Feature.Controllers.SettingsControllerTest" assertions="0" time="0.358208">
          <error type="Error">Tests\Feature\Controllers\SettingsControllerTest::it_can_update_security_settings
Error: Class "App\Models\Team\TeamMember" not found

/home/user/cmis.marketing.limited/tests/Feature/Controllers/SettingsControllerTest.php:238</error>
        </testcase>
        <testcase name="it_can_view_general_settings" file="/home/user/cmis.marketing.limited/tests/Feature/Controllers/SettingsControllerTest.php" line="26" class="Tests\Feature\Controllers\SettingsControllerTest" classname="Tests.Feature.Controllers.SettingsControllerTest" assertions="0" time="0.294378">
          <error type="Error">Tests\Feature\Controllers\SettingsControllerTest::it_can_view_general_settings
Error: Class "App\Models\Team\TeamMember" not found

/home/user/cmis.marketing.limited/tests/Feature/Controllers/SettingsControllerTest.php:40</error>
        </testcase>
        <testcase name="it_can_update_org_settings" file="/home/user/cmis.marketing.limited/tests/Feature/Controllers/SettingsControllerTest.php" line="59" class="Tests\Feature\Controllers\SettingsControllerTest" classname="Tests.Feature.Controllers.SettingsControllerTest" assertions="0" time="0.293273">
          <error type="Error">Tests\Feature\Controllers\SettingsControllerTest::it_can_update_org_settings
Error: Class "App\Models\Team\TeamMember" not found

/home/user/cmis.marketing.limited/tests/Feature/Controllers/SettingsControllerTest.php:73</error>
        </testcase>
        <testcase name="it_can_update_notification_preferences" file="/home/user/cmis.marketing.limited/tests/Feature/Controllers/SettingsControllerTest.php" line="125" class="Tests\Feature\Controllers\SettingsControllerTest" classname="Tests.Feature.Controllers.SettingsControllerTest" assertions="0" time="0.291546">
          <error type="Error">Tests\Feature\Controllers\SettingsControllerTest::it_can_update_notification_preferences
Error: Class "App\Models\Team\TeamMember" not found

/home/user/cmis.marketing.limited/tests/Feature/Controllers/SettingsControllerTest.php:139</error>
        </testcase>
        <testcase name="it_can_view_integration_settings" file="/home/user/cmis.marketing.limited/tests/Feature/Controllers/SettingsControllerTest.php" line="158" class="Tests\Feature\Controllers\SettingsControllerTest" classname="Tests.Feature.Controllers.SettingsControllerTest" assertions="0" time="0.290944">
          <error type="Error">Tests\Feature\Controllers\SettingsControllerTest::it_can_view_integration_settings
Error: Class "App\Models\Team\TeamMember" not found

/home/user/cmis.marketing.limited/tests/Feature/Controllers/SettingsControllerTest.php:172</error>
        </testcase>
        <testcase name="it_validates_settings_updates" file="/home/user/cmis.marketing.limited/tests/Feature/Controllers/SettingsControllerTest.php" line="328" class="Tests\Feature\Controllers\SettingsControllerTest" classname="Tests.Feature.Controllers.SettingsControllerTest" assertions="0" time="0.334999">
          <error type="Error">Tests\Feature\Controllers\SettingsControllerTest::it_validates_settings_updates
Error: Class "App\Models\Team\TeamMember" not found

/home/user/cmis.marketing.limited/tests/Feature/Controllers/SettingsControllerTest.php:342</error>
        </testcase>
        <testcase name="it_can_view_billing_settings" file="/home/user/cmis.marketing.limited/tests/Feature/Controllers/SettingsControllerTest.php" line="191" class="Tests\Feature\Controllers\SettingsControllerTest" classname="Tests.Feature.Controllers.SettingsControllerTest" assertions="0" time="0.291740">
          <error type="Error">Tests\Feature\Controllers\SettingsControllerTest::it_can_view_billing_settings
Error: Class "App\Models\Team\TeamMember" not found

/home/user/cmis.marketing.limited/tests/Feature/Controllers/SettingsControllerTest.php:205</error>
        </testcase>
        <testcase name="it_respects_org_isolation" file="/home/user/cmis.marketing.limited/tests/Feature/Controllers/SettingsControllerTest.php" line="290" class="Tests\Feature\Controllers\SettingsControllerTest" classname="Tests.Feature.Controllers.SettingsControllerTest" assertions="0" time="0.293764">
          <error type="Error">Tests\Feature\Controllers\SettingsControllerTest::it_respects_org_isolation
Error: Class "App\Models\Team\TeamMember" not found

/home/user/cmis.marketing.limited/tests/Feature/Controllers/SettingsControllerTest.php:309</error>
        </testcase>
        <testcase name="viewer_cannot_update_settings" file="/home/user/cmis.marketing.limited/tests/Feature/Controllers/SettingsControllerTest.php" line="257" class="Tests\Feature\Controllers\SettingsControllerTest" classname="Tests.Feature.Controllers.SettingsControllerTest" assertions="0" time="0.294191">
          <error type="Error">Tests\Feature\Controllers\SettingsControllerTest::viewer_cannot_update_settings
Error: Class "App\Models\Team\TeamMember" not found

/home/user/cmis.marketing.limited/tests/Feature/Controllers/SettingsControllerTest.php:271</error>
        </testcase>
        <testcase name="it_can_view_notification_settings" file="/home/user/cmis.marketing.limited/tests/Feature/Controllers/SettingsControllerTest.php" line="92" class="Tests\Feature\Controllers\SettingsControllerTest" classname="Tests.Feature.Controllers.SettingsControllerTest" assertions="0" time="0.292121">
          <error type="Error">Tests\Feature\Controllers\SettingsControllerTest::it_can_view_notification_settings
Error: Class "App\Models\Team\TeamMember" not found

/home/user/cmis.marketing.limited/tests/Feature/Controllers/SettingsControllerTest.php:106</error>
        </testcase>
      </testsuite>
      <testsuite name="Tests\Feature\Commands\SyncCommandsTest" file="/home/user/cmis.marketing.limited/tests/Feature/Commands/SyncCommandsTest.php" tests="10" assertions="0" errors="10" failures="0" skipped="0" time="0.000000">
        <testcase name="test_sync_command_handles_date_range_filters" file="/home/user/cmis.marketing.limited/tests/Feature/Commands/SyncCommandsTest.php" line="119" class="Tests\Feature\Commands\SyncCommandsTest" classname="Tests.Feature.Commands.SyncCommandsTest" assertions="0" time="0.000000">
          <error type="Error">Tests\Feature\Commands\SyncCommandsTest::test_sync_command_handles_date_range_filters
Error: Class "App\Models\Org" not found

/home/user/cmis.marketing.limited/tests/Feature/Commands/SyncCommandsTest.php:21</error>
        </testcase>
        <testcase name="test_embeddings_generate_command_dispatches_job" file="/home/user/cmis.marketing.limited/tests/Feature/Commands/SyncCommandsTest.php" line="157" class="Tests\Feature\Commands\SyncCommandsTest" classname="Tests.Feature.Commands.SyncCommandsTest" assertions="0" time="0.000000">
          <error type="Error">Tests\Feature\Commands\SyncCommandsTest::test_embeddings_generate_command_dispatches_job
Error: Class "App\Models\Org" not found

/home/user/cmis.marketing.limited/tests/Feature/Commands/SyncCommandsTest.php:21</error>
        </testcase>
        <testcase name="test_system_health_command_checks_database" file="/home/user/cmis.marketing.limited/tests/Feature/Commands/SyncCommandsTest.php" line="149" class="Tests\Feature\Commands\SyncCommandsTest" classname="Tests.Feature.Commands.SyncCommandsTest" assertions="0" time="0.000000">
          <error type="Error">Tests\Feature\Commands\SyncCommandsTest::test_system_health_command_checks_database
Error: Class "App\Models\Org" not found

/home/user/cmis.marketing.limited/tests/Feature/Commands/SyncCommandsTest.php:21</error>
        </testcase>
        <testcase name="test_sync_meta_ads_command_dispatches_jobs_when_queue_flag_used" file="/home/user/cmis.marketing.limited/tests/Feature/Commands/SyncCommandsTest.php" line="58" class="Tests\Feature\Commands\SyncCommandsTest" classname="Tests.Feature.Commands.SyncCommandsTest" assertions="0" time="0.000000">
          <error type="Error">Tests\Feature\Commands\SyncCommandsTest::test_sync_meta_ads_command_dispatches_jobs_when_queue_flag_used
Error: Class "App\Models\Org" not found

/home/user/cmis.marketing.limited/tests/Feature/Commands/SyncCommandsTest.php:21</error>
        </testcase>
        <testcase name="test_sync_command_warns_when_no_active_integrations" file="/home/user/cmis.marketing.limited/tests/Feature/Commands/SyncCommandsTest.php" line="135" class="Tests\Feature\Commands\SyncCommandsTest" classname="Tests.Feature.Commands.SyncCommandsTest" assertions="0" time="0.000000">
          <error type="Error">Tests\Feature\Commands\SyncCommandsTest::test_sync_command_warns_when_no_active_integrations
Error: Class "App\Models\Org" not found

/home/user/cmis.marketing.limited/tests/Feature/Commands/SyncCommandsTest.php:21</error>
        </testcase>
        <testcase name="test_sync_all_command_with_queue_flag_dispatches_all_jobs" file="/home/user/cmis.marketing.limited/tests/Feature/Commands/SyncCommandsTest.php" line="94" class="Tests\Feature\Commands\SyncCommandsTest" classname="Tests.Feature.Commands.SyncCommandsTest" assertions="0" time="0.000000">
          <error type="Error">Tests\Feature\Commands\SyncCommandsTest::test_sync_all_command_with_queue_flag_dispatches_all_jobs
Error: Class "App\Models\Org" not found

/home/user/cmis.marketing.limited/tests/Feature/Commands/SyncCommandsTest.php:21</error>
        </testcase>
        <testcase name="test_sync_instagram_command_dispatches_jobs_when_queue_flag_used" file="/home/user/cmis.marketing.limited/tests/Feature/Commands/SyncCommandsTest.php" line="24" class="Tests\Feature\Commands\SyncCommandsTest" classname="Tests.Feature.Commands.SyncCommandsTest" assertions="0" time="0.000000">
          <error type="Error">Tests\Feature\Commands\SyncCommandsTest::test_sync_instagram_command_dispatches_jobs_when_queue_flag_used
Error: Class "App\Models\Org" not found

/home/user/cmis.marketing.limited/tests/Feature/Commands/SyncCommandsTest.php:21</error>
        </testcase>
        <testcase name="test_sync_facebook_command_dispatches_jobs_when_queue_flag_used" file="/home/user/cmis.marketing.limited/tests/Feature/Commands/SyncCommandsTest.php" line="41" class="Tests\Feature\Commands\SyncCommandsTest" classname="Tests.Feature.Commands.SyncCommandsTest" assertions="0" time="0.000000">
          <error type="Error">Tests\Feature\Commands\SyncCommandsTest::test_sync_facebook_command_dispatches_jobs_when_queue_flag_used
Error: Class "App\Models\Org" not found

/home/user/cmis.marketing.limited/tests/Feature/Commands/SyncCommandsTest.php:21</error>
        </testcase>
        <testcase name="test_sync_all_command_runs_all_platform_syncs" file="/home/user/cmis.marketing.limited/tests/Feature/Commands/SyncCommandsTest.php" line="75" class="Tests\Feature\Commands\SyncCommandsTest" classname="Tests.Feature.Commands.SyncCommandsTest" assertions="0" time="0.000000">
          <error type="Error">Tests\Feature\Commands\SyncCommandsTest::test_sync_all_command_runs_all_platform_syncs
Error: Class "App\Models\Org" not found

/home/user/cmis.marketing.limited/tests/Feature/Commands/SyncCommandsTest.php:21</error>
        </testcase>
        <testcase name="test_database_cleanup_command_with_dry_run" file="/home/user/cmis.marketing.limited/tests/Feature/Commands/SyncCommandsTest.php" line="142" class="Tests\Feature\Commands\SyncCommandsTest" classname="Tests.Feature.Commands.SyncCommandsTest" assertions="0" time="0.000000">
          <error type="Error">Tests\Feature\Commands\SyncCommandsTest::test_database_cleanup_command_with_dry_run
Error: Class "App\Models\Org" not found

/home/user/cmis.marketing.limited/tests/Feature/Commands/SyncCommandsTest.php:21</error>
        </testcase>
      </testsuite>
      <testsuite name="Tests\Feature\Controllers\NotificationControllerTest" file="/home/user/cmis.marketing.limited/tests/Feature/Controllers/NotificationControllerTest.php" tests="9" assertions="0" errors="9" failures="0" skipped="0" time="3.003685">
        <testcase name="user_cannot_access_others_notifications" file="/home/user/cmis.marketing.limited/tests/Feature/Controllers/NotificationControllerTest.php" line="282" class="Tests\Feature\Controllers\NotificationControllerTest" classname="Tests.Feature.Controllers.NotificationControllerTest" assertions="0" time="0.522546">
          <error type="Error">Tests\Feature\Controllers\NotificationControllerTest::user_cannot_access_others_notifications
Error: Class "App\Models\Team\TeamMember" not found

/home/user/cmis.marketing.limited/tests/Feature/Controllers/NotificationControllerTest.php:303</error>
        </testcase>
        <testcase name="it_can_delete_all_read_notifications" file="/home/user/cmis.marketing.limited/tests/Feature/Controllers/NotificationControllerTest.php" line="329" class="Tests\Feature\Controllers\NotificationControllerTest" classname="Tests.Feature.Controllers.NotificationControllerTest" assertions="0" time="0.351156">
          <error type="Error">Tests\Feature\Controllers\NotificationControllerTest::it_can_delete_all_read_notifications
Error: Class "App\Models\Team\TeamMember" not found

/home/user/cmis.marketing.limited/tests/Feature/Controllers/NotificationControllerTest.php:343</error>
        </testcase>
        <testcase name="it_can_list_user_notifications" file="/home/user/cmis.marketing.limited/tests/Feature/Controllers/NotificationControllerTest.php" line="27" class="Tests\Feature\Controllers\NotificationControllerTest" classname="Tests.Feature.Controllers.NotificationControllerTest" assertions="0" time="0.293683">
          <error type="Error">Tests\Feature\Controllers\NotificationControllerTest::it_can_list_user_notifications
Error: Class "App\Models\Team\TeamMember" not found

/home/user/cmis.marketing.limited/tests/Feature/Controllers/NotificationControllerTest.php:41</error>
        </testcase>
        <testcase name="it_paginates_notifications" file="/home/user/cmis.marketing.limited/tests/Feature/Controllers/NotificationControllerTest.php" line="372" class="Tests\Feature\Controllers\NotificationControllerTest" classname="Tests.Feature.Controllers.NotificationControllerTest" assertions="0" time="0.296423">
          <error type="Error">Tests\Feature\Controllers\NotificationControllerTest::it_paginates_notifications
Error: Class "App\Models\Team\TeamMember" not found

/home/user/cmis.marketing.limited/tests/Feature/Controllers/NotificationControllerTest.php:386</error>
        </testcase>
        <testcase name="it_shows_unread_count" file="/home/user/cmis.marketing.limited/tests/Feature/Controllers/NotificationControllerTest.php" line="191" class="Tests\Feature\Controllers\NotificationControllerTest" classname="Tests.Feature.Controllers.NotificationControllerTest" assertions="0" time="0.297055">
          <error type="Error">Tests\Feature\Controllers\NotificationControllerTest::it_shows_unread_count
Error: Class "App\Models\Team\TeamMember" not found

/home/user/cmis.marketing.limited/tests/Feature/Controllers/NotificationControllerTest.php:205</error>
        </testcase>
        <testcase name="it_can_mark_notification_as_read" file="/home/user/cmis.marketing.limited/tests/Feature/Controllers/NotificationControllerTest.php" line="67" class="Tests\Feature\Controllers\NotificationControllerTest" classname="Tests.Feature.Controllers.NotificationControllerTest" assertions="0" time="0.293157">
          <error type="Error">Tests\Feature\Controllers\NotificationControllerTest::it_can_mark_notification_as_read
Error: Class "App\Models\Team\TeamMember" not found

/home/user/cmis.marketing.limited/tests/Feature/Controllers/NotificationControllerTest.php:81</error>
        </testcase>
        <testcase name="it_filters_by_notification_type" file="/home/user/cmis.marketing.limited/tests/Feature/Controllers/NotificationControllerTest.php" line="235" class="Tests\Feature\Controllers\NotificationControllerTest" classname="Tests.Feature.Controllers.NotificationControllerTest" assertions="0" time="0.293046">
          <error type="Error">Tests\Feature\Controllers\NotificationControllerTest::it_filters_by_notification_type
Error: Class "App\Models\Team\TeamMember" not found

/home/user/cmis.marketing.limited/tests/Feature/Controllers/NotificationControllerTest.php:249</error>
        </testcase>
        <testcase name="it_can_delete_notification" file="/home/user/cmis.marketing.limited/tests/Feature/Controllers/NotificationControllerTest.php" line="151" class="Tests\Feature\Controllers\NotificationControllerTest" classname="Tests.Feature.Controllers.NotificationControllerTest" assertions="0" time="0.361884">
          <error type="Error">Tests\Feature\Controllers\NotificationControllerTest::it_can_delete_notification
Error: Class "App\Models\Team\TeamMember" not found

/home/user/cmis.marketing.limited/tests/Feature/Controllers/NotificationControllerTest.php:165</error>
        </testcase>
        <testcase name="it_can_mark_all_as_read" file="/home/user/cmis.marketing.limited/tests/Feature/Controllers/NotificationControllerTest.php" line="108" class="Tests\Feature\Controllers\NotificationControllerTest" classname="Tests.Feature.Controllers.NotificationControllerTest" assertions="0" time="0.294735">
          <error type="Error">Tests\Feature\Controllers\NotificationControllerTest::it_can_mark_all_as_read
Error: Class "App\Models\Team\TeamMember" not found

/home/user/cmis.marketing.limited/tests/Feature/Controllers/NotificationControllerTest.php:122</error>
        </testcase>
      </testsuite>
      <testsuite name="Tests\Feature\Controllers\AnalyticsControllerTest" file="/home/user/cmis.marketing.limited/tests/Feature/Controllers/AnalyticsControllerTest.php" tests="10" assertions="10" errors="0" failures="10" skipped="0" time="3.530984">
        <testcase name="it_can_export_analytics_report" file="/home/user/cmis.marketing.limited/tests/Feature/Controllers/AnalyticsControllerTest.php" line="133" class="Tests\Feature\Controllers\AnalyticsControllerTest" classname="Tests.Feature.Controllers.AnalyticsControllerTest" assertions="1" time="0.316300">
          <failure type="PHPUnit\Framework\ExpectationFailedException">Tests\Feature\Controllers\AnalyticsControllerTest::it_can_export_analytics_report
Expected response status code [200] but received 404.
Failed asserting that 404 is identical to 200.

/home/user/cmis.marketing.limited/vendor/laravel/framework/src/Illuminate/Testing/TestResponseAssert.php:45
/home/user/cmis.marketing.limited/vendor/laravel/framework/src/Illuminate/Testing/TestResponse.php:174
/home/user/cmis.marketing.limited/tests/Feature/Controllers/AnalyticsControllerTest.php:146</failure>
        </testcase>
        <testcase name="it_validates_date_range" file="/home/user/cmis.marketing.limited/tests/Feature/Controllers/AnalyticsControllerTest.php" line="207" class="Tests\Feature\Controllers\AnalyticsControllerTest" classname="Tests.Feature.Controllers.AnalyticsControllerTest" assertions="1" time="0.378739">
          <failure type="PHPUnit\Framework\ExpectationFailedException">Tests\Feature\Controllers\AnalyticsControllerTest::it_validates_date_range
Expected response status code [422] but received 404.
Failed asserting that 404 is identical to 422.

/home/user/cmis.marketing.limited/vendor/laravel/framework/src/Illuminate/Testing/TestResponseAssert.php:45
/home/user/cmis.marketing.limited/vendor/laravel/framework/src/Illuminate/Testing/TestResponse.php:174
/home/user/cmis.marketing.limited/tests/Feature/Controllers/AnalyticsControllerTest.php:216</failure>
        </testcase>
        <testcase name="it_can_get_campaign_analytics" file="/home/user/cmis.marketing.limited/tests/Feature/Controllers/AnalyticsControllerTest.php" line="22" class="Tests\Feature\Controllers\AnalyticsControllerTest" classname="Tests.Feature.Controllers.AnalyticsControllerTest" assertions="1" time="0.389810">
          <failure type="PHPUnit\Framework\ExpectationFailedException">Tests\Feature\Controllers\AnalyticsControllerTest::it_can_get_campaign_analytics
Expected response status code [200] but received 404.
Failed asserting that 404 is identical to 200.

/home/user/cmis.marketing.limited/vendor/laravel/framework/src/Illuminate/Testing/TestResponseAssert.php:45
/home/user/cmis.marketing.limited/vendor/laravel/framework/src/Illuminate/Testing/TestResponse.php:174
/home/user/cmis.marketing.limited/tests/Feature/Controllers/AnalyticsControllerTest.php:34</failure>
        </testcase>
        <testcase name="it_requires_authentication" file="/home/user/cmis.marketing.limited/tests/Feature/Controllers/AnalyticsControllerTest.php" line="245" class="Tests\Feature\Controllers\AnalyticsControllerTest" classname="Tests.Feature.Controllers.AnalyticsControllerTest" assertions="1" time="0.073505">
          <failure type="PHPUnit\Framework\ExpectationFailedException">Tests\Feature\Controllers\AnalyticsControllerTest::it_requires_authentication
Expected response status code [401] but received 404.
Failed asserting that 404 is identical to 401.

/home/user/cmis.marketing.limited/vendor/laravel/framework/src/Illuminate/Testing/TestResponseAssert.php:45
/home/user/cmis.marketing.limited/vendor/laravel/framework/src/Illuminate/Testing/TestResponse.php:174
/home/user/cmis.marketing.limited/tests/Feature/Controllers/AnalyticsControllerTest.php:249</failure>
        </testcase>
        <testcase name="it_can_get_platform_analytics" file="/home/user/cmis.marketing.limited/tests/Feature/Controllers/AnalyticsControllerTest.php" line="78" class="Tests\Feature\Controllers\AnalyticsControllerTest" classname="Tests.Feature.Controllers.AnalyticsControllerTest" assertions="1" time="0.380084">
          <failure type="PHPUnit\Framework\ExpectationFailedException">Tests\Feature\Controllers\AnalyticsControllerTest::it_can_get_platform_analytics
Expected response status code [200] but received 404.
Failed asserting that 404 is identical to 200.

/home/user/cmis.marketing.limited/vendor/laravel/framework/src/Illuminate/Testing/TestResponseAssert.php:45
/home/user/cmis.marketing.limited/vendor/laravel/framework/src/Illuminate/Testing/TestResponse.php:174
/home/user/cmis.marketing.limited/tests/Feature/Controllers/AnalyticsControllerTest.php:87</failure>
        </testcase>
        <testcase name="it_can_get_top_performing_content" file="/home/user/cmis.marketing.limited/tests/Feature/Controllers/AnalyticsControllerTest.php" line="155" class="Tests\Feature\Controllers\AnalyticsControllerTest" classname="Tests.Feature.Controllers.AnalyticsControllerTest" assertions="1" time="0.314476">
          <failure type="PHPUnit\Framework\ExpectationFailedException">Tests\Feature\Controllers\AnalyticsControllerTest::it_can_get_top_performing_content
Expected response status code [200] but received 404.
Failed asserting that 404 is identical to 200.

/home/user/cmis.marketing.limited/vendor/laravel/framework/src/Illuminate/Testing/TestResponseAssert.php:45
/home/user/cmis.marketing.limited/vendor/laravel/framework/src/Illuminate/Testing/TestResponse.php:174
/home/user/cmis.marketing.limited/tests/Feature/Controllers/AnalyticsControllerTest.php:164</failure>
        </testcase>
        <testcase name="it_can_compare_campaigns" file="/home/user/cmis.marketing.limited/tests/Feature/Controllers/AnalyticsControllerTest.php" line="183" class="Tests\Feature\Controllers\AnalyticsControllerTest" classname="Tests.Feature.Controllers.AnalyticsControllerTest" assertions="1" time="0.383057">
          <failure type="PHPUnit\Framework\ExpectationFailedException">Tests\Feature\Controllers\AnalyticsControllerTest::it_can_compare_campaigns
Expected response status code [200] but received 404.
Failed asserting that 404 is identical to 200.

/home/user/cmis.marketing.limited/vendor/laravel/framework/src/Illuminate/Testing/TestResponseAssert.php:45
/home/user/cmis.marketing.limited/vendor/laravel/framework/src/Illuminate/Testing/TestResponse.php:174
/home/user/cmis.marketing.limited/tests/Feature/Controllers/AnalyticsControllerTest.php:198</failure>
        </testcase>
        <testcase name="it_can_get_time_series_data" file="/home/user/cmis.marketing.limited/tests/Feature/Controllers/AnalyticsControllerTest.php" line="106" class="Tests\Feature\Controllers\AnalyticsControllerTest" classname="Tests.Feature.Controllers.AnalyticsControllerTest" assertions="1" time="0.309459">
          <failure type="PHPUnit\Framework\ExpectationFailedException">Tests\Feature\Controllers\AnalyticsControllerTest::it_can_get_time_series_data
Expected response status code [200] but received 404.
Failed asserting that 404 is identical to 200.

/home/user/cmis.marketing.limited/vendor/laravel/framework/src/Illuminate/Testing/TestResponseAssert.php:45
/home/user/cmis.marketing.limited/vendor/laravel/framework/src/Illuminate/Testing/TestResponse.php:174
/home/user/cmis.marketing.limited/tests/Feature/Controllers/AnalyticsControllerTest.php:115</failure>
        </testcase>
        <testcase name="it_can_get_overview_analytics" file="/home/user/cmis.marketing.limited/tests/Feature/Controllers/AnalyticsControllerTest.php" line="52" class="Tests\Feature\Controllers\AnalyticsControllerTest" classname="Tests.Feature.Controllers.AnalyticsControllerTest" assertions="1" time="0.381381">
          <failure type="PHPUnit\Framework\ExpectationFailedException">Tests\Feature\Controllers\AnalyticsControllerTest::it_can_get_overview_analytics
Expected response status code [200] but received 404.
Failed asserting that 404 is identical to 200.

/home/user/cmis.marketing.limited/vendor/laravel/framework/src/Illuminate/Testing/TestResponseAssert.php:45
/home/user/cmis.marketing.limited/vendor/laravel/framework/src/Illuminate/Testing/TestResponse.php:174
/home/user/cmis.marketing.limited/tests/Feature/Controllers/AnalyticsControllerTest.php:61</failure>
        </testcase>
        <testcase name="it_respects_org_isolation" file="/home/user/cmis.marketing.limited/tests/Feature/Controllers/AnalyticsControllerTest.php" line="225" class="Tests\Feature\Controllers\AnalyticsControllerTest" classname="Tests.Feature.Controllers.AnalyticsControllerTest" assertions="1" time="0.604172">
          <failure type="PHPUnit\Framework\ExpectationFailedException">Tests\Feature\Controllers\AnalyticsControllerTest::it_respects_org_isolation
Expected response status code [403] but received 404.
Failed asserting that 404 is identical to 403.

/home/user/cmis.marketing.limited/vendor/laravel/framework/src/Illuminate/Testing/TestResponseAssert.php:45
/home/user/cmis.marketing.limited/vendor/laravel/framework/src/Illuminate/Testing/TestResponse.php:174
/home/user/cmis.marketing.limited/tests/Feature/Controllers/AnalyticsControllerTest.php:236</failure>
        </testcase>
      </testsuite>
      <testsuite name="Tests\Feature\Auth\AuthenticationTest" file="/home/user/cmis.marketing.limited/tests/Feature/Auth/AuthenticationTest.php" tests="9" assertions="6" errors="5" failures="3" skipped="0" time="0.715198">
        <testcase name="test_authenticated_user_can_view_profile" file="/home/user/cmis.marketing.limited/tests/Feature/Auth/AuthenticationTest.php" line="98" class="Tests\Feature\Auth\AuthenticationTest" classname="Tests.Feature.Auth.AuthenticationTest" assertions="0" time="0.070061">
          <error type="Error">Tests\Feature\Auth\AuthenticationTest::test_authenticated_user_can_view_profile
Error: Class "App\Models\Core\User" not found

/home/user/cmis.marketing.limited/tests/Feature/Auth/AuthenticationTest.php:100</error>
        </testcase>
        <testcase name="test_user_can_register" file="/home/user/cmis.marketing.limited/tests/Feature/Auth/AuthenticationTest.php" line="14" class="Tests\Feature\Auth\AuthenticationTest" classname="Tests.Feature.Auth.AuthenticationTest" assertions="1" time="0.061605">
          <failure type="PHPUnit\Framework\ExpectationFailedException">Tests\Feature\Auth\AuthenticationTest::test_user_can_register
Expected response status code [201] but received 500.
Failed asserting that 500 is identical to 201.

/home/user/cmis.marketing.limited/vendor/laravel/framework/src/Illuminate/Testing/TestResponseAssert.php:45
/home/user/cmis.marketing.limited/vendor/laravel/framework/src/Illuminate/Testing/TestResponse.php:174
/home/user/cmis.marketing.limited/tests/Feature/Auth/AuthenticationTest.php:23</failure>
        </testcase>
        <testcase name="test_user_cannot_login_with_incorrect_password" file="/home/user/cmis.marketing.limited/tests/Feature/Auth/AuthenticationTest.php" line="80" class="Tests\Feature\Auth\AuthenticationTest" classname="Tests.Feature.Auth.AuthenticationTest" assertions="0" time="0.062474">
          <error type="Error">Tests\Feature\Auth\AuthenticationTest::test_user_cannot_login_with_incorrect_password
Error: Class "App\Models\Core\User" not found

/home/user/cmis.marketing.limited/tests/Feature/Auth/AuthenticationTest.php:82</error>
        </testcase>
        <testcase name="test_registration_requires_password_confirmation" file="/home/user/cmis.marketing.limited/tests/Feature/Auth/AuthenticationTest.php" line="48" class="Tests\Feature\Auth\AuthenticationTest" classname="Tests.Feature.Auth.AuthenticationTest" assertions="1" time="0.061929">
          <failure type="PHPUnit\Framework\ExpectationFailedException">Tests\Feature\Auth\AuthenticationTest::test_registration_requires_password_confirmation
Expected response status code [422] but received 500.
Failed asserting that 500 is identical to 422.

/home/user/cmis.marketing.limited/vendor/laravel/framework/src/Illuminate/Testing/TestResponseAssert.php:45
/home/user/cmis.marketing.limited/vendor/laravel/framework/src/Illuminate/Testing/TestResponse.php:174
/home/user/cmis.marketing.limited/tests/Feature/Auth/AuthenticationTest.php:57</failure>
        </testcase>
        <testcase name="test_unauthenticated_user_cannot_access_protected_routes" file="/home/user/cmis.marketing.limited/tests/Feature/Auth/AuthenticationTest.php" line="142" class="Tests\Feature\Auth\AuthenticationTest" classname="Tests.Feature.Auth.AuthenticationTest" assertions="1" time="0.130330">
          <failure type="PHPUnit\Framework\ExpectationFailedException">Tests\Feature\Auth\AuthenticationTest::test_unauthenticated_user_cannot_access_protected_routes
Expected response status code [401] but received 404.
Failed asserting that 404 is identical to 401.

/home/user/cmis.marketing.limited/vendor/laravel/framework/src/Illuminate/Testing/TestResponseAssert.php:45
/home/user/cmis.marketing.limited/vendor/laravel/framework/src/Illuminate/Testing/TestResponse.php:174
/home/user/cmis.marketing.limited/tests/Feature/Auth/AuthenticationTest.php:146</failure>
        </testcase>
        <testcase name="test_user_can_login_with_correct_credentials" file="/home/user/cmis.marketing.limited/tests/Feature/Auth/AuthenticationTest.php" line="61" class="Tests\Feature\Auth\AuthenticationTest" classname="Tests.Feature.Auth.AuthenticationTest" assertions="0" time="0.062096">
          <error type="Error">Tests\Feature\Auth\AuthenticationTest::test_user_can_login_with_correct_credentials
Error: Class "App\Models\Core\User" not found

/home/user/cmis.marketing.limited/tests/Feature/Auth/AuthenticationTest.php:63</error>
        </testcase>
        <testcase name="test_authenticated_user_can_update_profile" file="/home/user/cmis.marketing.limited/tests/Feature/Auth/AuthenticationTest.php" line="112" class="Tests\Feature\Auth\AuthenticationTest" classname="Tests.Feature.Auth.AuthenticationTest" assertions="0" time="0.059162">
          <error type="Error">Tests\Feature\Auth\AuthenticationTest::test_authenticated_user_can_update_profile
Error: Class "App\Models\Core\User" not found

/home/user/cmis.marketing.limited/tests/Feature/Auth/AuthenticationTest.php:114</error>
        </testcase>
        <testcase name="test_registration_requires_valid_email" file="/home/user/cmis.marketing.limited/tests/Feature/Auth/AuthenticationTest.php" line="35" class="Tests\Feature\Auth\AuthenticationTest" classname="Tests.Feature.Auth.AuthenticationTest" assertions="3" time="0.149519"/>
        <testcase name="test_user_can_logout" file="/home/user/cmis.marketing.limited/tests/Feature/Auth/AuthenticationTest.php" line="129" class="Tests\Feature\Auth\AuthenticationTest" classname="Tests.Feature.Auth.AuthenticationTest" assertions="0" time="0.058021">
          <error type="Error">Tests\Feature\Auth\AuthenticationTest::test_user_can_logout
Error: Class "App\Models\Core\User" not found

/home/user/cmis.marketing.limited/tests/Feature/Auth/AuthenticationTest.php:131</error>
        </testcase>
      </testsuite>
    </testsuite>
  </testsuite>
</testsuites>
